V-ZL3b__written 0 6.0 3.9647 74645 13
Latin__written 0 6.0 3.6437 28608 18
V-ZL3b__written 1 4.361 3.861 102042 22
Latin__written 1 4.361 3.7033 45417 29
V-ZL3b__written 2 3.169 3.6632 83150 35
Latin__written 2 3.169 3.538 39350 40
V-ZL3b__written 3 2.303 3.3769 61808 48
Latin__written 3 2.303 3.2758 27792 52
Latin__written 4 1.674 3.0151 15742 65
V-ZL3b__written 4 1.674 3.0968 38088 65
Latin__written 5 1.216 2.8477 7384 78
V-ZL3b__written 5 1.216 2.9008 19383 85
Latin__written 6 0.884 2.7741 3176 91
Latin__written 7 0.642 2.7437 1523 106
V-ZL3b__written 6 0.884 2.81 8636 107
Latin__written 8 0.467 2.732 818 119
V-ZL3b__written 7 0.642 2.7724 4165 130
Latin__written 9 0.339 2.7264 436 133
Latin__written 10 0.247 2.7245 248 147
V-ZL3b__written 8 0.467 2.757 2185 154
Latin__written 11 0.179 2.7238 145 161
Latin__written 12 0.13 2.7235 95 175
V-ZL3b__written 9 0.339 2.7502 1238 178
Latin__written 13 0.095 2.7232 64 189
Latin__written 14 0.069 2.7232 44 203
V-ZL3b__written 10 0.247 2.747 745 204
Latin__written 15 0.05 2.7231 35 218
V-ZL3b__written 11 0.179 2.7455 437 230
Latin__written 16 0 2.7231 17 233
Latin__written 17 0 2.7231 1 246
V-ZL3b__written 12 0.13 2.7448 276 256
Latin__written 18 0 2.7231 0 259
Latin-planted-every5__written 0 6.0 4.5719 64836 16
V-ZL3b__written 13 0.095 2.7445 194 281
Latin-planted-every5__written 1 4.361 4.4529 77640 24
Latin-planted-every5__written 2 3.169 4.2185 62591 32
Latin-planted-every5__written 3 2.303 3.8692 44941 41
V-ZL3b__written 14 0.069 2.7442 126 306
Latin-planted-every5__written 4 1.674 3.5138 25953 50
Latin-planted-every5__written 5 1.216 3.2616 12099 61
V-ZL3b__written 15 0.05 2.7441 77 331
Latin-planted-every5__written 6 0.884 3.1538 5113 71
Latin-planted-every5__written 7 0.642 3.1093 2398 84
Latin-planted-every5__written 8 0.467 3.0909 1214 96
V-ZL3b__written 16 0 2.7441 37 357
Latin-planted-every5__written 9 0.339 3.0831 657 109
Latin-planted-every5__written 10 0.247 3.0793 399 121
V-ZL3b__written 17 0 2.7441 6 383
Latin-planted-every5__written 11 0.179 3.0772 249 133
Latin-planted-every5__written 12 0.13 3.0764 143 146
V-ZL3b__written 18 0 2.7441 2 410
Latin-planted-every5__written 13 0.095 3.076 124 158
NULL-markov2__written 0 6.0 4.0115 76946 19
Latin-planted-every5__written 14 0.069 3.0757 74 171
NULL-markov2__written 1 4.361 3.8962 103392 30
Latin-planted-every5__written 15 0.05 3.0756 46 183
NULL-markov2__written 2 3.169 3.6898 84382 43
Latin-planted-every5__written 16 0 3.0756 21 196
Latin-planted-every5__written 17 0 3.0756 3 208
NULL-markov2__written 3 2.303 3.4047 62907 59
Latin-planted-every5__written 18 0 3.0756 0 221
NULL-markov2__written 4 1.674 3.1232 39550 80
Italian__written 0 6.0 4.0208 51687 25
NULL-markov2__written 5 1.216 2.9347 21250 107
Italian__written 1 4.361 4.0526 76353 39
Italian__written 2 3.169 3.9024 65272 54
NULL-markov2__written 6 0.884 2.8383 10624 134
Italian__written 3 2.303 3.6644 48690 67
