V-ZL3b 5000 182
V-IT2a 5000 183
/home/user/Indus-/other-scripts/voynich/tools/v16_lib.py:145: RuntimeWarning: invalid value encountered in scalar divide
  r2 = 1 - np.sum((y - pred) ** 2) / np.sum((y - y.mean()) ** 2)
done V-ZL3b 294
/home/user/Indus-/other-scripts/voynich/tools/v16_lib.py:145: RuntimeWarning: invalid value encountered in scalar divide
  r2 = 1 - np.sum((y - pred) ** 2) / np.sum((y - y.mean()) ** 2)
done V-IT2a 295
NULL-markov2 5000 187
NULL-glyphshuf 5000 244
done NULL-markov2 293
done NULL-glyphshuf 391
Latin 5000 128
done Latin 202
Italian 5000 172
Latin-planted-every5 5000 134
done Italian 274
done Latin-planted-every5 215
Latin-planted-VC 5000 143
done Latin-planted-VC 217
Italian-planted-every5 5000 180
done Italian-planted-every5 285
Italian-planted-VC 5000 145
