N=11402 V=201 A=4224 B=3471 C=3707 baseline B bits 13417 (3.8655/tok)
rand 20000 best fit 20.0 gainB 49.5 bits 29.5 : AW2 AW2 max 
rand 40000 best fit 21.4 gainB 50.9 bits 29.5 : AW2 AB mod 
rand 60000 best fit 21.4 gainB 50.9 bits 29.5 : AW2 AB mod 
rand 80000 best fit 21.4 gainB 50.9 bits 29.5 : AW2 AB mod 
rand 100000 best fit 21.4 gainB 50.9 bits 29.5 : AW2 AB mod 
rand 120000 best fit 63.6 gainB 106.6 bits 43.0 : 13 LI 5 max mul 
rand 140000 best fit 63.6 gainB 106.6 bits 43.0 : 13 LI 5 max mul 
rand 160000 best fit 75.4 gainB 106.6 bits 31.2 : 13 5 mul 
rand 180000 best fit 75.4 gainB 106.6 bits 31.2 : 13 5 mul 
rand 200000 best fit 75.4 gainB 106.6 bits 31.2 : 13 5 mul 
rand 220000 best fit 75.4 gainB 106.6 bits 31.2 : 13 5 mul 
rand 240000 best fit 75.4 gainB 106.6 bits 31.2 : 13 5 mul 
rand 250000 best fit 75.4 gainB 106.6 bits 31.2 : 13 5 mul 
gen 20 evo 6000 best fit 75.4 gainB 106.6 bits 31.2 : 13 5 mul 
gen 40 evo 12000 best fit 84.8 gainB 147.5 bits 62.8 : P3 13 LI 5 max mul AW2 if 
gen 60 evo 18000 best fit 96.6 gainB 147.5 bits 51.0 : P3 13 5 mul AW2 if 
gen 80 evo 24000 best fit 117.1 gainB 202.6 bits 85.5 : P3 FL mul FL FW mod 27 LLW mod sub AW2 if 
gen 100 evo 30000 best fit 141.7 gainB 224.2 bits 82.5 : P3 PW LLW 13 5 LLW max mul if AW2 if 
gen 120 evo 36000 best fit 142.0 gainB 224.5 bits 82.5 : P3 FL mul PW LI 13 5 mul if AW2 if 
gen 140 evo 42000 best fit 153.4 gainB 224.2 bits 70.7 : P3 PW LI 13 5 mul if AW2 if 
gen 160 evo 48000 best fit 153.4 gainB 224.2 bits 70.7 : P3 PW LI 13 5 mul if AW2 if 
restart at gen 166
gen 180 evo 54000 best fit 153.4 gainB 224.2 bits 70.7 : P3 PW LI 13 5 mul if AW2 if 
gen 200 evo 60000 best fit 153.4 gainB 224.2 bits 70.7 : P3 PW LI 13 5 mul if AW2 if 
restart at gen 207
gen 220 evo 66000 best fit 153.4 gainB 224.2 bits 70.7 : P3 PW LI 13 5 mul if AW2 if 
gen 240 evo 72000 best fit 153.4 gainB 224.2 bits 70.7 : P3 PW LI 13 5 mul if AW2 if 
restart at gen 248
gen 260 evo 78000 best fit 153.4 gainB 224.2 bits 70.7 : P3 PW LI 13 5 mul if AW2 if 
gen 280 evo 84000 best fit 153.4 gainB 224.2 bits 70.7 : P3 PW LI 13 5 mul if AW2 if 
restart at gen 289
gen 300 evo 90000 best fit 153.4 gainB 224.2 bits 70.7 : P3 PW LI 13 5 mul if AW2 if 
gen 320 evo 96000 best fit 153.4 gainB 224.2 bits 70.7 : P3 PW LI 13 5 mul if AW2 if 
restart at gen 330
gen 340 evo 102000 best fit 153.4 gainB 224.2 bits 70.7 : P3 PW LI 13 5 mul if AW2 if 
gen 360 evo 108000 best fit 153.4 gainB 224.2 bits 70.7 : P3 PW LI 13 5 mul if AW2 if 
restart at gen 371
gen 380 evo 114000 best fit 153.4 gainB 224.2 bits 70.7 : P3 PW LI 13 5 mul if AW2 if 
gen 400 evo 120000 best fit 153.4 gainB 224.2 bits 70.7 : P3 PW LI 13 5 mul if AW2 if 
restart at gen 412
gen 420 evo 126000 best fit 153.4 gainB 224.2 bits 70.7 : P3 PW LI 13 5 mul if AW2 if 
gen 440 evo 132000 best fit 153.4 gainB 224.2 bits 70.7 : P3 PW LI 13 5 mul if AW2 if 
restart at gen 453
gen 460 evo 138000 best fit 153.4 gainB 224.2 bits 70.7 : P3 PW LI 13 5 mul if AW2 if 
gen 480 evo 144000 best fit 153.4 gainB 224.2 bits 70.7 : P3 PW LI 13 5 mul if AW2 if 
restart at gen 494
gen 500 evo 150000 best fit 153.4 gainB 224.2 bits 70.7 : P3 PW LI 13 5 mul if AW2 if 
gen 520 evo 156000 best fit 153.4 gainB 224.2 bits 70.7 : P3 PW LI 13 5 mul if AW2 if 
restart at gen 535
gen 540 evo 162000 best fit 153.4 gainB 224.2 bits 70.7 : P3 PW LI 13 5 mul if AW2 if 
gen 560 evo 168000 best fit 153.4 gainB 224.2 bits 70.7 : P3 PW LI 13 5 mul if AW2 if 
restart at gen 576
gen 580 evo 174000 best fit 153.4 gainB 224.2 bits 70.7 : P3 PW LI 13 5 mul if AW2 if 
gen 600 evo 180000 best fit 153.4 gainB 224.2 bits 70.7 : P3 PW LI 13 5 mul if AW2 if 
restart at gen 617
gen 620 evo 186000 best fit 153.4 gainB 224.2 bits 70.7 : P3 PW LI 13 5 mul if AW2 if 
gen 640 evo 192000 best fit 153.4 gainB 224.2 bits 70.7 : P3 PW LI 13 5 mul if AW2 if 
restart at gen 658
gen 660 evo 198000 best fit 153.4 gainB 224.2 bits 70.7 : P3 PW LI 13 5 mul if AW2 if 
gen 680 evo 204000 best fit 153.4 gainB 224.2 bits 70.7 : P3 PW LI 13 5 mul if AW2 if 
restart at gen 699
gen 700 evo 210000 best fit 153.4 gainB 224.2 bits 70.7 : P3 PW LI 13 5 mul if AW2 if 
gen 720 evo 216000 best fit 153.4 gainB 224.2 bits 70.7 : P3 PW LI 13 5 mul if AW2 if 
restart at gen 740
gen 740 evo 222000 best fit 153.4 gainB 224.2 bits 70.7 : P3 PW LI 13 5 mul if AW2 if 
gen 760 evo 228000 best fit 153.4 gainB 224.2 bits 70.7 : P3 PW LI 13 5 mul if AW2 if 
gen 780 evo 234000 best fit 153.4 gainB 224.2 bits 70.7 : P3 PW LI 13 5 mul if AW2 if 
restart at gen 781
gen 800 evo 240000 best fit 153.4 gainB 224.2 bits 70.7 : P3 PW LI 13 5 mul if AW2 if 
gen 820 evo 246000 best fit 153.4 gainB 224.2 bits 70.7 : P3 PW LI 13 5 mul if AW2 if 
restart at gen 822
gen 834 evo 250200 best fit 153.4 gainB 224.2 bits 70.7 : P3 PW LI 13 5 mul if AW2 if 
done
