N=14693 V=175 A=5369 B=4664 C=4660 baseline B bits 8234 (1.7654/tok)
rand 20000 best fit 140.1 gainB 212.9 bits 72.8 : WI PW mod tab1 
resume r=20000 e=0
N=14693 V=175 A=5369 B=4664 C=4660 baseline B bits 8234 (1.7654/tok)
rand 40000 best fit 140.1 gainB 212.9 bits 72.8 : WI PW mod tab1 
rand 60000 best fit 140.1 gainB 212.9 bits 72.8 : WI PW mod tab1 
rand 80000 best fit 140.1 gainB 212.9 bits 72.8 : WI PW mod tab1 
rand 100000 best fit 140.1 gainB 212.9 bits 72.8 : WI PW mod tab1 
rand 120000 best fit 144.5 gainB 247.2 bits 102.7 : WI P1 PW eq tab2 
rand 140000 best fit 144.5 gainB 247.2 bits 102.7 : WI P1 PW eq tab2 
rand 160000 best fit 144.5 gainB 247.2 bits 102.7 : WI P1 PW eq tab2 
rand 180000 best fit 144.5 gainB 247.2 bits 102.7 : WI P1 PW eq tab2 
rand 200000 best fit 144.5 gainB 247.2 bits 102.7 : WI P1 PW eq tab2 
rand 220000 best fit 144.5 gainB 247.2 bits 102.7 : WI P1 PW eq tab2 
rand 240000 best fit 190.7 gainB 301.3 bits 110.5 : WI LPW PW min tab2 
rand 250000 best fit 190.7 gainB 301.3 bits 110.5 : WI LPW PW min tab2 
gen 20 evo 6000 best fit 304.3 gainB 568.7 bits 264.4 : PL 1 LI if WI 30 tab2 P1 mod tab2 
gen 40 evo 12000 best fit 304.3 gainB 568.7 bits 264.4 : PL 1 LI if WI 30 tab2 P1 mod tab2 
gen 60 evo 18000 best fit 313.1 gainB 568.7 bits 255.6 : PL 1 LI if WI tab1 P1 mod tab2 
gen 80 evo 24000 best fit 313.1 gainB 568.7 bits 255.6 : PL 1 LI if WI tab1 P1 mod tab2 
restart at gen 99
gen 100 evo 30000 best fit 313.1 gainB 568.7 bits 255.6 : PL 1 LI if WI tab1 P1 mod tab2 
gen 120 evo 36000 best fit 313.1 gainB 568.7 bits 255.6 : PL 1 LI if WI tab1 P1 mod tab2 
restart at gen 140
gen 140 evo 42000 best fit 313.1 gainB 568.7 bits 255.6 : PL 1 LI if WI tab1 P1 mod tab2 
gen 160 evo 48000 best fit 313.1 gainB 568.7 bits 255.6 : PL 1 LI if WI tab1 P1 mod tab2 
gen 180 evo 54000 best fit 313.1 gainB 568.7 bits 255.6 : PL 1 LI if WI tab1 P1 mod tab2 
restart at gen 181
gen 200 evo 60000 best fit 348.0 gainB 516.4 bits 168.5 : PL 0 CW 9 mod if WI tab1 P1 mod tab2 
