N=13210 V=250 A=4874 B=4066 C=4270 baseline B bits 16859 (4.1464/tok)
rand 20000 best fit 118.4 gainB 177.8 bits 59.4 : LI PW lt tab1 
rand 40000 best fit 124.4 gainB 258.7 bits 134.3 : 9 16 lt PL mod P2 P4 10 eq eq tab2 
rand 60000 best fit 135.9 gainB 195.3 bits 59.4 : FW P2 lt tab1 
rand 80000 best fit 135.9 gainB 195.3 bits 59.4 : FW P2 lt tab1 
rand 100000 best fit 135.9 gainB 195.3 bits 59.4 : FW P2 lt tab1 
rand 120000 best fit 135.9 gainB 195.3 bits 59.4 : FW P2 lt tab1 
rand 140000 best fit 135.9 gainB 195.3 bits 59.4 : FW P2 lt tab1 
rand 160000 best fit 135.9 gainB 195.3 bits 59.4 : FW P2 lt tab1 
rand 180000 best fit 137.8 gainB 234.1 bits 96.3 : P3 P2 eq P1 P4 eq tab2 
rand 200000 best fit 163.6 gainB 234.8 bits 71.2 : AB P2 PW mul eq tab1 
rand 220000 best fit 163.6 gainB 234.8 bits 71.2 : AB P2 PW mul eq tab1 
rand 240000 best fit 163.6 gainB 234.8 bits 71.2 : AB P2 PW mul eq tab1 
rand 250000 best fit 163.6 gainB 234.8 bits 71.2 : AB P2 PW mul eq tab1 
gen 20 evo 6000 best fit 169.1 gainB 240.3 bits 71.2 : AW2 P2 PW mul eq tab1 
gen 40 evo 12000 best fit 171.1 gainB 242.2 bits 71.2 : P2 PW AW2 mul eq tab1 
gen 60 evo 18000 best fit 187.8 gainB 241.8 bits 54.1 : P2 AW sub PW lt 1 sub 
gen 80 evo 24000 best fit 187.8 gainB 241.8 bits 54.1 : P2 AW sub PW lt 1 sub 
restart at gen 100
gen 100 evo 30000 best fit 187.8 gainB 241.8 bits 54.1 : P2 AW sub PW lt 1 sub 
gen 120 evo 36000 best fit 187.8 gainB 241.8 bits 54.1 : P2 AW sub PW lt 1 sub 
gen 140 evo 42000 best fit 187.8 gainB 241.8 bits 54.1 : P2 AW sub PW lt 1 sub 
restart at gen 141
gen 160 evo 48000 best fit 195.3 gainB 324.4 bits 129.1 : LPW P2 AB sub PW lt lt P6 PL max P1 lt tab2 
gen 180 evo 54000 best fit 201.1 gainB 331.1 bits 129.9 : LPW P2 AB sub PW lt lt P6 2 max P1 lt tab2 
gen 200 evo 60000 best fit 203.5 gainB 333.4 bits 129.9 : LPW P2 P4 sub PW lt lt 3 P6 max P1 lt tab2 
gen 220 evo 66000 best fit 211.6 gainB 330.5 bits 119.0 : LLW PL 1 eq lt 3 P6 max P1 lt tab2 
gen 240 evo 72000 best fit 212.7 gainB 331.7 bits 119.0 : LI PL 1 eq lt 2 P6 max P1 lt tab2 
gen 260 evo 78000 best fit 212.7 gainB 331.7 bits 119.0 : LI PL 1 eq lt 2 P6 max P1 lt tab2 
restart at gen 263
gen 280 evo 84000 best fit 212.7 gainB 331.7 bits 119.0 : LI PL 1 eq lt 2 P6 max P1 lt tab2 
gen 300 evo 90000 best fit 212.7 gainB 331.7 bits 119.0 : LI PL 1 eq lt 2 P6 max P1 lt tab2 
restart at gen 304
gen 320 evo 96000 best fit 212.7 gainB 331.7 bits 119.0 : LI PL 1 eq lt 2 P6 max P1 lt tab2 
gen 340 evo 102000 best fit 212.7 gainB 331.7 bits 119.0 : LI PL 1 eq lt 2 P6 max P1 lt tab2 
restart at gen 345
gen 360 evo 108000 best fit 212.7 gainB 331.7 bits 119.0 : LI PL 1 eq lt 2 P6 max P1 lt tab2 
gen 380 evo 114000 best fit 212.7 gainB 331.7 bits 119.0 : LI PL 1 eq lt 2 P6 max P1 lt tab2 
restart at gen 386
gen 400 evo 120000 best fit 212.7 gainB 331.7 bits 119.0 : LI PL 1 eq lt 2 P6 max P1 lt tab2 
gen 420 evo 126000 best fit 212.7 gainB 331.7 bits 119.0 : LI PL 1 eq lt 2 P6 max P1 lt tab2 
restart at gen 427
gen 440 evo 132000 best fit 212.7 gainB 331.7 bits 119.0 : LI PL 1 eq lt 2 P6 max P1 lt tab2 
gen 460 evo 138000 best fit 212.7 gainB 331.7 bits 119.0 : LI PL 1 eq lt 2 P6 max P1 lt tab2 
restart at gen 468
gen 480 evo 144000 best fit 212.7 gainB 331.7 bits 119.0 : LI PL 1 eq lt 2 P6 max P1 lt tab2 
gen 500 evo 150000 best fit 212.7 gainB 331.7 bits 119.0 : LI PL 1 eq lt 2 P6 max P1 lt tab2 
restart at gen 509
gen 520 evo 156000 best fit 212.7 gainB 331.7 bits 119.0 : LI PL 1 eq lt 2 P6 max P1 lt tab2 
gen 540 evo 162000 best fit 212.7 gainB 331.7 bits 119.0 : LI PL 1 eq lt 2 P6 max P1 lt tab2 
restart at gen 550
gen 560 evo 168000 best fit 212.7 gainB 331.7 bits 119.0 : LI PL 1 eq lt 2 P6 max P1 lt tab2 
gen 580 evo 174000 best fit 212.7 gainB 331.7 bits 119.0 : LI PL 1 eq lt 2 P6 max P1 lt tab2 
restart at gen 591
gen 600 evo 180000 best fit 212.7 gainB 331.7 bits 119.0 : LI PL 1 eq lt 2 P6 max P1 lt tab2 
gen 620 evo 186000 best fit 212.7 gainB 331.7 bits 119.0 : LI PL 1 eq lt 2 P6 max P1 lt tab2 
restart at gen 632
gen 640 evo 192000 best fit 212.7 gainB 331.7 bits 119.0 : LI PL 1 eq lt 2 P6 max P1 lt tab2 
gen 660 evo 198000 best fit 212.7 gainB 331.7 bits 119.0 : LI PL 1 eq lt 2 P6 max P1 lt tab2 
restart at gen 673
gen 680 evo 204000 best fit 212.7 gainB 331.7 bits 119.0 : LI PL 1 eq lt 2 P6 max P1 lt tab2 
gen 700 evo 210000 best fit 212.7 gainB 331.7 bits 119.0 : LI PL 1 eq lt 2 P6 max P1 lt tab2 
restart at gen 714
gen 720 evo 216000 best fit 212.7 gainB 331.7 bits 119.0 : LI PL 1 eq lt 2 P6 max P1 lt tab2 
gen 740 evo 222000 best fit 212.7 gainB 331.7 bits 119.0 : LI PL 1 eq lt 2 P6 max P1 lt tab2 
restart at gen 755
gen 760 evo 228000 best fit 212.7 gainB 331.7 bits 119.0 : LI PL 1 eq lt 2 P6 max P1 lt tab2 
gen 780 evo 234000 best fit 212.7 gainB 331.7 bits 119.0 : LI PL 1 eq lt 2 P6 max P1 lt tab2 
restart at gen 796
gen 800 evo 240000 best fit 212.7 gainB 331.7 bits 119.0 : LI PL 1 eq lt 2 P6 max P1 lt tab2 
gen 820 evo 246000 best fit 212.7 gainB 331.7 bits 119.0 : LI PL 1 eq lt 2 P6 max P1 lt tab2 
gen 834 evo 250200 best fit 213.5 gainB 331.7 bits 118.2 : WI P2 lt PL eq 2 P6 max P1 lt tab2 
done
