N=13133 V=203 A=4833 B=4276 C=4024 baseline B bits 13757 (3.2173/tok)
rand 20000 best fit -21.0 gainB 8.7 bits 29.7 : AW FL add 
rand 40000 best fit -17.0 gainB 13.5 bits 30.5 : 24 PW mod 
rand 60000 best fit -17.0 gainB 13.5 bits 30.5 : 24 PW mod 
rand 80000 best fit -17.0 gainB 13.5 bits 30.5 : 24 PW mod 
rand 100000 best fit -17.0 gainB 13.5 bits 30.5 : 24 PW mod 
rand 120000 best fit -17.0 gainB 13.5 bits 30.5 : 24 PW mod 
rand 140000 best fit -17.0 gainB 13.5 bits 30.5 : 24 PW mod 
rand 160000 best fit -17.0 gainB 13.5 bits 30.5 : 24 PW mod 
rand 180000 best fit -17.0 gainB 13.5 bits 30.5 : 24 PW mod 
rand 200000 best fit -17.0 gainB 13.5 bits 30.5 : 24 PW mod 
rand 220000 best fit -17.0 gainB 13.5 bits 30.5 : 24 PW mod 
rand 240000 best fit -17.0 gainB 13.5 bits 30.5 : 24 PW mod 
rand 250000 best fit -17.0 gainB 13.5 bits 30.5 : 24 PW mod 
gen 20 evo 6000 best fit -14.7 gainB 4.0 bits 18.7 : 28 
gen 40 evo 12000 best fit -14.7 gainB 4.0 bits 18.7 : 28 
restart at gen 44
gen 60 evo 18000 best fit -14.7 gainB 4.0 bits 18.7 : 28 
gen 80 evo 24000 best fit -14.7 gainB 4.0 bits 18.7 : 28 
restart at gen 85
gen 100 evo 30000 best fit -14.7 gainB 4.0 bits 18.7 : 28 
gen 120 evo 36000 best fit -14.7 gainB 4.0 bits 18.7 : 28 
restart at gen 126
gen 140 evo 42000 best fit -14.7 gainB 4.0 bits 18.7 : 28 
gen 160 evo 48000 best fit -14.7 gainB 4.0 bits 18.7 : 28 
restart at gen 167
gen 180 evo 54000 best fit -14.7 gainB 4.0 bits 18.7 : 28 
gen 200 evo 60000 best fit -14.7 gainB 4.0 bits 18.7 : 28 
restart at gen 208
gen 220 evo 66000 best fit -14.7 gainB 4.0 bits 18.7 : 28 
gen 240 evo 72000 best fit -14.7 gainB 4.0 bits 18.7 : 28 
restart at gen 249
gen 260 evo 78000 best fit -14.7 gainB 4.0 bits 18.7 : 28 
gen 280 evo 84000 best fit -14.7 gainB 4.0 bits 18.7 : 28 
restart at gen 290
gen 300 evo 90000 best fit -14.7 gainB 4.0 bits 18.7 : 28 
gen 320 evo 96000 best fit -14.7 gainB 4.0 bits 18.7 : 28 
restart at gen 331
gen 340 evo 102000 best fit -14.7 gainB 4.0 bits 18.7 : 28 
gen 360 evo 108000 best fit -14.7 gainB 4.0 bits 18.7 : 28 
restart at gen 372
gen 380 evo 114000 best fit -14.7 gainB 4.0 bits 18.7 : 28 
gen 400 evo 120000 best fit -14.7 gainB 4.0 bits 18.7 : 28 
restart at gen 413
gen 420 evo 126000 best fit -14.7 gainB 4.0 bits 18.7 : 28 
gen 440 evo 132000 best fit -14.7 gainB 4.0 bits 18.7 : 28 
restart at gen 454
gen 460 evo 138000 best fit -14.7 gainB 4.0 bits 18.7 : 28 
gen 480 evo 144000 best fit -14.7 gainB 4.0 bits 18.7 : 28 
restart at gen 495
gen 500 evo 150000 best fit -14.7 gainB 4.0 bits 18.7 : 28 
gen 520 evo 156000 best fit -14.7 gainB 4.0 bits 18.7 : 28 
restart at gen 536
gen 540 evo 162000 best fit -14.7 gainB 4.0 bits 18.7 : 28 
gen 560 evo 168000 best fit -14.7 gainB 4.0 bits 18.7 : 28 
restart at gen 577
gen 580 evo 174000 best fit -14.7 gainB 4.0 bits 18.7 : 28 
gen 600 evo 180000 best fit -14.7 gainB 4.0 bits 18.7 : 28 
restart at gen 618
gen 620 evo 186000 best fit -14.7 gainB 4.0 bits 18.7 : 28 
gen 640 evo 192000 best fit -14.7 gainB 4.0 bits 18.7 : 28 
restart at gen 659
gen 660 evo 198000 best fit -14.7 gainB 4.0 bits 18.7 : 28 
gen 680 evo 204000 best fit -14.7 gainB 4.0 bits 18.7 : 28 
restart at gen 700
gen 700 evo 210000 best fit -14.7 gainB 4.0 bits 18.7 : 28 
gen 720 evo 216000 best fit -14.7 gainB 4.0 bits 18.7 : 28 
gen 740 evo 222000 best fit -14.7 gainB 4.0 bits 18.7 : 28 
restart at gen 741
gen 760 evo 228000 best fit -14.7 gainB 4.0 bits 18.7 : 28 
gen 780 evo 234000 best fit -14.7 gainB 4.0 bits 18.7 : 28 
restart at gen 782
gen 800 evo 240000 best fit -14.7 gainB 4.0 bits 18.7 : 28 
gen 820 evo 246000 best fit -14.7 gainB 4.0 bits 18.7 : 28 
restart at gen 823
gen 834 evo 250200 best fit -14.7 gainB 4.0 bits 18.7 : 28 
done
