N=13297 V=200 A=4887 B=4273 C=4137 baseline B bits 13708 (3.2081/tok)
rand 20000 best fit -18.3 gainB 12.2 bits 30.5 : P2 17 min 
rand 40000 best fit -3.1 gainB 27.5 bits 30.5 : 28 PW mod 
rand 60000 best fit -3.1 gainB 27.5 bits 30.5 : 28 PW mod 
rand 80000 best fit -3.1 gainB 27.5 bits 30.5 : 28 PW mod 
rand 100000 best fit -3.1 gainB 27.5 bits 30.5 : 28 PW mod 
rand 120000 best fit -3.1 gainB 27.5 bits 30.5 : 28 PW mod 
rand 140000 best fit -3.1 gainB 27.5 bits 30.5 : 28 PW mod 
rand 160000 best fit -3.1 gainB 27.5 bits 30.5 : 28 PW mod 
rand 180000 best fit -3.1 gainB 27.5 bits 30.5 : 28 PW mod 
rand 200000 best fit -3.1 gainB 27.5 bits 30.5 : 28 PW mod 
rand 220000 best fit -3.1 gainB 27.5 bits 30.5 : 28 PW mod 
rand 240000 best fit -3.1 gainB 27.5 bits 30.5 : 28 PW mod 
rand 250000 best fit -3.1 gainB 27.5 bits 30.5 : 28 PW mod 
gen 20 evo 6000 best fit -3.1 gainB 27.5 bits 30.5 : 28 PW mod 
gen 40 evo 12000 best fit -3.1 gainB 27.5 bits 30.5 : 28 PW mod 
restart at gen 41
gen 60 evo 18000 best fit -3.1 gainB 27.5 bits 30.5 : 28 PW mod 
gen 80 evo 24000 best fit -3.1 gainB 27.5 bits 30.5 : 28 PW mod 
restart at gen 82
gen 100 evo 30000 best fit -3.1 gainB 27.5 bits 30.5 : 28 PW mod 
gen 120 evo 36000 best fit -3.1 gainB 27.5 bits 30.5 : 28 PW mod 
restart at gen 123
gen 140 evo 42000 best fit -3.1 gainB 27.5 bits 30.5 : 28 PW mod 
gen 160 evo 48000 best fit -3.1 gainB 27.5 bits 30.5 : 28 PW mod 
restart at gen 164
gen 180 evo 54000 best fit -3.1 gainB 27.5 bits 30.5 : 28 PW mod 
gen 200 evo 60000 best fit -3.1 gainB 27.5 bits 30.5 : 28 PW mod 
restart at gen 205
gen 220 evo 66000 best fit -3.1 gainB 27.5 bits 30.5 : 28 PW mod 
gen 240 evo 72000 best fit -3.1 gainB 27.5 bits 30.5 : 28 PW mod 
restart at gen 246
gen 260 evo 78000 best fit -3.1 gainB 27.5 bits 30.5 : 28 PW mod 
gen 280 evo 84000 best fit -3.1 gainB 27.5 bits 30.5 : 28 PW mod 
restart at gen 287
gen 300 evo 90000 best fit -3.1 gainB 27.5 bits 30.5 : 28 PW mod 
gen 320 evo 96000 best fit -3.1 gainB 27.5 bits 30.5 : 28 PW mod 
restart at gen 328
gen 340 evo 102000 best fit -3.1 gainB 27.5 bits 30.5 : 28 PW mod 
gen 360 evo 108000 best fit -3.1 gainB 27.5 bits 30.5 : 28 PW mod 
restart at gen 369
gen 380 evo 114000 best fit -3.1 gainB 27.5 bits 30.5 : 28 PW mod 
gen 400 evo 120000 best fit -3.1 gainB 27.5 bits 30.5 : 28 PW mod 
restart at gen 410
gen 420 evo 126000 best fit -3.1 gainB 27.5 bits 30.5 : 28 PW mod 
gen 440 evo 132000 best fit -3.1 gainB 27.5 bits 30.5 : 28 PW mod 
restart at gen 451
gen 460 evo 138000 best fit -3.1 gainB 27.5 bits 30.5 : 28 PW mod 
gen 480 evo 144000 best fit -3.1 gainB 27.5 bits 30.5 : 28 PW mod 
restart at gen 492
gen 500 evo 150000 best fit -3.1 gainB 27.5 bits 30.5 : 28 PW mod 
gen 520 evo 156000 best fit -3.1 gainB 27.5 bits 30.5 : 28 PW mod 
restart at gen 533
gen 540 evo 162000 best fit -3.1 gainB 27.5 bits 30.5 : 28 PW mod 
gen 560 evo 168000 best fit -3.1 gainB 27.5 bits 30.5 : 28 PW mod 
restart at gen 574
gen 580 evo 174000 best fit -3.1 gainB 27.5 bits 30.5 : 28 PW mod 
gen 600 evo 180000 best fit -3.1 gainB 27.5 bits 30.5 : 28 PW mod 
restart at gen 615
gen 620 evo 186000 best fit -3.1 gainB 27.5 bits 30.5 : 28 PW mod 
gen 640 evo 192000 best fit -3.1 gainB 27.5 bits 30.5 : 28 PW mod 
restart at gen 656
gen 660 evo 198000 best fit -3.1 gainB 27.5 bits 30.5 : 28 PW mod 
gen 680 evo 204000 best fit -3.1 gainB 27.5 bits 30.5 : 28 PW mod 
restart at gen 697
gen 700 evo 210000 best fit -3.1 gainB 27.5 bits 30.5 : 28 PW mod 
gen 720 evo 216000 best fit -3.1 gainB 27.5 bits 30.5 : 28 PW mod 
restart at gen 738
gen 740 evo 222000 best fit -3.1 gainB 27.5 bits 30.5 : 28 PW mod 
gen 760 evo 228000 best fit -3.1 gainB 27.5 bits 30.5 : 28 PW mod 
restart at gen 779
gen 780 evo 234000 best fit -3.1 gainB 27.5 bits 30.5 : 28 PW mod 
gen 800 evo 240000 best fit -3.1 gainB 27.5 bits 30.5 : 28 PW mod 
restart at gen 820
gen 820 evo 246000 best fit -3.1 gainB 27.5 bits 30.5 : 28 PW mod 
gen 834 evo 250200 best fit -3.1 gainB 27.5 bits 30.5 : 28 PW mod 
done
