N=37898 V=251 A=15937 B=11921 C=10040 baseline B bits 43620 (3.6591/tok)
rand 20000 best fit 592.0 gainB 622.4 bits 30.4 : LLW AW2 mul 
rand 40000 best fit 592.0 gainB 622.4 bits 30.4 : LLW AW2 mul 
rand 60000 best fit 592.0 gainB 622.4 bits 30.4 : LLW AW2 mul 
rand 80000 best fit 592.0 gainB 622.4 bits 30.4 : LLW AW2 mul 
rand 100000 best fit 592.0 gainB 622.4 bits 30.4 : LLW AW2 mul 
rand 120000 best fit 592.0 gainB 622.4 bits 30.4 : LLW AW2 mul 
rand 140000 best fit 592.0 gainB 622.4 bits 30.4 : LLW AW2 mul 
rand 150000 best fit 592.0 gainB 622.4 bits 30.4 : LLW AW2 mul 
gen 20 evo 6000 best fit 657.7 gainB 735.3 bits 77.6 : AW2 CW P1 mod PW lt PW LI mod min mod 
gen 40 evo 12000 best fit 665.3 gainB 719.4 bits 54.0 : AW2 CW P1 mod PW lt mod 
gen 60 evo 18000 best fit 676.5 gainB 742.3 bits 65.8 : AW2 CW P1 mod PW lt CW mod mod 
gen 80 evo 24000 best fit 676.5 gainB 742.3 bits 65.8 : AW2 CW P1 mod PW lt CW mod mod 
restart at gen 86
gen 100 evo 30000 best fit 676.5 gainB 742.3 bits 65.8 : AW2 CW P1 mod PW lt CW mod mod 
gen 120 evo 36000 best fit 676.5 gainB 742.3 bits 65.8 : AW2 CW P1 mod PW lt CW mod mod 
restart at gen 127
gen 140 evo 42000 best fit 676.5 gainB 742.3 bits 65.8 : AW2 CW P1 mod PW lt CW mod mod 
gen 160 evo 48000 best fit 676.5 gainB 742.3 bits 65.8 : AW2 CW P1 mod PW lt CW mod mod 
restart at gen 168
gen 180 evo 54000 best fit 676.5 gainB 742.3 bits 65.8 : AW2 CW P1 mod PW lt CW mod mod 
gen 200 evo 60000 best fit 676.5 gainB 742.3 bits 65.8 : AW2 CW P1 mod PW lt CW mod mod 
restart at gen 209
gen 220 evo 66000 best fit 676.5 gainB 742.3 bits 65.8 : AW2 CW P1 mod PW lt CW mod mod 
gen 240 evo 72000 best fit 676.5 gainB 742.3 bits 65.8 : AW2 CW P1 mod PW lt CW mod mod 
restart at gen 250
gen 260 evo 78000 best fit 676.5 gainB 742.3 bits 65.8 : AW2 CW P1 mod PW lt CW mod mod 
