N=37898 V=251 A=15937 B=11921 C=10040 baseline B bits 47510 (3.9854/tok)
rand 20000 best fit 215.0 gainB 307.8 bits 92.8 : PW LPW eq LLW tab2 
rand 40000 best fit 225.1 gainB 355.7 bits 130.7 : 9 16 lt PL mod P2 P4 10 eq eq tab2 
rand 60000 best fit 243.3 gainB 324.9 bits 81.6 : 30 LI FL P3 lt lt tab2 
rand 80000 best fit 243.3 gainB 324.9 bits 81.6 : 30 LI FL P3 lt lt tab2 
rand 100000 best fit 243.3 gainB 324.9 bits 81.6 : 30 LI FL P3 lt lt tab2 
rand 120000 best fit 243.3 gainB 324.9 bits 81.6 : 30 LI FL P3 lt lt tab2 
rand 140000 best fit 243.3 gainB 324.9 bits 81.6 : 30 LI FL P3 lt lt tab2 
rand 150000 best fit 243.3 gainB 324.9 bits 81.6 : 30 LI FL P3 lt lt tab2 
gen 20 evo 6000 best fit 398.9 gainB 515.3 bits 116.4 : AW2 P2 max PW P3 mul eq LLW tab2 
gen 40 evo 12000 best fit 436.1 gainB 564.3 bits 128.2 : AW2 FL AW eq add PW P3 mul eq LLW tab2 
gen 60 evo 18000 best fit 471.7 gainB 599.9 bits 128.2 : AW2 FL LLW eq mod PL P3 mul eq LLW tab2 
gen 80 evo 24000 best fit 471.7 gainB 599.9 bits 128.2 : AW2 FL LLW eq mod PL P3 mul eq LLW tab2 
restart at gen 98
gen 100 evo 30000 best fit 471.7 gainB 599.9 bits 128.2 : AW2 FL LLW eq mod PL P3 mul eq LLW tab2 
gen 120 evo 36000 best fit 477.7 gainB 599.9 bits 122.2 : AW2 FL 1 eq mod PL P3 mul eq LLW tab2 
gen 140 evo 42000 best fit 477.7 gainB 599.9 bits 122.2 : AW2 FL 1 eq mod PL P3 mul eq LLW tab2 
restart at gen 149
gen 160 evo 48000 best fit 477.7 gainB 599.9 bits 122.2 : AW2 FL 1 eq mod PL P3 mul eq LLW tab2 
gen 180 evo 54000 best fit 477.7 gainB 599.9 bits 122.2 : AW2 FL 1 eq mod PL P3 mul eq LLW tab2 
restart at gen 190
gen 200 evo 60000 best fit 477.7 gainB 599.9 bits 122.2 : AW2 FL 1 eq mod PL P3 mul eq LLW tab2 
gen 220 evo 66000 best fit 477.7 gainB 599.9 bits 122.2 : AW2 FL 1 eq mod PL P3 mul eq LLW tab2 
