N=37898 V=251 A=15937 B=11921 C=10040 baseline B bits 47800 (4.0097/tok)
rand 20000 best fit 239.4 gainB 332.2 bits 92.8 : PW LPW eq LLW tab2 
rand 40000 best fit 239.4 gainB 332.2 bits 92.8 : PW LPW eq LLW tab2 
rand 60000 best fit 264.3 gainB 345.8 bits 81.6 : 30 LI FL P3 lt lt tab2 
rand 80000 best fit 264.3 gainB 345.8 bits 81.6 : 30 LI FL P3 lt lt tab2 
rand 100000 best fit 264.3 gainB 345.8 bits 81.6 : 30 LI FL P3 lt lt tab2 
rand 120000 best fit 264.3 gainB 345.8 bits 81.6 : 30 LI FL P3 lt lt tab2 
rand 140000 best fit 264.3 gainB 345.8 bits 81.6 : 30 LI FL P3 lt lt tab2 
rand 150000 best fit 264.3 gainB 345.8 bits 81.6 : 30 LI FL P3 lt lt tab2 
gen 20 evo 6000 best fit 294.9 gainB 388.5 bits 93.7 : PW 1 eq LLW tab2 
gen 40 evo 12000 best fit 432.0 gainB 536.6 bits 104.6 : LLW AW2 P3 PW mul eq tab2 
gen 60 evo 18000 best fit 432.0 gainB 536.6 bits 104.6 : LLW AW2 P3 PW mul eq tab2 
gen 80 evo 24000 best fit 512.7 gainB 622.3 bits 109.6 : AW2 P1 lt AW2 P3 PL mul eq tab2 
gen 100 evo 30000 best fit 512.7 gainB 622.3 bits 109.6 : AW2 P1 lt AW2 P3 PL mul eq tab2 
restart at gen 116
gen 120 evo 36000 best fit 512.7 gainB 622.3 bits 109.6 : AW2 P1 lt AW2 P3 PL mul eq tab2 
gen 140 evo 42000 best fit 512.7 gainB 622.3 bits 109.6 : AW2 P1 lt AW2 P3 PL mul eq tab2 
restart at gen 157
gen 160 evo 48000 best fit 512.7 gainB 622.3 bits 109.6 : AW2 P1 lt AW2 P3 PL mul eq tab2 
gen 180 evo 54000 best fit 512.7 gainB 622.3 bits 109.6 : AW2 P1 lt AW2 P3 PL mul eq tab2 
restart at gen 198
gen 200 evo 60000 best fit 512.7 gainB 622.3 bits 109.6 : AW2 P1 lt AW2 P3 PL mul eq tab2 
gen 220 evo 66000 best fit 512.7 gainB 622.3 bits 109.6 : AW2 P1 lt AW2 P3 PL mul eq tab2 
restart at gen 239
gen 240 evo 72000 best fit 512.7 gainB 622.3 bits 109.6 : AW2 P1 lt AW2 P3 PL mul eq tab2 
gen 260 evo 78000 best fit 512.7 gainB 622.3 bits 109.6 : AW2 P1 lt AW2 P3 PL mul eq tab2 
restart at gen 280
gen 280 evo 84000 best fit 512.7 gainB 622.3 bits 109.6 : AW2 P1 lt AW2 P3 PL mul eq tab2 
gen 300 evo 90000 best fit 512.7 gainB 622.3 bits 109.6 : AW2 P1 lt AW2 P3 PL mul eq tab2 
gen 320 evo 96000 best fit 512.7 gainB 622.3 bits 109.6 : AW2 P1 lt AW2 P3 PL mul eq tab2 
restart at gen 321
gen 340 evo 102000 best fit 512.7 gainB 622.3 bits 109.6 : AW2 P1 lt AW2 P3 PL mul eq tab2 
gen 360 evo 108000 best fit 512.7 gainB 622.3 bits 109.6 : AW2 P1 lt AW2 P3 PL mul eq tab2 
restart at gen 362
gen 380 evo 114000 best fit 512.7 gainB 622.3 bits 109.6 : AW2 P1 lt AW2 P3 PL mul eq tab2 
gen 400 evo 120000 best fit 512.7 gainB 622.3 bits 109.6 : AW2 P1 lt AW2 P3 PL mul eq tab2 
restart at gen 403
gen 420 evo 126000 best fit 512.7 gainB 622.3 bits 109.6 : AW2 P1 lt AW2 P3 PL mul eq tab2 
gen 440 evo 132000 best fit 512.7 gainB 622.3 bits 109.6 : AW2 P1 lt AW2 P3 PL mul eq tab2 
restart at gen 444
gen 460 evo 138000 best fit 512.7 gainB 622.3 bits 109.6 : AW2 P1 lt AW2 P3 PL mul eq tab2 
gen 480 evo 144000 best fit 512.7 gainB 622.3 bits 109.6 : AW2 P1 lt AW2 P3 PL mul eq tab2 
restart at gen 485
gen 500 evo 150000 best fit 512.7 gainB 622.3 bits 109.6 : AW2 P1 lt AW2 P3 PL mul eq tab2 
done
