N=38238 V=251 A=15865 B=12106 C=10267 baseline B bits 41023 (3.3887/tok)
rand 20000 best fit 9.7 gainB 40.1 bits 30.5 : WI PW eq 
rand 40000 best fit 12.8 gainB 52.0 bits 39.3 : PL 0 FL if 
rand 60000 best fit 12.8 gainB 52.0 bits 39.3 : PL 0 FL if 
rand 80000 best fit 12.8 gainB 52.0 bits 39.3 : PL 0 FL if 
rand 100000 best fit 12.8 gainB 52.0 bits 39.3 : PL 0 FL if 
rand 120000 best fit 12.8 gainB 52.0 bits 39.3 : PL 0 FL if 
rand 140000 best fit 12.8 gainB 52.0 bits 39.3 : PL 0 FL if 
rand 150000 best fit 12.8 gainB 52.0 bits 39.3 : PL 0 FL if 
gen 20 evo 6000 best fit 20.1 gainB 59.3 bits 39.3 : PL WI 21 if 
gen 40 evo 12000 best fit 20.1 gainB 59.3 bits 39.3 : PL WI 21 if 
restart at gen 59
gen 60 evo 18000 best fit 20.1 gainB 59.3 bits 39.3 : PL WI 21 if 
gen 80 evo 24000 best fit 20.1 gainB 59.3 bits 39.3 : PL WI 21 if 
restart at gen 100
gen 100 evo 30000 best fit 20.1 gainB 59.3 bits 39.3 : PL WI 21 if 
gen 120 evo 36000 best fit 20.1 gainB 59.3 bits 39.3 : PL WI 21 if 
gen 140 evo 42000 best fit 20.1 gainB 59.3 bits 39.3 : PL WI 21 if 
restart at gen 141
gen 160 evo 48000 best fit 20.1 gainB 59.3 bits 39.3 : PL WI 21 if 
gen 180 evo 54000 best fit 20.1 gainB 59.3 bits 39.3 : PL WI 21 if 
restart at gen 182
gen 200 evo 60000 best fit 20.1 gainB 59.3 bits 39.3 : PL WI 21 if 
gen 220 evo 66000 best fit 20.1 gainB 59.3 bits 39.3 : PL WI 21 if 
restart at gen 223
gen 240 evo 72000 best fit 20.1 gainB 59.3 bits 39.3 : PL WI 21 if 
gen 260 evo 78000 best fit 20.1 gainB 59.3 bits 39.3 : PL WI 21 if 
restart at gen 264
gen 280 evo 84000 best fit 20.1 gainB 59.3 bits 39.3 : PL WI 21 if 
gen 300 evo 90000 best fit 20.1 gainB 59.3 bits 39.3 : PL WI 21 if 
restart at gen 305
gen 320 evo 96000 best fit 20.1 gainB 59.3 bits 39.3 : PL WI 21 if 
gen 340 evo 102000 best fit 20.1 gainB 59.3 bits 39.3 : PL WI 21 if 
restart at gen 346
gen 360 evo 108000 best fit 20.1 gainB 59.3 bits 39.3 : PL WI 21 if 
gen 380 evo 114000 best fit 20.1 gainB 59.3 bits 39.3 : PL WI 21 if 
restart at gen 387
gen 400 evo 120000 best fit 20.1 gainB 59.3 bits 39.3 : PL WI 21 if 
gen 420 evo 126000 best fit 20.1 gainB 59.3 bits 39.3 : PL WI 21 if 
restart at gen 428
gen 440 evo 132000 best fit 20.1 gainB 59.3 bits 39.3 : PL WI 21 if 
gen 460 evo 138000 best fit 20.1 gainB 59.3 bits 39.3 : PL WI 21 if 
restart at gen 469
gen 480 evo 144000 best fit 20.1 gainB 59.3 bits 39.3 : PL WI 21 if 
gen 500 evo 150000 best fit 20.1 gainB 59.3 bits 39.3 : PL WI 21 if 
done
