N=13297 V=200 A=3642 B=3214 C=3077 baseline B bits 12554 (3.9060/tok)
rand 20000 best fit -5.3 gainB 24.2 bits 29.5 : FL AW lt 
rand 40000 best fit 8.2 gainB 38.5 bits 30.3 : 1 PW lt 
rand 60000 best fit 8.2 gainB 38.5 bits 30.3 : 1 PW lt 
rand 80000 best fit 8.2 gainB 38.5 bits 30.3 : 1 PW lt 
rand 100000 best fit 8.2 gainB 38.5 bits 30.3 : 1 PW lt 
rand 120000 best fit 8.2 gainB 38.5 bits 30.3 : 1 PW lt 
rand 140000 best fit 8.2 gainB 38.5 bits 30.3 : 1 PW lt 
rand 160000 best fit 8.2 gainB 38.5 bits 30.3 : 1 PW lt 
rand 180000 best fit 8.2 gainB 38.5 bits 30.3 : 1 PW lt 
rand 200000 best fit 8.2 gainB 38.5 bits 30.3 : 1 PW lt 
rand 220000 best fit 9.1 gainB 39.5 bits 30.3 : 2 PW lt 
rand 240000 best fit 9.1 gainB 39.5 bits 30.3 : 2 PW lt 
rand 250000 best fit 9.1 gainB 39.5 bits 30.3 : 2 PW lt 
gen 20 evo 6000 best fit 23.3 gainB 65.4 bits 42.1 : P1 28 lt PW lt 
gen 40 evo 12000 best fit 23.3 gainB 65.4 bits 42.1 : P1 28 lt PW lt 
restart at gen 50
gen 60 evo 18000 best fit 23.3 gainB 65.4 bits 42.1 : P1 28 lt PW lt 
gen 80 evo 24000 best fit 23.3 gainB 65.4 bits 42.1 : P1 28 lt PW lt 
restart at gen 91
gen 100 evo 30000 best fit 23.3 gainB 65.4 bits 42.1 : P1 28 lt PW lt 
gen 120 evo 36000 best fit 23.3 gainB 65.4 bits 42.1 : P1 28 lt PW lt 
restart at gen 132
gen 140 evo 42000 best fit 23.3 gainB 65.4 bits 42.1 : P1 28 lt PW lt 
gen 160 evo 48000 best fit 23.3 gainB 65.4 bits 42.1 : P1 28 lt PW lt 
restart at gen 173
gen 180 evo 54000 best fit 23.3 gainB 65.4 bits 42.1 : P1 28 lt PW lt 
gen 200 evo 60000 best fit 23.3 gainB 65.4 bits 42.1 : P1 28 lt PW lt 
restart at gen 214
gen 220 evo 66000 best fit 23.3 gainB 65.4 bits 42.1 : P1 28 lt PW lt 
gen 240 evo 72000 best fit 23.3 gainB 65.4 bits 42.1 : P1 28 lt PW lt 
restart at gen 255
gen 260 evo 78000 best fit 23.3 gainB 65.4 bits 42.1 : P1 28 lt PW lt 
gen 280 evo 84000 best fit 23.3 gainB 65.4 bits 42.1 : P1 28 lt PW lt 
restart at gen 296
gen 300 evo 90000 best fit 23.3 gainB 65.4 bits 42.1 : P1 28 lt PW lt 
gen 320 evo 96000 best fit 23.3 gainB 65.4 bits 42.1 : P1 28 lt PW lt 
restart at gen 337
gen 340 evo 102000 best fit 23.3 gainB 65.4 bits 42.1 : P1 28 lt PW lt 
gen 360 evo 108000 best fit 23.3 gainB 65.4 bits 42.1 : P1 28 lt PW lt 
restart at gen 378
gen 380 evo 114000 best fit 23.3 gainB 65.4 bits 42.1 : P1 28 lt PW lt 
gen 400 evo 120000 best fit 23.3 gainB 65.4 bits 42.1 : P1 28 lt PW lt 
restart at gen 419
gen 420 evo 126000 best fit 23.3 gainB 65.4 bits 42.1 : P1 28 lt PW lt 
gen 440 evo 132000 best fit 23.3 gainB 65.4 bits 42.1 : P1 28 lt PW lt 
restart at gen 460
gen 460 evo 138000 best fit 23.3 gainB 65.4 bits 42.1 : P1 28 lt PW lt 
gen 480 evo 144000 best fit 23.3 gainB 65.4 bits 42.1 : P1 28 lt PW lt 
gen 500 evo 150000 best fit 23.3 gainB 65.4 bits 42.1 : P1 28 lt PW lt 
restart at gen 501
gen 520 evo 156000 best fit 23.3 gainB 65.4 bits 42.1 : P1 28 lt PW lt 
gen 540 evo 162000 best fit 23.3 gainB 65.4 bits 42.1 : P1 28 lt PW lt 
restart at gen 542
gen 560 evo 168000 best fit 23.3 gainB 65.4 bits 42.1 : P1 28 lt PW lt 
gen 580 evo 174000 best fit 23.3 gainB 65.4 bits 42.1 : P1 28 lt PW lt 
restart at gen 583
gen 600 evo 180000 best fit 23.3 gainB 65.4 bits 42.1 : P1 28 lt PW lt 
gen 620 evo 186000 best fit 23.3 gainB 65.4 bits 42.1 : P1 28 lt PW lt 
restart at gen 624
gen 640 evo 192000 best fit 23.3 gainB 65.4 bits 42.1 : P1 28 lt PW lt 
gen 660 evo 198000 best fit 23.3 gainB 65.4 bits 42.1 : P1 28 lt PW lt 
restart at gen 665
gen 680 evo 204000 best fit 23.3 gainB 65.4 bits 42.1 : P1 28 lt PW lt 
gen 700 evo 210000 best fit 23.3 gainB 65.4 bits 42.1 : P1 28 lt PW lt 
restart at gen 706
gen 720 evo 216000 best fit 23.3 gainB 65.4 bits 42.1 : P1 28 lt PW lt 
gen 740 evo 222000 best fit 23.3 gainB 65.4 bits 42.1 : P1 28 lt PW lt 
restart at gen 747
gen 760 evo 228000 best fit 23.3 gainB 65.4 bits 42.1 : P1 28 lt PW lt 
gen 780 evo 234000 best fit 23.3 gainB 65.4 bits 42.1 : P1 28 lt PW lt 
restart at gen 788
gen 800 evo 240000 best fit 23.3 gainB 65.4 bits 42.1 : P1 28 lt PW lt 
gen 820 evo 246000 best fit 23.3 gainB 65.4 bits 42.1 : P1 28 lt PW lt 
restart at gen 829
gen 834 evo 250200 best fit 23.3 gainB 65.4 bits 42.1 : P1 28 lt PW lt 
done
