N=13210 V=250 A=3629 B=3007 C=3210 baseline B bits 14893 (4.9528/tok)
rand 20000 best fit 5.6 gainB 35.0 bits 29.4 : PW P2 eq 
rand 40000 best fit 11.0 gainB 41.3 bits 30.3 : P2 1 eq 
rand 60000 best fit 11.0 gainB 41.3 bits 30.3 : P2 1 eq 
rand 80000 best fit 15.4 gainB 44.8 bits 29.4 : P6 PW lt 
rand 100000 best fit 15.4 gainB 44.8 bits 29.4 : P6 PW lt 
rand 120000 best fit 15.4 gainB 44.8 bits 29.4 : P6 PW lt 
rand 140000 best fit 15.4 gainB 44.8 bits 29.4 : P6 PW lt 
rand 160000 best fit 15.4 gainB 44.8 bits 29.4 : P6 PW lt 
rand 180000 best fit 15.4 gainB 44.8 bits 29.4 : P6 PW lt 
rand 200000 best fit 15.4 gainB 44.8 bits 29.4 : P6 PW lt 
rand 220000 best fit 15.4 gainB 44.8 bits 29.4 : P6 PW lt 
rand 240000 best fit 15.4 gainB 44.8 bits 29.4 : P6 PW lt 
rand 250000 best fit 15.4 gainB 44.8 bits 29.4 : P6 PW lt 
gen 20 evo 6000 best fit 16.7 gainB 58.0 bits 41.2 : P6 P3 PW mul lt 
gen 40 evo 12000 best fit 16.7 gainB 58.0 bits 41.2 : P6 P3 PW mul lt 
gen 60 evo 18000 best fit 22.0 gainB 63.2 bits 41.2 : P6 P3 lt PW min 
gen 80 evo 24000 best fit 22.0 gainB 63.2 bits 41.2 : P6 P3 lt PW min 
restart at gen 87
gen 100 evo 30000 best fit 22.0 gainB 63.2 bits 41.2 : P6 P3 lt PW min 
gen 120 evo 36000 best fit 22.0 gainB 63.2 bits 41.2 : P6 P3 lt PW min 
restart at gen 128
gen 140 evo 42000 best fit 22.0 gainB 63.2 bits 41.2 : P6 P3 lt PW min 
gen 160 evo 48000 best fit 22.0 gainB 63.2 bits 41.2 : P6 P3 lt PW min 
restart at gen 169
gen 180 evo 54000 best fit 22.0 gainB 63.2 bits 41.2 : P6 P3 lt PW min 
gen 200 evo 60000 best fit 22.0 gainB 63.2 bits 41.2 : P6 P3 lt PW min 
restart at gen 210
gen 220 evo 66000 best fit 22.0 gainB 63.2 bits 41.2 : P6 P3 lt PW min 
gen 240 evo 72000 best fit 22.0 gainB 63.2 bits 41.2 : P6 P3 lt PW min 
restart at gen 251
gen 260 evo 78000 best fit 22.0 gainB 63.2 bits 41.2 : P6 P3 lt PW min 
gen 280 evo 84000 best fit 22.0 gainB 63.2 bits 41.2 : P6 P3 lt PW min 
restart at gen 292
gen 300 evo 90000 best fit 22.0 gainB 63.2 bits 41.2 : P6 P3 lt PW min 
gen 320 evo 96000 best fit 22.0 gainB 63.2 bits 41.2 : P6 P3 lt PW min 
restart at gen 333
gen 340 evo 102000 best fit 22.0 gainB 63.2 bits 41.2 : P6 P3 lt PW min 
gen 360 evo 108000 best fit 22.0 gainB 63.2 bits 41.2 : P6 P3 lt PW min 
restart at gen 374
gen 380 evo 114000 best fit 22.0 gainB 63.2 bits 41.2 : P6 P3 lt PW min 
gen 400 evo 120000 best fit 22.0 gainB 63.2 bits 41.2 : P6 P3 lt PW min 
restart at gen 415
gen 420 evo 126000 best fit 22.0 gainB 63.2 bits 41.2 : P6 P3 lt PW min 
gen 440 evo 132000 best fit 22.0 gainB 63.2 bits 41.2 : P6 P3 lt PW min 
restart at gen 456
gen 460 evo 138000 best fit 22.0 gainB 63.2 bits 41.2 : P6 P3 lt PW min 
gen 480 evo 144000 best fit 22.0 gainB 63.2 bits 41.2 : P6 P3 lt PW min 
restart at gen 497
gen 500 evo 150000 best fit 22.0 gainB 63.2 bits 41.2 : P6 P3 lt PW min 
gen 520 evo 156000 best fit 22.0 gainB 63.2 bits 41.2 : P6 P3 lt PW min 
restart at gen 538
gen 540 evo 162000 best fit 22.0 gainB 63.2 bits 41.2 : P6 P3 lt PW min 
gen 560 evo 168000 best fit 22.0 gainB 63.2 bits 41.2 : P6 P3 lt PW min 
restart at gen 579
gen 580 evo 174000 best fit 22.0 gainB 63.2 bits 41.2 : P6 P3 lt PW min 
gen 600 evo 180000 best fit 22.0 gainB 63.2 bits 41.2 : P6 P3 lt PW min 
restart at gen 620
gen 620 evo 186000 best fit 22.0 gainB 63.2 bits 41.2 : P6 P3 lt PW min 
gen 640 evo 192000 best fit 22.0 gainB 63.2 bits 41.2 : P6 P3 lt PW min 
gen 660 evo 198000 best fit 22.0 gainB 63.2 bits 41.2 : P6 P3 lt PW min 
restart at gen 661
gen 680 evo 204000 best fit 22.0 gainB 63.2 bits 41.2 : P6 P3 lt PW min 
gen 700 evo 210000 best fit 22.0 gainB 63.2 bits 41.2 : P6 P3 lt PW min 
restart at gen 702
gen 720 evo 216000 best fit 22.0 gainB 63.2 bits 41.2 : P6 P3 lt PW min 
gen 740 evo 222000 best fit 22.0 gainB 63.2 bits 41.2 : P6 P3 lt PW min 
restart at gen 743
gen 760 evo 228000 best fit 22.0 gainB 63.2 bits 41.2 : P6 P3 lt PW min 
gen 780 evo 234000 best fit 22.0 gainB 63.2 bits 41.2 : P6 P3 lt PW min 
restart at gen 784
gen 800 evo 240000 best fit 22.0 gainB 63.2 bits 41.2 : P6 P3 lt PW min 
gen 820 evo 246000 best fit 22.0 gainB 63.2 bits 41.2 : P6 P3 lt PW min 
restart at gen 825
gen 834 evo 250200 best fit 22.0 gainB 63.2 bits 41.2 : P6 P3 lt PW min 
done
