N=13210 V=250 A=3629 B=3007 C=3210 baseline B bits 13269 (4.4128/tok)
rand 20000 best fit 23.0 gainB 52.5 bits 29.4 : AW2 P6 max 
rand 40000 best fit 29.0 gainB 58.5 bits 29.4 : AW2 AB max 
rand 60000 best fit 29.0 gainB 58.5 bits 29.4 : AW2 AB max 
rand 80000 best fit 29.0 gainB 58.5 bits 29.4 : AW2 AB max 
rand 100000 best fit 29.0 gainB 58.5 bits 29.4 : AW2 AB max 
rand 120000 best fit 29.0 gainB 58.5 bits 29.4 : AW2 AB max 
rand 140000 best fit 36.6 gainB 74.1 bits 37.4 : PL P6 AW2 if 
rand 160000 best fit 36.6 gainB 74.1 bits 37.4 : PL P6 AW2 if 
rand 180000 best fit 36.6 gainB 74.1 bits 37.4 : PL P6 AW2 if 
rand 200000 best fit 36.6 gainB 74.1 bits 37.4 : PL P6 AW2 if 
rand 220000 best fit 36.6 gainB 74.1 bits 37.4 : PL P6 AW2 if 
rand 240000 best fit 36.6 gainB 74.1 bits 37.4 : PL P6 AW2 if 
rand 250000 best fit 36.6 gainB 74.1 bits 37.4 : PL P6 AW2 if 
gen 20 evo 6000 best fit 36.6 gainB 74.1 bits 37.4 : PL P6 AW2 if 
gen 40 evo 12000 best fit 41.3 gainB 90.6 bits 49.2 : PW LI CW lt AW2 if 
gen 60 evo 18000 best fit 41.5 gainB 90.7 bits 49.2 : PW P4 FW lt AW2 if 
gen 80 evo 24000 best fit 44.2 gainB 94.2 bits 50.0 : PL 30 P1 lt AW2 if 
gen 100 evo 30000 best fit 50.3 gainB 100.3 bits 50.0 : PL 17 P1 lt AW2 if 
gen 120 evo 36000 best fit 51.6 gainB 101.6 bits 50.0 : PL 15 P1 lt AW2 if 
gen 140 evo 42000 best fit 51.6 gainB 101.6 bits 50.0 : PL 15 P1 lt AW2 if 
restart at gen 149
gen 160 evo 48000 best fit 51.6 gainB 101.6 bits 50.0 : PL 15 P1 lt AW2 if 
gen 180 evo 54000 best fit 51.6 gainB 101.6 bits 50.0 : PL 15 P1 lt AW2 if 
restart at gen 190
gen 200 evo 60000 best fit 51.6 gainB 101.6 bits 50.0 : PL 15 P1 lt AW2 if 
gen 220 evo 66000 best fit 51.6 gainB 101.6 bits 50.0 : PL 15 P1 lt AW2 if 
restart at gen 231
gen 240 evo 72000 best fit 51.6 gainB 101.6 bits 50.0 : PL 15 P1 lt AW2 if 
gen 260 evo 78000 best fit 51.6 gainB 101.6 bits 50.0 : PL 15 P1 lt AW2 if 
restart at gen 272
gen 280 evo 84000 best fit 51.6 gainB 101.6 bits 50.0 : PL 15 P1 lt AW2 if 
gen 300 evo 90000 best fit 51.6 gainB 101.6 bits 50.0 : PL 15 P1 lt AW2 if 
restart at gen 313
gen 320 evo 96000 best fit 51.6 gainB 101.6 bits 50.0 : PL 15 P1 lt AW2 if 
gen 340 evo 102000 best fit 51.6 gainB 101.6 bits 50.0 : PL 15 P1 lt AW2 if 
restart at gen 354
gen 360 evo 108000 best fit 51.6 gainB 101.6 bits 50.0 : PL 15 P1 lt AW2 if 
gen 380 evo 114000 best fit 51.6 gainB 101.6 bits 50.0 : PL 15 P1 lt AW2 if 
restart at gen 395
gen 400 evo 120000 best fit 51.6 gainB 101.6 bits 50.0 : PL 15 P1 lt AW2 if 
gen 420 evo 126000 best fit 51.6 gainB 101.6 bits 50.0 : PL 15 P1 lt AW2 if 
restart at gen 436
gen 440 evo 132000 best fit 51.6 gainB 101.6 bits 50.0 : PL 15 P1 lt AW2 if 
gen 460 evo 138000 best fit 51.6 gainB 101.6 bits 50.0 : PL 15 P1 lt AW2 if 
restart at gen 477
gen 480 evo 144000 best fit 51.6 gainB 101.6 bits 50.0 : PL 15 P1 lt AW2 if 
gen 500 evo 150000 best fit 51.6 gainB 101.6 bits 50.0 : PL 15 P1 lt AW2 if 
restart at gen 518
gen 520 evo 156000 best fit 51.6 gainB 101.6 bits 50.0 : PL 15 P1 lt AW2 if 
gen 540 evo 162000 best fit 51.6 gainB 101.6 bits 50.0 : PL 15 P1 lt AW2 if 
restart at gen 559
gen 560 evo 168000 best fit 51.6 gainB 101.6 bits 50.0 : PL 15 P1 lt AW2 if 
gen 580 evo 174000 best fit 51.6 gainB 101.6 bits 50.0 : PL 15 P1 lt AW2 if 
restart at gen 600
gen 600 evo 180000 best fit 51.6 gainB 101.6 bits 50.0 : PL 15 P1 lt AW2 if 
gen 620 evo 186000 best fit 51.6 gainB 101.6 bits 50.0 : PL 15 P1 lt AW2 if 
gen 640 evo 192000 best fit 51.6 gainB 101.6 bits 50.0 : PL 15 P1 lt AW2 if 
restart at gen 641
gen 660 evo 198000 best fit 51.6 gainB 101.6 bits 50.0 : PL 15 P1 lt AW2 if 
gen 680 evo 204000 best fit 51.6 gainB 101.6 bits 50.0 : PL 15 P1 lt AW2 if 
restart at gen 682
gen 700 evo 210000 best fit 51.6 gainB 101.6 bits 50.0 : PL 15 P1 lt AW2 if 
gen 720 evo 216000 best fit 51.6 gainB 101.6 bits 50.0 : PL 15 P1 lt AW2 if 
restart at gen 723
gen 740 evo 222000 best fit 51.6 gainB 101.6 bits 50.0 : PL 15 P1 lt AW2 if 
gen 760 evo 228000 best fit 51.6 gainB 101.6 bits 50.0 : PL 15 P1 lt AW2 if 
restart at gen 764
gen 780 evo 234000 best fit 51.6 gainB 101.6 bits 50.0 : PL 15 P1 lt AW2 if 
gen 800 evo 240000 best fit 51.6 gainB 101.6 bits 50.0 : PL 15 P1 lt AW2 if 
restart at gen 805
gen 820 evo 246000 best fit 51.6 gainB 101.6 bits 50.0 : PL 15 P1 lt AW2 if 
gen 834 evo 250200 best fit 51.6 gainB 101.6 bits 50.0 : PL 15 P1 lt AW2 if 
done
