N=37898 V=251 A=11284 B=8394 C=6999 baseline B bits 40687 (4.8471/tok)
rand 20000 best fit 629.2 gainB 659.4 bits 30.2 : AW2 AW2 max 
rand 40000 best fit 629.2 gainB 659.4 bits 30.2 : AW2 AW2 max 
rand 60000 best fit 629.2 gainB 659.4 bits 30.2 : AW2 AW2 max 
rand 80000 best fit 629.2 gainB 659.4 bits 30.2 : AW2 AW2 max 
rand 100000 best fit 629.2 gainB 659.4 bits 30.2 : AW2 AW2 max 
rand 120000 best fit 629.2 gainB 659.4 bits 30.2 : AW2 AW2 max 
rand 140000 best fit 629.2 gainB 659.4 bits 30.2 : AW2 AW2 max 
rand 150000 best fit 629.2 gainB 659.4 bits 30.2 : AW2 AW2 max 
gen 20 evo 6000 best fit 677.8 gainB 716.0 bits 38.2 : P4 AW2 P6 if 
gen 40 evo 12000 best fit 677.8 gainB 716.0 bits 38.2 : P4 AW2 P6 if 
restart at gen 53
gen 60 evo 18000 best fit 677.8 gainB 716.0 bits 38.2 : P4 AW2 P6 if 
gen 80 evo 24000 best fit 678.4 gainB 752.8 bits 74.3 : P4 PW P8 1 eq mul max AW2 P6 if 
gen 100 evo 30000 best fit 679.3 gainB 752.8 bits 73.5 : P4 AW P8 LLW eq mul max AW2 P6 if 
gen 120 evo 36000 best fit 679.3 gainB 752.8 bits 73.5 : P4 AW P8 LLW eq mul max AW2 P6 if 
gen 140 evo 42000 best fit 690.2 gainB 752.8 bits 62.6 : P4 P8 1 eq max AW2 P6 if 
gen 160 evo 48000 best fit 690.2 gainB 752.8 bits 62.6 : P4 P8 1 eq max AW2 P6 if 
restart at gen 165
gen 180 evo 54000 best fit 690.2 gainB 752.8 bits 62.6 : P4 P8 1 eq max AW2 P6 if 
gen 200 evo 60000 best fit 691.0 gainB 752.8 bits 61.7 : P4 LLW P8 eq add AW2 P6 if 
gen 220 evo 66000 best fit 691.0 gainB 752.8 bits 61.7 : P4 LLW P8 eq add AW2 P6 if 
restart at gen 232
gen 240 evo 72000 best fit 691.0 gainB 752.8 bits 61.7 : P4 LLW P8 eq add AW2 P6 if 
gen 260 evo 78000 best fit 691.0 gainB 752.8 bits 61.7 : P4 LLW P8 eq add AW2 P6 if 
restart at gen 273
gen 280 evo 84000 best fit 691.0 gainB 752.8 bits 61.7 : P4 LLW P8 eq add AW2 P6 if 
gen 300 evo 90000 best fit 691.0 gainB 752.8 bits 61.7 : P4 LLW P8 eq add AW2 P6 if 
restart at gen 314
gen 320 evo 96000 best fit 691.0 gainB 752.8 bits 61.7 : P4 LLW P8 eq add AW2 P6 if 
gen 340 evo 102000 best fit 691.0 gainB 752.8 bits 61.7 : P4 LLW P8 eq add AW2 P6 if 
restart at gen 355
gen 360 evo 108000 best fit 691.0 gainB 752.8 bits 61.7 : P4 LLW P8 eq add AW2 P6 if 
gen 380 evo 114000 best fit 691.0 gainB 752.8 bits 61.7 : P4 LLW P8 eq add AW2 P6 if 
restart at gen 396
gen 400 evo 120000 best fit 691.0 gainB 752.8 bits 61.7 : P4 LLW P8 eq add AW2 P6 if 
gen 420 evo 126000 best fit 691.0 gainB 752.8 bits 61.7 : P4 LLW P8 eq add AW2 P6 if 
restart at gen 437
gen 440 evo 132000 best fit 691.0 gainB 752.8 bits 61.7 : P4 LLW P8 eq add AW2 P6 if 
gen 460 evo 138000 best fit 691.0 gainB 752.8 bits 61.7 : P4 LLW P8 eq add AW2 P6 if 
restart at gen 478
gen 480 evo 144000 best fit 691.0 gainB 752.8 bits 61.7 : P4 LLW P8 eq add AW2 P6 if 
gen 500 evo 150000 best fit 691.0 gainB 752.8 bits 61.7 : P4 LLW P8 eq add AW2 P6 if 
done
