N=37774 V=251 A=10976 B=8463 C=7114 baseline B bits 37703 (4.4550/tok)
rand 20000 best fit -7.6 gainB 23.4 bits 31.0 : 25 FL max 
rand 40000 best fit -5.2 gainB 25.8 bits 31.0 : 25 P1 max 
rand 60000 best fit -5.2 gainB 25.8 bits 31.0 : 25 P1 max 
rand 80000 best fit -5.2 gainB 25.8 bits 31.0 : 25 P1 max 
rand 100000 best fit -5.2 gainB 25.8 bits 31.0 : 25 P1 max 
rand 120000 best fit -5.2 gainB 25.8 bits 31.0 : 25 P1 max 
rand 140000 best fit -5.2 gainB 25.8 bits 31.0 : 25 P1 max 
rand 150000 best fit -5.2 gainB 25.8 bits 31.0 : 25 P1 max 
gen 20 evo 6000 best fit -4.9 gainB 26.1 bits 31.0 : 23 P1 lt 
gen 40 evo 12000 best fit -4.9 gainB 26.1 bits 31.0 : 23 P1 lt 
restart at gen 41
gen 60 evo 18000 best fit -4.9 gainB 26.1 bits 31.0 : 23 P1 lt 
gen 80 evo 24000 best fit -4.9 gainB 26.1 bits 31.0 : 23 P1 lt 
restart at gen 82
gen 100 evo 30000 best fit -4.9 gainB 26.1 bits 31.0 : 23 P1 lt 
gen 120 evo 36000 best fit -4.9 gainB 26.1 bits 31.0 : 23 P1 lt 
restart at gen 123
gen 140 evo 42000 best fit -4.9 gainB 26.1 bits 31.0 : 23 P1 lt 
gen 160 evo 48000 best fit -4.9 gainB 26.1 bits 31.0 : 23 P1 lt 
restart at gen 164
gen 180 evo 54000 best fit -4.9 gainB 26.1 bits 31.0 : 23 P1 lt 
gen 200 evo 60000 best fit -4.9 gainB 26.1 bits 31.0 : 23 P1 lt 
restart at gen 205
gen 220 evo 66000 best fit -4.9 gainB 26.1 bits 31.0 : 23 P1 lt 
gen 240 evo 72000 best fit -4.9 gainB 26.1 bits 31.0 : 23 P1 lt 
restart at gen 246
gen 260 evo 78000 best fit -4.9 gainB 26.1 bits 31.0 : 23 P1 lt 
gen 280 evo 84000 best fit -4.9 gainB 26.1 bits 31.0 : 23 P1 lt 
restart at gen 287
gen 300 evo 90000 best fit -4.9 gainB 26.1 bits 31.0 : 23 P1 lt 
gen 320 evo 96000 best fit -4.9 gainB 26.1 bits 31.0 : 23 P1 lt 
restart at gen 328
gen 340 evo 102000 best fit -4.9 gainB 26.1 bits 31.0 : 23 P1 lt 
gen 360 evo 108000 best fit -4.9 gainB 26.1 bits 31.0 : 23 P1 lt 
restart at gen 369
gen 380 evo 114000 best fit -4.9 gainB 26.1 bits 31.0 : 23 P1 lt 
gen 400 evo 120000 best fit -4.9 gainB 26.1 bits 31.0 : 23 P1 lt 
restart at gen 410
gen 420 evo 126000 best fit -4.9 gainB 26.1 bits 31.0 : 23 P1 lt 
gen 440 evo 132000 best fit -4.9 gainB 26.1 bits 31.0 : 23 P1 lt 
restart at gen 451
gen 460 evo 138000 best fit -4.9 gainB 26.1 bits 31.0 : 23 P1 lt 
gen 480 evo 144000 best fit -4.9 gainB 26.1 bits 31.0 : 23 P1 lt 
restart at gen 492
gen 500 evo 150000 best fit -4.9 gainB 26.1 bits 31.0 : 23 P1 lt 
done
