N=37898 V=251 A=11284 B=8394 C=6999 baseline B bits 44238 (5.2702/tok)
rand 20000 best fit 175.4 gainB 205.6 bits 30.2 : PW AW2 eq 
rand 40000 best fit 180.4 gainB 210.6 bits 30.2 : LLW AW2 eq 
rand 60000 best fit 180.4 gainB 210.6 bits 30.2 : LLW AW2 eq 
rand 80000 best fit 180.4 gainB 210.6 bits 30.2 : LLW AW2 eq 
rand 100000 best fit 180.4 gainB 210.6 bits 30.2 : LLW AW2 eq 
rand 120000 best fit 197.3 gainB 239.2 bits 42.0 : P3 PL eq AW2 eq 
rand 140000 best fit 197.3 gainB 239.2 bits 42.0 : P3 PL eq AW2 eq 
rand 150000 best fit 197.3 gainB 239.2 bits 42.0 : P3 PL eq AW2 eq 
gen 20 evo 6000 best fit 204.4 gainB 258.2 bits 53.8 : P3 FW lt P2 mod AW2 eq 
gen 40 evo 12000 best fit 211.8 gainB 254.6 bits 42.8 : P3 18 lt AW2 eq 
gen 60 evo 18000 best fit 211.8 gainB 254.6 bits 42.8 : P3 22 lt AW2 eq 
restart at gen 62
gen 80 evo 24000 best fit 211.8 gainB 254.6 bits 42.8 : P3 22 lt AW2 eq 
gen 100 evo 30000 best fit 211.8 gainB 254.6 bits 42.8 : P3 22 lt AW2 eq 
restart at gen 103
gen 120 evo 36000 best fit 211.8 gainB 254.6 bits 42.8 : P3 22 lt AW2 eq 
gen 140 evo 42000 best fit 211.8 gainB 254.6 bits 42.8 : P3 22 lt AW2 eq 
restart at gen 144
gen 160 evo 48000 best fit 211.8 gainB 254.6 bits 42.8 : P3 22 lt AW2 eq 
gen 180 evo 54000 best fit 211.8 gainB 254.6 bits 42.8 : P3 22 lt AW2 eq 
restart at gen 185
gen 200 evo 60000 best fit 211.8 gainB 254.6 bits 42.8 : P3 22 lt AW2 eq 
gen 220 evo 66000 best fit 211.8 gainB 254.6 bits 42.8 : P3 22 lt AW2 eq 
restart at gen 226
gen 240 evo 72000 best fit 211.8 gainB 254.6 bits 42.8 : P3 22 lt AW2 eq 
gen 260 evo 78000 best fit 211.8 gainB 254.6 bits 42.8 : P3 22 lt AW2 eq 
restart at gen 267
gen 280 evo 84000 best fit 211.8 gainB 254.6 bits 42.8 : P3 22 lt AW2 eq 
gen 300 evo 90000 best fit 211.8 gainB 254.6 bits 42.8 : P3 22 lt AW2 eq 
restart at gen 308
gen 320 evo 96000 best fit 211.8 gainB 254.6 bits 42.8 : P3 22 lt AW2 eq 
gen 340 evo 102000 best fit 211.8 gainB 254.6 bits 42.8 : P3 22 lt AW2 eq 
restart at gen 349
gen 360 evo 108000 best fit 211.8 gainB 254.6 bits 42.8 : P3 22 lt AW2 eq 
gen 380 evo 114000 best fit 211.8 gainB 254.6 bits 42.8 : P3 22 lt AW2 eq 
gen 400 evo 120000 best fit 214.2 gainB 267.9 bits 53.8 : LLW AW2 eq P2 AW mod mod 
gen 420 evo 126000 best fit 214.2 gainB 267.9 bits 53.8 : LLW AW2 eq P2 AW mod mod 
restart at gen 428
gen 440 evo 132000 best fit 214.2 gainB 267.9 bits 53.8 : LLW AW2 eq P2 AW mod mod 
gen 460 evo 138000 best fit 214.2 gainB 267.9 bits 53.8 : LLW AW2 eq P2 AW mod mod 
restart at gen 469
gen 480 evo 144000 best fit 214.2 gainB 267.9 bits 53.8 : LLW AW2 eq P2 AW mod mod 
gen 500 evo 150000 best fit 214.2 gainB 267.9 bits 53.8 : LLW AW2 eq P2 AW mod mod 
done
