## Strategy 31: key search on seal-text middles only, 2324 texts (2026-09-25 22:04:36Z)
### 2026-09-25 22:05:42Z  `s31-tamil-power-planted-tamil-full-80`  (control)
method: full key, tamil, top-80 signs, 20 real restarts + 30 fake-lexicon searches, 32000 SA iterations each, 64s

| real_held_mean | real_held_sd | real_scr_mean | fake_held_mean | fake_held_sd | gap_sd | best_real_held | best_real_train | best_fake_train | n_real | n_fake |
|---|---|---|---|---|---|---|---|---|---|---|
| 0.2217 | 0.0098 | 0.1762 | 0.1508 | 0.0132 | 5.3626 | 0.2385 | 1703 | 1365 | 20 | 30 |

fixed-key / verdict: z_fixed=8.7146, pass_fixed=True, fakefit_z_fixed=3.9092, fakefit_pass_fixed=True, PASS=True

**gap-over-fake = +5.36 SD -> PASS**
### 2026-09-25 22:06:55Z  `s31-tamil-indus-middles-full-80`  (control)
method: full key, tamil, top-80 signs, 20 real restarts + 30 fake-lexicon searches, 32000 SA iterations each, 73s

| real_held_mean | real_held_sd | real_scr_mean | fake_held_mean | fake_held_sd | gap_sd | best_real_held | best_real_train | best_fake_train | n_real | n_fake |
|---|---|---|---|---|---|---|---|---|---|---|
| 0.2603 | 0.0093 | 0.2065 | 0.1638 | 0.0288 | 3.3524 | 0.2770 | 1883 | 1586 | 20 | 30 |

fixed-key / verdict: z_fixed=7.0205, pass_fixed=True, fakefit_z_fixed=3.8140, fakefit_pass_fixed=True, PASS=True

**gap-over-fake = +3.35 SD -> PASS**
### 2026-09-25 22:08:00Z  `s31-tamil-cross-planted-sanskrit-full-80`  (control)
method: full key, tamil, top-80 signs, 20 real restarts + 30 fake-lexicon searches, 32000 SA iterations each, 65s

| real_held_mean | real_held_sd | real_scr_mean | fake_held_mean | fake_held_sd | gap_sd | best_real_held | best_real_train | best_fake_train | n_real | n_fake |
|---|---|---|---|---|---|---|---|---|---|---|
| 0.2038 | 0.0067 | 0.1692 | 0.1342 | 0.0185 | 3.7719 | 0.2147 | 1642 | 1391 | 20 | 30 |

fixed-key / verdict: z_fixed=6.6526, pass_fixed=True, fakefit_z_fixed=3.5607, fakefit_pass_fixed=True, PASS=True

**gap-over-fake = +3.77 SD -> PASS**
### 2026-09-25 22:09:48Z  `s31-sanskrit-power-planted-sanskrit-full-80`  (control)
method: full key, sanskrit, top-80 signs, 20 real restarts + 30 fake-lexicon searches, 32000 SA iterations each, 106s

| real_held_mean | real_held_sd | real_scr_mean | fake_held_mean | fake_held_sd | gap_sd | best_real_held | best_real_train | best_fake_train | n_real | n_fake |
|---|---|---|---|---|---|---|---|---|---|---|
| 0.1565 | 0.0104 | 0.1125 | 0.1215 | 0.0118 | 2.9644 | 0.1879 | 1393 | 1120 | 20 | 30 |

fixed-key / verdict: z_fixed=6.5969, pass_fixed=True, fakefit_z_fixed=6.2830, fakefit_pass_fixed=True, PASS=False

**gap-over-fake = +2.96 SD -> fail**
### 2026-09-25 22:11:43Z  `s31-sanskrit-indus-middles-full-80`  (control)
method: full key, sanskrit, top-80 signs, 20 real restarts + 30 fake-lexicon searches, 32000 SA iterations each, 115s

| real_held_mean | real_held_sd | real_scr_mean | fake_held_mean | fake_held_sd | gap_sd | best_real_held | best_real_train | best_fake_train | n_real | n_fake |
|---|---|---|---|---|---|---|---|---|---|---|
| 0.1821 | 0.0146 | 0.1257 | 0.1432 | 0.0139 | 2.7959 | 0.2086 | 1514 | 1347 | 20 | 30 |

fixed-key / verdict: z_fixed=9.6909, pass_fixed=True, fakefit_z_fixed=5.4623, fakefit_pass_fixed=True, PASS=False

**gap-over-fake = +2.80 SD -> fail**
### 2026-09-25 22:13:25Z  `s31-sanskrit-cross-planted-tamil-full-80`  (control)
method: full key, sanskrit, top-80 signs, 20 real restarts + 30 fake-lexicon searches, 32000 SA iterations each, 101s

| real_held_mean | real_held_sd | real_scr_mean | fake_held_mean | fake_held_sd | gap_sd | best_real_held | best_real_train | best_fake_train | n_real | n_fake |
|---|---|---|---|---|---|---|---|---|---|---|
| 0.1672 | 0.0066 | 0.1150 | 0.1371 | 0.0099 | 3.0357 | 0.1755 | 1328 | 1241 | 20 | 30 |

fixed-key / verdict: z_fixed=10.5549, pass_fixed=True, fakefit_z_fixed=6.0745, fakefit_pass_fixed=True, PASS=True

**gap-over-fake = +3.04 SD -> PASS**
