## Strategy 8b: Sumerian cross-language baselines (2026-09-25 21:56:33Z)
### 2026-09-25 21:57:58Z  `s8b-sumerian-cross-planted-sanskrit-full-80`  (control)
method: full key, sumerian, top-80 signs, 20 real restarts + 30 fake-lexicon searches, 32000 SA iterations each, 80s

| real_held_mean | real_held_sd | real_scr_mean | fake_held_mean | fake_held_sd | gap_sd | best_real_held | best_real_train | best_fake_train | n_real | n_fake |
|---|---|---|---|---|---|---|---|---|---|---|
| 0.1846 | 0.0075 | 0.1472 | 0.1259 | 0.0139 | 4.2167 | 0.1987 | 2272 | 1791 | 20 | 30 |

fixed-key / verdict: z_fixed=7.3541, pass_fixed=True, fakefit_z_fixed=5.4942, fakefit_pass_fixed=True, PASS=True

**gap-over-fake = +4.22 SD -> PASS**
### 2026-09-25 21:58:52Z  `s8b-sumerian-cross-planted-english-full-80`  (control)
method: full key, sumerian, top-80 signs, 20 real restarts + 30 fake-lexicon searches, 32000 SA iterations each, 54s

| real_held_mean | real_held_sd | real_scr_mean | fake_held_mean | fake_held_sd | gap_sd | best_real_held | best_real_train | best_fake_train | n_real | n_fake |
|---|---|---|---|---|---|---|---|---|---|---|
| 0.1272 | 0.0044 | 0.0916 | 0.0875 | 0.0035 | 11.4989 | 0.1354 | 1602 | 1130 | 20 | 30 |

fixed-key / verdict: z_fixed=12.4380, pass_fixed=True, fakefit_z_fixed=5.3947, fakefit_pass_fixed=True, PASS=True

**gap-over-fake = +11.50 SD -> PASS**
### 2026-09-25 22:00:37Z  `s8b-sumerian-cross-planted-akkadian-full-80`  (control)
method: full key, sumerian, top-80 signs, 20 real restarts + 30 fake-lexicon searches, 32000 SA iterations each, 104s

| real_held_mean | real_held_sd | real_scr_mean | fake_held_mean | fake_held_sd | gap_sd | best_real_held | best_real_train | best_fake_train | n_real | n_fake |
|---|---|---|---|---|---|---|---|---|---|---|
| 0.2389 | 0.0106 | 0.2021 | 0.1513 | 0.0217 | 4.0394 | 0.2599 | 2907 | 2441 | 20 | 30 |

fixed-key / verdict: z_fixed=9.7844, pass_fixed=True, fakefit_z_fixed=4.1296, fakefit_pass_fixed=True, PASS=True

**gap-over-fake = +4.04 SD -> PASS**
### 2026-09-25 22:02:33Z  `s8b-sumerian-indus-seed1-full-80`  (control)
method: full key, sumerian, top-80 signs, 20 real restarts + 30 fake-lexicon searches, 32000 SA iterations each, 116s

| real_held_mean | real_held_sd | real_scr_mean | fake_held_mean | fake_held_sd | gap_sd | best_real_held | best_real_train | best_fake_train | n_real | n_fake |
|---|---|---|---|---|---|---|---|---|---|---|
| 0.2418 | 0.0118 | 0.1760 | 0.1538 | 0.0136 | 6.4818 | 0.2574 | 2983 | 2061 | 20 | 30 |

fixed-key / verdict: z_fixed=14.5472, pass_fixed=True, fakefit_z_fixed=5.9252, fakefit_pass_fixed=True, PASS=True

**gap-over-fake = +6.48 SD -> PASS**
