Rom 4393 1928093
LaC 2598 1193086
Etr 651 272823
VeH 1155 482899
ApC 761 318867
Sam 649 273679
Umb 348 137310
Pic 171 72517
Aem 211 100081
Lig 145 60968
Tra 165 73459
BrL 246 108477
Sic 193 79504
Sar 228 94113
Dal 7647 3138323
PaS 4259 1857298
PaI 3134 1370882
GeS 6832 2743017
GeI 3495 1379886
Bae 3016 1276348
HiC 4685 1787596
Lus 1583 604064
Nar 1403 523476
Bri 4471 1689229
Nor 2771 1187803
Rae 1012 461609
Bel 1711 642518
Lug 596 239836
Aqu 426 157823
Afr 4440 2022967
Num 2644 1169133
Dac 3582 1501575
MoS 1476 691436
MoI 1973 987475
Mak 1321 680023
Ach 1283 635163
Asi 491 317296
Thr 396 269165
done
