real {
 "tag": "real",
 "n_entries": 4628,
 "n_Q": 195,
 "n_S": 336,
 "n_L": 696,
 "n_pairs_gated": 134105,
 "n_sub_pairs": 1096,
 "n_pairs_total": 233856,
 "obs_max": 3.964665537598908,
 "null_max_mean": 4.30020721619764,
 "fwer_thr": 5.187416159564625,
 "p_max": 0.7512437810945274,
 "obs_max_sub": 2.9151553184486554,
 "fwer_thr_sub": 4.024800814481614,
 "p_max_sub": 0.5074626865671642,
 "obs_count_gt4": 0,
 "null_count_gt4_mean": 122.24,
 "top": [
  [
   "M276",
   "M387 M263",
   3.96,
   4.56,
   -1.05
  ],
  [
   "M276",
   "M218 M288",
   3.92,
   4.56,
   -0.98
  ],
  [
   "M276",
   "M009 M371",
   3.89,
   4.56,
   -0.94
  ],
  [
   "M276",
   "M096 M288",
   3.82,
   4.56,
   -0.84
  ],
  [
   "M276",
   "M066 M288",
   3.82,
   4.56,
   -0.84
  ],
  [
   "M276",
   "M388 M218",
   3.8,
   4.56,
   -0.81
  ],
  [
   "M276",
   "M388 M066",
   3.8,
   4.56,
   -0.81
  ],
  [
   "M276",
   "M066 M352",
   3.8,
   4.56,
   -0.81
  ],
  [
   "M276",
   "M054 M388",
   3.8,
   4.56,
   -0.81
  ],
  [
   "M276",
   "M371 M288",
   3.78,
   4.56,
   -0.78
  ],
  [
   "M276",
   "M259 M218",
   3.78,
   4.56,
   -0.78
  ],
  [
   "M276",
   "M388 M387",
   3.74,
   4.56,
   -0.73
  ],
  [
   "M276",
   "M387 M288",
   3.69,
   4.56,
   -0.66
  ],
  [
   "M276",
   "M124 M218",
   3.69,
   4.56,
   -0.66
  ],
  [
   "M276",
   "M318 M371",
   3.69,
   4.56,
   -0.66
  ]
 ],
 "top_sub": [
  [
   "M354",
   "M111 M354",
   2.92
  ],
  [
   "M354",
   "M054 M354",
   2.83
  ],
  [
   "M354",
   "M304 M354",
   2.83
  ],
  [
   "M380",
   "M380 M371",
   2.72
  ],
  [
   "M304",
   "M304 M388",
   2.52
  ],
  [
   "M380",
   "M388 M380",
   2.49
  ],
  [
   "M380",
   "M380 M371 M302",
   2.49
  ],
  [
   "M380",
   "M380 |M218+M320|",
   2.49
  ],
  [
   "M380",
   "M388 M380 |M218+M320|",
   2.49
  ],
  [
   "M380",
   "M380 |M218+M320| M347",
   2.49
  ],
  [
   "M380",
   "M380 |M218+M320| M347 M377",
   2.49
  ],
  [
   "M380",
   "M388 M380 |M218+M320| M347",
   2.49
  ],
  [
   "M304",
   "M304 M354",
   2.48
  ],
  [
   "M304",
   "M304 M096",
   2.48
  ],
  [
   "M246",
   "M246 M218",
   2.48
  ]
 ],
 "survivors": []
}
plant_m3 recovered 1 of 5 thr 5.402488638793559
plant_m5 recovered 0 of 5 thr 5.16032456967474
plant_m8 recovered 1 of 5 thr 5.472199362497259
neg 4.017124024342523 5.187416159564625 []
