{
 "tag": "real",
 "n_Q": 195,
 "3A_compound": {
  "obs": 18.0,
  "exp": 23.8,
  "z": -1.58,
  "perm_sd_of_z": 1.02
 },
 "3A_variant": {
  "obs": 107.0,
  "exp": 96.6,
  "z": 1.89,
  "perm_sd_of_z": 1.04
 },
 "3A_single": {
  "obs": 120.0,
  "exp": 117.5,
  "z": 0.49,
  "perm_sd_of_z": 0.98
 },
 "3A_len": {
  "obs": 305.0,
  "exp": 315.7,
  "z": -0.91,
  "perm_sd_of_z": 0.99
 },
 "3B_heldout_mean_z": 0.02751410808414221,
 "3B_null_mean": -0.007128637759917183,
 "3B_null_sd": 0.28743276850063376,
 "3B_p": 0.43781094527363185,
 "3B_top_signs": [
  [
   "M246",
   23,
   4.0,
   1.53,
   2.76
  ],
  [
   "M157",
   54,
   4.0,
   1.45,
   2.39
  ],
  [
   "M354",
   97,
   13.0,
   8.23,
   2.36
  ],
  [
   "M002",
   35,
   4.0,
   1.48,
   2.34
  ],
  [
   "M310",
   11,
   2.0,
   0.67,
   2.24
  ],
  [
   "M242",
   22,
   1.0,
   0.16,
   2.19
  ],
  [
   "M309",
   34,
   2.0,
   0.53,
   2.18
  ],
  [
   "M039",
   19,
   1.0,
   0.2,
   1.92
  ],
  [
   "M149",
   42,
   2.0,
   0.69,
   1.91
  ],
  [
   "M383",
   27,
   2.0,
   0.72,
   1.68
  ]
 ],
 "3B_bottom_signs": [
  [
   "M153",
   53,
   0.0,
   1.75,
   -1.6
  ],
  [
   "M219",
   51,
   0.0,
   1.6,
   -1.61
  ],
  [
   "M009",
   145,
   2.0,
   5.59,
   -1.85
  ],
  [
   "M384",
   32,
   0.0,
   2.51,
   -1.94
  ],
  [
   "M367",
   115,
   1.0,
   4.38,
   -2.28
  ]
 ],
 "3C": {
  "n_compound_types_with_sequence_twin": 22,
  "compound_Q_rate": 0.0545,
  "n_compound": 110,
  "sequence_Q_rate": 0.0,
  "n_sequence": 68,
  "base_Q_rate": 0.0421
 }
}
{
 "tag": "planted",
 "n_Q": 195,
 "3A_compound": {
  "obs": 14.0,
  "exp": 22.9,
  "z": -2.47,
  "perm_sd_of_z": 1.0
 },
 "3A_variant": {
  "obs": 79.0,
  "exp": 89.2,
  "z": -1.88,
  "perm_sd_of_z": 0.99
 },
 "3A_single": {
  "obs": 121.0,
  "exp": 117.7,
  "z": 0.64,
  "perm_sd_of_z": 1.01
 },
 "3A_len": {
  "obs": 304.0,
  "exp": 315.5,
  "z": -0.98,
  "perm_sd_of_z": 1.04
 },
 "3B_heldout_mean_z": 7.90848925113678,
 "3B_null_mean": 0.013907750038953968,
 "3B_null_sd": 0.2858830827884884,
 "3B_p": 0.009900990099009901,
 "3B_top_signs": [
  [
   "M999",
   73,
   56.0,
   14.37,
   13.84
  ],
  [
   "M310",
   11,
   2.0,
   0.67,
   2.24
  ],
  [
   "M242",
   22,
   1.0,
   0.16,
   2.19
  ],
  [
   "M354",
   96,
   12.0,
   8.03,
   1.98
  ],
  [
   "M039",
   19,
   1.0,
   0.2,
   1.92
  ],
  [
   "M149",
   42,
   2.0,
   0.69,
   1.91
  ],
  [
   "M246",
   21,
   2.0,
   0.79,
   1.76
  ],
  [
   "M383",
   27,
   2.0,
   0.72,
   1.68
  ],
  [
   "M369",
   14,
   2.0,
   0.86,
   1.59
  ],
  [
   "M046",
   34,
   2.0,
   0.84,
   1.54
  ]
 ],
 "3B_bottom_signs": [
  [
   "M056",
   50,
   0.0,
   2.06,
   -1.79
  ],
  [
   "M288",
   490,
   7.0,
   11.74,
   -1.84
  ],
  [
   "M384",
   32,
   0.0,
   2.51,
   -1.94
  ],
  [
   "M009",
   144,
   1.0,
   5.26,
   -2.26
  ],
  [
   "M367",
   113,
   0.0,
   4.04,
   -2.71
  ]
 ],
 "3C": {
  "n_compound_types_with_sequence_twin": 22,
  "compound_Q_rate": 0.0459,
  "n_compound": 109,
  "sequence_Q_rate": 0.0,
  "n_sequence": 68,
  "base_Q_rate": 0.0421
 }
}
