{
 "n_units": 9997,
 "n_types": 405,
 "n_pairs_gated": 1003,
 "share_gated_pairs_same_year": 0.7058823529411765,
 "obs_max": 2.6634069404188128,
 "fwer_thr": 1.9950944092348148,
 "n_survivors": 5,
 "survivors_same_year": 5,
 "count>2": 5,
 "null_count>2_mean": 0.05,
 "p_count": 0.004975124378109453,
 "top": [
  [
   "mu en {d}nanna ba hun",
   "mu en mah gal an na en {d}nanna ba hun",
   2.66,
   true
  ],
  [
   "mu hu hu nu ri{ki}",
   "mu hu hu nu ri{ki} ba hul",
   2.46,
   true
  ],
  [
   "mu en {d}inanna unu{ki} masz2 e i3 pa3",
   "mu en {d}inanna unu{ki} ga masz2 e i3 pa3",
   2.42,
   true
  ],
  [
   "mu en {d}inanna masz2 e i3 pa3",
   "mu en {d}inanna unu{ki} ga masz2 e i3 pa3",
   2.19,
   true
  ],
  [
   "mu en {d}nanna ba hun",
   "mu en {d}nanna kar zi da ba hun",
   2.01,
   true
  ],
  [
   "mu en eridu{ki} ba hun 1(disz)",
   "mu en nun e {d}amar {d}suen ra ki ag2 en eridu{ki} ba hun 1(disz)",
   1.82,
   true
  ],
  [
   "mu en {d}inanna masz2 e i3 pa3",
   "mu en {d}inanna unu{ki} ga masz2 e i3 pa3 gaba ri",
   1.57,
   true
  ],
  [
   "mu en {d}inanna unu{ki} masz2 e i3 pa3",
   "mu en {d}inanna unu{ki} ga masz2 e i3 pa3 gaba ri",
   1.57,
   true
  ],
  [
   "mu hu uh2 ri{ki}",
   "mu hu uh2 nu ri{ki} ba hul",
   1.55,
   true
  ],
  [
   "mu ma2 gur8 mah",
   "mu ma2 gur8 mah {d}en lil2 {d}nin lil2 ra mu ne dim2",
   1.55,
   true
  ]
 ]
}
{
 "n_units": 9997,
 "n_types": 402,
 "n_pairs_gated": 994,
 "share_gated_pairs_same_year": 0.7082494969818913,
 "obs_max": 5.35443442322513,
 "fwer_thr": 2.096647839264866,
 "n_survivors": 9,
 "survivors_same_year": 8,
 "count>2": 10,
 "null_count>2_mean": 0.08,
 "p_count": 0.009900990099009901,
 "top": [
  [
   "mu ma2 {d}en ki",
   "mu ma2 {d}en ki ba ab du8",
   5.35,
   true
  ],
  [
   "mu si ma num2{ki}",
   "mu si ma num2{ki} ba hul",
   3.88,
   true
  ],
  [
   "mu ma2 {d}en ki",
   "mu us2 sa ma2 {d}en ki ba ab du8",
   3.79,
   false
  ],
  [
   "mu ma2 gur8 mah",
   "mu {d}szu {d}suen lugal uri5{ki} ma ke4 ma2 gur8 mah {d}en lil2 {d}nin lil2 ra mu ne dim2",
   2.73,
   true
  ],
  [
   "mu en {d}nanna ba hun",
   "mu en mah gal an na en {d}nanna ba hun",
   2.66,
   true
  ],
  [
   "mu hu hu nu ri{ki}",
   "mu hu hu nu ri{ki} ba hul",
   2.46,
   true
  ],
  [
   "mu en {d}inanna unu{ki} masz2 e i3 pa3",
   "mu en {d}inanna unu{ki} ga masz2 e i3 pa3",
   2.42,
   true
  ],
  [
   "mu ma2 gur8 mah",
   "mu ma2 gur8 mah {d}en lil2 {d}nin lil2 ra mu ne dim2",
   2.19,
   true
  ],
  [
   "mu en {d}inanna masz2 e i3 pa3",
   "mu en {d}inanna unu{ki} ga masz2 e i3 pa3",
   2.19,
   true
  ],
  [
   "mu en {d}nanna ba hun",
   "mu en {d}nanna kar zi da ba hun",
   2.01,
   true
  ]
 ],
 "years": [
  "\u0160\u016b-Suen.02",
  "\u0160\u016b-Suen.03",
  "Amar-Suen.01",
  "\u0160ulgi.30",
  "\u0160\u016b-Suen.08"
 ]
}
