288 jobs
0 0
20 4
40 21
60 44
80 77
100 111
120 123
140 135
160 147
180 161
200 173
220 185
240 198
260 210
280 223
{
 "ur3_truth": {
  "n": 8255,
  "R2_month_all": 0.010243719003925067,
  "per_feature": {
   "sh_fawn": 0.05640836868404009,
   "sh_gazelle": 0.006194451591687411,
   "sh_kir11": 0.001784214690409125,
   "sh_sila4": 0.010693067548392166,
   "sh_calf": 0.004932373226587683,
   "sh_u8": 0.008229173026839676,
   "sh_ud5": 0.004299816366450937,
   "sh_masz2": 0.009845490473901819,
   "sh_udu": 0.005853587879831923,
   "sh_ab2": 0.003553399707641236,
   "sh_gu4": 0.001886446879453496,
   "sh_anszi": 0.003373276083903254,
   "shNiga": 0.003965747052035229,
   "logTot": 0.024888077961190858,
   "logN": 0.007748293886512325
  },
  "n638_r0": 0.02413976690316333,
  "n638_r1": 0.023547384918592762,
  "n638_r2": 0.02451402015298665,
  "n2000_r0": 0.01195375372310048,
  "n2000_r1": 0.0154876942599107,
  "n2000_r2": 0.014363204721366873
 },
 "sim_a0.25_f1": 0.01697422588116715,
 "sim_a0.25_f0.5": 0.019024562286933944,
 "sim_a0.5_f1": 0.025014611487795158,
 "sim_a0.5_f0.5": 0.02112851758403378,
 "sim_a1_f1": 0.03920443281827524,
 "sim_a1_f0.5": 0.017620965665251287
}
sim_a0.25_f0.5 {"real_D": [-0.00037568636937390654], "real_R2c": [0.1597804027014882], "copula_D": [-0.0025180538733711845, 0.0014083979907972071, 0.00023021947648005359], "copula_R2c": [0.1552427492308166, 0.002695215799607342, 0.15936246400867893], "shuffle_D": [-0.004967529277178617, 0.0017802756071079813, -0.0018127011392984338], "shuffle_R2c": [0.08455950652127814, 0.0014774765148611662, 0.08737124746199987], "rw_D": [-0.01161878251863171, 0.005444352158698343, -0.0009351506622595762], "rw_R2c": [0.30770501303962705, 0.03349234341443166, 0.38771161711069546], "acc": [[0.27586206896551724, 0.2820846394984326, 0.2963166144200627, 0.021770436246896806]]}
sim_a0.25_f1 {"real_D": [-0.0023210285598230795], "real_R2c": [0.15464495438338255], "copula_D": [-0.00421867484887849, 0.00108495262552877, -0.0019159516786706465], "copula_R2c": [0.1525259330002131, 0.003052804858787059, 0.15657122672409152], "shuffle_D": [-0.004100346689437162, 0.0008681783861576928, -0.002713061207988754], "shuffle_R2c": [0.08589331647543899, 0.001639163811930493, 0.08880832469938016], "rw_D": [-0.012079943522121106, 0.005482244681988194, -0.0017640314833818893], "rw_R2c": [0.30393228283110557, 0.03283363472280887, 0.38178093168724814], "acc": [[0.2993730407523511, 0.28283699059561135, 0.2962382445141066, 0.06082881257646733]]}
sim_a0.5_f0.5 {"real_D": [-0.0019589639793490266], "real_R2c": [0.1595663219268606], "copula_D": [-0.004448758437847933, 0.0011352874906255584, -0.002527558979473876], "copula_R2c": [0.15406624274001604, 0.0034916892890216687, 0.16052050226174164], "shuffle_D": [-0.005896490683329814, 0.00231316919100319, -0.0020143303961589476], "shuffle_R2c": [0.08545310863662015, 0.001629699006738114, 0.08870896817089502], "rw_D": [-0.012051869190889197, 0.005076714863978946, -0.0018867826626226547], "rw_R2c": [0.30451672631915794, 0.0329492524333969, 0.3842886231942719], "acc": [[0.28056426332288403, 0.2818965517241379, 0.29780564263322884, 0.03394180117926882]]}
sim_a0.5_f1 {"real_D": [-0.003554920914653148], "real_R2c": [0.15951209944167366], "copula_D": [-0.0027743514709958838, 0.001803103854319801, 0.0007616175679880932], "copula_R2c": [0.1540815466941045, 0.003789011450981944, 0.1599069727476342], "shuffle_D": [-0.0065912820348119185, 0.0023708092204898236, -0.0036025802484458413], "shuffle_R2c": [0.0843173276732732, 0.0016218516073348253, 0.08714873952850544], "rw_D": [-0.008744424762571479, 0.008508110930276097, 0.012801969774152266], "rw_R2c": [0.30245953478161924, 0.031093154540509753, 0.3788633466437503], "acc": [[0.2852664576802508, 0.2849216300940439, 0.3010188087774295, 0.031295973235131974]]}
sim_a1_f0.5 {"real_D": [-0.002040550350359993], "real_R2c": [0.16151272614960632], "copula_D": [-0.0024468302240240993, 0.001153916400800998, -0.0002534907764416561], "copula_R2c": [0.15415984872039237, 0.003504041099418076, 0.15964861543826525], "shuffle_D": [-0.0046647435734204715, 0.0019321950873309754, -0.002097140451168933], "shuffle_R2c": [0.08498040255646935, 0.0008071468024592714, 0.08641468294561216], "rw_D": [-0.01154030505690321, 0.005375839848529349, -0.0007058465701853534], "rw_R2c": [0.30284677062131976, 0.029439449738477317, 0.3707808053397509], "acc": [[0.27586206896551724, 0.2811755485893417, 0.2900470219435737, 0.028113183084462277]]}
sim_a1_f1 {"real_D": [-0.004143915568637024], "real_R2c": [0.15912807248054117], "copula_D": [-0.003376449098364054, 0.001605158994705945, -0.001433949957188041], "copula_R2c": [0.15324795955723458, 0.0028480995015932624, 0.15688855356481457], "shuffle_D": [-0.004959749662884871, 0.0014653726989578419, -0.0025983113326093488], "shuffle_R2c": [0.08510351189540463, 0.00132227855556135, 0.08724067410221426], "rw_D": [-0.01145985445561486, 0.005777877935774547, 0.0002952391792983011], "rw_R2c": [0.3069600313905676, 0.03143052744821565, 0.3809845512053135], "acc": [[0.2962382445141066, 0.2843730407523511, 0.2994514106583072, 0.08414943531708902]]}
ur3_n2000 {"real_D": [-0.01158847848798017, -0.008130375421381397, -0.0035468296923582], "real_R2c": [0.18934503714495865, 0.18797533330013105, 0.19391937564623318], "copula_D": [0.001172916672444034, 0.002097343348162449, 0.006620337622500694], "copula_R2c": [0.17300818360484552, 0.0029935060865272254, 0.1786412090139029], "shuffle_D": [-0.006197101498323823, 0.0020096098688693253, -0.0025492695656943454], "shuffle_R2c": [0.12280784679614173, 0.0009026066985842408, 0.1244301743884394], "rw_D": [-0.014255409485680333, 0.006776236536386419, -0.002798524632829369], "rw_R2c": [0.33708658863429997, 0.03133603905471556, 0.3711186517000815], "acc": [[0.302, 0.27476, 0.287, 0.08699400545833441], [0.293, 0.271735, 0.280075, 0.07123437318332086], [0.289, 0.2801450000000001, 0.289025, 0.09849701586430902]]}
ur3_n638 {"real_D": [-0.0029657407859893237, -0.007070496379431246, -0.0017245969088051094], "real_R2c": [0.19593173774446937, 0.19366538699919356, 0.18993871967434184], "copula_D": [-0.0020392109713815165, 0.002755402584719489, 0.002241334203410106], "copula_R2c": [0.17826513097442498, 0.005069428511564046, 0.19269655944312414], "shuffle_D": [-0.008687988834205067, 0.003592956254074422, -0.0006704169754578881], "shuffle_R2c": [0.12963882967554957, 0.00274952216346089, 0.13555698189588727], "rw_D": [-0.01445930535516754, 0.006782149331950642, -0.0010885633411847895], "rw_R2c": [0.31629531985475956, 0.024265852835906116, 0.3543558470809256], "acc": [[0.3181818181818182, 0.29808777429467087, 0.31520376175548587, 0.08536991576696766], [0.26802507836990597, 0.2819905956112853, 0.29788401253918495, 0.03088997178485953], [0.30250783699059564, 0.28989028213166146, 0.30423197492163007, 0.09927954164100847]]}
