638 ['sh_M288', 'sh_M218', 'sh_M297', 'sh_M371', 'sh_M263', 'sh_M346', 'sh_M054', 'sh_M096', 'sh_M066', 'sh_M376', 'sh_M387', 'sh_M009', 'sh_M057', 'sh_M367', 'sh_M001', 'sh_|M036+1(N30D)|', 'shC', 'shFrac', 'logS', 'logC', 'mlogS', 'sh1', 'logN', 'shLong']
fixed 0 183 2
fixed 30 183 32
fixed 60 183 56
fixed 90 183 78
fixed 120 183 98
fixed 150 183 114
fixed 180 183 131
search 0 100 164
search 1 100 164
search 2 100 196
search 3 100 196
search 4 100 228
search 5 100 229
search 6 100 260
search 7 100 261
search 8 100 288
search 9 100 289
search 10 100 316
search 11 100 318
search 12 100 346
search 13 100 347
search 14 100 378
search 15 100 378
search 16 100 408
search 17 100 409
search 18 100 438
search 19 100 438
search 20 100 468
search 21 100 468
search 22 100 497
search 23 100 498
search 24 100 526
search 25 100 529
search 26 100 556
search 27 100 557
search 28 100 586
search 29 100 587
search 30 100 616
search 31 100 618
search 32 100 646
search 33 100 648
search 34 100 677
search 35 100 677
search 36 100 707
search 37 100 708
search 38 100 736
search 39 100 737
search 40 100 764
search 41 100 766
search 42 100 794
search 43 100 797
search 44 100 825
search 45 100 828
search 46 100 856
search 47 100 859
search 48 100 886
search 49 100 890
search 50 100 916
search 51 100 921
search 52 100 949
search 53 100 955
search 54 100 982
search 55 100 988
search 56 100 1015
search 57 100 1021
search 58 100 1047
search 59 100 1052
search 60 100 1079
search 61 100 1085
search 62 100 1113
search 63 100 1119
search 64 100 1145
search 65 100 1151
search 66 100 1180
search 67 100 1186
search 68 100 1214
search 69 100 1219
search 70 100 1246
search 71 100 1252
search 72 100 1279
search 73 100 1284
search 74 100 1312
search 75 100 1317
search 76 100 1342
search 77 100 1346
search 78 100 1372
search 79 100 1376
search 80 100 1403
search 81 100 1408
search 82 100 1432
search 83 100 1437
search 84 100 1461
search 85 100 1467
search 86 100 1492
search 87 100 1497
search 88 100 1520
search 89 100 1527
search 90 100 1549
search 91 100 1558
search 92 100 1580
search 93 100 1587
search 94 100 1607
search 95 100 1616
search 96 100 1638
search 97 100 1647
search 98 100 1668
search 99 100 1673
planted {'features': ['sh_M218', 'sh_M367', 'sh_M001', 'shFrac'], 'max': 0.05666981620299694, 'n_above_null_max': 0, 'top15_mean_planted_overlap': 0.6, 'all_mean_overlap': 0.7086666666666667, 'mean_D_by_overlap': {0: -0.0256578071580549, 1: -0.0316164779273127, 2: -0.02582231964612057, 3: -0.010509735810291692, 4: 0.029704241646267615}}
{
 "fixed": {
  "ALL": {
   "D": 0.0006280279981610848,
   "R2c": 0.17659164232813862,
   "R2l": 0.17596361432997754,
   "copula": {
    "D_mean": -0.0023334897509048992,
    "D_sd": 0.0019036206195137538,
    "D_max": -8.260391638725828e-05,
    "p_D": 0.047619047619047616,
    "R2c_mean": 0.14890842698339285,
    "R2c_max": 0.15261250956434202,
    "p_R2c": 0.047619047619047616
   },
   "shuffle": {
    "D_mean": -0.006401881207373061,
    "D_sd": 0.002532718174438427,
    "D_max": -0.0019344861229363408,
    "p_D": 0.047619047619047616,
    "R2c_mean": 0.08612301743006505,
    "R2c_max": 0.09289728001743569,
    "p_R2c": 0.047619047619047616
   },
   "rw": {
    "D_mean": -0.011202616682297956,
    "D_sd": 0.009453660673835709,
    "D_max": 0.007939796906542451,
    "p_D": 0.14285714285714285,
    "R2c_mean": 0.286718228308363,
    "R2c_max": 0.34354496466795315,
    "p_R2c": 1.0
   }
  },
  "HERD": {
   "D": -0.002517433452608575,
   "R2c": 0.20561976032021168,
   "R2l": 0.20813719377282025,
   "copula": {
    "D_mean": -0.008180346000366745,
    "D_sd": 0.0024082736676469835,
    "D_max": -0.005387020936690856,
    "p_D": 0.047619047619047616,
    "R2c_mean": 0.17094331300914417,
    "R2c_max": 0.17935900575709685,
    "p_R2c": 0.047619047619047616
   },
   "shuffle": {
    "D_mean": -0.008366832771496446,
    "D_sd": 0.0034564891456817176,
    "D_max": -0.003313029510623844,
    "p_D": 0.047619047619047616,
    "R2c_mean": 0.11124972657574612,
    "R2c_max": 0.11733794025968036,
    "p_R2c": 0.047619047619047616
   },
   "rw": {
    "D_mean": -0.016571412824008768,
    "D_sd": 0.007187147559948748,
    "D_max": -0.005929942779377528,
    "p_D": 0.047619047619047616,
    "R2c_mean": 0.2838877930225694,
    "R2c_max": 0.3603492995794547,
    "p_R2c": 1.0
   }
  },
  "GRAIN": {
   "D": -0.02511599183350488,
   "R2c": 0.6461220768887534,
   "R2l": 0.6712380687222583,
   "copula": {
    "D_mean": -0.023795821564865573,
    "D_sd": 0.009848197056920393,
    "D_max": -0.003443989266923353,
    "p_D": 0.5238095238095238,
    "R2c_mean": 0.6232617630540063,
    "R2c_max": 0.658362860236134,
    "p_R2c": 0.09523809523809523
   },
   "shuffle": {
    "D_mean": -0.00950862977207934,
    "D_sd": 0.00584802383469892,
    "D_max": 0.00228338272224049,
    "p_D": 1.0,
    "R2c_mean": 0.45750777050612684,
    "R2c_max": 0.46734915223458573,
    "p_R2c": 0.047619047619047616
   },
   "rw": {
    "D_mean": -0.02097655511539917,
    "D_sd": 0.01141460257509828,
    "D_max": 0.012712641808128256,
    "p_D": 0.5714285714285714,
    "R2c_mean": 0.577468970685659,
    "R2c_max": 0.6698766313276656,
    "p_R2c": 0.19047619047619047
   }
  }
 },
 "search": {
  "n_subsets": 1500,
  "real_max": 0.0704884168632457,
  "real_q99": 0.02469357659815033,
  "real_mean": -0.024561339236615604,
  "null_mean": -0.02231163635131142,
  "null_q99": 0.02160127901920842,
  "null_max_per_rep": [
   0.12057971790674804,
   0.07775183426269683,
   0.06782518808368987,
   0.053626858679384104,
   0.05319200705787697,
   0.1540814797575213,
   0.13181090205883872,
   0.03796028968368037
  ],
  "fwer_p": 0.5555555555555556,
  "n_real_above_null_q99": 18
 },
 "heldout": [
  {
   "subset": [
    "sh_M297",
    "shC",
    "logS"
   ],
   "D_A": 0.0704884168632457,
   "D_B": -0.002494433480565883,
   "nullB_mean": -0.014277309033786307,
   "nullB_max": 0.03321538566300186,
   "p_B": 0.16129032258064516,
   "p_B_bonf": 1.0
  },
  {
   "subset": [
    "sh_M218",
    "sh_M371",
    "sh_M263"
   ],
   "D_A": 0.038121609461824635,
   "D_B": -0.06290334986208446,
   "nullB_mean": -0.043644025041802544,
   "nullB_max": 0.0055290062560995334,
   "p_B": 0.8387096774193549,
   "p_B_bonf": 1.0
  },
  {
   "subset": [
    "shC",
    "mlogS",
    "sh1",
    "shLong"
   ],
   "D_A": 0.03648343606059323,
   "D_B": 0.00635516080459797,
   "nullB_mean": -0.0070083315323379676,
   "nullB_max": 0.02588876291896669,
   "p_B": 0.06451612903225806,
   "p_B_bonf": 0.967741935483871
  },
  {
   "subset": [
    "sh_M009",
    "sh_M367",
    "sh_M001"
   ],
   "D_A": 0.035298341802680766,
   "D_B": -0.03505072676838461,
   "nullB_mean": -0.02712600242060428,
   "nullB_max": 0.011576227692604135,
   "p_B": 0.7741935483870968,
   "p_B_bonf": 1.0
  },
  {
   "subset": [
    "shC",
    "logS",
    "sh1",
    "shLong"
   ],
   "D_A": 0.03527474269218822,
   "D_B": -0.012654298162431465,
   "nullB_mean": -0.005158684149271128,
   "nullB_max": 0.006053010671027703,
   "p_B": 0.9354838709677419,
   "p_B_bonf": 1.0
  },
  {
   "subset": [
    "sh_M218",
    "sh_M371",
    "sh_|M036+1(N30D)|",
    "logN"
   ],
   "D_A": 0.03300536107086838,
   "D_B": -0.04748114712888629,
   "nullB_mean": -0.0475104375440041,
   "nullB_max": -0.019033455713625025,
   "p_B": 0.3870967741935484,
   "p_B_bonf": 1.0
  },
  {
   "subset": [
    "sh_M066",
    "sh_M387",
    "sh_M057"
   ],
   "D_A": 0.03270451769304317,
   "D_B": -0.04345023940168713,
   "nullB_mean": -0.027186668304145883,
   "nullB_max": 0.011064528994687572,
   "p_B": 0.8387096774193549,
   "p_B_bonf": 1.0
  },
  {
   "subset": [
    "sh_M096",
    "sh_M009",
    "sh_M057",
    "sh_M001"
   ],
   "D_A": 0.03188535811671256,
   "D_B": -0.021867443714162826,
   "nullB_mean": -0.022412130930744855,
   "nullB_max": 0.0034275040996647466,
   "p_B": 0.3870967741935484,
   "p_B_bonf": 1.0
  },
  {
   "subset": [
    "sh_M346",
    "sh_M096",
    "sh_M066"
   ],
   "D_A": 0.03180061269138068,
   "D_B": -0.03815613153766184,
   "nullB_mean": -0.028874712094964224,
   "nullB_max": 0.017742627716679227,
   "p_B": 0.7096774193548387,
   "p_B_bonf": 1.0
  },
  {
   "subset": [
    "sh_M288",
    "sh_M218",
    "sh_M387"
   ],
   "D_A": 0.029575880783053066,
   "D_B": -0.026894360941568163,
   "nullB_mean": -0.02908995472810811,
   "nullB_max": 0.021502317300369223,
   "p_B": 0.45161290322580644,
   "p_B_bonf": 1.0
  },
  {
   "subset": [
    "sh_M054",
    "sh_M066",
    "sh_M057",
    "sh_|M036+1(N30D)|"
   ],
   "D_A": 0.02823277906306021,
   "D_B": -0.027538931828050117,
   "nullB_mean": -0.028894648881835447,
   "nullB_max": -0.0035482850891104256,
   "p_B": 0.45161290322580644,
   "p_B_bonf": 1.0
  },
  {
   "subset": [
    "sh_M218",
    "sh_M371",
    "sh_M346",
    "sh_M367",
    "shFrac",
    "logN"
   ],
   "D_A": 0.028048451794764562,
   "D_B": -0.01877130139419836,
   "nullB_mean": -0.02525369313629195,
   "nullB_max": -0.01426668990236779,
   "p_B": 0.16129032258064516,
   "p_B_bonf": 1.0
  },
  {
   "subset": [
    "sh_M066",
    "logC",
    "sh1",
    "logN"
   ],
   "D_A": 0.02684976315993126,
   "D_B": -0.020052034765353555,
   "nullB_mean": -0.008683318158966218,
   "nullB_max": 0.012396565764979495,
   "p_B": 0.8709677419354839,
   "p_B_bonf": 1.0
  },
  {
   "subset": [
    "sh_M387",
    "sh_M057",
    "sh1",
    "logN",
    "shLong"
   ],
   "D_A": 0.025925007519886134,
   "D_B": -0.04054501703932123,
   "nullB_mean": -0.039344669324121936,
   "nullB_max": -0.011354300550318164,
   "p_B": 0.5483870967741935,
   "p_B_bonf": 1.0
  },
  {
   "subset": [
    "sh_M218",
    "sh_M297",
    "sh_M054",
    "sh_M096"
   ],
   "D_A": 0.025920531494255217,
   "D_B": -0.01925588292743785,
   "nullB_mean": -0.023565305639289255,
   "nullB_max": -0.0019524140625001296,
   "p_B": 0.25806451612903225,
   "p_B_bonf": 1.0
  }
 ],
 "planted": {
  "features": [
   "sh_M218",
   "sh_M367",
   "sh_M001",
   "shFrac"
  ],
  "max": 0.05666981620299694,
  "n_above_null_max": 0,
  "top15_mean_planted_overlap": 0.6,
  "all_mean_overlap": 0.7086666666666667,
  "mean_D_by_overlap": {
   "0": -0.0256578071580549,
   "1": -0.0316164779273127,
   "2": -0.02582231964612057,
   "3": -0.010509735810291692,
   "4": 0.029704241646267615
  }
 },
 "names": [
  "sh_M288",
  "sh_M218",
  "sh_M297",
  "sh_M371",
  "sh_M263",
  "sh_M346",
  "sh_M054",
  "sh_M096",
  "sh_M066",
  "sh_M376",
  "sh_M387",
  "sh_M009",
  "sh_M057",
  "sh_M367",
  "sh_M001",
  "sh_|M036+1(N30D)|",
  "shC",
  "shFrac",
  "logS",
  "logC",
  "mlogS",
  "sh1",
  "logN",
  "shLong"
 ]
}
