PE entries 5336 tablets 1259
PE LAST: 5336 entries, 1259 tablets, 26233 hypotheses, Ky 31
  ARITH  real +0.1169 | STRICT +0.0832 z+2.1 p0.062 SIZEM -0.0163 z+8.3 p0.062 | hash:(1*c_frac+6*c_N45+3*c_N39B)%7
  SIZE   real +0.1274 | STRICT +0.0967 z+1.3 p0.062 SIZEM -0.0088 z+6.9 p0.062 | log10band
  CTX    real +0.1598 | STRICT +0.0932 z+3.5 p0.062 SIZEM -0.0586 z+11.2 p0.062 | nsg
  SEQ    real +0.3263 | STRICT +0.4848 z-5.0 p1.000 SIZEM -0.2560 z+26.1 p0.062 | nextsign
  PAIR   real +0.0904 | STRICT +0.0827 z+0.3 p0.500 SIZEM +0.0171 z+3.0 p0.062 | pair:nsg&c_N39B%7
PE FIRST: 5336 entries, 1259 tablets, 26233 hypotheses, Ky 31
  ARITH  real +0.0732 | STRICT +0.0706 z+0.2 p0.438 SIZEM -0.0190 z+6.0 p0.062 | hash:(8*c_N30D+3*c_frac+8*c_N24)%10
  SIZE   real +0.1093 | STRICT +0.0935 z+1.2 p0.125 SIZEM -0.0074 z+6.7 p0.062 | v>50
  CTX    real +0.2508 | STRICT +0.0823 z+9.6 p0.062 SIZEM -0.0444 z+14.2 p0.062 | nsg
  SEQ    real +0.2103 | STRICT +0.2740 z-3.0 p1.000 SIZEM -0.2238 z+19.0 p0.062 | nextsign
  PAIR   real +0.1644 | STRICT +0.0717 z+4.1 p0.062 SIZEM +0.0056 z+12.7 p0.062 | pair:nsg&c_N39B%8
PE LASTm: 2073 entries, 776 tablets, 26233 hypotheses, Ky 31
  ARITH  real +0.2436 | STRICT +0.2280 z+0.5 p0.250 SIZEM +0.0236 z+6.3 p0.062 | hash:(1*c_N01+1*c_N45+1*ntok)%2
  SIZE   real +0.3054 | STRICT +0.2870 z+1.0 p0.312 SIZEM +0.0556 z+7.3 p0.062 | frac
  CTX    real +0.2098 | STRICT +0.2106 z-0.0 p0.562 SIZEM -0.0315 z+7.6 p0.062 | isfirst
  SEQ    real +0.5898 | STRICT +0.6395 z-1.6 p0.875 SIZEM -0.1397 z+17.1 p0.062 | nextsign
  PAIR   real +0.3127 | STRICT +0.2925 z+1.0 p0.188 SIZEM +0.0678 z+7.6 p0.062 | pair:frac&c_N45%7
PE FIRSTm: 2073 entries, 776 tablets, 26233 hypotheses, Ky 31
  ARITH  real +0.1700 | STRICT +0.1544 z+0.9 p0.250 SIZEM +0.0774 z+2.2 p0.062 | hash:(1*vint+1*c_N01)%2
  SIZE   real +0.2400 | STRICT +0.1812 z+2.7 p0.062 SIZEM +0.1219 z+3.2 p0.062 | frac
  CTX    real +0.1310 | STRICT +0.1640 z-1.2 p0.875 SIZEM +0.0601 z+1.9 p0.125 | islast
  SEQ    real +0.0456 | STRICT +0.1912 z-3.2 p1.000 SIZEM -0.0300 z+2.2 p0.125 | prevsign
  PAIR   real +0.2175 | STRICT +0.1713 z+2.0 p0.062 SIZEM +0.0881 z+2.6 p0.062 | pair:c_N30D%11&c_N30D%5
PE AFTERHDR: 619 entries, 619 tablets, 26205 hypotheses, Ky 31
  ARITH  real -0.1992 | STRICT -0.1992 z-0.0 p1.000 SIZEM +0.0073 z-2.7 p1.000 | hash:(3*c_N14+3*c_N45)%4
  SIZE   real -0.0357 | STRICT -0.0357 z+0.0 p1.000 SIZEM +0.0130 z-0.7 p0.812 | log10band
  CTX    real +0.1048 | STRICT +0.1048 z-0.0 p1.000 SIZEM -0.1099 z+2.0 p0.062 | othsign
  SEQ    real +0.0244 | STRICT +0.0244 z+0.0 p1.000 SIZEM +0.0360 z-0.2 p0.562 | prevsign
  PAIR   real -0.1115 | STRICT -0.1115 z+0.0 p1.000 SIZEM -0.0066 z-1.4 p0.875 | pair:log10band&nsg
done
