plantF_size_30 LAST: 5336 entries, 1259 tablets, 13233 hypotheses, Ky 31
  ARITH  real +0.0009 | STRICT +0.0051 z-1.1 p0.818 SIZEM -0.0081 z+0.3 p0.455 | hash:(2*c_N45+7*c_frac+3*c_N14)%13
  SIZE   real +0.0985 | STRICT +0.0990 z-1.2 p0.818 SIZEM +0.0890 z+0.3 p0.636 | log10band
  CTX    real -0.1380 | STRICT -0.1654 z+1.9 p0.182 SIZEM -0.1863 z+1.8 p0.091 | nsg
  SEQ    real -0.1485 | STRICT -0.0476 z-5.1 p1.000 SIZEM -0.3309 z+7.0 p0.091 | nextsign
  PAIR   real +0.1010 | STRICT +0.1014 z-1.2 p0.909 SIZEM +0.0853 z+0.5 p0.273 | pair:c_N45%6&log10band
plantF_mod3_30 LAST: 5336 entries, 1259 tablets, 13233 hypotheses, Ky 31
  ARITH  real +0.1957 | STRICT +0.1302 z+6.1 p0.091 SIZEM -0.0113 z+8.6 p0.091 | hash:(1*c_N24+2*c_N30C+1*vint)%3
  SIZE   real -0.0193 | STRICT -0.0193 z+0.0 p0.364 SIZEM +0.0044 z-1.2 p0.909 | v>2
  CTX    real -0.1154 | STRICT -0.1268 z+0.7 p0.273 SIZEM -0.1570 z+1.5 p0.182 | nsg
  SEQ    real -0.1127 | STRICT -0.0250 z-3.2 p1.000 SIZEM -0.3054 z+10.1 p0.091 | nextsign
  PAIR   real +0.2132 | STRICT +0.1527 z+5.3 p0.091 SIZEM +0.0167 z+4.6 p0.091 | pair:c_N45%3&vint%3
plantF_mod3_10 LAST: 5336 entries, 1259 tablets, 13233 hypotheses, Ky 31
  ARITH  real +0.1390 | STRICT +0.1087 z+10.3 p0.091 SIZEM +0.0357 z+4.7 p0.091 | hash:(1*c_N24+2*c_N30C+1*vint)%3
  SIZE   real +0.0554 | STRICT +0.0555 z-0.8 p1.000 SIZEM +0.0543 z+0.0 p0.545 | v>30
  CTX    real +0.0852 | STRICT +0.0483 z+2.1 p0.182 SIZEM -0.0222 z+3.9 p0.091 | nsg
  SEQ    real +0.0675 | STRICT +0.1756 z-5.7 p1.000 SIZEM -0.2122 z+16.1 p0.091 | nextsign
  PAIR   real +0.1467 | STRICT +0.1135 z+2.9 p0.091 SIZEM +0.0548 z+3.0 p0.091 | pair:vint%3&c_N30C%9
PEfine LAST: 5336 entries, 1259 tablets, 13233 hypotheses, Ky 31
  ARITH  real +0.0833 | STRICT +0.0812 z+0.4 p0.273 SIZEM +0.0487 z+1.5 p0.273 | hash:(10*c_N30D+1*c_N45+6*c_frac)%12
  SIZE   real +0.0867 | STRICT +0.0754 z+0.8 p0.545 SIZEM +0.0428 z+1.8 p0.091 | v>50
  CTX    real +0.1280 | STRICT +0.0798 z+1.9 p0.091 SIZEM +0.0053 z+6.8 p0.091 | nsg
  SEQ    real +0.2679 | STRICT +0.3241 z-3.0 p1.000 SIZEM -0.1849 z+18.8 p0.091 | prevsign
  PAIR   real +0.1200 | STRICT +0.0973 z+1.2 p0.091 SIZEM +0.0709 z+2.3 p0.091 | pair:c_N45%10&nsg
PEfine FIRST: 5336 entries, 1259 tablets, 13233 hypotheses, Ky 31
  ARITH  real +0.1147 | STRICT +0.1317 z-2.7 p1.000 SIZEM +0.1065 z+0.3 p0.364 | hash:(8*c_N30D+3*c_frac+8*c_N24)%10
  SIZE   real +0.1482 | STRICT +0.1482 z+0.0 p0.727 SIZEM +0.1189 z+1.2 p0.182 | frac
  CTX    real +0.2812 | STRICT +0.1534 z+10.3 p0.091 SIZEM +0.0799 z+9.0 p0.091 | nsg
  SEQ    real +0.2124 | STRICT +0.2342 z-0.8 p0.727 SIZEM -0.0976 z+8.3 p0.091 | prevsign
  PAIR   real +0.2715 | STRICT +0.1556 z+12.1 p0.091 SIZEM +0.1256 z+4.2 p0.091 | pair:nsg&c_N30D%7
PEfine LASTm: 2073 entries, 776 tablets, 13233 hypotheses, Ky 31
  ARITH  real +0.0546 | STRICT +0.0540 z+0.1 p0.636 SIZEM +0.0744 z-0.5 p0.727 | hash:(1*vint+1*ntok+1*c_N45)%2
  SIZE   real +0.1343 | STRICT +0.1343 z+0.0 p1.000 SIZEM +0.1086 z+1.1 p0.273 | frac
  CTX    real +0.0541 | STRICT +0.0542 z-0.0 p0.455 SIZEM +0.0288 z+0.6 p0.455 | idx%2
  SEQ    real +0.4289 | STRICT +0.4510 z-1.1 p0.909 SIZEM -0.0880 z+8.9 p0.091 | nextsign
  PAIR   real +0.1368 | STRICT +0.1368 z+0.0 p0.455 SIZEM +0.1095 z+1.1 p0.182 | pair:c_N45%3&c_N34%5
PEfine FIRSTm: 2073 entries, 776 tablets, 13233 hypotheses, Ky 31
  ARITH  real +0.3612 | STRICT +0.3562 z+1.4 p0.182 SIZEM +0.3182 z+1.4 p0.182 | hash:(1*v2int+1*c_N01+1*c_N30C)%2
  SIZE   real +0.4377 | STRICT +0.4378 z-0.8 p1.000 SIZEM +0.3526 z+1.9 p0.091 | frac
  CTX    real +0.3309 | STRICT +0.3376 z-0.5 p0.727 SIZEM +0.2576 z+1.4 p0.182 | islast
  SEQ    real +0.2746 | STRICT +0.2913 z-0.7 p0.727 SIZEM +0.1456 z+3.4 p0.091 | prevsign
  PAIR   real +0.3771 | STRICT +0.3781 z-1.2 p1.000 SIZEM +0.3199 z+1.1 p0.273 | pair:c_N30D%4&c_N30D%2
PEfine AFTERHDR: 619 entries, 619 tablets, 13205 hypotheses, Ky 31
  ARITH  real +0.2829 | STRICT +0.2829 z-0.0 p1.000 SIZEM +0.4579 z-1.5 p1.000 | hash:(3*c_N45+3*c_N14)%4
  SIZE   real +0.6002 | STRICT +0.6002 z+0.0 p1.000 SIZEM +0.4213 z+2.0 p0.091 | v>5
  CTX    real +0.4540 | STRICT +0.4540 z+0.0 p1.000 SIZEM +0.4116 z+0.3 p0.455 | othsign
  SEQ    real +0.6303 | STRICT +0.6303 z+0.0 p1.000 SIZEM +0.5150 z+1.1 p0.182 | prevsign
  PAIR   real +0.3612 | STRICT +0.3612 z+0.0 p1.000 SIZEM +0.3946 z-0.3 p0.545 | pair:frac&othsign
done
