plant_mod3_30 LAST: 5336 entries, 1259 tablets, 26233 hypotheses, Ky 31
  ARITH  real +0.4477 | STRICT +0.1373 p0.091 LOOSE -0.0040 p0.091 SIZEM +0.0945 p0.091 | hash:(9*c_N39B+8*vint+3*c_frac)%12
  SIZE   real +0.3188 | STRICT +0.1402 p0.091 LOOSE -0.0026 p0.091 SIZEM +0.1483 p0.091 | ntokband
  CTX    real +0.1271 | STRICT +0.0973 p0.091 LOOSE -0.0148 p0.091 SIZEM +0.0073 p0.091 | nsg
  SEQ    real +0.1207 | STRICT +0.2970 p1.000 LOOSE -0.1746 p0.091 SIZEM -0.1672 p0.091 | nextsign
  PAIR   real +0.4656 | STRICT +0.1357 p0.091 LOOSE -0.0107 p0.091 SIZEM +0.1771 p0.091 | pair:vint%3&c_N45%9
plant_mod3_10 LAST: 5336 entries, 1259 tablets, 26233 hypotheses, Ky 31
  ARITH  real +0.1913 | STRICT +0.0899 p0.091 LOOSE -0.0327 p0.091 SIZEM +0.0167 p0.091 | hash:(9*c_N39B+8*vint+3*c_frac)%12
  SIZE   real +0.1142 | STRICT +0.1102 p0.455 LOOSE -0.0303 p0.091 SIZEM +0.0485 p0.091 | v>30
  CTX    real +0.1424 | STRICT +0.0819 p0.091 LOOSE -0.0487 p0.091 SIZEM -0.0266 p0.091 | nsg
  SEQ    real +0.1151 | STRICT +0.3662 p1.000 LOOSE -0.2442 p0.091 SIZEM -0.2226 p0.091 | prevsign
  PAIR   real +0.1928 | STRICT +0.0991 p0.091 LOOSE -0.0378 p0.091 SIZEM +0.0609 p0.091 | pair:vint%3&c_N30C%4
plant_size_30 LAST: 5336 entries, 1259 tablets, 26233 hypotheses, Ky 31
  ARITH  real +0.2868 | STRICT +0.1326 p0.091 LOOSE -0.0025 p0.091 SIZEM +0.1725 p0.091 | hash:(2*c_N45+7*c_frac+3*c_N14)%13
  SIZE   real +0.3845 | STRICT +0.1636 p0.091 LOOSE -0.0020 p0.091 SIZEM +0.2228 p0.091 | log10band
  CTX    real +0.1102 | STRICT +0.0893 p0.091 LOOSE -0.0143 p0.091 SIZEM +0.0083 p0.091 | islast
  SEQ    real +0.1111 | STRICT +0.3092 p1.000 LOOSE -0.1706 p0.091 SIZEM -0.1565 p0.091 | nextsign
  PAIR   real +0.3947 | STRICT +0.1528 p0.091 LOOSE -0.0086 p0.091 SIZEM +0.2289 p0.091 | pair:frac&log10band
proto-cuneiform entries 12996
PC FIRST: 12996 entries, 3269 tablets, 26221 hypotheses, Ky 31
  ARITH  real +0.0195 | STRICT +0.0169 p0.364 LOOSE +0.0035 p0.091 SIZEM +0.0264 p1.000 | hash:(9*c_N45+6*c_N14)%13
  SIZE   real +0.0411 | STRICT +0.0179 p0.091 LOOSE +0.0030 p0.091 SIZEM +0.0425 p0.636 | topcode
  CTX    real +0.0544 | STRICT +0.0107 p0.091 LOOSE +0.0034 p0.091 SIZEM +0.0029 p0.091 | nsg
  SEQ    real +0.1486 | STRICT +0.2460 p1.000 LOOSE -0.1021 p0.091 SIZEM -0.1009 p0.091 | nextsign
  PAIR   real +0.0642 | STRICT +0.0212 p0.091 LOOSE +0.0040 p0.091 SIZEM +0.0476 p0.091 | pair:log10band&othsign
PC LAST: 12996 entries, 3269 tablets, 26221 hypotheses, Ky 31
  ARITH  real +0.0219 | STRICT +0.0045 p0.091 LOOSE +0.0005 p0.091 SIZEM +0.0149 p0.273 | hash:(4*c_N30D+1*c_N45+5*c_N14)%10
  SIZE   real +0.0245 | STRICT +0.0096 p0.091 LOOSE +0.0007 p0.091 SIZEM +0.0227 p0.364 | v>5
  CTX    real +0.0699 | STRICT +0.0046 p0.091 LOOSE +0.0016 p0.091 SIZEM +0.0027 p0.091 | othsign
  SEQ    real +0.1064 | STRICT +0.1711 p1.000 LOOSE -0.1023 p0.091 SIZEM -0.0994 p0.091 | nextsign
  PAIR   real +0.0792 | STRICT +0.0096 p0.091 LOOSE +0.0028 p0.091 SIZEM +0.0299 p0.091 | pair:othsign&v>3
Ur III weight entries (PE-sized) 5336 tablets 1781
UR3 FIRST: 5336 entries, 1781 tablets, 26185 hypotheses, Ky 4
  ARITH  real +0.7948 | STRICT +0.6640 p0.091 LOOSE -0.0060 p0.091 SIZEM +0.7774 p0.091 | hash:(8*c_N01+11*c_N30D+5*vint)%13
  SIZE   real +1.3576 | STRICT +0.9229 p0.091 LOOSE -0.0008 p0.091 SIZEM +1.3454 p0.091 | log2band
  CTX    real +0.6747 | STRICT +0.6382 p0.091 LOOSE -0.0017 p0.091 SIZEM +0.6650 p0.091 | othsign
  SEQ    real +0.5947 | STRICT +0.5682 p0.091 LOOSE -0.0019 p0.091 SIZEM +0.5780 p0.091 | prevsign
  PAIR   real +1.3705 | STRICT +0.9204 p0.091 LOOSE -0.0096 p0.091 SIZEM +1.3468 p0.091 | pair:log2band&c_N14%9
UR3 LAST: 5336 entries, 1781 tablets, 26185 hypotheses, Ky 31
  ARITH  real +0.5905 | STRICT +0.5867 p0.364 LOOSE -0.0102 p0.091 SIZEM +0.7022 p1.000 | hash:(9*vint+3*c_frac+3*c_N39B)%10
  SIZE   real +0.6537 | STRICT +0.5505 p0.182 LOOSE -0.0075 p0.091 SIZEM +0.8964 p1.000 | log2band
  CTX    real +0.5926 | STRICT +0.3454 p0.091 LOOSE -0.0017 p0.091 SIZEM +0.7094 p1.000 | nsg
  SEQ    real +1.1943 | STRICT +1.0638 p0.091 LOOSE -0.1384 p0.091 SIZEM +0.2787 p0.091 | prevsign
  PAIR   real +1.2121 | STRICT +0.9655 p0.091 LOOSE -0.0065 p0.091 SIZEM +0.8893 p0.091 | pair:lastdig%8&nsg
done
