stat:L_mean {'L_mean': (5.315, 3.179, 0.83)}
stat:L_one {'L_one': (0.235, 0.383, 0.3)}
stat:L_ge10 {'L_ge10': (0.127, 0.03, 0.75)}
stat:L_med {'L_med': (3.0, 2.0, 0.708)}
stat:E_len1 {'E_len1': (0.475, 0.383, 0.705)}
stat:E_len2 {'E_len2': (0.174, 0.217, 0.27)}
stat:E_len3 {'E_len3': (0.093, 0.086, 0.53)}
stat:E_len4 {'E_len4': (0.101, 0.131, 0.415)}
stat:E_nosign {'E_nosign': (0.158, 0.157, 0.5)}
stat:E_fincon {'E_fincon': (0.576, 0.609, 0.395)}
stat:E_inicon {'E_inicon': (0.31, 0.614, 0.035)}
stat:E_finbias {'E_finbias': (0.182, 0.273, 0.237)}
stat:E_inibias {'E_inibias': (0.131, 0.143, 0.465)}
stat:N_S {'N_S': (0.741, 0.6, 0.755)}
stat:N_C {'N_C': (0.202, 0.266, 0.39)}
stat:N_F {'N_F': (0.015, 0.032, 0.38)}
stat:N_O {'N_O': (0.042, 0.054, 0.435)}
stat:N_mixtab {'N_mixtab': (0.374, 0.162, 0.83)}
stat:N_MIfin {'N_MIfin': (0.307, 0.949, 0.04)}
stat:N_Smu {'N_Smu': (0.63, 0.547, 0.63)}
stat:N_Ssd {'N_Ssd': (0.704, 0.467, 0.935)}
stat:N_Cmu {'N_Cmu': (1.761, 1.81, 0.49)}
stat:N_Csd {'N_Csd': (0.892, 0.557, 0.855)}
stat:N_S1 {'N_S1': (0.344, 0.078, 0.82)}
stat:T_share {'T_share': (0.269, 0.292, 0.455)}
stat:T_signed {'T_signed': (0.599, 0.484, 0.615)}
stat:T_headcls {'T_headcls': (0.391, 0.535, 0.255)}
stat:T_adds {'T_adds': (0.38, 0.618, 0.215)}
stat:H_share {'H_share': (0.54, 0.403, 0.685)}
stat:H_len {'H_len': (1.263, 2.175, 0.015)}
stat:H_top {'H_top': (0.372, 0.267, 0.69)}
stat:H_div {'H_div': (0.211, 0.138, 0.805)}
stat:H_excl {'H_excl': (0.516, 0.7, 0.19)}
stat:H_MIsys {'H_MIsys': (0.116, 0.106, 0.545)}
stat:D_uniq {'D_uniq': (0.785, 0.581, 0.895)}
stat:D_multi {'D_multi': (0.071, 0.139, 0.11)}
stat:D_types {'D_types': (2.739, 2.548, 0.725)}
stat:D_zipf {'D_zipf': (-0.802, -1.023, 0.845)}
stat:D_hapax {'D_hapax': (0.319, 0.031, 0.905)}
stat:D_finrep {'D_finrep': (0.351, 0.405, 0.235)}
stat:D_inrep {'D_inrep': (0.014, 0.005, 0.79)}
stat:X_x {'X_x': (0.133, 0.14, 0.445)}
stat:X_frag {'X_frag': (0.652, 0.517, 0.715)}
group:L {'L_mean': (5.315, 5.388, 0.483), 'L_one': (0.235, 0.342, 0.383), 'L_ge10': (0.127, 0.15, 0.417), 'L_med': (3.0, 3.0, 0.55)}
group:E {'E_len1': (0.475, 0.411, 0.633), 'E_len2': (0.174, 0.297, 0.067), 'E_len3': (0.093, 0.099, 0.467), 'E_len4': (0.101, 0.027, 0.883), 'E_nosign': (0.158, 0.106, 0.65), 'E_fincon': (0.576, 0.438, 0.7), 'E_inicon': (0.31, 0.419, 0.267), 'E_finbias': (0.182, 0.338, 0.2), 'E_inibias': (0.131, 0.156, 0.433)}
group:N {'N_S': (0.741, 0.306, 0.933), 'N_C': (0.202, 0.451, 0.25), 'N_F': (0.015, 0.1, 0.183), 'N_O': (0.042, 0.042, 0.5), 'N_mixtab': (0.374, 0.249, 0.767), 'N_MIfin': (0.307, 0.905, 0.017), 'N_Smu': (0.63, 0.821, 0.383), 'N_Ssd': (0.704, 0.303, 0.95), 'N_Cmu': (1.761, 2.958, 0.15), 'N_Csd': (0.892, 0.658, 0.783), 'N_S1': (0.344, 0.009, 0.833)}
group:T {'T_share': (0.269, 0.246, 0.567), 'T_signed': (0.599, 0.287, 0.683), 'T_headcls': (0.391, 0.43, 0.417), 'T_adds': (0.38, 0.802, 0.083)}
group:H {'H_share': (0.54, 0.255, 0.9), 'H_len': (1.263, 1.994, 0.05), 'H_top': (0.372, 0.287, 0.6), 'H_div': (0.211, 0.191, 0.55), 'H_excl': (0.516, 0.665, 0.167), 'H_MIsys': (0.116, 0.043, 0.85)}
group:D {'D_uniq': (0.785, 0.606, 0.933), 'D_multi': (0.071, 0.145, 0.1), 'D_types': (2.739, 2.648, 0.65), 'D_zipf': (-0.802, -1.096, 0.783), 'D_hapax': (0.319, 0.183, 0.7), 'D_finrep': (0.351, 0.286, 0.95), 'D_inrep': (0.014, 0.001, 0.967)}
group:X {'X_x': (0.133, 0.055, 0.867), 'X_frag': (0.652, 0.47, 0.733)}
