real done
null1 done
null2 done
null3 done
line done
half_a done
half_b done
thresholds {'OPEN': (0.003279999999999992, 0.0058), 'PRE': (0.023658714285714182, 0.033600000000000005), 'CLS_S': (0.7684319523809523, 0.8157619047619049), 'CLS_C': (0.22124904761904746, 0.31673333333333337), 'CLS_F': (0.06571495238095237, 0.08386666666666667), 'CLS_O': (0.13008578715728714, 0.14125396825396824), 'SYL': (0.9970378333333334, 0.9977380952380951)}
grades {('CLS_S', 'C'): 37, ('CLS_C', 'A'): 2, ('SYL', 'C'): 96, ('SYL', 'A'): 11, ('CLS_C', '-'): 2, ('CLS_C', 'B'): 4, ('CLS_S', '-'): 2, ('CLS_S', 'A'): 2, ('CLS_S', 'B'): 2, ('SYL', 'B'): 4, ('SYL', '-'): 2}
null fp {}
{'header_dominant_roles': {'SYL': 182, 'OPEN': 66}, 'open_signs': {'hdr1>=0.6': 66}}
('M099', 'SYL', 1.0, 'A', 'SYL', 'SYL', 'SYL', 0.991)
('M246', 'SYL', 1.0, 'A', 'SYL', 'SYL', 'SYL', 0.971)
('M136', 'SYL', 0.999, 'A', 'SYL', 'SYL', 'SYL', 0.969)
('M251', 'SYL', 0.999, 'A', 'SYL', 'SYL', 'SYL', 0.993)
('M254', 'SYL', 0.999, 'A', 'SYL', 'SYL', 'SYL', 0.977)
('M304', 'SYL', 0.999, 'A', 'SYL', 'SYL', 'SYL', 0.994)
('M005', 'SYL', 0.998, 'A', 'SYL', 'SYL', 'SYL', 0.964)
('M262', 'SYL', 0.998, 'A', 'SYL', 'SYL', 'SYL', 0.99)
('M340', 'SYL', 0.998, 'A', 'SYL', 'SYL', 'SYL', 0.998)
('M390', 'SYL', 0.998, 'A', 'SYL', 'SYL', 'SYL', 0.978)
('|M106+M288|', 'SYL', 0.998, 'A', 'SYL', 'SYL', 'SYL', 0.954)
('M072', 'CLS_S', 0.895, 'A', 'CLS_S', 'CLS_S', 'CLS_S', 0.752)
('M346', 'CLS_S', 0.83, 'A', 'CLS_S', 'CLS_S', 'CLS_S', 0.807)
('M002', 'CLS_C', 0.672, 'A', 'CLS_C', 'CLS_C', 'CLS_C', 0.702)
('M297', 'CLS_C', 0.525, 'A', 'CLS_C', 'CLS_C', 'CLS_C', 0.652)
('M319', 'SYL', 0.999, 'B', 'SYL', None, 'SYL', 0.999)
('M328', 'SYL', 0.997, 'B', None, 'SYL', 'SYL', 0.993)
('M352', 'SYL', 0.997, 'B', 'SYL', 'SYL', 'SYL', 0.985)
('M384', 'SYL', 0.997, 'B', 'SYL', 'SYL', 'SYL', 0.949)
('M418', 'CLS_S', 0.912, 'B', 'CLS_S', None, 'SYL', 0.508)
('M206', 'CLS_S', 0.772, 'B', 'CLS_S', 'SYL', 'CLS_S', 0.774)
('M050', 'CLS_C', 0.604, 'B', 'CLS_C', None, 'SYL', 0.594)
('M379', 'CLS_C', 0.51, 'B', 'CLS_C', 'SYL', 'CLS_C', 0.635)
('M243', 'CLS_C', 0.465, 'B', 'CLS_S', 'CLS_C', 'CLS_C', 0.544)
('M036', 'CLS_C', 0.429, 'B', 'CLS_S', 'CLS_C', 'CLS_C', 0.58)
('M261', 'CLS_S', 0.767, 'C', 'CLS_S', None, 'SYL', 0.746)
('M348', 'CLS_S', 0.764, 'C', 'CLS_S', 'SYL', 'CLS_S', 0.713)
('M354', 'CLS_S', 0.753, 'C', 'CLS_S', 'CLS_S', 'CLS_S', 0.737)
('M374', 'CLS_S', 0.751, 'C', 'CLS_S', 'SYL', 'CLS_S', 0.757)
('M367', 'CLS_S', 0.744, 'C', 'CLS_S', 'CLS_S', 'CLS_S', 0.775)
('M029', 'CLS_S', 0.739, 'C', 'SYL', 'CLS_S', 'CLS_S', 0.678)
('M264', 'CLS_S', 0.732, 'C', 'CLS_S', 'CLS_S', 'SYL', 0.704)
('M317', 'CLS_S', 0.732, 'C', 'CLS_S', 'SYL', 'CLS_S', 0.633)
('M372', 'CLS_S', 0.729, 'C', None, 'CLS_S', 'CLS_S', 0.654)
('M149', 'CLS_S', 0.728, 'C', 'SYL', 'CLS_S', 'CLS_S', 0.777)
('M376', 'CLS_S', 0.725, 'C', 'CLS_S', 'CLS_S', 'CLS_S', 0.673)
('M223', 'CLS_S', 0.717, 'C', 'SYL', 'CLS_S', 'CLS_S', 0.676)
('M032', 'CLS_S', 0.712, 'C', 'SYL', 'CLS_S', 'CLS_S', 0.594)
('M240', 'CLS_S', 0.712, 'C', 'SYL', 'CLS_S', 'CLS_S', 0.639)
('M302', 'CLS_S', 0.712, 'C', 'SYL', 'CLS_S', 'CLS_S', 0.701)
('M122', 'CLS_S', 0.709, 'C', 'CLS_S', 'SYL', 'CLS_S', 0.769)
('|M370+M072|', 'CLS_S', 0.708, 'C', 'CLS_S', None, 'CLS_S', 0.791)
('M203', 'CLS_S', 0.706, 'C', 'SYL', 'CLS_S', 'CLS_S', 0.695)
('M318', 'CLS_S', 0.696, 'C', 'CLS_S', 'SYL', 'CLS_S', 0.681)
('M153', 'CLS_S', 0.69, 'C', 'CLS_S', 'SYL', 'CLS_S', 0.692)
('M320', 'CLS_S', 0.685, 'C', 'CLS_S', 'SYL', 'CLS_S', 0.648)
('M391', 'CLS_S', 0.685, 'C', 'CLS_S', 'CLS_S', 'CLS_S', 0.771)
('M110', 'CLS_S', 0.676, 'C', 'SYL', 'CLS_S', 'CLS_S', 0.692)
('M207', 'CLS_S', 0.671, 'C', 'SYL', 'CLS_S', 'CLS_S', 0.741)
('M033', 'CLS_S', 0.67, 'C', 'CLS_S', 'SYL', 'CLS_S', 0.62)
('M265', 'CLS_S', 0.665, 'C', 'SYL', 'CLS_S', 'CLS_S', 0.593)
('M054', 'CLS_S', 0.664, 'C', 'CLS_S', 'SYL', 'CLS_S', 0.695)
('M056', 'CLS_S', 0.657, 'C', 'CLS_S', 'CLS_S', 'CLS_S', 0.754)
('M301', 'CLS_S', 0.644, 'C', 'SYL', 'CLS_S', 'CLS_S', 0.675)
('M288', 'CLS_S', 0.637, 'C', 'CLS_S', 'CLS_S', 'CLS_S', 0.573)
('M380', 'CLS_S', 0.636, 'C', 'SYL', 'CLS_S', 'CLS_S', 0.615)
('M388', 'CLS_S', 0.632, 'C', 'CLS_S', 'CLS_S', 'CLS_S', 0.543)
('M111', 'CLS_S', 0.628, 'C', 'SYL', 'CLS_S', 'CLS_S', 0.556)
('M139', 'CLS_S', 0.62, 'C', 'SYL', 'CLS_S', 'CLS_S', 0.616)
('M041', 'CLS_S', 0.612, 'C', 'CLS_S', 'SYL', 'CLS_S', 0.595)
('|M260+1(N24)|', 'CLS_S', 0.584, 'C', 'CLS_S', None, 'SYL', 0.618)
('M001', 'CLS_S', 0.567, 'C', 'SYL', 'CLS_S', 'CLS_S', 0.552)
