c2_PE_herdtab_0 {'herd': (0.002, -1.31), 'herdpair': (1.0, 1.88)}
c2_PE_herdtab_1 {'herd': (0.008, -1.39), 'herdpair': (1.0, 2.02)}
c2_PE_herdtab_3 {'herd': (0.036, -1.39), 'herdpair': (1.0, 1.85)}
c2_PE_herdtab_2 {'herd': (0.006, -1.69), 'herdpair': (1.0, 2.36)}
c2_PE_herdtab_5 {'herd': (0.002, -1.36), 'herdpair': (1.0, 1.96)}
c2_PE_herdtab_4 {'herd': (0.002, -1.34), 'herdpair': (1.0, 1.9)}
c2_PE_herdtab_6 {'herd': (0.022, -1.47), 'herdpair': (1.0, 2.11)}
c2_PE_herdtab_7 {'herd': (0.01, -1.62), 'herdpair': (1.0, 2.14)}
{
 "coverage_PE": {
  "tablets": 99,
  "shared_elements_per_tablet": 3.5555555555555554,
  "events": 352,
  "share_cov_ge50": 0.2755681818181818,
  "median_cov": 0.3333333333333333,
  "mean_top_cov": 0.5398471923204544
 },
 "coverage_LINB": {
  "tablets": 141,
  "shared_elements_per_tablet": 7.539007092198582,
  "events": 1063,
  "share_cov_ge50": 0.07243650047036689,
  "median_cov": 0.1875,
  "mean_top_cov": 0.4028861572107554
 },
 "coverage_PE_planted_kin": {
  "tablets": 98,
  "shared_elements_per_tablet": 3.7755102040816326,
  "events": 370,
  "share_cov_ge50": 0.3108108108108108,
  "median_cov": 0.3333333333333333,
  "mean_top_cov": 0.5434418969608045
 },
 "coverage_PE_shuffled": {
  "tablets": 99,
  "shared_elements_per_tablet": 3.6464646464646466,
  "events": 361,
  "share_cov_ge50": 0.24930747922437674,
  "median_cov": 0.3333333333333333,
  "mean_top_cov": 0.4842514247817278
 },
 "drop_sig": [
  "M001",
  "M041",
  "M054",
  "M075",
  "M103",
  "M112",
  "M124",
  "M149",
  "M206",
  "M370",
  "M376",
  "M388",
  "|M136+M365|",
  "|M217+M388|",
  "|M288+1(N01)|"
 ],
 "resid_drop_sig": {
  "tablets": 255,
  "names": 1018,
  "pairs": 3627,
  "share_any": 0.16018748276812794,
  "null": 0.09003308519437551,
  "z": 8.314491541658224,
  "p": 0.000999000999000999
 },
 "resid_drop_top25": {
  "tablets": 235,
  "names": 906,
  "pairs": 3357,
  "share_any": 0.10247244563598451,
  "null": 0.017111408996127495,
  "z": 33.57421972153237,
  "p": 0.000999000999000999
 },
 "decay_PE": {
  "1": {
   "obs": 0.38666666666666666,
   "within_tablet_shuffle": 0.3766446022514019,
   "pairs": 825,
   "p_high": 0.17564870259481039
  },
  "2": {
   "obs": 0.37722419928825623,
   "within_tablet_shuffle": 0.36516292688020474,
   "pairs": 562,
   "p_high": 0.22554890219560877
  },
  "3-4": {
   "obs": 0.3468286099865047,
   "within_tablet_shuffle": 0.3555963271388706,
   "pairs": 741,
   "p_high": 0.780439121756487
  },
  "5+": {
   "obs": 0.25585215605749484,
   "within_tablet_shuffle": 0.2593901452843311,
   "pairs": 2435,
   "p_high": 0.7964071856287425
  }
 },
 "decay_LINB": {
  "1": {
   "obs": 0.27731629392971247,
   "within_tablet_shuffle": 0.27972396166134184,
   "pairs": 1565,
   "p_high": 0.6187624750499002
  },
  "2": {
   "obs": 0.30063006300630063,
   "within_tablet_shuffle": 0.2952601260126012,
   "pairs": 1111,
   "p_high": 0.36327345309381237
  },
  "3-4": {
   "obs": 0.29533678756476683,
   "within_tablet_shuffle": 0.2980368451352907,
   "pairs": 1737,
   "p_high": 0.624750499001996
  },
  "5+": {
   "obs": 0.29024216524216523,
   "within_tablet_shuffle": 0.289798433048433,
   "pairs": 5616,
   "p_high": 0.4630738522954092
  }
 },
 "decay_PE_planted_blocks": {
  "1": {
   "obs": 0.7644927536231884,
   "within_tablet_shuffle": 0.5272259147885128,
   "pairs": 828,
   "p_high": 0.001996007984031936
  },
  "2": {
   "obs": 0.4353146853146853,
   "within_tablet_shuffle": 0.42810982498724476,
   "pairs": 572,
   "p_high": 0.3373253493013972
  },
  "3-4": {
   "obs": 0.25432756324900135,
   "within_tablet_shuffle": 0.3698466148209399,
   "pairs": 751,
   "p_high": 1.0
  },
  "5+": {
   "obs": 0.1787459283387622,
   "within_tablet_shuffle": 0.22480486482295564,
   "pairs": 2456,
   "p_high": 1.0
  }
 }
}
