c2_PE_herd_0 56 {'herd': (1.0, 3.59, 6.08)}
c2_PE_tab_0 129 {'tablet': (0.002, 3.9, 6.29), 'class': (0.01, -0.88, 5.52), 'system': (0.002, -0.24, 0.72), 'header': (0.002, -2.16, -0.23), 'volume': (0.002, 1.06, -0.34)}
c2_UR3_PAT_0 103 {'family': (0.02, 1.69, 0.04)}
c2_OB_PAT_0 111 {'family': (0.844, 0.39, -0.67)}
c2_CN_FULL_0 84 {'family': (0.002, 84.92, 21.73)}
c2_LINB_tab_0 122 {'tablet': (0.102, 1.94, 4.27), 'series': (0.046, 2.66, 3.99)}
c2_RAND_tab_0 125 {'tablet': (0.758, -2.22, -0.83), 'class': (0.736, -2.43, -0.56), 'system': (0.962, -2.03, 0.61), 'header': (0.57, 0.15, 0.43), 'volume': (0.518, 1.19, 1.52)}
c2_PLANT1_0 78 {'tablet': (0.002, 5.6, 23.2)}
c2_PLANT2_0 78 {'tablet': (0.002, 3.95, 11.06)}
c2_PLANT3_0 79 {'tablet': (0.002, 3.66, 5.57)}
c2_PE_tab_1 119 {'tablet': (0.002, 3.25, 14.09), 'class': (0.924, 1.5, 2.06), 'system': (0.036, -1.82, 3.57), 'header': (0.082, 0.25, 2.71), 'volume': (0.088, -0.5, -1.38)}
c2_PE_herd_1 55 {'herd': (1.0, 3.43, 0.98)}
c2_UR3_PAT_1 100 {'family': (0.69, -0.41, -0.62)}
c2_OB_PAT_1 113 {'family': (0.658, 1.48, 0.71)}
c2_CN_FULL_1 91 {'family': (0.002, 102.06, 19.29)}
c2_LINB_tab_1 129 {'tablet': (0.006, 1.06, 3.77), 'series': (0.084, 0.16, 1.7)}
c2_RAND_tab_1 127 {'tablet': (0.81, -0.64, -0.53), 'class': (0.682, -1.24, -0.03), 'system': (0.716, -0.18, 0.89), 'header': (0.036, -0.68, 0.98), 'volume': (0.05, 0.7, 0.71)}
c2_PLANT1_1 78 {'tablet': (0.002, 7.85, 31.68)}
c2_PLANT2_1 76 {'tablet': (0.002, 6.56, 17.43)}
c2_PLANT3_1 78 {'tablet': (0.002, 3.23, 14.27)}
c2_PE_herd_2 56 {'herd': (1.0, 3.34, 4.92)}
c2_PE_tab_2 130 {'tablet': (0.002, 0.81, 8.12), 'class': (0.186, -0.63, 3.22), 'system': (0.306, -2.23, -0.51), 'header': (0.002, -1.09, -0.36), 'volume': (0.002, -0.1, 1.56)}
c2_UR3_PAT_2 92 {'family': (0.256, 0.18, 0.06)}
c2_OB_PAT_2 106 {'family': (0.694, 1.21, 1.56)}
c2_CN_FULL_2 77 {'family': (0.002, 126.59, 25.42)}
c2_LINB_tab_2 120 {'tablet': (0.002, 3.15, 1.93), 'series': (0.314, 0.8, 0.64)}
c2_RAND_tab_2 126 {'tablet': (0.424, 0.83, 0.34), 'class': (0.058, -0.72, 1.91), 'system': (0.902, 0.23, 0.61), 'header': (0.318, 0.74, -0.61), 'volume': (0.936, -0.46, -1.53)}
c2_PLANT1_2 83 {'tablet': (0.002, 5.55, 27.02)}
c2_PLANT2_2 79 {'tablet': (0.002, 5.33, 10.28)}
c2_PLANT3_2 82 {'tablet': (0.002, 5.7, 15.87)}
c2_PE_tab_3 126 {'tablet': (0.002, 3.91, 8.34), 'class': (0.066, 0.08, 5.88), 'system': (0.016, -0.49, 3.32), 'header': (0.002, -1.8, 1.44), 'volume': (0.002, -0.19, 0.13)}
c2_PE_herd_3 52 {'herd': (1.0, 3.4, 4.61)}
c2_UR3_PAT_3 92 {'family': (0.728, -0.09, 0.6)}
c2_OB_PAT_3 104 {'family': (0.11, 1.36, 0.65)}
c2_CN_FULL_3 83 {'family': (0.002, 95.65, 32.95)}
c2_LINB_tab_3 122 {'tablet': (0.004, 1.78, 4.86), 'series': (0.01, 1.3, 1.19)}
c2_RAND_tab_3 117 {'tablet': (0.26, 4.66, 0.6), 'class': (0.138, -3.27, 1.85), 'system': (1.0, -1.77, 1.59), 'header': (0.26, -0.94, 2.26), 'volume': (0.288, 0.94, 0.43)}
c2_PLANT1_3 83 {'tablet': (0.002, 9.13, 26.8)}
c2_PLANT2_3 79 {'tablet': (0.002, 8.21, 14.43)}
c2_PLANT3_3 82 {'tablet': (0.002, 3.49, 12.85)}
c2_PE_herd_4 53 {'herd': (1.0, 3.3, 0.98)}
c2_PE_tab_4 125 {'tablet': (0.002, 1.96, 3.36), 'class': (0.806, 0.22, -0.17), 'system': (0.322, -0.88, 1.76), 'header': (0.286, -0.11, 0.57), 'volume': (0.044, -0.98, 0.36)}
c2_UR3_PAT_4 94 {'family': (0.868, 0.22, -0.28)}
c2_OB_PAT_4 103 {'family': (0.456, 2.51, 0.86)}
c2_CN_FULL_4 75 {'family': (0.002, 88.88, 19.42)}
c2_LINB_tab_4 111 {'tablet': (0.146, 0.84, 3.41), 'series': (0.172, 0.6, 1.97)}
c2_RAND_tab_4 111 {'tablet': (0.17, 1.54, -0.18), 'class': (0.98, 0.49, -0.17), 'system': (1.0, -0.29, 1.89), 'header': (0.954, -0.9, -0.17), 'volume': (0.018, -1.0, 2.38)}
c2_PLANT1_4 79 {'tablet': (0.002, 12.41, 41.74)}
c2_PLANT2_4 67 {'tablet': (0.002, 6.68, 21.0)}
c2_PLANT3_4 63 {'tablet': (0.002, 5.67, 7.81)}
c2_PE_tab_5 113 {'tablet': (0.002, 3.06, 8.31), 'class': (0.166, -0.52, 0.0), 'system': (0.058, -0.58, 1.52), 'header': (0.002, -0.99, 2.54), 'volume': (0.004, -1.06, -1.0)}
c2_PE_herd_5 57 {'herd': (1.0, 4.0, 1.38)}
c2_UR3_PAT_5 88 {'family': (0.228, 2.67, 1.88)}
c2_OB_PAT_5 93 {'family': (0.29, 2.03, 2.31)}
c2_CN_FULL_5 74 {'family': (0.002, 124.54, 25.87)}
c2_LINB_tab_5 127 {'tablet': (0.014, 2.03, 1.3), 'series': (0.188, 0.78, 2.99)}
c2_RAND_tab_5 113 {'tablet': (0.742, 0.18, -0.9), 'class': (0.672, -0.99, -0.34), 'system': (0.276, -0.95, 0.23), 'header': (0.772, -1.0, -1.84), 'volume': (0.778, -1.03, -1.47)}
c2_PLANT1_5 85 {'tablet': (0.002, 13.12, 40.91)}
c2_PLANT2_5 76 {'tablet': (0.002, 6.3, 24.57)}
c2_PLANT3_5 76 {'tablet': (0.002, 4.25, 2.85)}
c2_PE_herd_6 51 {'herd': (1.0, 3.2, 0.66)}
c2_PE_tab_6 130 {'tablet': (0.002, 2.82, 5.95), 'class': (0.376, -0.29, 0.28), 'system': (0.014, -0.92, 2.37), 'header': (0.008, -0.02, 0.55), 'volume': (0.006, -1.96, 0.25)}
c2_UR3_PAT_6 98 {'family': (0.876, -1.16, -1.54)}
c2_OB_PAT_6 110 {'family': (0.044, 2.31, 2.28)}
c2_CN_FULL_6 77 {'family': (0.002, 122.63, 24.41)}
c2_LINB_tab_6 120 {'tablet': (0.002, 3.11, 3.0), 'series': (0.012, 0.44, 3.36)}
c2_RAND_tab_6 102 {'tablet': (0.826, -0.74, 2.13), 'class': (0.476, -1.69, 1.83), 'system': (0.84, -1.61, 0.96), 'header': (0.6, -0.7, 0.15), 'volume': (0.6, -0.18, 0.0)}
c2_PLANT2_6 72 {'tablet': (0.002, 4.39, 14.29)}
c2_PLANT1_6 80 {'tablet': (0.002, 13.94, 42.43)}
c2_PLANT3_6 66 {'tablet': (0.002, 5.65, 13.15)}
c2_PE_tab_7 103 {'tablet': (0.002, 0.76, 8.13), 'class': (0.006, -1.13, 2.95), 'system': (0.152, -0.45, 1.1), 'header': (0.004, 0.26, 1.28), 'volume': (0.092, 1.78, -0.33)}
c2_PE_herd_7 49 {'herd': (1.0, 3.28, 2.83)}
c2_UR3_PAT_7 95 {'family': (0.264, 1.0, -1.4)}
c2_OB_PAT_7 100 {'family': (0.12, 1.67, 2.98)}
c2_CN_FULL_7 80 {'family': (0.002, 123.72, 35.21)}
c2_LINB_tab_7 149 {'tablet': (0.02, 1.19, 1.99), 'series': (0.242, 1.17, 0.62)}
c2_RAND_tab_7 118 {'tablet': (0.706, 0.81, -0.08), 'class': (0.728, -3.6, 1.63), 'system': (0.596, -1.98, 1.54), 'header': (0.102, -0.1, -0.13), 'volume': (0.89, 0.5, 0.23)}
c2_PLANT1_7 73 {'tablet': (0.002, 5.66, 12.46)}
c2_PLANT2_7 65 {'tablet': (0.002, 5.94, 17.08)}
c2_PLANT3_7 50 {'tablet': (0.002, 6.15, 17.87)}
