c1_PE_0_null0 0.1967 0.4463 0.0353 53
c1_PE_0_real 0.1723 0.4604 0.0638 54
c1_PE_0_null1 0.2024 0.4463 0.0322 51
c1_PE_tab_0_real 0.1371 0.458 0.0536 55
c1_PE_tab_0_null0 0.1805 0.4238 0.0138 45
c1_PE_tab_0_null1 0.1808 0.4052 0.0353 45
c1_UR3_SEAL_0_null0 0.221 0.4451 0.0274 48
c1_UR3_SEAL_0_real 0.1897 0.5588 0.1132 59
c1_UR3_SEAL_0_null1 0.2095 0.4461 0.04 38
c1_OB_SEAL_0_real 0.2374 0.5122 0.1499 45
c1_OB_SEAL_0_null0 0.1929 0.4078 0.048 48
c1_OB_SEAL_0_null1 0.2228 0.3966 0.044 47
c1_UR3_PAT_0_real 0.1965 0.5724 0.0737 45
c1_UR3_PAT_0_null0 0.2142 0.4514 0.0232 41
c1_UR3_PAT_0_null1 0.2057 0.4577 0.0337 40
c1_OB_PAT_0_real 0.2232 0.5053 0.1094 49
c1_OB_PAT_0_null0 0.2451 0.4009 0.048 47
c1_OB_PAT_0_null1 0.2556 0.4006 0.0354 48
c1_CN_FULL_0_real 0.0089 0.6318 0.0182 38
c1_CN_FULL_0_null0 0.0159 0.469 0.0041 40
c1_CN_FULL_0_null1 0.0088 0.471 0.0102 38
c1_LINB_0_real 0.2835 0.4373 0.1125 43
c1_LINB_0_null0 0.2914 0.4141 0.0884 44
c1_LINB_0_null1 0.2856 0.4037 0.0809 46
c1_RAND_0_real 0.2267 0.4351 0.0256 46
c1_RAND_0_null0 0.217 0.4292 0.0311 36
c1_RAND_0_null1 0.2139 0.4176 0.0179 39
c1_PE_1_real 0.1493 0.4815 0.0209 38
c1_PE_1_null0 0.1722 0.4686 0.0235 36
c1_PE_1_null1 0.1739 0.4593 0.0146 38
c1_PE_tab_1_real 0.1823 0.4817 0.0382 41
c1_PE_tab_1_null0 0.2054 0.4351 0.0237 45
c1_PE_tab_1_null1 0.201 0.423 0.0183 44
c1_UR3_SEAL_1_real 0.1889 0.5515 0.0991 44
c1_UR3_SEAL_1_null0 0.2007 0.4473 0.0374 47
c1_UR3_SEAL_1_null1 0.1924 0.4563 0.0356 48
c1_OB_SEAL_1_real 0.2181 0.5 0.1425 50
c1_OB_SEAL_1_null0 0.2494 0.3933 0.0535 51
c1_OB_SEAL_1_null1 0.2166 0.3869 0.0504 44
c1_UR3_PAT_1_real 0.1948 0.5516 0.0764 34
c1_UR3_PAT_1_null0 0.2092 0.4497 0.0217 36
c1_UR3_PAT_1_null1 0.1878 0.4729 0.0134 36
c1_OB_PAT_1_real 0.2168 0.5039 0.1388 43
c1_OB_PAT_1_null0 0.2217 0.3831 0.0403 42
c1_OB_PAT_1_null1 0.2052 0.3826 0.0523 44
c1_CN_FULL_1_real 0.011 0.5856 0.0118 47
c1_CN_FULL_1_null0 0.0126 0.4373 0.0064 38
c1_CN_FULL_1_null1 0.0157 0.4144 0.0046 35
c1_LINB_1_real 0.2771 0.4212 0.0921 39
c1_LINB_1_null0 0.2823 0.4236 0.059 46
c1_LINB_1_null1 0.2793 0.4148 0.0644 38
c1_RAND_1_real 0.1911 0.4418 0.0301 34
c1_RAND_1_null0 0.1862 0.4563 0.0311 40
c1_RAND_1_null1 0.1878 0.4384 0.0325 35
c1_PE_2_real 0.1833 0.488 0.0313 40
c1_PE_2_null0 0.2002 0.4582 0.0216 44
c1_PE_2_null1 0.197 0.4455 0.0257 38
c1_PE_tab_2_real 0.1318 0.4973 0.0229 43
c1_PE_tab_2_null0 0.1641 0.4757 0.0218 42
c1_PE_tab_2_null1 0.1684 0.4609 0.007 41
c1_UR3_SEAL_2_real 0.1739 0.5259 0.0859 51
c1_UR3_SEAL_2_null0 0.1936 0.4277 0.0421 48
c1_UR3_SEAL_2_null1 0.1919 0.4324 0.0165 46
c1_OB_SEAL_2_real 0.2083 0.4723 0.1148 56
c1_OB_SEAL_2_null0 0.2523 0.3657 0.0403 48
c1_OB_SEAL_2_null1 0.2398 0.3765 0.0746 44
c1_UR3_PAT_2_real 0.1848 0.5724 0.0696 35
c1_UR3_PAT_2_null0 0.2051 0.4861 0.0259 37
c1_UR3_PAT_2_null1 0.1819 0.4907 0.0346 40
c1_OB_PAT_2_real 0.2236 0.52 0.1562 46
c1_OB_PAT_2_null0 0.2347 0.3942 0.0659 46
c1_OB_PAT_2_null1 0.2324 0.3957 0.0627 49
c1_CN_FULL_2_real 0.0128 0.6299 0.0085 45
c1_CN_FULL_2_null0 0.0086 0.456 0.0092 46
c1_CN_FULL_2_null1 0.0129 0.4422 0.0071 43
c1_LINB_2_real 0.2723 0.4228 0.0891 53
c1_LINB_2_null0 0.2841 0.4124 0.0712 56
c1_LINB_2_null1 0.2691 0.4216 0.0576 50
c1_RAND_2_real 0.2149 0.4523 0.0186 49
c1_RAND_2_null0 0.2174 0.4371 0.02 47
c1_RAND_2_null1 0.2161 0.4396 0.0228 42
c1_PE_3_real 0.1409 0.4634 0.0413 47
c1_PE_3_null0 0.166 0.4401 0.0283 46
c1_PE_3_null1 0.1614 0.4424 0.0272 47
c1_PE_tab_3_real 0.1415 0.4559 0.0387 51
c1_PE_tab_3_null0 0.1679 0.4519 0.0232 49
c1_PE_tab_3_null1 0.1733 0.4229 0.0244 45
c1_UR3_SEAL_3_null0 0.2052 0.4066 0.025 51
c1_UR3_SEAL_3_real 0.1712 0.5253 0.0744 60
c1_UR3_SEAL_3_null1 0.1878 0.4339 0.0365 61
c1_OB_SEAL_3_real 0.235 0.4766 0.1239 67
c1_OB_SEAL_3_null0 0.2229 0.3738 0.0521 66
c1_OB_SEAL_3_null1 0.2213 0.3841 0.058 71
c1_UR3_PAT_3_real 0.1936 0.5698 0.0709 54
c1_UR3_PAT_3_null0 0.2008 0.4786 0.0252 53
c1_UR3_PAT_3_null1 0.2003 0.475 0.0324 50
c1_OB_PAT_3_real 0.1926 0.5394 0.1673 76
c1_OB_PAT_3_null0 0.2324 0.4025 0.0549 60
c1_OB_PAT_3_null1 0.2355 0.3994 0.0621 60
c1_CN_FULL_3_real 0.0077 0.59 0.0171 59
c1_CN_FULL_3_null0 0.0136 0.4577 0.0146 59
c1_CN_FULL_3_null1 0.0126 0.4192 0.0027 56
c1_LINB_3_real 0.2827 0.437 0.0742 58
c1_LINB_3_null0 0.2907 0.41 0.0665 52
c1_LINB_3_null1 0.2763 0.4104 0.0547 52
c1_RAND_3_real 0.1761 0.4265 0.0204 45
c1_RAND_3_null1 0.1806 0.4086 0.0192 47
c1_RAND_3_null0 0.1844 0.4293 0.0217 54
c1_PE_4_real 0.1693 0.4652 0.0325 52
c1_PE_4_null0 0.1932 0.4368 0.0203 51
c1_PE_4_null1 0.2031 0.4528 0.019 53
c1_PE_tab_4_real 0.1754 0.492 0.0538 55
c1_PE_tab_4_null0 0.2115 0.4424 0.0338 48
c1_PE_tab_4_null1 0.2109 0.4593 0.0232 52
c1_UR3_SEAL_4_null0 0.2112 0.4472 0.0405 57
c1_UR3_SEAL_4_real 0.1911 0.5433 0.095 65
c1_UR3_SEAL_4_null1 0.1944 0.433 0.0212 53
c1_OB_SEAL_4_real 0.1925 0.509 0.1331 61
c1_OB_SEAL_4_null0 0.2289 0.38 0.045 57
c1_OB_SEAL_4_null1 0.2281 0.3838 0.0428 60
c1_UR3_PAT_4_real 0.2066 0.5468 0.092 50
c1_UR3_PAT_4_null0 0.2188 0.4691 0.045 51
c1_UR3_PAT_4_null1 0.2164 0.4442 0.0281 48
c1_OB_PAT_4_real 0.2157 0.493 0.1082 72
c1_OB_PAT_4_null0 0.218 0.3821 0.0517 63
c1_OB_PAT_4_null1 0.1979 0.3858 0.0458 56
c1_CN_FULL_4_real 0.0109 0.632 0.0152 53
c1_CN_FULL_4_null0 0.0069 0.4634 0.0038 53
c1_CN_FULL_4_null1 0.0077 0.46 0.0127 55
c1_LINB_4_real 0.2944 0.4413 0.1442 55
c1_LINB_4_null0 0.294 0.417 0.0845 59
c1_LINB_4_null1 0.2947 0.4067 0.069 56
c1_RAND_4_real 0.2156 0.432 0.0298 49
c1_RAND_4_null0 0.2181 0.419 0.0279 46
c1_RAND_4_null1 0.2095 0.4378 0.0364 39
c1_PE_5_real 0.1789 0.4976 0.04 51
c1_PE_5_null0 0.2035 0.446 0.0141 47
c1_PE_5_null1 0.2007 0.4806 0.0335 45
c1_PE_tab_5_real 0.1595 0.5061 0.0503 49
c1_PE_tab_5_null0 0.2013 0.4606 0.0113 50
c1_PE_tab_5_null1 0.1924 0.4327 0.0139 50
c1_UR3_SEAL_5_real 0.1958 0.5343 0.0772 47
c1_UR3_SEAL_5_null0 0.1988 0.4306 0.0333 46
c1_UR3_SEAL_5_null1 0.1846 0.4309 0.0256 45
c1_OB_SEAL_5_real 0.2203 0.4833 0.1249 56
c1_OB_SEAL_5_null0 0.2423 0.3735 0.0477 47
c1_OB_SEAL_5_null1 0.2376 0.3658 0.0435 47
c1_UR3_PAT_5_real 0.1859 0.5698 0.0805 39
c1_UR3_PAT_5_null0 0.1821 0.4638 0.0209 45
c1_UR3_PAT_5_null1 0.1964 0.4622 0.0278 44
c1_OB_PAT_5_real 0.2193 0.494 0.1472 52
c1_OB_PAT_5_null0 0.1853 0.3781 0.0368 50
