c3a_PE_0 96 {'volume': (0.422, 0.34), 'sbblock': (0.174, 0.7), 'site': (1.0, -0.57)} 0.009
c3a_PE_shuf_0 69 {'volume': (0.914, 0.11), 'sbblock': (0.54, 0.49), 'site': (1.0, -0.21)} None
c3a_RAND_0 106 {'volume': (0.91, 0.14), 'sbblock': (0.988, -1.67), 'site': (1.0, -0.0)} 0.045
c3a_UR3_SEAL_0 58 {'prov': (0.04, 0.87)} None
c3a_LINB_0 55 {'site': (0.234, 0.12)} None
c3a_OB_SEAL_0 73 {'prov': (0.05, 1.38)} None
c3a_UR3_PAT_0 49 {} None
c3a_PE_shuf_1 73 {'volume': (0.656, -0.21), 'sbblock': (0.32, -0.19), 'site': (0.124, -1.25)} None
c3a_PE_1 109 {'volume': (0.004, -0.38), 'sbblock': (0.166, -0.54), 'site': (1.0, -1.17)} 0.021
c3a_UR3_SEAL_1 64 {'prov': (0.004, 0.88)} None
c3a_RAND_1 102 {'volume': (0.746, -0.09), 'sbblock': (0.688, -0.03), 'site': (1.0, -0.42)} 0.248
c3a_OB_SEAL_1 76 {'prov': (0.206, 1.26)} None
c3a_LINB_1 55 {'site': (0.152, 1.45)} None
c3a_UR3_PAT_1 43 {} None
c3a_PE_2 97 {'volume': (0.538, -0.52), 'sbblock': (0.056, 0.07), 'site': (1.0, -1.29)} 0.087
c3a_PE_shuf_2 69 {'volume': (0.418, -0.58), 'sbblock': (0.728, -1.46), 'site': (1.0, -1.58)} None
c3a_UR3_SEAL_2 51 {'prov': (0.744, 2.6)} None
c3a_RAND_2 83 {'volume': (0.348, 1.49), 'sbblock': (0.58, 0.25), 'site': (1.0, -0.88)} 0.088
c3a_OB_SEAL_2 57 {'prov': (0.728, 2.19)} None
c3a_LINB_2 51 {'site': (0.532, -2.62)} None
c3a_UR3_PAT_2 42 {} None
c3a_PE_shuf_3 58 {'volume': (0.99, -0.5), 'sbblock': (0.814, 0.78), 'site': (1.0, -0.68)} None
c3a_PE_3 98 {'volume': (0.026, 0.4), 'sbblock': (0.016, -0.96), 'site': (1.0, -0.72)} 0.056
c3a_UR3_SEAL_3 52 {'prov': (0.022, 0.28)} None
c3a_RAND_3 95 {'volume': (0.49, -0.44), 'sbblock': (0.694, -1.01), 'site': (1.0, -0.38)} 0.172
c3a_OB_SEAL_3 64 {'prov': (0.546, 0.21)} None
c3a_LINB_3 50 {'site': (0.14, 3.78)} None
c3a_UR3_PAT_3 44 {} None
c3a_PE_4 86 {'volume': (0.114, -1.59), 'sbblock': (0.59, -1.32), 'site': (1.0, -1.89)} 0.367
c3a_PE_shuf_4 56 {'volume': (0.994, -0.24), 'sbblock': (0.94, -2.23), 'site': (0.244, -0.8)} None
c3a_UR3_SEAL_4 53 {'prov': (0.496, -0.24)} None
c3a_RAND_4 83 {'volume': (0.034, 0.72), 'sbblock': (0.85, -1.86), 'site': (1.0, 0.27)} 0.496
c3a_OB_SEAL_4 72 {'prov': (0.024, 1.31)} None
c3a_LINB_4 55 {'site': (0.422, -0.87)} None
c3a_UR3_PAT_4 39 {} None
c3a_PE_shuf_5 61 {'volume': (0.85, -0.06), 'sbblock': (0.878, -2.68), 'site': (1.0, -0.56)} None
c3a_PE_5 100 {'volume': (0.008, -0.47), 'sbblock': (0.414, 0.07), 'site': (1.0, -0.97)} 0.31
c3a_UR3_SEAL_5 53 {'prov': (0.012, 1.29)} None
c3a_RAND_5 102 {'volume': (0.108, -1.23), 'sbblock': (0.518, 0.46), 'site': (1.0, -0.89)} 0.217
c3a_OB_SEAL_5 65 {'prov': (0.27, 1.22)} None
c3a_LINB_5 60 {'site': (0.116, 3.96)} None
c3a_UR3_PAT_5 44 {} None
