{
 "K": 5,
 "pairs": {
  "sb_run": 498,
  "sb_run_nonpub": 66,
  "nmi_run": 261,
  "pub_adj": 751,
  "findspot": 34
 },
 "sb_vs_pub_spearman": {
  "MDP 06": [
   150,
   0.777440775145562
  ],
  "MDP 17": [
   318,
   0.8257395859591132
  ],
  "MDP 26S": [
   106,
   0.8652794921530594
  ],
  "MDP 31": [
   36,
   0.584041184041184
  ],
  "TCL 32": [
   65,
   0.9999562937062937
  ]
 },
 "test2": {
  "full": {
   "sb_run": {
    "n_pairs": 498,
    "obs": 0.27309236947791166,
    "glob_mean": 0.24951154618473897,
    "glob_p": 0.1165,
    "vol_mean": 0.2527274096385542,
    "vol_p": 0.1445,
    "vol_z": 1.0926754001972436
   },
   "sb_run_nonpub": {
    "n_pairs": 66,
    "obs": 0.3484848484848485,
    "glob_mean": 0.24928787878787878,
    "glob_p": 0.04725,
    "vol_mean": 0.23300378787878787,
    "vol_p": 0.02,
    "vol_z": 2.2282697500792974
   },
   "nmi_run": {
    "n_pairs": 261,
    "obs": 0.30268199233716475,
    "glob_mean": 0.24927586206896551,
    "glob_p": 0.0335,
    "vol_mean": 0.2712806513409962,
    "vol_p": 0.12675,
    "vol_z": 1.235795513396731
   },
   "pub_adj": {
    "n_pairs": 751,
    "obs": 0.29427430093209056,
    "glob_mean": 0.24930592543275634,
    "glob_p": 0.00325,
    "vol_mean": 0.2638778295605859,
    "vol_p": 0.02525,
    "vol_z": 2.036199755503343
   },
   "findspot": {
    "n_pairs": 34,
    "obs": 0.23529411764705882,
    "glob_mean": 0.24916911764705885,
    "glob_p": 0.56775,
    "vol_mean": 0.28358823529411764,
    "vol_p": 0.9355,
    "vol_z": -1.1460301021938972
   }
  },
  "nonum": {
   "sb_run": {
    "n_pairs": 498,
    "obs": 0.3032128514056225,
    "glob_mean": 0.2427941767068273,
    "glob_p": 0.00125,
    "vol_mean": 0.2582063253012048,
    "vol_p": 0.0105,
    "vol_z": 2.374626406577089
   },
   "sb_run_nonpub": {
    "n_pairs": 66,
    "obs": 0.30303030303030304,
    "glob_mean": 0.24332575757575756,
    "glob_p": 0.1675,
    "vol_mean": 0.2402083333333333,
    "vol_p": 0.1445,
    "vol_z": 1.2021216488650641
   },
   "nmi_run": {
    "n_pairs": 261,
    "obs": 0.3065134099616858,
    "glob_mean": 0.24307662835249041,
    "glob_p": 0.01025,
    "vol_mean": 0.24425383141762452,
    "vol_p": 0.007,
    "vol_z": 2.4560191374653537
   },
   "pub_adj": {
    "n_pairs": 751,
    "obs": 0.3209054593874834,
    "glob_mean": 0.24297203728362182,
    "glob_p": 0.0,
    "vol_mean": 0.26015645805592547,
    "vol_p": 0.0,
    "vol_z": 4.050687308716666
   },
   "findspot": {
    "n_pairs": 34,
    "obs": 0.38235294117647056,
    "glob_mean": 0.24410294117647058,
    "glob_p": 0.1075,
    "vol_mean": 0.3339485294117646,
    "vol_p": 0.184,
    "vol_z": 1.3684884494128113
   }
  },
  "single_feature": {
   "HDR": {
    "sb_run": {
     "n_pairs": 498,
     "obs": 0.4879518072289157,
     "glob_mean": 0.30184337349397594,
     "glob_p": 0.0,
     "vol_mean": 0.4294437751004016,
     "vol_p": 0.001,
     "vol_z": 3.139437933998665
    },
    "pub_adj": {
     "n_pairs": 751,
     "obs": 0.5712383488681758,
     "glob_mean": 0.30289613848202396,
     "glob_p": 0.0,
     "vol_mean": 0.3827736351531291,
     "vol_p": 0.0,
     "vol_z": 12.581358382758754
    }
   },
   "HLEN": {
    "sb_run": {
     "n_pairs": 498,
     "obs": 0.5763052208835341,
     "glob_mean": 0.43026104417670685,
     "glob_p": 0.0,
     "vol_mean": 0.5031084337349399,
     "vol_p": 0.0,
     "vol_z": 3.5325802699653948
    },
    "pub_adj": {
     "n_pairs": 751,
     "obs": 0.6471371504660453,
     "glob_mean": 0.4299520639147803,
     "glob_p": 0.0,
     "vol_mean": 0.5087589880159786,
     "vol_p": 0.0,
     "vol_z": 8.631445483632623
    }
   },
   "SYS": {
    "sb_run": {
     "n_pairs": 498,
     "obs": 0.3815261044176707,
     "glob_mean": 0.35047991967871484,
     "glob_p": 0.074,
     "vol_mean": 0.355062248995984,
     "vol_p": 0.112,
     "vol_z": 1.3086997309481456
    },
    "pub_adj": {
     "n_pairs": 751,
     "obs": 0.3808255659121172,
     "glob_mean": 0.3511531291611185,
     "glob_p": 0.041,
     "vol_mean": 0.35522503328894806,
     "vol_p": 0.057,
     "vol_z": 1.6963293596190967
    }
   },
   "NENT": {
    "sb_run": {
     "n_pairs": 498,
     "obs": 0.7248995983935743,
     "glob_mean": 0.5466827309236949,
     "glob_p": 0.0,
     "vol_mean": 0.68320281124498,
     "vol_p": 0.003,
     "vol_z": 2.887880436895509
    },
    "pub_adj": {
     "n_pairs": 751,
     "obs": 0.6311584553928096,
     "glob_mean": 0.5467696404793607,
     "glob_p": 0.0,
     "vol_mean": 0.572896138482024,
     "vol_p": 0.0,
     "vol_z": 4.429765325641315
    }
   },
   "ONE": {
    "sb_run": {
     "n_pairs": 498,
     "obs": 0.28714859437751006,
     "glob_mean": 0.2620120481927711,
     "glob_p": 0.113,
     "vol_mean": 0.26157831325301206,
     "vol_p": 0.096,
     "vol_z": 1.354073799289181
    },
    "pub_adj": {
     "n_pairs": 751,
     "obs": 0.3169107856191744,
     "glob_mean": 0.2612130492676431,
     "glob_p": 0.0,
     "vol_mean": 0.27842609853528627,
     "vol_p": 0.014,
     "vol_z": 2.441667469873143
    }
   },
   "CLS": {
    "sb_run": {
     "n_pairs": 498,
     "obs": 0.3755020080321285,
     "glob_mean": 0.3457730923694779,
     "glob_p": 0.093,
     "vol_mean": 0.36103212851405625,
     "vol_p": 0.253,
     "vol_z": 0.718542296338984
    },
    "pub_adj": {
     "n_pairs": 751,
     "obs": 0.39014647137150466,
     "glob_mean": 0.34756857523302265,
     "glob_p": 0.009,
     "vol_mean": 0.3570892143808255,
     "vol_p": 0.024,
     "vol_z": 1.9646103373760717
    }
   },
   "CLSR": {
    "sb_run": {
     "n_pairs": 498,
     "obs": 0.5080321285140562,
     "glob_mean": 0.5414437751004015,
     "glob_p": 0.946,
     "vol_mean": 0.5195562248995984,
     "vol_p": 0.732,
     "vol_z": -0.5913137363725034
    },
    "pub_adj": {
     "n_pairs": 751,
     "obs": 0.5579227696404794,
     "glob_mean": 0.5421331557922769,
     "glob_p": 0.17,
     "vol_mean": 0.555762982689747,
     "vol_p": 0.433,
     "vol_z": 0.14858420172927939
    }
   },
   "PRE": {
    "sb_run": {
