disc {'ind': -9.50610973773452, 'tree': -6.482326698284917, 'lcm': -6.297010301969687, 'lcm_minus_tree': 0.18531639631523006, 'se': 0.09715754401587298, 'tree_minus_ind': 3.0237830394496026, 'n_complete': 304, 'name': 'PLANT_1', 'K': 7}
disc {'ind': -11.785134781257412, 'tree': -9.829561156507122, 'lcm': -10.220367813525009, 'lcm_minus_tree': -0.39080665701788697, 'se': 0.07864874216284176, 'tree_minus_ind': 1.95557362475029, 'n_complete': 281, 'name': 'REAL', 'K': 5}
disc {'ind': -10.312104297969482, 'tree': -7.32352387819422, 'lcm': -7.186367679918363, 'lcm_minus_tree': 0.1371561982758581, 'se': 0.11898554077430601, 'tree_minus_ind': 2.9885804197752615, 'n_complete': 302, 'name': 'PLANT_2', 'K': 6}
disc {'ind': -9.427631440142852, 'tree': -6.996106726056847, 'lcm': -6.32244555101126, 'lcm_minus_tree': 0.6736611750455865, 'se': 0.09862085402870516, 'tree_minus_ind': 2.431524714086005, 'n_complete': 276, 'name': 'PLANT_3', 'K': 6}
disc {'ind': -12.060333126757808, 'tree': -10.193217964625429, 'lcm': -10.588163171272903, 'lcm_minus_tree': -0.3949452066474749, 'se': 0.09365538327456527, 'tree_minus_ind': 1.8671151621323787, 'n_complete': 131, 'name': 'NULL_1', 'K': 5}
disc {'ind': -11.803349688540717, 'tree': -10.013791710028773, 'lcm': -10.578910947208213, 'lcm_minus_tree': -0.5651192371794391, 'se': 0.12846493791537578, 'tree_minus_ind': 1.7895579785119438, 'n_complete': 125, 'name': 'NULL_2', 'K': 5}
disc {'ind': -11.553624989471002, 'tree': -9.747220734840488, 'lcm': -10.284469676739887, 'lcm_minus_tree': -0.5372489418993996, 'se': 0.1252772492704021, 'tree_minus_ind': 1.8064042546305146, 'n_complete': 113, 'name': 'NULL_3', 'K': 5}
pred main 2 False 1 {'marg': 0.8898, 'good': 0.7905, 'hdr': 0.9037, 'form': 0.8894, 'formgood': 0.7901, 'tablet': 0.5479}
pred main 2 False 0 {'marg': 0.8897, 'good': 0.7805, 'hdr': 0.8976, 'form': 0.8897, 'formgood': 0.7801, 'tablet': 0.5477}
pred main 2 False 2 {'marg': 0.8908, 'good': 0.7796, 'hdr': 0.9021, 'form': 0.8924, 'formgood': 0.7805, 'tablet': 0.5478}
pred main 2 False 3 {'marg': 0.8908, 'good': 0.784, 'hdr': 0.8983, 'form': 0.8908, 'formgood': 0.7839, 'tablet': 0.5475}
pred main 4 False 0 {'marg': 0.8897, 'good': 0.7805, 'hdr': 0.8976, 'form': 0.8909, 'formgood': 0.7816, 'tablet': 0.5477}
pred main 4 False 1 {'marg': 0.8898, 'good': 0.7905, 'hdr': 0.9037, 'form': 0.8926, 'formgood': 0.7936, 'tablet': 0.5479}
pred main 4 False 2 {'marg': 0.8908, 'good': 0.7796, 'hdr': 0.9021, 'form': 0.8999, 'formgood': 0.7874, 'tablet': 0.5478}
pred main 4 False 3 {'marg': 0.8908, 'good': 0.784, 'hdr': 0.8983, 'form': 0.8923, 'formgood': 0.7856, 'tablet': 0.5475}
pred main 5 False 1 {'marg': 0.8898, 'good': 0.7905, 'hdr': 0.9037, 'form': 0.8922, 'formgood': 0.7925, 'tablet': 0.5479}
pred main 5 False 0 {'marg': 0.8897, 'good': 0.7805, 'hdr': 0.8976, 'form': 0.8926, 'formgood': 0.7823, 'tablet': 0.5477}
pred main 5 False 2 {'marg': 0.8908, 'good': 0.7796, 'hdr': 0.9021, 'form': 0.9004, 'formgood': 0.7866, 'tablet': 0.5478}
pred main 5 False 3 {'marg': 0.8908, 'good': 0.784, 'hdr': 0.8983, 'form': 0.8879, 'formgood': 0.7812, 'tablet': 0.5475}
pred main 8 False 1 {'marg': 0.8898, 'good': 0.7905, 'hdr': 0.9037, 'form': 0.8904, 'formgood': 0.7936, 'tablet': 0.5479}
pred main 8 False 0 {'marg': 0.8897, 'good': 0.7805, 'hdr': 0.8976, 'form': 0.8846, 'formgood': 0.7765, 'tablet': 0.5477}
pred main 8 False 3 {'marg': 0.8908, 'good': 0.784, 'hdr': 0.8983, 'form': 0.8963, 'formgood': 0.7894, 'tablet': 0.5475}
pred main 8 False 2 {'marg': 0.8908, 'good': 0.7796, 'hdr': 0.9021, 'form': 0.894, 'formgood': 0.7836, 'tablet': 0.5478}
pred main 5 True 0 {'marg': 0.889, 'good': 0.7814, 'hdr': 0.8961, 'form': 0.8923, 'formgood': 0.784, 'tablet': 0.5476}
pred main 5 True 1 {'marg': 0.8902, 'good': 0.7872, 'hdr': 0.9013, 'form': 0.8896, 'formgood': 0.7859, 'tablet': 0.5477}
pred main 5 True 2 {'marg': 0.8912, 'good': 0.7818, 'hdr': 0.8995, 'form': 0.8946, 'formgood': 0.7843, 'tablet': 0.5475}
pred main 5 True 3 {'marg': 0.8917, 'good': 0.7822, 'hdr': 0.9016, 'form': 0.8936, 'formgood': 0.7833, 'tablet': 0.5476}
pred strict 2 False 0 {'marg': 0.8897, 'good': 0.7805, 'hdr': 0.8976, 'form': 0.89, 'formgood': 0.7807, 'tablet': 0.5477}
pred strict 2 False 1 {'marg': 0.8898, 'good': 0.7905, 'hdr': 0.9037, 'form': 0.8929, 'formgood': 0.7936, 'tablet': 0.5479}
pred strict 2 False 2 {'marg': 0.8908, 'good': 0.7796, 'hdr': 0.9021, 'form': 0.893, 'formgood': 0.7816, 'tablet': 0.5478}
pred strict 2 False 3 {'marg': 0.8908, 'good': 0.784, 'hdr': 0.8983, 'form': 0.8922, 'formgood': 0.7856, 'tablet': 0.5475}
