PE {'LM': np.float64(8.845), 'POLYA': np.float64(8.425), 'BAG_WR': np.float64(8.501), 'BAG_WOR': np.float64(8.846), 'STAMP': np.float64(8.464)}
PE_SHUF0 {'LM': np.float64(8.436), 'POLYA': np.float64(8.369), 'BAG_WR': np.float64(8.401), 'BAG_WOR': np.float64(8.436), 'STAMP': np.float64(8.408)}
PE_SHUF2 {'LM': np.float64(8.4), 'POLYA': np.float64(8.303), 'BAG_WR': np.float64(8.352), 'BAG_WOR': np.float64(8.4), 'STAMP': np.float64(8.356)}
PE_SHUF1 {'LM': np.float64(8.473), 'POLYA': np.float64(8.396), 'BAG_WR': np.float64(8.431), 'BAG_WOR': np.float64(8.474), 'STAMP': np.float64(8.437)}
LINB {'LM': np.float64(5.786), 'POLYA': np.float64(5.602), 'BAG_WR': np.float64(5.707), 'BAG_WOR': np.float64(5.786), 'STAMP': np.float64(5.704)}
UR3 {'LM': np.float64(3.982), 'POLYA': np.float64(3.97), 'BAG_WR': np.float64(3.97), 'BAG_WOR': np.float64(3.982), 'STAMP': np.float64(3.975)}
PLANT_LM0 {'LM': np.float64(7.297), 'POLYA': np.float64(7.234), 'BAG_WR': np.float64(7.264), 'BAG_WOR': np.float64(7.295), 'STAMP': np.float64(7.267)}
PLANT_LM1 {'LM': np.float64(7.156), 'POLYA': np.float64(7.101), 'BAG_WR': np.float64(7.128), 'BAG_WOR': np.float64(7.159), 'STAMP': np.float64(7.133)}
PLANT_POLYA0 {'LM': np.float64(8.599), 'POLYA': np.float64(5.012), 'BAG_WR': np.float64(5.264), 'BAG_WOR': np.float64(6.046), 'STAMP': np.float64(6.493)}
PLANT_POLYA1 {'LM': np.float64(8.854), 'POLYA': np.float64(5.305), 'BAG_WR': np.float64(5.487), 'BAG_WOR': np.float64(6.275), 'STAMP': np.float64(6.739)}
PLANT_BAG0 {'LM': np.float64(8.396), 'POLYA': np.float64(7.639), 'BAG_WR': np.float64(7.423), 'BAG_WOR': np.float64(6.963), 'STAMP': np.float64(7.54)}
PLANT_BAG1 {'LM': np.float64(8.37), 'POLYA': np.float64(7.572), 'BAG_WR': np.float64(7.339), 'BAG_WOR': np.float64(6.775), 'STAMP': np.float64(7.509)}
PE             LM 8.845 POLYA 8.425 BAG_WR 8.501 BAG_WOR 8.846 STAMP 8.464 | win POLYA | pars {'K': 0, 'c': 0, 'eps': 0, 'th': 300, 'S': 1, 'base': 1, 'a': 0.5}
PE_SHUF0       LM 8.436 POLYA 8.369 BAG_WR 8.401 BAG_WOR 8.436 STAMP 8.408 | win POLYA | pars {'K': 0, 'c': 0, 'eps': 0, 'th': 300, 'S': 1, 'base': 1, 'a': 0.5}
PE_SHUF1       LM 8.473 POLYA 8.396 BAG_WR 8.431 BAG_WOR 8.474 STAMP 8.437 | win POLYA | pars {'K': 0, 'c': 0, 'eps': 0, 'th': 300, 'S': 1, 'base': 1, 'a': 0.5}
PE_SHUF2       LM 8.400 POLYA 8.303 BAG_WR 8.352 BAG_WOR 8.400 STAMP 8.356 | win POLYA | pars {'K': 0, 'c': 0, 'eps': 0, 'th': 300, 'S': 1, 'base': 1, 'a': 0.5}
UR3            LM 3.982 POLYA 3.970 BAG_WR 3.970 BAG_WOR 3.982 STAMP 3.975 | win POLYA | pars {'K': 0, 'c': 0, 'eps': 0, 'th': 300, 'S': 1, 'base': 1, 'a': 0.5}
LINB           LM 5.786 POLYA 5.602 BAG_WR 5.707 BAG_WOR 5.786 STAMP 5.704 | win POLYA | pars {'K': 0, 'c': 0, 'eps': 0, 'th': 300, 'S': 1, 'base': 1, 'a': 0.5}
PLANT_LM0      LM 7.297 POLYA 7.234 BAG_WR 7.264 BAG_WOR 7.295 STAMP 7.267 | win POLYA | pars {'K': 0, 'c': 0, 'eps': 0, 'th': 300, 'S': 1, 'base': 1, 'a': 0.5}
PLANT_LM1      LM 7.156 POLYA 7.101 BAG_WR 7.128 BAG_WOR 7.159 STAMP 7.133 | win POLYA | pars {'K': 0, 'c': 0, 'eps': 0, 'th': 300, 'S': 1, 'base': 1, 'a': 0.5}
PLANT_POLYA0   LM 8.599 POLYA 5.012 BAG_WR 5.264 BAG_WOR 6.046 STAMP 6.493 | win POLYA | pars {'K': 0, 'c': 0, 'eps': 0, 'th': 10, 'S': 1, 'base': 1, 'a': 0.5}
PLANT_POLYA1   LM 8.854 POLYA 5.305 BAG_WR 5.487 BAG_WOR 6.275 STAMP 6.739 | win POLYA | pars {'K': 0, 'c': 0, 'eps': 0, 'th': 10, 'S': 1, 'base': 1, 'a': 0.5}
PLANT_BAG0     LM 8.396 POLYA 7.639 BAG_WR 7.423 BAG_WOR 6.963 STAMP 7.540 | win BAG_WOR | pars {'K': 12, 'c': 2, 'eps': 0.5, 'th': 1, 'S': 1, 'base': 1, 'a': 0.5}
PLANT_BAG1     LM 8.370 POLYA 7.572 BAG_WR 7.339 BAG_WOR 6.775 STAMP 7.509 | win BAG_WOR | pars {'K': 12, 'c': 2, 'eps': 0.5, 'th': 1, 'S': 1, 'base': 1, 'a': 0.5}
