PREC truth_fsa s1 gen 25 f 7184.6 S=6 push 0 pop 0 depth_mass 0.0 (7s)
PREC truth_pda s1 gen 25 f 7051.3 S=7 push 1 pop 1 depth_mass 1412.1 (10s)
PREC truth_fsa s1 gen 50 f 7184.6 S=6 push 0 pop 0 depth_mass 0.0 (14s)
PREC truth_fsa s1 gen 75 f 7184.6 S=6 push 0 pop 0 depth_mass 0.0 (21s)
PREC truth_pda s1 gen 50 f 7051.3 S=7 push 1 pop 1 depth_mass 1412.1 (21s)
PREC truth_fsa s1 gen 100 f 7184.6 S=6 push 0 pop 0 depth_mass 0.0 (28s)
PREC truth_pda s1 gen 75 f 7051.3 S=7 push 1 pop 1 depth_mass 1412.1 (31s)
PREC truth_fsa s1 gen 125 f 7184.6 S=6 push 0 pop 0 depth_mass 0.0 (34s)
PREC truth_fsa s1 gen 150 f 7184.6 S=6 push 0 pop 0 depth_mass 0.0 (41s)
PREC truth_pda s1 gen 100 f 7051.3 S=7 push 1 pop 1 depth_mass 1412.1 (42s)
PREC truth_fsa s1 gen 175 f 7184.6 S=6 push 0 pop 0 depth_mass 0.0 (48s)
PREC truth_pda s1 gen 125 f 7051.3 S=7 push 1 pop 1 depth_mass 1412.1 (53s)
PREC truth_fsa s1 gen 200 f 7184.6 S=6 push 0 pop 0 depth_mass 0.0 (54s)
PREC truth_fsa s1 gen 225 f 7184.6 S=6 push 0 pop 0 depth_mass 0.0 (61s)
PREC truth_pda s1 gen 150 f 7051.3 S=7 push 1 pop 1 depth_mass 1412.1 (64s)
PREC truth_fsa s1 gen 250 f 7184.6 S=6 push 0 pop 0 depth_mass 0.0 (68s)
PREC truth_pda s1 gen 175 f 7051.3 S=7 push 1 pop 1 depth_mass 1412.1 (74s)
PREC truth_fsa s1 gen 275 f 7184.6 S=6 push 0 pop 0 depth_mass 0.0 (75s)
PREC truth_fsa s1 gen 300 f 7184.6 S=6 push 0 pop 0 depth_mass 0.0 (81s)
PREC truth_pda s1 gen 200 f 7051.3 S=7 push 1 pop 1 depth_mass 1412.1 (85s)
PREC fsa s1 gen 25 f 6738.8 S=5 push 0 pop 0 depth_mass 0.0 (7s)
PREC truth_pda s1 gen 225 f 7051.3 S=7 push 1 pop 1 depth_mass 1412.1 (95s)
PREC fsa s1 gen 50 f 6738.8 S=5 push 0 pop 0 depth_mass 0.0 (13s)
PREC fsa s1 gen 75 f 6738.8 S=5 push 0 pop 0 depth_mass 0.0 (20s)
PREC truth_pda s1 gen 250 f 6447.9 S=9 push 1 pop 2 depth_mass 1697.2 (107s)
PREC fsa s1 gen 100 f 6738.8 S=5 push 0 pop 0 depth_mass 0.0 (27s)
PREC fsa s1 gen 125 f 6738.8 S=5 push 0 pop 0 depth_mass 0.0 (34s)
PREC truth_pda s1 gen 275 f 6447.9 S=9 push 1 pop 2 depth_mass 1697.2 (122s)
PREC fsa s1 gen 150 f 6738.8 S=5 push 0 pop 0 depth_mass 0.0 (41s)
PREC fsa s1 gen 175 f 6738.8 S=5 push 0 pop 0 depth_mass 0.0 (47s)
PREC fsa s1 gen 200 f 6738.8 S=5 push 0 pop 0 depth_mass 0.0 (55s)
PREC truth_pda s1 gen 300 f 6447.9 S=9 push 1 pop 2 depth_mass 1697.2 (138s)
PREC fsa s1 gen 225 f 6738.8 S=5 push 0 pop 0 depth_mass 0.0 (62s)
PREC pda s1 gen 25 f 6738.8 S=5 push 0 pop 0 depth_mass 0.0 (8s)
PREC fsa s1 gen 250 f 6738.8 S=5 push 0 pop 0 depth_mass 0.0 (69s)
PREC pda s1 gen 50 f 6738.8 S=5 push 0 pop 0 depth_mass 0.0 (17s)
PREC fsa s1 gen 275 f 6738.8 S=5 push 0 pop 0 depth_mass 0.0 (75s)
PREC fsa s1 gen 300 f 6738.8 S=5 push 0 pop 0 depth_mass 0.0 (80s)
PREC pda s1 gen 75 f 6738.8 S=5 push 0 pop 0 depth_mass 0.0 (25s)
PFLAT fsa s1 gen 25 f 4750.7 S=7 push 0 pop 0 depth_mass 0.0 (6s)
PREC pda s1 gen 100 f 6738.8 S=5 push 0 pop 0 depth_mass 0.0 (32s)
PFLAT fsa s1 gen 50 f 4750.7 S=7 push 0 pop 0 depth_mass 0.0 (12s)
PREC pda s1 gen 125 f 6738.8 S=5 push 0 pop 0 depth_mass 0.0 (39s)
PFLAT fsa s1 gen 75 f 4750.7 S=7 push 0 pop 0 depth_mass 0.0 (18s)
PREC pda s1 gen 150 f 6738.8 S=5 push 0 pop 0 depth_mass 0.0 (45s)
PFLAT fsa s1 gen 100 f 4750.7 S=7 push 0 pop 0 depth_mass 0.0 (24s)
PREC pda s1 gen 175 f 6738.8 S=5 push 0 pop 0 depth_mass 0.0 (52s)
PFLAT fsa s1 gen 125 f 4750.7 S=7 push 0 pop 0 depth_mass 0.0 (29s)
PREC pda s1 gen 200 f 6738.8 S=5 push 0 pop 0 depth_mass 0.0 (59s)
PFLAT fsa s1 gen 150 f 4750.7 S=7 push 0 pop 0 depth_mass 0.0 (35s)
PREC pda s1 gen 225 f 6738.8 S=5 push 0 pop 0 depth_mass 0.0 (65s)
PFLAT fsa s1 gen 175 f 4750.7 S=7 push 0 pop 0 depth_mass 0.0 (42s)
PREC pda s1 gen 250 f 6738.8 S=5 push 0 pop 0 depth_mass 0.0 (72s)
PFLAT fsa s1 gen 200 f 4750.7 S=7 push 0 pop 0 depth_mass 0.0 (48s)
PFLAT fsa s1 gen 225 f 4750.7 S=7 push 0 pop 0 depth_mass 0.0 (53s)
PREC pda s1 gen 275 f 6738.8 S=5 push 0 pop 0 depth_mass 0.0 (79s)
PFLAT fsa s1 gen 250 f 4750.7 S=7 push 0 pop 0 depth_mass 0.0 (60s)
PREC pda s1 gen 300 f 6738.8 S=5 push 0 pop 0 depth_mass 0.0 (86s)
PFLAT fsa s1 gen 275 f 4750.7 S=7 push 0 pop 0 depth_mass 0.0 (66s)
PFLAT pda s1 gen 25 f 4585.8 S=7 push 1 pop 1 depth_mass 1730.5 (9s)
PFLAT fsa s1 gen 300 f 4750.7 S=7 push 0 pop 0 depth_mass 0.0 (72s)
LA fsa s1 gen 25 f 8049.0 S=4 push 0 pop 0 depth_mass 0.0 (6s)
PFLAT pda s1 gen 50 f 4585.8 S=7 push 1 pop 1 depth_mass 1730.5 (18s)
LA fsa s1 gen 50 f 8049.0 S=4 push 0 pop 0 depth_mass 0.0 (11s)
PFLAT pda s1 gen 75 f 4585.8 S=7 push 1 pop 1 depth_mass 1730.5 (27s)
LA fsa s1 gen 75 f 8049.0 S=4 push 0 pop 0 depth_mass 0.0 (15s)
LA fsa s1 gen 100 f 8049.0 S=4 push 0 pop 0 depth_mass 0.0 (20s)
PFLAT pda s1 gen 100 f 4585.8 S=7 push 1 pop 1 depth_mass 1730.5 (34s)
LA fsa s1 gen 125 f 8049.0 S=4 push 0 pop 0 depth_mass 0.0 (25s)
LA fsa s1 gen 150 f 8049.0 S=4 push 0 pop 0 depth_mass 0.0 (31s)
PFLAT pda s1 gen 125 f 4585.8 S=7 push 1 pop 1 depth_mass 1730.5 (43s)
LA fsa s1 gen 175 f 8049.0 S=4 push 0 pop 0 depth_mass 0.0 (35s)
PFLAT pda s1 gen 150 f 4585.8 S=7 push 1 pop 1 depth_mass 1730.5 (50s)
LA fsa s1 gen 200 f 8049.0 S=4 push 0 pop 0 depth_mass 0.0 (40s)
LA fsa s1 gen 225 f 8049.0 S=4 push 0 pop 0 depth_mass 0.0 (45s)
PFLAT pda s1 gen 175 f 4585.8 S=7 push 1 pop 1 depth_mass 1730.5 (58s)
LA fsa s1 gen 250 f 8049.0 S=4 push 0 pop 0 depth_mass 0.0 (51s)
PFLAT pda s1 gen 200 f 4585.8 S=7 push 1 pop 1 depth_mass 1730.5 (67s)
LA fsa s1 gen 275 f 8049.0 S=4 push 0 pop 0 depth_mass 0.0 (56s)
LA fsa s1 gen 300 f 8049.0 S=4 push 0 pop 0 depth_mass 0.0 (61s)
PFLAT pda s1 gen 225 f 4585.8 S=7 push 1 pop 1 depth_mass 1730.5 (76s)
LA pda s1 gen 25 f 8049.0 S=4 push 0 pop 0 depth_mass 0.0 (7s)
PFLAT pda s1 gen 250 f 4585.8 S=7 push 1 pop 1 depth_mass 1730.5 (85s)
LA pda s1 gen 50 f 7986.2 S=6 push 1 pop 1 depth_mass 427.3 (14s)
PFLAT pda s1 gen 275 f 4585.8 S=7 push 1 pop 1 depth_mass 1730.5 (93s)
LA pda s1 gen 75 f 7986.2 S=6 push 1 pop 1 depth_mass 427.3 (22s)
PFLAT pda s1 gen 300 f 4585.8 S=7 push 1 pop 1 depth_mass 1730.5 (102s)
LA pda s1 gen 100 f 7986.2 S=6 push 1 pop 1 depth_mass 427.3 (32s)
LB fsa s1 gen 25 f 8705.9 S=7 push 0 pop 0 depth_mass 0.0 (5s)
LB fsa s1 gen 50 f 8705.9 S=7 push 0 pop 0 depth_mass 0.0 (9s)
LA pda s1 gen 125 f 7986.2 S=6 push 1 pop 1 depth_mass 427.3 (41s)
LB fsa s1 gen 75 f 8705.9 S=7 push 0 pop 0 depth_mass 0.0 (14s)
LB fsa s1 gen 100 f 8705.9 S=7 push 0 pop 0 depth_mass 0.0 (19s)
LB fsa s1 gen 125 f 8705.9 S=7 push 0 pop 0 depth_mass 0.0 (23s)
LA pda s1 gen 150 f 7986.2 S=6 push 1 pop 1 depth_mass 427.3 (52s)
LB fsa s1 gen 150 f 8705.9 S=7 push 0 pop 0 depth_mass 0.0 (27s)
LB fsa s1 gen 175 f 8705.9 S=7 push 0 pop 0 depth_mass 0.0 (31s)
LA pda s1 gen 175 f 7986.2 S=6 push 1 pop 1 depth_mass 427.3 (62s)
LB fsa s1 gen 200 f 8705.9 S=7 push 0 pop 0 depth_mass 0.0 (35s)
LB fsa s1 gen 225 f 8705.9 S=7 push 0 pop 0 depth_mass 0.0 (39s)
LA pda s1 gen 200 f 7986.2 S=6 push 1 pop 1 depth_mass 427.3 (72s)
LB fsa s1 gen 250 f 8705.9 S=7 push 0 pop 0 depth_mass 0.0 (43s)
LB fsa s1 gen 275 f 8705.9 S=7 push 0 pop 0 depth_mass 0.0 (48s)
LB fsa s1 gen 300 f 8705.9 S=7 push 0 pop 0 depth_mass 0.0 (53s)
LA pda s1 gen 225 f 7986.2 S=6 push 1 pop 1 depth_mass 427.3 (83s)
LB pda s1 gen 25 f 8705.9 S=7 push 0 pop 0 depth_mass 0.0 (5s)
LB pda s1 gen 50 f 8705.9 S=7 push 0 pop 0 depth_mass 0.0 (10s)
LA pda s1 gen 250 f 7986.2 S=6 push 1 pop 1 depth_mass 427.3 (93s)
LB pda s1 gen 75 f 8705.9 S=7 push 0 pop 0 depth_mass 0.0 (14s)
LB pda s1 gen 100 f 8705.9 S=7 push 0 pop 0 depth_mass 0.0 (19s)
LA pda s1 gen 275 f 7986.2 S=6 push 1 pop 1 depth_mass 427.3 (103s)
LB pda s1 gen 125 f 8705.9 S=7 push 0 pop 0 depth_mass 0.0 (24s)
LB pda s1 gen 150 f 8705.9 S=7 push 0 pop 0 depth_mass 0.0 (30s)
LA pda s1 gen 300 f 7986.2 S=6 push 1 pop 1 depth_mass 427.3 (113s)
LB pda s1 gen 175 f 8705.9 S=7 push 0 pop 0 depth_mass 0.0 (35s)
LB2 fsa s1 gen 25 f 8634.1 S=7 push 0 pop 0 depth_mass 0.0 (5s)
LB2 fsa s1 gen 50 f 8634.1 S=7 push 0 pop 0 depth_mass 0.0 (9s)
LB pda s1 gen 200 f 8705.9 S=7 push 0 pop 0 depth_mass 0.0 (41s)
LB2 fsa s1 gen 75 f 8634.1 S=7 push 0 pop 0 depth_mass 0.0 (13s)
LB pda s1 gen 225 f 8705.9 S=7 push 0 pop 0 depth_mass 0.0 (46s)
LB2 fsa s1 gen 100 f 8634.1 S=7 push 0 pop 0 depth_mass 0.0 (18s)
LB pda s1 gen 250 f 8705.9 S=7 push 0 pop 0 depth_mass 0.0 (52s)
LB2 fsa s1 gen 125 f 8634.1 S=7 push 0 pop 0 depth_mass 0.0 (22s)
LB pda s1 gen 275 f 8705.9 S=7 push 0 pop 0 depth_mass 0.0 (57s)
LB2 fsa s1 gen 150 f 8634.1 S=7 push 0 pop 0 depth_mass 0.0 (26s)
LB pda s1 gen 300 f 8705.9 S=7 push 0 pop 0 depth_mass 0.0 (62s)
LB2 fsa s1 gen 175 f 8634.1 S=7 push 0 pop 0 depth_mass 0.0 (30s)
LB2 fsa s1 gen 200 f 8634.1 S=7 push 0 pop 0 depth_mass 0.0 (35s)
LB2 pda s1 gen 25 f 8634.1 S=7 push 0 pop 0 depth_mass 0.0 (6s)
LB2 fsa s1 gen 225 f 8634.1 S=7 push 0 pop 0 depth_mass 0.0 (40s)
LB2 pda s1 gen 50 f 8634.1 S=7 push 0 pop 0 depth_mass 0.0 (11s)
LB2 fsa s1 gen 250 f 8634.1 S=7 push 0 pop 0 depth_mass 0.0 (44s)
LB2 pda s1 gen 75 f 8634.1 S=7 push 0 pop 0 depth_mass 0.0 (16s)
LB2 fsa s1 gen 275 f 8634.1 S=7 push 0 pop 0 depth_mass 0.0 (48s)
LB2 fsa s1 gen 300 f 8634.1 S=7 push 0 pop 0 depth_mass 0.0 (53s)
LB2 pda s1 gen 100 f 8634.1 S=7 push 0 pop 0 depth_mass 0.0 (22s)
PE fsa s1 gen 25 f 6844.0 S=4 push 0 pop 0 depth_mass 0.0 (5s)
LB2 pda s1 gen 125 f 8634.1 S=7 push 0 pop 0 depth_mass 0.0 (27s)
PE fsa s1 gen 50 f 6844.0 S=4 push 0 pop 0 depth_mass 0.0 (10s)
LB2 pda s1 gen 150 f 8634.1 S=7 push 0 pop 0 depth_mass 0.0 (33s)
PE fsa s1 gen 75 f 6844.0 S=4 push 0 pop 0 depth_mass 0.0 (15s)
LB2 pda s1 gen 175 f 8634.1 S=7 push 0 pop 0 depth_mass 0.0 (39s)
PE fsa s1 gen 100 f 6844.0 S=4 push 0 pop 0 depth_mass 0.0 (21s)
LB2 pda s1 gen 200 f 8634.1 S=7 push 0 pop 0 depth_mass 0.0 (44s)
PE fsa s1 gen 125 f 6844.0 S=4 push 0 pop 0 depth_mass 0.0 (27s)
LB2 pda s1 gen 225 f 8634.1 S=7 push 0 pop 0 depth_mass 0.0 (50s)
PE fsa s1 gen 150 f 6844.0 S=4 push 0 pop 0 depth_mass 0.0 (34s)
LB2 pda s1 gen 250 f 8634.1 S=7 push 0 pop 0 depth_mass 0.0 (56s)
PE fsa s1 gen 175 f 6844.0 S=4 push 0 pop 0 depth_mass 0.0 (40s)
LB2 pda s1 gen 275 f 8634.1 S=7 push 0 pop 0 depth_mass 0.0 (63s)
PE fsa s1 gen 200 f 6844.0 S=4 push 0 pop 0 depth_mass 0.0 (46s)
LB2 pda s1 gen 300 f 8634.1 S=7 push 0 pop 0 depth_mass 0.0 (68s)
PE fsa s1 gen 225 f 6844.0 S=4 push 0 pop 0 depth_mass 0.0 (51s)
PE pda s1 gen 25 f 6844.0 S=4 push 0 pop 0 depth_mass 0.0 (8s)
PE fsa s1 gen 250 f 6844.0 S=4 push 0 pop 0 depth_mass 0.0 (56s)
PE pda s1 gen 50 f 6844.0 S=4 push 0 pop 0 depth_mass 0.0 (14s)
PE fsa s1 gen 275 f 6844.0 S=4 push 0 pop 0 depth_mass 0.0 (62s)
PE pda s1 gen 75 f 6844.0 S=4 push 0 pop 0 depth_mass 0.0 (20s)PE fsa s1 gen 300 f 6844.0 S=4 push 0 pop 0 depth_mass 0.0 (67s)

PE pda s1 gen 100 f 6844.0 S=4 push 0 pop 0 depth_mass 0.0 (27s)
LAS fsa s1 gen 25 f 2014.1 S=4 push 0 pop 0 depth_mass 0.0 (7s)
PE pda s1 gen 125 f 6844.0 S=4 push 0 pop 0 depth_mass 0.0 (34s)
LAS fsa s1 gen 50 f 2014.1 S=4 push 0 pop 0 depth_mass 0.0 (16s)
PE pda s1 gen 150 f 6844.0 S=4 push 0 pop 0 depth_mass 0.0 (41s)
LAS fsa s1 gen 75 f 2014.1 S=4 push 0 pop 0 depth_mass 0.0 (24s)
PE pda s1 gen 175 f 6844.0 S=4 push 0 pop 0 depth_mass 0.0 (47s)
PE pda s1 gen 200 f 6844.0 S=4 push 0 pop 0 depth_mass 0.0 (52s)
LAS fsa s1 gen 100 f 2014.1 S=4 push 0 pop 0 depth_mass 0.0 (32s)
PE pda s1 gen 225 f 6844.0 S=4 push 0 pop 0 depth_mass 0.0 (59s)
LAS fsa s1 gen 125 f 2014.1 S=4 push 0 pop 0 depth_mass 0.0 (40s)
PE pda s1 gen 250 f 6844.0 S=4 push 0 pop 0 depth_mass 0.0 (65s)
LAS fsa s1 gen 150 f 2014.1 S=4 push 0 pop 0 depth_mass 0.0 (49s)
PE pda s1 gen 275 f 6844.0 S=4 push 0 pop 0 depth_mass 0.0 (72s)
LAS fsa s1 gen 175 f 2014.1 S=4 push 0 pop 0 depth_mass 0.0 (56s)
PE pda s1 gen 300 f 6844.0 S=4 push 0 pop 0 depth_mass 0.0 (79s)
LAS fsa s1 gen 200 f 2014.1 S=4 push 0 pop 0 depth_mass 0.0 (64s)
LAS pda s1 gen 25 f 2014.1 S=4 push 0 pop 0 depth_mass 0.0 (7s)
LAS fsa s1 gen 225 f 2014.1 S=4 push 0 pop 0 depth_mass 0.0 (72s)
LAS pda s1 gen 50 f 2014.1 S=4 push 0 pop 0 depth_mass 0.0 (18s)
LAS fsa s1 gen 250 f 2014.1 S=4 push 0 pop 0 depth_mass 0.0 (81s)
LAS pda s1 gen 75 f 2014.1 S=4 push 0 pop 0 depth_mass 0.0 (30s)
LAS fsa s1 gen 275 f 2014.1 S=4 push 0 pop 0 depth_mass 0.0 (92s)
LAS fsa s1 gen 300 f 2014.1 S=4 push 0 pop 0 depth_mass 0.0 (102s)
LAS pda s1 gen 100 f 2014.1 S=4 push 0 pop 0 depth_mass 0.0 (44s)
PREC truth_fsa s2 gen 25 f 7184.6 S=6 push 0 pop 0 depth_mass 0.0 (7s)
PREC truth_fsa s2 gen 50 f 7184.6 S=6 push 0 pop 0 depth_mass 0.0 (14s)
LAS pda s1 gen 125 f 2014.1 S=4 push 0 pop 0 depth_mass 0.0 (58s)
