  voynich KN k=1 B bits/tok 2.3676
  voynich KN k=2 B bits/tok 2.1583
  voynich KN k=3 B bits/tok 2.1559
  voynich KN k=4 B bits/tok 2.2077
  voynich KN k=5 B bits/tok 2.2786
voynich N 191654 V 34 k 3 {'A': 2.1597155369325893, 'B': 2.155929956634805, 'C': 2.097623659607935}
  voynich_shuf1 KN k=1 B bits/tok 3.9145
  voynich_shuf1 KN k=2 B bits/tok 3.9352
  voynich_shuf1 KN k=3 B bits/tok 4.1060
  voynich_shuf1 KN k=4 B bits/tok 4.2645
  voynich_shuf1 KN k=5 B bits/tok 4.3167
voynich_shuf1 N 191654 V 34 k 1 {'A': 3.9250861152909393, 'B': 3.9145181316372337, 'C': 3.915106029964842}
  voynich_mark1 KN k=1 B bits/tok 2.3125
  voynich_mark1 KN k=2 B bits/tok 2.0907
  voynich_mark1 KN k=3 B bits/tok 2.0584
  voynich_mark1 KN k=4 B bits/tok 2.0472
  voynich_mark1 KN k=5 B bits/tok 2.1253
voynich_mark1 N 189613 V 34 k 4 {'A': 2.148817606848768, 'B': 2.047164901990013, 'C': 2.064857861306703}
  voynich_shuf2 KN k=1 B bits/tok 3.9158
  voynich_shuf2 KN k=2 B bits/tok 3.9430
  voynich_shuf2 KN k=3 B bits/tok 4.1061
  voynich_shuf2 KN k=4 B bits/tok 4.2585
  voynich_shuf2 KN k=5 B bits/tok 4.3109
voynich_shuf2 N 191654 V 34 k 1 {'A': 3.9201168495765004, 'B': 3.91584463244563, 'C': 3.913295275352636}
  voynich_mark2 KN k=1 B bits/tok 2.3252
  voynich_mark2 KN k=2 B bits/tok 2.1044
  voynich_mark2 KN k=3 B bits/tok 2.0740
  voynich_mark2 KN k=4 B bits/tok 2.0697
  voynich_mark2 KN k=5 B bits/tok 2.1470
voynich_mark2 N 191241 V 33 k 4 {'A': 2.1573701222278734, 'B': 2.0697459232180213, 'C': 2.0828181426257113}
  linear_a KN k=1 B bits/tok 3.6698
  linear_a KN k=2 B bits/tok 3.5958
  linear_a KN k=3 B bits/tok 3.6152
linear_a N 13210 V 250 k 2 {'A': 3.629365505699953, 'B': 3.595790972844601, 'C': 3.698120172543042}
  linear_a_shuf1 KN k=1 B bits/tok 4.1221
  linear_a_shuf1 KN k=2 B bits/tok 4.1656
  linear_a_shuf1 KN k=3 B bits/tok 4.2200
linear_a_shuf1 N 13210 V 250 k 1 {'A': 4.083058485009231, 'B': 4.122050430861419, 'C': 4.264747478431709}
  linear_a_mark1 KN k=1 B bits/tok 3.5189
  linear_a_mark1 KN k=2 B bits/tok 3.2081
  linear_a_mark1 KN k=3 B bits/tok 3.2276
linear_a_mark1 N 13297 V 200 k 2 {'A': 3.4549952648649325, 'B': 3.2080890772297095, 'C': 3.2094680556568647}
  linear_a_shuf2 KN k=1 B bits/tok 4.1464
  linear_a_shuf2 KN k=2 B bits/tok 4.2012
  linear_a_shuf2 KN k=3 B bits/tok 4.2482
linear_a_shuf2 N 13210 V 250 k 1 {'A': 4.13804204550568, 'B': 4.14640158362428, 'C': 4.250374526782084}
  linear_a_mark2 KN k=1 B bits/tok 3.5681
  linear_a_mark2 KN k=2 B bits/tok 3.2173
  linear_a_mark2 KN k=3 B bits/tok 3.2244
linear_a_mark2 N 13133 V 203 k 2 {'A': 3.4083603728793292, 'B': 3.217265576815375, 'C': 3.184726074946271}
  proto_elamite KN k=1 B bits/tok 3.6591
  proto_elamite KN k=2 B bits/tok 3.6806
  proto_elamite KN k=3 B bits/tok 3.6929
proto_elamite N 37898 V 251 k 1 {'A': 3.8110969364980285, 'B': 3.6591220291864253, 'C': 3.7433907471225245}
  proto_elamite_shuf1 KN k=1 B bits/tok 3.9854
  proto_elamite_shuf1 KN k=2 B bits/tok 4.0444
  proto_elamite_shuf1 KN k=3 B bits/tok 4.1399
proto_elamite_shuf1 N 37898 V 251 k 1 {'A': 4.108979455900745, 'B': 3.98540074743623, 'C': 4.022068253837149}
  proto_elamite_mark1 KN k=1 B bits/tok 3.5791
  proto_elamite_mark1 KN k=2 B bits/tok 3.3783
  proto_elamite_mark1 KN k=3 B bits/tok 3.4462
proto_elamite_mark1 N 37774 V 251 k 2 {'A': 3.5508934645493855, 'B': 3.3783426598149284, 'C': 3.3684805085479734}
  proto_elamite_shuf2 KN k=1 B bits/tok 4.0097
  proto_elamite_shuf2 KN k=2 B bits/tok 4.0770
  proto_elamite_shuf2 KN k=3 B bits/tok 4.1714
proto_elamite_shuf2 N 37898 V 251 k 1 {'A': 4.0921315394116355, 'B': 4.009693760931269, 'C': 4.025326894313448}
  proto_elamite_mark2 KN k=1 B bits/tok 3.6048
  proto_elamite_mark2 KN k=2 B bits/tok 3.3887
  proto_elamite_mark2 KN k=3 B bits/tok 3.4610
proto_elamite_mark2 N 38238 V 251 k 2 {'A': 3.5869924864993674, 'B': 3.388684937666497, 'C': 3.330915107650046}
  voynich_grille KN k=1 B bits/tok 2.1556
  voynich_grille KN k=2 B bits/tok 1.2420
  voynich_grille KN k=3 B bits/tok 0.9016
  voynich_grille KN k=4 B bits/tok 0.8057
  voynich_grille KN k=5 B bits/tok 0.8062
voynich_grille N 217976 V 32 k 4 {'A': 0.8313874178324122, 'B': 0.8056520895237427, 'C': 0.811205028453338}
  linear_a_ledger KN k=1 B bits/tok 1.9917
  linear_a_ledger KN k=2 B bits/tok 1.7803
  linear_a_ledger KN k=3 B bits/tok 1.7654
linear_a_ledger N 14693 V 175 k 3 {'A': 1.8764773516127442, 'B': 1.7654167279727113, 'C': 1.7582501563386725}
  proto_elamite_ledger KN k=1 B bits/tok 2.2064
  proto_elamite_ledger KN k=2 B bits/tok 1.8576
  proto_elamite_ledger KN k=3 B bits/tok 1.7892
proto_elamite_ledger N 66198 V 251 k 3 {'A': 1.919137800450676, 'B': 1.789249770337374, 'C': 1.736858135041197}
  latin KN k=1 B bits/tok 3.3763
  latin KN k=2 B bits/tok 2.7667
  latin KN k=3 B bits/tok 2.3335
  latin KN k=4 B bits/tok 2.1567
  latin KN k=5 B bits/tok 2.1381
latin N 142429 V 26 k 5 {'A': 2.318532497096069, 'B': 2.138135989577246, 'C': 2.1275230817208697}
  linear_b KN k=1 B bits/tok 4.2247
  linear_b KN k=2 B bits/tok 3.8918
  linear_b KN k=3 B bits/tok 3.8655
linear_b N 11402 V 201 k 3 {'A': 4.434586306667457, 'B': 3.8654940469960266, 'C': 3.927448797158942}
