X1 chant true staff order: TP=44860427 null=970178 z=50.9 p=0.0
V-ZL                   held-out z=  52.6 (TP 654017 vs 7458) |rho halves|=0.27  order=qdCprkoyelSatnis
V-IT                   held-out z=  13.0 (TP 184023 vs 7873) |rho halves|=0.40  order=srtaSnyiklodqepC
vs-Latin-Caesar        held-out z=  27.1 (TP 694450 vs 20914) |rho halves|=0.08  order=JEQKHMPOCGFBDRNL
vs-Italian-Manzoni     held-out z=  25.7 (TP 1403304 vs 52864) |rho halves|=0.15  order=DBGJKEQRCLHOMPFN
vs-Italian-Dante       held-out z=  17.5 (TP 576351 vs 35047) |rho halves|=0.14  order=RNEFCPGMDLJHBQKO
X1 chant true staff order: TP=44860427 null=970178 z=50.9 p=0.0
chant-relabelled       held-out z=  60.4 (TP 11846477 vs 239236) |rho halves|=0.01  order=jdmlbgaekhfci
   recovered chant order in true letters: lmabcdefghijk
X1 chant true staff order: TP=44860427 null=970178 z=50.9 p=0.0
V-ZL-tri               held-out z=  21.0 (TP 203090 vs 6965) |rho halves|=0.32  order=sniatkoyeCrlqdSp
X1 chant true staff order: TP=44860427 null=970178 z=50.9 p=0.0
V-ZL-gshuf             held-out z=   9.4 (TP 37226 vs 9423) |rho halves|=0.01  order=pStqlkdyeoCairns
[seed 11/12] X1 chant true staff order: TP=44860427 null=891062 z=62.2 p=0.0
[seed 11/12] V-IT                   held-out z=  44.3 (TP 397164 vs 6747) |rho halves|=0.20  order=tsepyiqnloCkdSar
[seed 11/12] X1 chant true staff order: TP=44860427 null=897047 z=63.7 p=0.0
[seed 11/12] V-IT                   held-out z=  70.0 (TP 579044 vs 6646) |rho halves|=0.27  order=pSndoaklrCytieqs
[seed 11/12] X1 chant true staff order: TP=44860427 null=891062 z=62.2 p=0.0
[seed 11/12] V-ZL                   held-out z=  59.0 (TP 600989 vs 7599) |rho halves|=0.26  order=SqpetiyoCdknalrs
[seed 11/12] X1 chant true staff order: TP=44860427 null=897047 z=63.7 p=0.0
[seed 11/12] V-ZL                   held-out z=  46.1 (TP 428498 vs 7462) |rho halves|=0.39  order=doqSrakClnytiesp
