
== Voynich-ZL3b
  MI within-para                     obs 0.1921 null 0.0793 excess +0.1128 z  18.40
  offdiagMI within-para              obs 0.3648 null 0.2876 excess +0.0772 z  11.48
  same-rate within-para              obs 0.0850 null 0.1477 excess -0.0626 z -11.42
  MI lag2 within-para                obs 0.1235 null 0.0964 excess +0.0271 z   3.46
  MI lag3 within-para                obs 0.1284 null 0.1196 excess +0.0089 z   0.96
  MI lag4 within-para                obs 0.1487 null 0.1418 excess +0.0069 z   0.66
  MI column1 within-para             obs 0.1221 null 0.1157 excess +0.0064 z   0.91
  MI column2 within-para             obs 0.1099 null 0.1127 excess -0.0028 z  -0.47
  MI column3 within-para             obs 0.1413 null 0.1240 excess +0.0173 z   2.08
  MI second-glyph within-para        obs 0.0893 null 0.0826 excess +0.0067 z   1.36
  MI wrap last->first within-para    obs 0.0530 null 0.0555 excess -0.0025 z  -0.56
  top pairs                          [(2.37, 'q>C', 57, 24.1), (1.95, 'q>S', 50, 25.6), (1.74, 'o>q', 127, 73.0), (1.73, 'd>l', 15, 8.7), (1.6, 'd>q', 125, 78.0), (1.59, 'o>t', 34, 21.3), (1.4, 'd>t', 49, 34.9), (1.36, 'd>S', 36, 26.5), (1.35, 't>y', 45, 33.3), (1.33, 's>q', 73, 55.0), (1.33, 'q>y', 71, 53.4), (1.28, 'y>C', 20, 15.6)]
  bottom pairs                       [(0.26, 'q>q', 18, 69.6), (0.27, 'o>o', 16, 58.5), (0.45, 's>o', 18, 39.9), (0.63, 'd>d', 50, 79.9), (0.65, 'y>q', 35, 53.7), (0.68, 'y>s', 29, 42.8), (0.72, 'y>y', 60, 83.7), (0.73, 'o>d', 48, 65.4)]
  MI samepos-folio                   obs 0.1921 null 0.1075 excess +0.0846 z  13.85
  offdiagMI samepos-folio            obs 0.3648 null 0.3100 excess +0.0549 z   8.80
  same-rate samepos-folio            obs 0.0850 null 0.1210 excess -0.0359 z  -8.22
  MI samepos-lang+illus              obs 0.1921 null 0.0658 excess +0.1263 z  22.67
  offdiagMI samepos-lang+illus       obs 0.3648 null 0.2713 excess +0.0935 z  14.90
  same-rate samepos-lang+illus       obs 0.0850 null 0.1446 excess -0.0596 z  -9.89

== Voynich-IT2a
  MI within-para                     obs 0.2017 null 0.0845 excess +0.1172 z  18.99
  offdiagMI within-para              obs 0.3725 null 0.2923 excess +0.0802 z  12.18
  same-rate within-para              obs 0.0846 null 0.1482 excess -0.0636 z -10.73
  MI lag2 within-para                obs 0.1302 null 0.1033 excess +0.0268 z   3.70
  MI lag3 within-para                obs 0.1358 null 0.1259 excess +0.0099 z   0.94
  MI lag4 within-para                obs 0.1532 null 0.1507 excess +0.0025 z   0.19
  MI column1 within-para             obs 0.1299 null 0.1202 excess +0.0097 z   1.33
  MI column2 within-para             obs 0.1162 null 0.1202 excess -0.0040 z  -0.71
  MI column3 within-para             obs 0.1488 null 0.1327 excess +0.0161 z   2.11
  MI second-glyph within-para        obs 0.0961 null 0.0862 excess +0.0099 z   1.72
  MI wrap last->first within-para    obs 0.0521 null 0.0553 excess -0.0032 z  -0.78
  top pairs                          [(2.41, 'q>C', 55, 22.9), (1.94, 'q>S', 51, 26.3), (1.75, 'o>q', 130, 74.1), (1.65, 'd>q', 126, 76.2), (1.65, 'd>l', 15, 9.1), (1.58, 'o>t', 33, 20.9), (1.44, 'd>t', 47, 32.6), (1.38, 't>y', 43, 31.2), (1.37, 'q>y', 73, 53.2), (1.36, 'y>C', 20, 14.7), (1.36, 'C>o', 21, 15.4), (1.34, 's>q', 73, 54.3)]
  bottom pairs                       [(0.27, 'q>q', 20, 73.5), (0.48, 's>o', 19, 39.6), (0.61, 'y>q', 33, 53.9), (0.64, 'd>d', 49, 77.0), (0.65, 'y>s', 26, 40.3), (0.7, 'y>y', 59, 84.0), (0.78, 'o>d', 50, 64.2), (0.81, 'd>o', 52, 64.0)]
  MI samepos-folio                   obs 0.2017 null 0.1169 excess +0.0848 z  14.99
  offdiagMI samepos-folio            obs 0.3725 null 0.3190 excess +0.0535 z   9.53
  same-rate samepos-folio            obs 0.0846 null 0.1201 excess -0.0356 z  -7.83
  MI samepos-lang+illus              obs 0.2017 null 0.0708 excess +0.1309 z  22.95
  offdiagMI samepos-lang+illus       obs 0.3725 null 0.2770 excess +0.0956 z  14.98
  same-rate samepos-lang+illus       obs 0.0846 null 0.1437 excess -0.0592 z  -8.67

== Latin letter-acrostic (pos)
  MI within-para                     obs 0.1587 null 0.0374 excess +0.1214 z  25.76
  offdiagMI within-para              obs 0.3549 null 0.2483 excess +0.1065 z  21.04
  same-rate within-para              obs 0.0820 null 0.1191 excess -0.0371 z  -7.43
  MI lag2 within-para                obs 0.0826 null 0.0429 excess +0.0398 z   6.66
  MI lag3 within-para                obs 0.0753 null 0.0517 excess +0.0236 z   3.31
  MI lag4 within-para                obs 0.0600 null 0.0623 excess -0.0022 z  -0.24
  MI column1 within-para             obs 0.0296 null 0.0239 excess +0.0057 z   1.59
  MI column2 within-para             obs 0.0201 null 0.0234 excess -0.0034 z  -0.97
  MI column3 within-para             obs 0.0282 null 0.0258 excess +0.0024 z   0.66
  MI second-glyph within-para        obs 0.1584 null 0.0456 excess +0.1128 z  30.18
  MI wrap last->first within-para    obs 0.0276 null 0.0215 excess +0.0062 z   1.96
  top pairs                          [(2.69, 'f>k', 57, 21.2), (1.58, 'k>a', 29, 18.3), (1.58, 'i>j', 90, 56.9), (1.5, 'i>c', 72, 48.1), (1.47, 'a>b', 91, 62.0), (1.46, 'j>f', 58, 39.7), (1.4, 'i>a', 149, 106.1), (1.33, 'l>f', 67, 50.4), (1.31, 'c>f', 40, 30.6), (1.3, 'b>i', 61, 46.9), (1.28, 'c>l', 38, 29.7), (1.28, 'c>b', 26, 20.3)]
  bottom pairs                       [(0.55, 'a>a', 45, 81.5), (0.57, 'l>c', 17, 29.7), (0.65, 'b>f', 22, 33.9), (0.65, 'f>j', 25, 38.6), (0.66, 'i>f', 48, 72.3), (0.67, 'i>i', 55, 82.6), (0.69, 'a>c', 23, 33.1), (0.73, 'f>a', 58, 79.3)]

== Latin prose (neg)
  MI within-para                     obs 0.0173 null 0.0235 excess -0.0062 z  -1.83
  offdiagMI within-para              obs 0.2081 null 0.2149 excess -0.0068 z  -1.65
  same-rate within-para              obs 0.1293 null 0.1286 excess +0.0007 z   0.13
  MI lag2 within-para                obs 0.0411 null 0.0300 excess +0.0111 z   2.38
  MI lag3 within-para                obs 0.0388 null 0.0421 excess -0.0033 z  -0.56
  MI lag4 within-para                obs 0.0550 null 0.0545 excess +0.0005 z   0.06
  MI column1 within-para             obs 0.0193 null 0.0216 excess -0.0024 z  -0.70
  MI column2 within-para             obs 0.0206 null 0.0256 excess -0.0049 z  -1.32
  MI column3 within-para             obs 0.0297 null 0.0246 excess +0.0051 z   1.36
  MI second-glyph within-para        obs 0.0355 null 0.0365 excess -0.0010 z  -0.29
  MI wrap last->first within-para    obs 0.0306 null 0.0205 excess +0.0101 z   2.98
  top pairs                          [(1.55, 'g>i', 16, 10.3), (1.33, 'b>c', 22, 16.6), (1.29, 'g>f', 22, 17.1), (1.24, 'c>c', 36, 29.1), (1.23, 'l>h', 33, 26.9), (1.19, 'c>h', 22, 18.4), (1.18, 'l>c', 30, 25.4), (1.18, 'i>l', 39, 33.1), (1.16, 'l>a', 33, 28.6), (1.14, 'j>f', 77, 67.6), (1.12, 'i>i', 46, 40.9), (1.12, 'h>l', 30, 26.9)]
  bottom pairs                       [(0.71, 'h>h', 16, 22.4), (0.79, 'k>f', 16, 20.3), (0.8, 'a>h', 24, 30.1), (0.8, 'b>i', 18, 22.6), (0.82, 'j>l', 23, 27.9), (0.82, 'l>l', 22, 26.9), (0.88, 'c>l', 21, 23.9), (0.89, 'a>c', 26, 29.3)]

== Latin persistence p=.3
  MI within-para                     obs 0.3609 null 0.1057 excess +0.2552 z  31.14
  offdiagMI within-para              obs 0.2266 null 0.2184 excess +0.0082 z   1.82
  same-rate within-para              obs 0.3844 null 0.2441 excess +0.1402 z  24.54
  MI lag2 within-para                obs 0.0829 null 0.0890 excess -0.0061 z  -0.67
  MI lag3 within-para                obs 0.0412 null 0.0885 excess -0.0473 z  -4.39
  MI lag4 within-para                obs 0.0532 null 0.0909 excess -0.0376 z  -2.75
  MI column1 within-para             obs 0.0193 null 0.0216 excess -0.0024 z  -0.70
  MI column2 within-para             obs 0.0206 null 0.0256 excess -0.0049 z  -1.32
  MI column3 within-para             obs 0.0297 null 0.0246 excess +0.0051 z   1.36
  MI second-glyph within-para        obs 0.2797 null 0.0990 excess +0.1807 z  26.50
  MI wrap last->first within-para    obs 0.0261 null 0.0208 excess +0.0053 z   1.73
  top pairs                          [(2.26, 'g>g', 31, 13.7), (1.89, 'k>k', 28, 14.8), (1.85, 'b>b', 50, 27.0), (1.84, 'h>h', 95, 51.7), (1.73, 'c>c', 113, 65.3), (1.66, 'j>j', 107, 64.4), (1.65, 'a>a', 93, 56.4), (1.58, 'l>l', 102, 64.4), (1.51, 'i>i', 116, 76.8), (1.33, 'f>f', 282, 211.4), (1.09, 'g>f', 17, 15.7), (1.05, 'h>i', 27, 25.7)]
  bottom pairs                       [(0.52, 'h>j', 18, 34.4), (0.66, 'a>h', 18, 27.1), (0.67, 'c>f', 40, 59.3), (0.7, 'j>i', 20, 28.5), (0.71, 'l>i', 21, 29.7), (0.73, 'f>h', 35, 48.2), (0.73, 'i>f', 45, 61.6), (0.73, 'j>l', 20, 27.5)]
