mix  0.0                    s0 frac=0.000 trainJ=0.694 testJ=0.640 mono=0.313 cd=0.0003 cmono=0.324 ccd=0.0002 sum=0.0000
mix  0.02                   s0 frac=0.019 trainJ=0.719 testJ=0.687 mono=0.322 cd=0.0030 cmono=0.336 ccd=0.0028 sum=0.0000
mix  0.0                    s2 frac=0.000 trainJ=0.684 testJ=0.659 mono=0.324 cd=0.0005 cmono=0.332 ccd=0.0002 sum=0.0000
mix  0.0                    s1 frac=0.000 trainJ=0.698 testJ=0.633 mono=0.310 cd=0.0002 cmono=0.322 ccd=0.0000 sum=0.0000
mix  0.02                   s1 frac=0.011 trainJ=0.693 testJ=0.634 mono=0.313 cd=0.0007 cmono=0.316 ccd=0.0002 sum=0.0000
mix  0.05                   s0 frac=0.065 trainJ=0.891 testJ=0.798 mono=0.327 cd=0.0160 cmono=0.349 ccd=0.0084 sum=0.0000
mix  0.02                   s2 frac=0.018 trainJ=0.739 testJ=0.661 mono=0.325 cd=0.0013 cmono=0.329 ccd=0.0002 sum=0.0000
mix  0.05                   s1 frac=0.036 trainJ=0.726 testJ=0.709 mono=0.320 cd=0.0024 cmono=0.337 ccd=0.0079 sum=0.0000
mix  0.05                   s2 frac=0.046 trainJ=0.839 testJ=0.748 mono=0.332 cd=0.0110 cmono=0.341 ccd=0.0039 sum=0.0000
mix  0.1                    s0 frac=0.109 trainJ=1.376 testJ=1.336 mono=0.377 cd=0.0682 cmono=0.378 ccd=0.0481 sum=0.0000
mix  0.1                    s2 frac=0.079 trainJ=0.959 testJ=0.844 mono=0.336 cd=0.0221 cmono=0.353 ccd=0.0089 sum=0.0000
mix  0.1                    s1 frac=0.085 trainJ=0.942 testJ=0.922 mono=0.328 cd=0.0283 cmono=0.350 ccd=0.0206 sum=0.0000
mix  0.2                    s0 frac=0.183 trainJ=1.280 testJ=1.151 mono=0.355 cd=0.0440 cmono=0.384 ccd=0.0385 sum=0.0000
mix  0.2                    s1 frac=0.167 trainJ=1.074 testJ=1.046 mono=0.363 cd=0.0428 cmono=0.358 ccd=0.0221 sum=0.0000
mix  0.2                    s2 frac=0.175 trainJ=1.429 testJ=1.176 mono=0.363 cd=0.0531 cmono=0.367 ccd=0.0359 sum=0.0000
mix  0.4                    s0 frac=0.349 trainJ=1.232 testJ=1.094 mono=0.392 cd=0.0360 cmono=0.414 ccd=0.0216 sum=0.0000
sec  ('H', 'real')          s0 frac=- trainJ=0.749 testJ=0.654 mono=0.338 cd=0.0000 cmono=0.315 ccd=0.0000 sum=0.0000
sec  ('H', 'real')          s1 frac=- trainJ=0.764 testJ=0.659 mono=0.337 cd=0.0011 cmono=0.317 ccd=0.0000 sum=0.0000
sec  ('H', 'shuf_inline')   s0 frac=- trainJ=0.756 testJ=0.677 mono=0.322 cd=0.0011 cmono=0.349 ccd=0.0000 sum=0.0000
sec  ('H', 'shuf_inline')   s1 frac=- trainJ=0.741 testJ=0.650 mono=0.333 cd=0.0004 cmono=0.311 ccd=0.0007 sum=0.0000
mix  0.4                    s1 frac=0.357 trainJ=1.884 testJ=1.930 mono=0.391 cd=0.1220 cmono=0.459 ccd=0.0941 sum=0.0000
mix  0.4                    s2 frac=0.363 trainJ=2.588 testJ=2.549 mono=0.449 cd=0.1351 cmono=0.470 ccd=0.0955 sum=0.0954
sec  ('S', 'real')          s0 frac=- trainJ=0.777 testJ=0.686 mono=0.338 cd=0.0003 cmono=0.347 ccd=0.0000 sum=0.0000
sec  ('S', 'real')          s1 frac=- trainJ=0.786 testJ=0.678 mono=0.335 cd=0.0010 cmono=0.338 ccd=0.0000 sum=0.0000
sec  ('S', 'shuf_inline')   s0 frac=- trainJ=0.777 testJ=0.649 mono=0.324 cd=0.0003 cmono=0.324 ccd=0.0000 sum=0.0000
sec  ('S', 'shuf_inline')   s1 frac=- trainJ=0.736 testJ=0.645 mono=0.317 cd=0.0000 cmono=0.328 ccd=0.0000 sum=0.0000
sec  ('B', 'real')          s0 frac=- trainJ=0.733 testJ=0.631 mono=0.323 cd=0.0011 cmono=0.298 ccd=0.0008 sum=0.0000
sec  ('B', 'real')          s1 frac=- trainJ=0.730 testJ=0.631 mono=0.320 cd=0.0005 cmono=0.309 ccd=0.0000 sum=0.0000
sec  ('B', 'shuf_inline')   s0 frac=- trainJ=0.746 testJ=0.607 mono=0.310 cd=0.0011 cmono=0.287 ccd=0.0009 sum=0.0000
sec  ('B', 'shuf_inline')   s1 frac=- trainJ=0.731 testJ=0.605 mono=0.310 cd=0.0005 cmono=0.292 ccd=0.0000 sum=0.0000
sec  ('P', 'real')          s0 frac=- trainJ=0.824 testJ=0.641 mono=0.321 cd=0.0000 cmono=0.300 ccd=0.0040 sum=0.0000
sec  ('P', 'real')          s1 frac=- trainJ=0.856 testJ=0.661 mono=0.329 cd=0.0000 cmono=0.332 ccd=0.0000 sum=0.0000
sec  ('P', 'shuf_inline')   s0 frac=- trainJ=0.876 testJ=0.661 mono=0.299 cd=0.0000 cmono=0.362 ccd=0.0000 sum=0.0000
sec  ('AC', 'real')         s0 frac=- trainJ=1.079 testJ=0.693 mono=0.285 cd=0.0000 cmono=0.408 ccd=0.0000 sum=0.0000
sec  ('P', 'shuf_inline')   s1 frac=- trainJ=0.877 testJ=0.646 mono=0.319 cd=0.0017 cmono=0.319 ccd=0.0000 sum=0.0000
sec  ('AC', 'real')         s1 frac=- trainJ=1.022 testJ=0.693 mono=0.299 cd=0.0000 cmono=0.394 ccd=0.0000 sum=0.0000
sec  ('AC', 'shuf_inline')  s0 frac=- trainJ=1.047 testJ=0.544 mono=0.319 cd=0.0000 cmono=0.224 ccd=0.0000 sum=0.0000
sec  ('AC', 'shuf_inline')  s1 frac=- trainJ=1.087 testJ=0.675 mono=0.312 cd=0.0000 cmono=0.362 ccd=0.0000 sum=0.0000
