Voynich-ZL 1 -11.985 -11.172 -11.568 W2-H2 -0.395 Astay [0.69, 0.63] 529
Voynich-ZL 0 -12.019 -11.394 -11.541 W2-H2 -0.146 Astay [0.73, 0.63] 551
Voynich-IT 1 -11.936 -11.269 -11.609 W2-H2 -0.34 Astay [0.67, 0.72] 514
Voynich-IT 0 -11.985 -11.232 -11.521 W2-H2 -0.29 Astay [0.6, 0.73] 540
Weave-LF-alt 1 -10.91 -9.825 -8.921 W2-H2 0.904 Astay [0.02, 0.05] 434
Weave-LF-alt 0 -10.902 -9.953 -8.892 W2-H2 1.061 Astay [0.07, 0.0] 449
Weave-LF-hmm 1 -10.972 -10.025 -9.738 W2-H2 0.287 Astay [0.42, 0.45] 396
Weave-LF-hmm 0 -10.936 -9.874 -9.813 W2-H2 0.061 Astay [0.43, 0.49] 421
Weave-LI-alt 1 -11.898 -11.217 -11.316 W2-H2 -0.099 Astay [0.45, 0.6] 498
Weave-LI-alt 0 -11.877 -11.186 -11.235 W2-H2 -0.049 Astay [0.48, 0.53] 525
Weave-VV-alt 1 -12.365 -11.571 -11.789 W2-H2 -0.218 Astay [0.39, 0.5] 462
Weave-VV-alt 0 -12.456 -11.63 -11.768 W2-H2 -0.138 Astay [0.46, 0.39] 476
vLatin 1 -11.046 -10.49 -10.486 W2-H2 0.004 Astay [0.53, 0.62] 413
vLatin 0 -11.187 -10.594 -10.629 W2-H2 -0.035 Astay [0.56, 0.57] 422
vItalian 1 -11.182 -10.214 -10.425 W2-H2 -0.211 Astay [0.53, 0.64] 293
vItalian 0 -11.234 -10.33 -10.46 W2-H2 -0.13 Astay [0.53, 0.66] 305
vDante 1 -11.394 -10.258 -10.534 W2-H2 -0.276 Astay [0.6, 0.61] 407
vDante 0 -11.481 -10.495 -10.629 W2-H2 -0.134 Astay [0.61, 0.6] 427
pLatin 1 -15.019 -14.211 -14.337 W2-H2 -0.127 Astay [0.62, 0.55] 541
pLatin 0 -15.097 -14.25 -14.361 W2-H2 -0.112 Astay [0.55, 0.6] 576
Shuf-line 1 -12.403 -11.705 -11.818 W2-H2 -0.113 Astay [0.55, 0.47] 456
Shuf-line 0 -12.421 -11.692 -11.688 W2-H2 0.004 Astay [0.47, 0.57] 478
Gloss-pair 1 -10.814 -10.22 -10.393 W2-H2 -0.174 Astay [0.8, 0.75] 444
Gloss-pair 0 -10.752 -10.145 -10.331 W2-H2 -0.185 Astay [0.8, 0.8] 456
corpus               k1       H2       W2   H2-k1   W2-k1   W2-H2  W2 P(stay)
Voynich-ZL      -12.002  -11.283  -11.554   0.719   0.448  -0.271  [0.73, 0.63] [0.69, 0.63]
Voynich-IT      -11.961  -11.250  -11.565   0.711   0.396  -0.315  [0.6, 0.73] [0.67, 0.72]
Weave-LF-alt    -10.906   -9.889   -8.907   1.017   1.999   0.983  [0.07, 0.0] [0.02, 0.05]
Weave-LF-hmm    -10.954   -9.950   -9.776   1.004   1.178   0.174  [0.43, 0.49] [0.42, 0.45]
Weave-LI-alt    -11.888  -11.201  -11.275   0.686   0.612  -0.074  [0.48, 0.53] [0.45, 0.6]
Weave-VV-alt    -12.410  -11.601  -11.778   0.810   0.632  -0.178  [0.46, 0.39] [0.39, 0.5]
vLatin          -11.117  -10.542  -10.557   0.575   0.559  -0.015  [0.56, 0.57] [0.53, 0.62]
vItalian        -11.208  -10.272  -10.442   0.937   0.766  -0.171  [0.53, 0.66] [0.53, 0.64]
vDante          -11.438  -10.377  -10.582   1.061   0.856  -0.205  [0.61, 0.6] [0.6, 0.61]
pLatin          -15.058  -14.230  -14.349   0.828   0.709  -0.119  [0.55, 0.6] [0.62, 0.55]
Shuf-line       -12.412  -11.698  -11.753   0.714   0.659  -0.054  [0.47, 0.57] [0.55, 0.47]
Gloss-pair      -10.783  -10.182  -10.362   0.601   0.421  -0.180  [0.8, 0.8] [0.8, 0.75]
