Voynich-IT done 200
Voynich-ZL done 203
Weave-LF-alt done 140
Weave-LF-hmm done 148
Weave-LI-alt done 181
Weave-VV-alt done 220
vLatin done 167
vItalian done 202
vDante done 191
pLatin done 240
Shuf-line done 256
Gloss-pair done 152
excess link bits over within-line shuffle
corpus               lag1       lag2       lag3       lag4       par2       mod3       mod4 lag1_carry par2_carry  cls-first cls-last cls-gall  rep1 rep2 ham1 ham2
Voynich-ZL          0.303      0.049      0.048      0.028      0.066      0.065      0.102      0.242      0.010     0.289    0.289    0.261   50.3  11.5   2.6   2.6
Voynich-IT          0.284      0.052      0.031      0.048      0.072      0.079      0.097      0.230      0.023     0.273    0.272    0.273   50.0  13.9   2.8   2.7
Weave-LF-alt        0.181      1.194      0.191      0.486      1.131      0.156      0.366      0.189      1.156     0.136    0.131    0.122  -21.9 198.3   0.6  -0.9
Weave-LF-hmm        0.159      0.130      0.024     -0.008      0.119      0.021     -0.013      0.167      0.133     0.297    0.185    0.203    1.4  14.8   0.3  -0.1
Weave-LI-alt        0.061      0.235      0.061      0.090      0.212      0.033      0.073      0.064      0.220     0.032    0.033    0.031   14.2 133.3  -0.2  -0.7
Weave-VV-alt        0.085      0.316      0.078      0.107      0.291      0.020      0.068      0.095      0.298     0.093    0.073    0.081  459.1 423.6  -5.6   9.0
vLatin              0.102      0.032      0.011     -0.005      0.049      0.013      0.001      0.108      0.030     0.081    0.087    0.051  100.0  48.6  -0.1  -0.1
vItalian            0.286      0.025     -0.005     -0.002      0.026     -0.000     -0.003      0.288      0.018     0.274    0.280    0.235  128.5  48.1  -1.7   0.5
vDante              0.364      0.039     -0.001     -0.020      0.033     -0.008      0.001      0.362      0.036     0.363    0.361    0.327  118.2  28.6  -1.2   0.9
pLatin              0.180      0.063      0.017      0.004      0.066      0.012      0.014      0.190      0.069     0.124    0.143    0.136  100.0  48.6  -1.4   0.2
Shuf-line          -0.013      0.008     -0.015      0.010      0.010      0.004     -0.001     -0.013      0.009    -0.011   -0.004   -0.016    2.5   7.6   0.6   0.7
Gloss-pair          0.916      0.246      0.228      0.184      0.236      0.197      0.150      0.921      0.262     0.873    0.812    0.838  263.9 112.8  -0.3   0.3
