icd10_natural_r0 229s
hts_natural_r0 241s
ur3_names_syll_natural_r0 303s
linb_syll_natural_r0 387s
aircraft_reg_natural_r0 259s
ur3_syll_natural_r0 529s
chords_natural_r0 231s
chess_eco_natural_r0 370s
heraldry_natural_r0 497s
ur3_words_natural_r0 840s
khipu_natural_r0 184s
indus_seq_raw_natural_r0 287s
proto_cuneiform_natural_r0 571s
indus_seq_strong_natural_r0 271s
unicode_names_natural_r0 935s
indus_seq_all_natural_r0 264s
proto_elamite_natural_r0 491s
linb_words_natural_r0 1247s
ur3_names_syll_natural_r1 191s
icd10_natural_r1 163s
linb_syll_natural_r1 270s
ur3_syll_natural_r1 366s
hts_natural_r1 175s
aircraft_reg_natural_r1 238s
ur3_words_natural_r1 807s
chess_eco_natural_r1 475s
chords_natural_r1 337s
heraldry_natural_r1 620s
khipu_natural_r1 275s
indus_seq_raw_natural_r1 358s
proto_cuneiform_natural_r1 678s
unicode_names_natural_r1 1168s
indus_seq_strong_natural_r1 357s
proto_elamite_natural_r1 697s
linb_words_natural_r1 1539s
indus_seq_all_natural_r1 388s
ur3_names_syll_natural_r2 282s
linb_syll_natural_r2 354s
ur3_syll_natural_r2 488s
icd10_natural_r2 215s
hts_natural_r2 204s
aircraft_reg_natural_r2 197s
ur3_words_natural_r2 886s
chess_eco_natural_r2 407s
chords_natural_r2 301s
heraldry_natural_r2 557s
latin_edh_natural_r0 3861s
khipu_natural_r2 286s
linb_words_natural_r2 1503s
unicode_names_natural_r2 1122s
indus_seq_raw_natural_r2 407s
proto_cuneiform_natural_r2 686s
indus_seq_strong_natural_r2 367s
proto_elamite_natural_r2 713s
indus_seq_all_natural_r2 326s
ur3_names_syll_natural_r3 233s
ur3_syll_natural_r3 419s
linb_syll_natural_r3 277s
icd10_natural_r3 142s
hts_natural_r3 156s
aircraft_reg_natural_r3 158s
ur3_words_natural_r3 699s
latin_edh_natural_r1 3848s
chords_natural_r3 161s
chess_eco_natural_r3 252s
heraldry_natural_r3 337s
khipu_natural_r3 139s
indus_seq_raw_natural_r3 215s
linb_words_natural_r3 926s
unicode_names_natural_r3 631s
proto_cuneiform_natural_r3 361s
indus_seq_strong_natural_r3 187s
proto_elamite_natural_r3 351s
indus_seq_all_natural_r3 105s
latin_edh_natural_r2 2721s
latin_edh_natural_r3 1060s
