# loop39 cycle 2 level seq_raw: checklist/form generator (2026-10-03 16:54; 100 synthetic corpora; fit 4411 MD+H texts, held-out 930)
form parse of the fit set: units/text {1: 3034, 2: 1090, 3: 287}; texts with a same-field repeat inside a unit 116 (0.026); single-unit valid instances 0.674
form: 25 fields; fixed-order consistency of sign pairs with the field order: 0.852; refinement moves per round [261, 35, 4, 0]
  F00 rank 0.33 | 175 signs,   460 tokens | 140(92), 491(14), 315(10), 347(10), 545(10), 853(10), 556(9), 370(8) ... +167
  F01 rank 0.20 |  36 signs,   596 tokens | 820(182), 817(170), 692(69), 501(31), 632(23), 65(13), 66(13), 511(12) ... +28
  F02 rank 0.24 |  43 signs,   527 tokens | 920(126), 413(50), 717(45), 125(44), 416(44), 165(29), 95(23), 540(15) ... +35
  F03 rank 0.29 |  24 signs,   709 tokens | 861(212), 60(171), 575(67), 595(44), 455(37), 171(26), 480(26), 831(16) ... +16
  F04 rank 0.36 |   9 signs,   844 tokens | 2(627), 1(151), 742(38), 500(10), 924(8), 470(4), 791(3), 223(2) ... +1
  F05 rank 0.37 |  15 signs,   408 tokens | 741(167), 806(126), 745(34), 104(19), 605(14), 746(8), 219(7), 518(7) ... +7
  F06 rank 0.36 |  15 signs,   425 tokens | 31(175), 803(111), 645(23), 175(20), 382(14), 519(14), 838(14), 821(11) ... +7
  F07 rank 0.38 |  10 signs,   298 tokens | 798(128), 368(97), 13(34), 215(8), 504(8), 136(7), 267(5), 221(4) ... +2
  F08 rank 0.28 |   9 signs,   395 tokens | 235(216), 415(154), 98(8), 19(4), 103(4), 279(3), 720(2), 743(2) ... +1
  F09 rank 0.15 |  10 signs,   165 tokens | 503(76), 55(36), 495(21), 794(10), 242(5), 578(5), 139(4), 81(3) ... +2
  F10 rank 0.28 |   8 signs,   595 tokens | 3(210), 840(102), 231(81), 4(77), 615(65), 5(39), 921(14), 776(7)
  F11 rank 0.35 |  10 signs,   465 tokens | 32(438), 63(9), 49(5), 145(3), 516(3), 531(3), 290(1), 383(1) ... +2
  F12 rank 0.40 |  17 signs,   418 tokens | 240(317), 16(39), 137(16), 72(13), 362(4), 421(4), 426(4), 775(4) ... +9
  F13 rank 0.46 |  10 signs,   677 tokens | 220(372), 233(162), 255(118), 101(7), 515(7), 637(5), 367(3), 152(1) ... +2
  F14 rank 0.36 |  15 signs,   466 tokens | 705(174), 706(89), 435(71), 335(38), 636(21), 236(17), 318(13), 484(13) ... +7
  F15 rank 0.40 |   9 signs,   552 tokens | 33(440), 440(49), 630(32), 320(18), 62(3), 264(3), 381(3), 611(3) ... +1
  F16 rank 0.34 |  10 signs,   364 tokens | 176(198), 388(49), 350(34), 70(31), 877(18), 243(12), 927(10), 18(7) ... +2
  F17 rank 0.39 |  70 signs,   418 tokens | 550(101), 845(54), 790(43), 460(32), 384(24), 436(16), 337(13), 844(10) ... +62
  F18 rank 0.42 |  13 signs,   564 tokens | 590(186), 690(113), 61(85), 17(69), 904(54), 321(15), 554(12), 597(9) ... +5
  F19 rank 0.84 |  27 signs,   589 tokens | 407(119), 156(96), 142(71), 892(64), 482(38), 832(34), 35(30), 226(29) ... +19
  F20 rank 0.73 |  31 signs,   769 tokens | 390(199), 34(167), 405(103), 617(70), 585(54), 850(46), 824(29), 64(12) ... +23
  F21 rank 0.90 |  17 signs,   755 tokens | 520(264), 100(116), 760(111), 900(94), 752(49), 923(43), 711(21), 222(13) ... +9
  F22 rank 0.84 |   9 signs,  1636 tokens | 740(1589), 97(20), 592(9), 408(7), 153(4), 292(3), 494(2), 194(1) ... +1
  F23 rank 0.77 |  22 signs,   976 tokens | 700(543), 90(142), 151(68), 527(52), 154(39), 158(37), 679(18), 565(15) ... +14
  F24 rank 0.94 |  52 signs,   613 tokens | 400(469), 621(21), 167(14), 868(13), 161(10), 526(10), 697(10), 930(8) ... +44

## PARTIAL (one field set per text, pairwise field order, elemchain, reuse, open)  (fit 807 s)
PARTIAL (one field set per text, pairwise field order, elemchain, reuse, open): outside 27/50, |z|>3: 24, sum|z| 233.6
statistic                         real  syn mean       sd       z                range out
H_cond_bigram                    2.770     3.307    0.024  -22.83  [   3.215,   3.353] *
nesting_rate                     0.151     0.055    0.005   19.08  [   0.040,   0.068] *
mi_d1                            3.287     2.803    0.033   14.90  [   2.734,   2.864] *
same_middle_diff_closer          0.186     0.051    0.009   14.73  [   0.030,   0.080] *
run3_multisite_share             0.073     0.035    0.003   13.80  [   0.027,   0.042] *
bigram_hapax_share               0.664     0.530    0.010   12.93  [   0.505,   0.554] *
trigram_hapax_share              0.801     0.682    0.012   10.02  [   0.655,   0.708] *
text3_multisite_share            0.017     0.004    0.001    9.02  [   0.001,   0.008] *
texts_rep3                      99.000   190.500   10.960   -8.35  [ 169.000, 222.000] *
H_start2                         6.348     6.774    0.053   -7.97  [   6.654,   6.905] *
zipf_final                      -1.215    -1.032    0.026   -7.09  [  -1.092,  -0.951] *
closer_sign_nonfinal_share       0.081     0.128    0.007   -6.68  [   0.102,   0.142] *
numeral_initial_share            0.460     0.373    0.015    5.70  [   0.328,   0.410] *
H_end1                           4.638     5.052    0.076   -5.46  [   4.818,   5.261] *
mid_init_final_jaccard           0.552     0.441    0.021    5.32  [   0.399,   0.492] *
mi_d2                            2.628     2.420    0.041    5.04  [   2.329,   2.517] *
mid_len_closer_diff             -1.027    -0.675    0.073   -4.82  [  -0.853,  -0.516] *
run4_rep3                      153.000   279.810   28.279   -4.48  [ 225.000, 348.000] *
key stats: longrange_attract_pairs 141.000 vs 108.020 z 1.8; longrange_avoid_pairs 263.000 vs 255.040 z 0.6; repeat_rate 0.042 vs 0.032 z 2.2; len_sd 2.021 vs 1.940 z 2.2; two_numerals_share 0.044 vs 0.059 z -2.9*; H_start1 6.885 vs 6.879 z 0.1; H_start2 6.348 vs 6.774 z -8.0*; H_start3 6.287 vs 6.529 z -3.7*; H_cond_bigram 2.770 vs 3.307 z -22.8*; mi_d2 2.628 vs 2.420 z 5.0*; hapax_sign_share 0.341 vs 0.315 z 1.6; bigram_hapax_share 0.664 vs 0.530 z 12.9*; len_mean 3.358 vs 3.490 z -3.2*; unique_text_share 0.592 vs 0.587 z 0.9; same_middle_diff_closer 0.186 vs 0.051 z 14.7*
field-level check (real vs one synthetic corpus): texts with a repeated field 0.066, tokens in an already-used field 0.023, repeated-sign tokens 0.009 | texts with a repeated field 0.071, tokens in an already-used field 0.022, repeated-sign tokens 0.006; pair-order agreement with the linear field order 0.852
