all bigram identity    namecalib base 1.038 -> 1.038 [1.014,1.050] D +0.000 null +0.001±0.006 z -0.1 p 1.000 (60s)
all bigram identity    repeat    base 0.827 -> 0.861 [0.820,0.922] D +0.034 null -0.005±0.037 z +1.0 p 0.381 (60s)
all bigram identity    slot      base -0.189 -> -0.189 [-0.189,-0.189] D +0.000 null +0.000±0.000 z +0.0 p 1.000 (60s)
all bigram identity    arith     base 0.276 -> 0.276 [0.276,0.276] D +0.000 null +0.000±0.000 z +0.0 p 1.000 (60s)
all bigram reverse     namecalib base 1.055 -> 1.020 [0.997,1.041] D -0.035 null +0.002±0.006 z -6.0 p 0.048 (62s)
all bigram reverse     repeat    base 0.888 -> 0.865 [0.833,0.915] D -0.022 null -0.007±0.030 z -0.5 p 0.524 (62s)
all bigram reverse     slot      base -0.189 -> -0.189 [-0.189,-0.189] D +0.000 null +0.000±0.000 z -0.4 p 1.000 (62s)
all bigram reverse     arith     base 0.276 -> 0.276 [0.276,0.276] D +0.000 null +0.000±0.000 z +0.0 p 1.000 (62s)
all bigram interleave  namecalib base 1.049 -> 1.173 [1.147,1.207] D +0.123 null +0.121±0.012 z +0.2 p 0.429 (72s)
all bigram interleave  repeat    base 0.894 -> 1.394 [1.267,1.535] D +0.500 null +0.007±0.061 z +8.0 p 0.048 (72s)
all bigram interleave  slot      base -0.189 -> -0.239 [-0.239,-0.239] D -0.050 null +0.119±0.081 z -2.1 p 0.857 (72s)
all bigram interleave  arith     base 0.276 -> 0.255 [0.255,0.255] D -0.021 null -0.009±0.029 z -0.4 p 0.524 (72s)
all bigram middleout   namecalib base 1.042 -> 0.878 [0.869,0.914] D -0.163 null -0.002±0.008 z -19.7 p 0.048 (72s)
all bigram middleout   repeat    base 0.854 -> 0.856 [0.814,0.943] D +0.001 null +0.015±0.027 z -0.5 p 1.000 (72s)
all bigram middleout   slot      base -0.189 -> 0.048 [-0.235,0.450] D +0.237 null +0.003±0.046 z +5.1 p 0.048 (72s)
all bigram middleout   arith     base 0.276 -> 0.276 [0.276,0.276] D +0.000 null +0.000±0.000 z +0.0 p 1.000 (72s)
all bigram sort        namecalib base 1.050 -> 0.964 [0.929,0.983] D -0.086 null +0.028±0.009 z -12.9 p 0.048 (75s)
all bigram sort        repeat    base 0.857 -> 0.875 [0.822,0.984] D +0.018 null +0.050±0.033 z -1.0 p 0.857 (75s)
all bigram sort        slot      base -0.189 -> 0.983 [0.486,2.404] D +1.172 null +0.910±0.049 z +5.4 p 0.048 (75s)
all bigram sort        arith     base 0.276 -> 0.276 [0.276,0.276] D +0.000 null +0.000±0.000 z +0.0 p 1.000 (75s)
all bigram family      namecalib base 1.035 -> 0.964 [0.912,1.002] D -0.071 null -0.043±0.016 z -1.7 p 0.095 (74s)
all bigram family      repeat    base 0.846 -> 0.975 [0.954,1.009] D +0.130 null -0.005±0.040 z +3.4 p 0.048 (74s)
all bigram family      slot      base -0.189 -> -0.016 [-0.064,0.090] D +0.173 null -0.089±0.029 z +8.9 p 0.048 (74s)
all bigram family      arith     base 0.276 -> 0.256 [0.209,0.499] D -0.020 null +0.025±0.025 z -1.8 p 0.619 (74s)
all bigram numonly     namecalib base 1.043 -> 1.273 [1.149,1.554] D +0.230 null +0.133±0.038 z +2.6 p 0.048 (42s)
all bigram numonly     repeat    base 0.848 -> 1.044 [0.896,1.304] D +0.195 null -0.019±0.090 z +2.4 p 0.095 (42s)
all bigram numonly     slot      n/a
all bigram numonly     arith     base 0.276 -> 0.276 [0.276,0.276] D +0.000 null +0.000±0.000 z +0.0 p 1.000 (42s)
all bigram nonnum      namecalib base 1.044 -> 1.052 [1.030,1.068] D +0.009 null +0.010±0.009 z -0.2 p 0.714 (86s)
all bigram nonnum      repeat    base 0.904 -> 0.825 [0.757,0.877] D -0.079 null -0.004±0.039 z -1.9 p 0.095 (86s)
all bigram nonnum      slot      base -0.189 -> -0.265 [-0.277,-0.252] D -0.076 null +0.005±0.026 z -3.1 p 0.048 (86s)
all bigram nonnum      arith     n/a
