# loop39 cycle 1 level seq_strong: checklist/form generator (2026-10-03 13:57; 100 synthetic corpora; fit 4411 MD+H texts, held-out 930)
form parse of the fit set: units/text {1: 3049, 2: 1051, 3: 311}; texts with a same-field repeat inside a unit 127 (0.029); single-unit valid instances 0.679
form: 25 fields; fixed-order consistency of sign pairs with the field order: 0.850; refinement moves per round [264, 24, 1, 0]
  F00 rank 0.17 | 206 signs,   660 tokens | 692(69), 125(44), 416(44), 501(31), 371(17), 491(14), 511(12), 905(12) ... +198
  F01 rank 0.20 |  32 signs,   910 tokens | 861(380), 820(182), 920(126), 455(37), 165(29), 65(13), 374(12), 91(11) ... +24
  F02 rank 0.36 |  15 signs,   933 tokens | 2(627), 60(171), 745(34), 317(17), 831(16), 530(15), 500(10), 353(9) ... +7
  F03 rank 0.37 |  21 signs,   529 tokens | 741(167), 231(81), 503(76), 742(38), 13(34), 171(26), 104(19), 540(15) ... +13
  F04 rank 0.30 |  11 signs,   583 tokens | 803(237), 3(210), 5(39), 16(39), 519(14), 838(14), 130(10), 257(7) ... +3
  F05 rank 0.38 |   9 signs,   307 tokens | 798(128), 140(92), 95(23), 645(23), 66(13), 792(13), 155(7), 103(4) ... +1
  F06 rank 0.28 |  13 signs,   439 tokens | 235(216), 415(154), 495(21), 63(9), 98(8), 136(7), 391(7), 326(6) ... +5
  F07 rank 0.35 |  11 signs,   529 tokens | 32(438), 615(65), 776(7), 49(5), 145(3), 516(3), 531(3), 899(2) ... +3
  F08 rank 0.46 |  10 signs,   571 tokens | 220(372), 31(175), 420(6), 362(4), 775(4), 193(3), 893(3), 854(2) ... +2
  F09 rank 0.19 |  19 signs,   129 tokens | 413(50), 175(20), 243(12), 510(10), 219(7), 518(7), 81(3), 192(3) ... +11
  F10 rank 0.40 |  11 signs,   425 tokens | 240(317), 892(64), 137(16), 794(10), 710(5), 604(3), 177(2), 311(2) ... +3
  F11 rank 0.39 |  14 signs,   463 tokens | 233(162), 630(76), 575(67), 440(49), 350(34), 824(29), 236(17), 921(14) ... +6
  F12 rank 0.48 |  64 signs,   283 tokens | 790(43), 335(38), 55(36), 460(32), 72(13), 204(8), 260(8), 504(8) ... +56
  F13 rank 0.37 |   6 signs,   445 tokens | 705(267), 368(97), 717(66), 36(7), 600(5), 797(3)
  F14 rank 0.40 |  12 signs,   577 tokens | 33(440), 595(44), 320(31), 226(29), 877(18), 521(4), 264(3), 856(3) ... +4
  F15 rank 0.39 |  14 signs,   304 tokens | 550(101), 388(49), 923(43), 70(31), 480(26), 384(24), 101(7), 234(6) ... +6
  F16 rank 0.47 |  11 signs,   441 tokens | 1(151), 840(102), 17(69), 845(54), 555(19), 484(13), 525(11), 927(10) ... +3
  F17 rank 0.34 |  15 signs,   451 tokens | 176(198), 61(85), 4(77), 463(21), 321(15), 64(12), 999(12), 642(8) ... +7
  F18 rank 0.32 |   6 signs,   216 tokens | 255(118), 850(46), 482(38), 597(9), 490(3), 444(2)
  F19 rank 0.24 |  17 signs,   488 tokens | 34(167), 142(71), 435(71), 904(54), 752(49), 436(16), 821(11), 844(10) ... +9
  F20 rank 0.42 |  22 signs,   688 tokens | 590(186), 690(113), 156(96), 900(94), 617(70), 585(54), 35(30), 554(12) ... +14
  F21 rank 0.77 |  29 signs,  1372 tokens | 700(543), 390(310), 407(119), 100(116), 760(111), 832(34), 337(24), 772(19) ... +21
  F22 rank 0.84 |  11 signs,  1900 tokens | 740(1589), 520(264), 97(20), 592(9), 869(6), 153(4), 279(3), 494(2) ... +3
  F23 rank 0.76 |  18 signs,   435 tokens | 90(142), 154(76), 151(68), 527(62), 679(18), 565(15), 241(12), 804(8) ... +10
  F24 rank 0.94 |  51 signs,   604 tokens | 400(469), 621(21), 167(14), 868(13), 161(10), 697(10), 930(8), 401(7) ... +43
