== S-DARK-72 cycle 3: does the order fitted at one place predict another? (held-out sites, MD -> Harappa, IM77, comparators)
  seq_raw MD+H -> other sites                  train  1166 test   259: seen pairs 0.633 [0.597,0.670] (n=907); unseen 0.641 [0.592,0.684] (n=757)
  seq_raw MD -> Harappa (new strings)          train   778 test   419: seen pairs 0.707 [0.669,0.738] (n=1114); unseen 0.581 [0.527,0.625] (n=780)
  seq_raw Harappa -> MD (new strings)          train   456 test   741: seen pairs 0.676 [0.650,0.701] (n=2063); unseen 0.552 [0.524,0.576] (n=2521)
  seq_raw control: MD+H order shuffled -> other train  1161 test   259: seen pairs 0.521 [0.491,0.557] (n=907); unseen 0.505 [0.453,0.552] (n=757)
  seq_raw control: Markov-2 clone of MD+H -> other train  1166 test   259: seen pairs 0.637 [0.602,0.672] (n=870); unseen 0.643 [0.587,0.691] (n=742)
  seq_strong MD+H -> other sites               train  1146 test   251: seen pairs 0.649 [0.613,0.679] (n=959); unseen 0.626 [0.577,0.666] (n=717)
  seq_strong MD -> Harappa (new strings)       train   767 test   407: seen pairs 0.655 [0.625,0.687] (n=1166); unseen 0.567 [0.517,0.613] (n=725)
  seq_strong Harappa -> MD (new strings)       train   445 test   729: seen pairs 0.670 [0.644,0.700] (n=2230); unseen 0.529 [0.503,0.552] (n=2320)
  seq_strong control: MD+H order shuffled -> other train  1142 test   251: seen pairs 0.464 [0.433,0.493] (n=959); unseen 0.481 [0.435,0.527] (n=717)
  seq_strong control: Markov-2 clone of MD+H -> other train  1146 test   251: seen pairs 0.649 [0.609,0.686] (n=917); unseen 0.618 [0.571,0.663] (n=723)
  seq_all MD+H -> other sites                  train  1145 test   251: seen pairs 0.649 [0.617,0.681] (n=964); unseen 0.649 [0.598,0.700] (n=712)
  seq_all MD -> Harappa (new strings)          train   766 test   407: seen pairs 0.664 [0.630,0.693] (n=1177); unseen 0.575 [0.520,0.625] (n=717)
  seq_all Harappa -> MD (new strings)          train   445 test   728: seen pairs 0.676 [0.652,0.701] (n=2266); unseen 0.544 [0.517,0.575] (n=2309)
  seq_all control: MD+H order shuffled -> other train  1140 test   251: seen pairs 0.480 [0.447,0.520] (n=964); unseen 0.524 [0.485,0.576] (n=712)
  seq_all control: Markov-2 clone of MD+H -> other train  1145 test   251: seen pairs 0.646 [0.610,0.681] (n=930); unseen 0.662 [0.618,0.706] (n=702)
  IM77: 2218 distinct objects; unbridged M tokens 456/11720=0.039 kept as opaque elements
  IM77: 2218 distinct objects; unbridged M tokens 456/11720=0.039 kept as opaque elements
  IM77: 2218 distinct objects; unbridged M tokens 456/11720=0.039 kept as opaque elements
  IM77: 2218 distinct objects; unbridged M tokens 456/11720=0.039 kept as opaque elements
  im77 MD+H -> other sites                     train  1263 test   230: seen pairs 0.666 [0.633,0.707] (n=1061); unseen 0.558 [0.501,0.612] (n=464)
  im77 MD -> Harappa (new strings)             train   928 test   360: seen pairs 0.746 [0.711,0.775] (n=1525); unseen 0.597 [0.542,0.646] (n=586)
  im77 Harappa -> MD (new strings)             train   409 test   879: seen pairs 0.719 [0.698,0.740] (n=3269); unseen 0.567 [0.534,0.592] (n=2877)
  im77 control: MD+H order shuffled -> other   train  1259 test   230: seen pairs 0.484 [0.453,0.513] (n=1061); unseen 0.457 [0.392,0.512] (n=464)
  im77 control: Markov-2 clone of MD+H -> other train  1263 test   230: seen pairs 0.648 [0.611,0.690] (n=1008); unseen 0.555 [0.504,0.613] (n=503)

=== Wells (seq_raw) vs IM77 fitted rankings on shared elements (>= 5 tokens in both); transcription-robust, not replication (S312)
  IM77: 2218 distinct objects; unbridged M tokens 456/11720=0.039 kept as opaque elements
  IM77: 2218 distinct objects; unbridged M tokens 456/11720=0.039 kept as opaque elements
  IM77: 2218 distinct objects; unbridged M tokens 456/11720=0.039 kept as opaque elements
  IM77: 2218 distinct objects; unbridged M tokens 456/11720=0.039 kept as opaque elements
  IM77: 2218 distinct objects; unbridged M tokens 456/11720=0.039 kept as opaque elements
  IM77: 2218 distinct objects; unbridged M tokens 456/11720=0.039 kept as opaque elements
  IM77: 2218 distinct objects; unbridged M tokens 456/11720=0.039 kept as opaque elements
  IM77: 2218 distinct objects; unbridged M tokens 456/11720=0.039 kept as opaque elements
  IM77: 2218 distinct objects; unbridged M tokens 456/11720=0.039 kept as opaque elements
  IM77: 2218 distinct objects; unbridged M tokens 456/11720=0.039 kept as opaque elements
  IM77: 2218 distinct objects; unbridged M tokens 456/11720=0.039 kept as opaque elements
  IM77: 2218 distinct objects; unbridged M tokens 456/11720=0.039 kept as opaque elements
  IM77: 2218 distinct objects; unbridged M tokens 456/11720=0.039 kept as opaque elements
  IM77: 2218 distinct objects; unbridged M tokens 456/11720=0.039 kept as opaque elements
  IM77: 2218 distinct objects; unbridged M tokens 456/11720=0.039 kept as opaque elements
  IM77: 2218 distinct objects; unbridged M tokens 456/11720=0.039 kept as opaque elements
  IM77: 2218 distinct objects; unbridged M tokens 456/11720=0.039 kept as opaque elements
  IM77: 2218 distinct objects; unbridged M tokens 456/11720=0.039 kept as opaque elements
  IM77: 2218 distinct objects; unbridged M tokens 456/11720=0.039 kept as opaque elements
  IM77: 2218 distinct objects; unbridged M tokens 456/11720=0.039 kept as opaque elements
  IM77: 2218 distinct objects; unbridged M tokens 456/11720=0.039 kept as opaque elements
  Spearman 0.622 on 133 elements; IM77 order shuffled: -0.001 [-0.060,0.154]

=== comparator transfers (same code): Linear B Knossos -> Pylos; Chinese male -> female given names; Japanese given F -> M; ICD-10 chapters A-M -> N-Z; HTS chapters 01-49 -> 50-99; Proto-Elamite random halves
  Linear B KN -> PY                            train   755 test   924: seen pairs 0.744 [0.729,0.758] (n=4486); unseen 0.631 [0.597,0.668] (n=761)
  Chinese given M -> F                         train  2940 test  2909: seen pairs 0.000 [0.000,0.000] (n=3); unseen 0.413 [0.384,0.441] (n=945)
  Japanese given F -> M                        train  2959 test  2988: seen pairs 0.545 [0.469,0.616] (n=145); unseen 0.491 [0.476,0.508] (n=3637)
  ICD-10 A-M -> N-Z                            train  3000 test  3000: seen pairs 0.402 [0.395,0.411] (n=34457); unseen 0.017 [0.009,0.027] (n=1280)
  HTS 01-49 -> 50-99                           train  2998 test  3000: seen pairs 0.622 [0.614,0.629] (n=17356); unseen 0.280 [0.267,0.294] (n=4824)
  Proto-Elamite random halves                  train  1489 test  1489: seen pairs 0.817 [0.802,0.834] (n=2629); unseen 0.707 [0.684,0.729] (n=2263)
  Ur III names random halves                   train   664 test   664: seen pairs 0.855 [0.833,0.881] (n=1272); unseen 0.723 [0.694,0.749] (n=1200)
  Latin names random halves                    train   493 test   493: seen pairs 0.974 [0.932,1.000] (n=76); unseen 0.759 [0.692,0.818] (n=162)
