== S-DARK-33 cycle 1 level seq_raw: fit (MD+H complete, direction recorded) 2946 texts [seals 1259, tablets 1472]; held-out sites 451; IM77 certainly-new 324 texts (0/1291 tokens unbridged -> OTHER)

## Indus seals alphabet CLASS (|A| = 52), train 1007 dev 252
  indus-seals-CLASS                  unigram        states     1 trans     53 MDL      25497 bits (model      688)  fit 2.983  dev 3.018 nats/sign
  indus-seals-CLASS                  markov1        states    53 trans    629 MDL      28697 bits (model    11135)  fit 2.112  dev 2.464 nats/sign
  indus-seals-CLASS                  markov2        states   595 trans   1740 MDL      50624 bits (model    36873)  fit 1.654  dev 2.642 nats/sign
  indus-seals-CLASS                  alergia@0.5    states    24 trans    561 MDL      26565 bits (model     9290)  fit 2.078  dev 2.670 nats/sign
  indus-seals-CLASS                  alergia@0.1    states    15 trans    407 MDL      24981 bits (model     6464)  fit 2.227  dev 2.610 nats/sign
  indus-seals-CLASS                  alergia@0.01   states    10 trans    317 MDL      24096 bits (model     4849)  fit 2.315  dev 2.555 nats/sign
  indus-seals-CLASS                  alergia@0.001  states     8 trans    271 MDL      23811 bits (model     4058)  fit 2.375  dev 2.571 nats/sign
  indus-seals-CLASS                  mdl-merge      states     7 trans    251 MDL      23675 bits (model     3710)  fit 2.401  dev 2.603 nats/sign
  indus-seals-CLASS                  hmm5           states     5 trans    290 MDL      23406 bits (model     1805)  fit 2.598  dev 2.665 nats/sign
  indus-seals-CLASS                  hmm10          states    10 trans    630 MDL      23401 bits (model     3929)  fit 2.342  dev 2.434 nats/sign
  indus-seals-CLASS                  hmm20          states    20 trans   1460 MDL      28009 bits (model     9114)  fit 2.272  dev 2.374 nats/sign
  indus-seals-CLASS                  hmm40          states    40 trans   3720 MDL      41736 bits (model    23230)  fit 2.225  dev 2.349 nats/sign
-- control shuffle (805 train)
  ctrl-shuffle-seals-CLASS           unigram        states     1 trans     53 MDL      20321 bits (model      679)  fit 2.972  dev 3.033 nats/sign
  ctrl-shuffle-seals-CLASS           markov1        states    53 trans    789 MDL      31581 bits (model    13836)  fit 2.685  dev 3.221 nats/sign
  ctrl-shuffle-seals-CLASS           markov2        states   743 trans   2272 MDL      61557 bits (model    48498)  fit 1.976  dev 3.333 nats/sign
  ctrl-shuffle-seals-CLASS           alergia@0.5    states    14 trans    436 MDL      24833 bits (model     6809)  fit 2.727  dev 3.266 nats/sign
  ctrl-shuffle-seals-CLASS           alergia@0.1    states     6 trans    215 MDL      22019 bits (model     3095)  fit 2.863  dev 3.068 nats/sign
  ctrl-shuffle-seals-CLASS           alergia@0.01   states     4 trans    175 MDL      21510 bits (model     2417)  fit 2.889  dev 3.021 nats/sign
  ctrl-shuffle-seals-CLASS           alergia@0.001  states     3 trans    151 MDL      21207 bits (model     2022)  fit 2.903  dev 3.024 nats/sign
  ctrl-shuffle-seals-CLASS           mdl-merge      states     2 trans    102 MDL      20664 bits (model     1306)  fit 2.929  dev 3.008 nats/sign
  ctrl-shuffle-seals-CLASS           hmm10          states    10 trans    630 MDL      23388 bits (model     3825)  fit 2.960  dev 3.042 nats/sign
  ctrl-shuffle-seals-CLASS           hmm20          states    20 trans   1460 MDL      28422 bits (model     8872)  fit 2.958  dev 3.039 nats/sign
-- control slotshuf (805 train)
  ctrl-slotshuf-seals-CLASS          unigram        states     1 trans     53 MDL      20321 bits (model      679)  fit 2.972  dev 3.033 nats/sign
  ctrl-slotshuf-seals-CLASS          markov1        states    53 trans    737 MDL      28528 bits (model    12924)  fit 2.361  dev 2.895 nats/sign
  ctrl-slotshuf-seals-CLASS          markov2        states   697 trans   1975 MDL      53610 bits (model    41976)  fit 1.760  dev 3.027 nats/sign
  ctrl-slotshuf-seals-CLASS          alergia@0.5    states    12 trans    370 MDL      21716 bits (model     5696)  fit 2.424  dev 2.894 nats/sign
  ctrl-slotshuf-seals-CLASS          alergia@0.1    states     7 trans    279 MDL      20578 bits (model     4078)  fit 2.497  dev 2.808 nats/sign
  ctrl-slotshuf-seals-CLASS          alergia@0.01   states     5 trans    186 MDL      19587 bits (model     2628)  fit 2.566  dev 2.784 nats/sign
  ctrl-slotshuf-seals-CLASS          alergia@0.001  states     5 trans    181 MDL      19492 bits (model     2558)  fit 2.562  dev 2.727 nats/sign
  ctrl-slotshuf-seals-CLASS          mdl-merge      states     3 trans    135 MDL      19401 bits (model     1808)  fit 2.662  dev 2.763 nats/sign
  ctrl-slotshuf-seals-CLASS          hmm10          states    10 trans    630 MDL      20399 bits (model     3825)  fit 2.508  dev 2.630 nats/sign
  ctrl-slotshuf-seals-CLASS          hmm20          states    20 trans   1460 MDL      25301 bits (model     8872)  fit 2.486  dev 2.620 nats/sign
-- control markov2 (805 train)
  ctrl-markov2-seals-CLASS           unigram        states     1 trans     53 MDL      20388 bits (model      679)  fit 2.952  dev 2.991 nats/sign
  ctrl-markov2-seals-CLASS           markov1        states    53 trans    497 MDL      22363 bits (model     8719)  fit 2.043  dev 2.353 nats/sign
  ctrl-markov2-seals-CLASS           markov2        states   469 trans   1210 MDL      35149 bits (model    25034)  fit 1.515  dev 2.349 nats/sign
  ctrl-markov2-seals-CLASS           alergia@0.5    states    30 trans    452 MDL      20792 bits (model     7559)  fit 1.982  dev 2.554 nats/sign
  ctrl-markov2-seals-CLASS           alergia@0.1    states    16 trans    339 MDL      19628 bits (model     5362)  fit 2.137  dev 2.582 nats/sign
  ctrl-markov2-seals-CLASS           alergia@0.01   states     8 trans    241 MDL      18988 bits (model     3571)  fit 2.309  dev 2.523 nats/sign
  ctrl-markov2-seals-CLASS           alergia@0.001  states     7 trans    214 MDL      18722 bits (model     3129)  fit 2.335  dev 2.522 nats/sign
  ctrl-markov2-seals-CLASS           mdl-merge      states    10 trans    246 MDL      18937 bits (model     3724)  fit 2.279  dev 2.554 nats/sign
  ctrl-markov2-seals-CLASS           hmm10          states    10 trans    630 MDL      19257 bits (model     3829)  fit 2.311  dev 2.424 nats/sign
  ctrl-markov2-seals-CLASS           hmm20          states    20 trans   1460 MDL      23538 bits (model     8883)  fit 2.195  dev 2.332 nats/sign

## Indus all+type alphabet CLASS (|A| = 55), train 2356 dev 590
  indus-all+type-CLASS               unigram        states     1 trans     56 MDL      62615 bits (model      766)  fit 3.102  dev 3.124 nats/sign
  indus-all+type-CLASS               markov1        states    56 trans    829 MDL      53104 bits (model    15330)  fit 1.894  dev 1.998 nats/sign
  indus-all+type-CLASS               markov2        states   786 trans   2496 MDL      85217 bits (model    55668)  fit 1.482  dev 1.959 nats/sign
  indus-all+type-CLASS               alergia@0.5    states   106 trans   1171 MDL      54803 bits (model    22732)  fit 1.608  dev 2.007 nats/sign
  indus-all+type-CLASS               alergia@0.1    states    57 trans    944 MDL      52101 bits (model    17481)  fit 1.736  dev 2.050 nats/sign
  indus-all+type-CLASS               alergia@0.01   states    29 trans    656 MDL      49359 bits (model    11508)  fit 1.898  dev 2.045 nats/sign
  indus-all+type-CLASS               alergia@0.001  states    23 trans    563 MDL      48657 bits (model     9688)  fit 1.954  dev 2.057 nats/sign
  indus-all+type-CLASS               mdl-merge      states    20 trans    469 MDL      48124 bits (model     7976)  fit 2.013  dev 2.133 nats/sign
  indus-all+type-CLASS               hmm5           states     5 trans    305 MDL      49020 bits (model     2091)  fit 2.353  dev 2.367 nats/sign
  indus-all+type-CLASS               hmm10          states    10 trans    660 MDL      48790 bits (model     4532)  fit 2.220  dev 2.242 nats/sign
  indus-all+type-CLASS               hmm20          states    20 trans   1520 MDL      51233 bits (model    10447)  fit 2.045  dev 2.069 nats/sign
  indus-all+type-CLASS               hmm40          states    40 trans   3840 MDL      66072 bits (model    26402)  fit 1.989  dev 2.018 nats/sign
-- control shuffle (1884 train)
  ctrl-shuffle-all+type-CLASS        unigram        states     1 trans     56 MDL      50239 bits (model      757)  fit 3.105  dev 3.089 nats/sign
  ctrl-shuffle-all+type-CLASS        markov1        states    56 trans   1102 MDL      57783 bits (model    20200)  fit 2.359  dev 2.602 nats/sign
  ctrl-shuffle-all+type-CLASS        markov2        states  1052 trans   3758 MDL     113379 bits (model    84787)  fit 1.794  dev 2.668 nats/sign
  ctrl-shuffle-all+type-CLASS        alergia@0.5    states    23 trans    728 MDL      49555 bits (model    12410)  fit 2.331  dev 2.604 nats/sign
  ctrl-shuffle-all+type-CLASS        alergia@0.1    states    13 trans    445 MDL      45711 bits (model     7219)  fit 2.416  dev 2.522 nats/sign
  ctrl-shuffle-all+type-CLASS        alergia@0.01   states     9 trans    299 MDL      43966 bits (model     4692)  fit 2.465  dev 2.523 nats/sign
  ctrl-shuffle-all+type-CLASS        alergia@0.001  states     7 trans    211 MDL      43032 bits (model     3235)  fit 2.498  dev 2.534 nats/sign
  ctrl-shuffle-all+type-CLASS        mdl-merge      states     4 trans    123 MDL      43231 bits (model     1786)  fit 2.601  dev 2.617 nats/sign
  ctrl-shuffle-all+type-CLASS        hmm10          states    10 trans    660 MDL      45657 bits (model     4426)  fit 2.587  dev 2.580 nats/sign
  ctrl-shuffle-all+type-CLASS        hmm20          states    20 trans   1520 MDL      50532 bits (model    10201)  fit 2.531  dev 2.536 nats/sign
-- control slotshuf (1884 train)
  ctrl-slotshuf-all+type-CLASS       unigram        states     1 trans     56 MDL      50239 bits (model      757)  fit 3.105  dev 3.089 nats/sign
  ctrl-slotshuf-all+type-CLASS       markov1        states    56 trans   1011 MDL      52109 bits (model    18532)  fit 2.107  dev 2.313 nats/sign
  ctrl-slotshuf-all+type-CLASS       markov2        states   963 trans   3137 MDL      95898 bits (model    70376)  fit 1.602  dev 2.409 nats/sign
  ctrl-slotshuf-all+type-CLASS       alergia@0.5    states    35 trans    881 MDL      47754 bits (model    15552)  fit 2.021  dev 2.387 nats/sign
  ctrl-slotshuf-all+type-CLASS       alergia@0.1    states    18 trans    554 MDL      43293 bits (model     9248)  fit 2.137  dev 2.305 nats/sign
  ctrl-slotshuf-all+type-CLASS       alergia@0.01   states    11 trans    368 MDL      40970 bits (model     5882)  fit 2.202  dev 2.287 nats/sign
  ctrl-slotshuf-all+type-CLASS       alergia@0.001  states    10 trans    332 MDL      40965 bits (model     5260)  fit 2.241  dev 2.292 nats/sign
