# loop4 controls cycle 1 (2026-10-03T10:00)

## Ur III seal legends: fit 4155 texts, test 1782 texts, 14009 test sign tokens, 583 sign types, mean word length 2.04
  [Ur III seal legends] baseline sign level: bits=4.672 uniq=1.016 rep=0.609 units=584
    TRUE words                   bits=4.513 uniq=1.129 rep=0.064 units=2588
    bpe k=60 T=5 s=0             bits=4.517 uniq=1.025 rep=0.901 units=641
    bpe k=60 T=1 s=0             bits=4.520 uniq=1.027 rep=0.900 units=641
    bpe k=60 T=5 s=2             bits=4.521 uniq=1.027 rep=0.878 units=642
    bpe k=60 T=5 s=1             bits=4.524 uniq=1.026 rep=0.866 units=638
    bpe k=40 T=1 s=0             bits=4.549 uniq=1.028 rep=0.879 units=622
    bpe k=40 T=5 s=1             bits=4.552 uniq=1.029 rep=0.869 units=622
    bpe k=40 T=5 s=2             bits=4.552 uniq=1.025 rep=0.895 units=621
    bpe k=40 T=5 s=0             bits=4.555 uniq=1.026 rep=0.879 units=622
    bpe k=20 T=5 s=1             bits=4.584 uniq=1.025 rep=0.685 units=603
    bpe k=20 T=1 s=0             bits=4.585 uniq=1.027 rep=0.840 units=603
    bpe k=20 T=5 s=2             bits=4.596 uniq=1.027 rep=0.852 units=603
    bpe k=20 T=5 s=0             bits=4.599 uniq=1.026 rep=0.833 units=602
    bpe k=10 T=1 s=0             bits=4.628 uniq=1.025 rep=0.896 units=593
    bpe k=10 T=5 s=1             bits=4.630 uniq=1.024 rep=0.886 units=593
    bpe k=10 T=5 s=2             bits=4.630 uniq=1.023 rep=0.866 units=593
    bpe k=10 T=5 s=0             bits=4.636 uniq=1.023 rep=0.891 units=594
    bpe k=5 T=5 s=1              bits=4.641 uniq=1.022 rep=0.555 units=588
    bpe k=5 T=5 s=0              bits=4.644 uniq=1.018 rep=0.842 units=588
    bpe k=5 T=5 s=2              bits=4.648 uniq=1.018 rep=0.820 units=589
    bpe k=5 T=1 s=0              bits=4.648 uniq=1.020 rep=0.840 units=589
    sign                         bits=4.672 uniq=1.016 rep=0.609 units=584
    WRONG words (shifted)        bits=6.049 uniq=1.102 rep=0.497 units=4942
  [Ur III seal legends] best per statistic (delta vs sign level):
    bits  TRUE words                   4.513  (sign 4.672, delta -0.159)  bits/sign lower=more predictable
    uniq  bpe k=5 T=5 s=0              1.018  (sign 1.016, delta +0.002)  uniq ratio lower=texts recur more than bigram
    rep   TRUE words                   0.064  (sign 0.609, delta -0.545)  within-text repetition ratio
    segmentations beating sign level on bits AND (uniq or rep): 2 of 22: bpe k=5 T=5 s=1, TRUE words
    bpe k=60 T=5 s=0: word-internal share of merges = 0.78; first merges: dumu+lugal; kal+la; ba+ba6; sar+dumu; dub+sar+dumu; dub+sar+dumu+lu2; dub+sar; dumu+ur; dub+sar+dumu+lugal; dumu+lu2
    bpe k=60 T=1 s=0: word-internal share of merges = 0.77; first merges: dub+sar; dub+sar+dumu; dub+sar+dumu+ur; dumu+ur; kal+la; ba+ba6; dumu+lugal; sa6+ga; dub+sar+dumu+lu2; dub+sar+dumu+lugal

## planted logo-syllabic (Tamil, 60 word-signs, Indus lengths): fit 2746 texts, test 825 texts, 3197 test sign tokens, 210 sign types, mean word length 1.82
  [planted logo-syllabic (Tamil, 60 word-signs, Indus lengths)] baseline sign level: bits=6.772 uniq=0.891 rep=0.875 units=211
