texts 2144 (collapsed, complete, >= 2 signs); middle tokens 6184, types 598, elements >= 5 tokens 196 covering 0.89 of tokens

## DESC: 77 signs classed, 6 classes, middle-token coverage 0.67
   geometric   20 signs: W590 W705 W400 W368 W60 W900 W435 W503 W350 W455 W440 W460 W388 W382 ...
   human       15 signs: W740 W741 W255 W140 W125 W176 W61 W90 W416 W142 W100 W190 W130 W151 ...
   numeral     13 signs: W2 W32 W31 W1 W33 W3 W4 W17 W13 W55 W5 W16 W18
   plant       11 signs: W390 W803 W840 W861 W790 W832 W371 W760 W374 W794 W215
   tool        10 signs: W415 W798 W550 W575 W820 W520 W297 W545 W880 W527
   animal       8 signs: W220 W240 W235 W233 W231 W717 W226 W269

## WBLOCK: 196 signs classed, 11 classes, middle-token coverage 0.89
   B5          25 signs: W590 W550 W575 W503 W595 W520 W585 W500 W530 W565 W540 W510 W519 W545 ...
   B2          24 signs: W220 W240 W235 W233 W255 W231 W297 W222 W241 W226 W232 W236 W243 W250 ...
   B4          24 signs: W415 W400 W407 W435 W455 W440 W460 W416 W495 W413 W480 W463 W491 W482 ...
   B1          20 signs: W140 W125 W176 W142 W100 W165 W171 W175 W104 W161 W190 W111 W130 W101 ...
   B8          19 signs: W803 W840 W861 W820 W892 W850 W832 W831 W845 W877 W821 W812 W824 W838 ...
   num         18 signs: W2 W32 W31 W1 W33 W3 W4 W17 W13 W55 W5 W16 W35 W34 ...
   B3          16 signs: W390 W368 W350 W388 W317 W335 W320 W382 W371 W374 W365 W360 W384 W323 ...
   B7          16 signs: W740 W705 W741 W798 W717 W700 W790 W742 W745 W760 W794 W703 W776 W792 ...
   B0          14 signs: W60 W61 W90 W70 W95 W72 W65 W91 W63 W66 W93 W97 W64 W67
   B6          10 signs: W690 W615 W630 W617 W621 W645 W679 W692 W605 W626
   B9          10 signs: W900 W920 W904 W921 W927 W906 W924 W999 W905 W923

## GLYPH: 195 signs classed, 10 classes, middle-token coverage 0.89
   G1          36 signs: W32 W220 W240 W235 W1 W33 W233 W400 W60 W255 W140 W231 W350 W503 ...
   G8          31 signs: W125 W717 W892 W17 W176 W690 W440 W55 W142 W16 W495 W904 W175 W317 ...
   G3          24 signs: W390 W31 W415 W368 W407 W435 W61 W13 W90 W70 W416 W520 W100 W95 ...
   G7          23 signs: W820 W615 W595 W388 W35 W877 W824 W101 W269 W97 W384 W504 W605 W880 ...
   G10         17 signs: W590 W705 W575 W455 W621 W171 W480 W585 W500 W482 W484 W15 W521 W592 ...
   G9          17 signs: W840 W798 W550 W617 W335 W845 W222 W821 W161 W844 W48 W219 W221 W36 ...
   G6          14 signs: W3 W4 W460 W5 W630 W463 W530 W540 W519 W545 W554 W792 W323 W791
   G4          13 signs: W2 W740 W741 W700 W742 W745 W760 W91 W565 W853 W360 W703 W702
   G5          13 signs: W803 W861 W790 W850 W832 W165 W831 W382 W812 W838 W776 W804 W808
   G2           7 signs: W900 W920 W371 W921 W65 W365 W510

## DIST: 196 signs classed, 10 classes, middle-token coverage 0.89
   D7          77 signs: W740 W400 W840 W717 W176 W435 W13 W55 W90 W142 W630 W16 W520 W100 ...
   D10         46 signs: W705 W415 W368 W140 W861 W550 W820 W920 W455 W595 W416 W832 W297 W617 ...
   D9          27 signs: W32 W33 W255 W440 W70 W904 W175 W317 W335 W831 W34 W320 W877 W72 ...
   D6           9 signs: W590 W3 W4 W61 W5 W790 W845 W371 W63
   D5           9 signs: W390 W31 W407 W900 W700 W850 W480 W645 W999
   D1           9 signs: W220 W240 W803 W235 W233 W798 W231 W690 W838
   D2           6 signs: W2 W741 W1 W60 W742 W745
   D3           5 signs: W17 W615 W460 W463 W776
   D4           5 signs: W350 W503 W495 W510 W354
   D8           3 signs: W125 W575 W892
   AMI(DESC, WBLOCK) over 75 shared signs = 0.457
   AMI(DESC, GLYPH) over 75 shared signs = 0.063
   AMI(DESC, DIST) over 75 shared signs = 0.068
   AMI(WBLOCK, GLYPH) over 195 shared signs = 0.160
   AMI(WBLOCK, DIST) over 196 shared signs = 0.040
   AMI(GLYPH, DIST) over 195 shared signs = 0.040

non-adjacent middle pairs (distance >= 2, unordered, per text): 6290 in 1018 texts
   permutation 1 done at 9s
