# S-DARK-60 cycle 3 (seq_all): geography, chronology, emblem/material/size, pairwise distinctness; nperm=1000

### Site shares (null: heads shuffled within type x length-bin)
  jar [n=1191]: Mohenjo-daro 575 (0.48; exp 550.3*); Harappa 463 (0.39; exp 478.5*); other_home 46 (0.04; exp 43.8); Lothal 43 (0.04; exp 36.3); Dholavira 23 (0.02; exp 27.0); Kalibangan 21 (0.02; exp 26.5); Chanhu-daro 16 (0.01; exp 20.0); foreign 4 (0.00; exp 8.6*)
  arrow [n=223]: Harappa 97 (0.43; exp 87.5); Mohenjo-daro 95 (0.43; exp 102.2); other_home 11 (0.05; exp 8.8); Dholavira 7 (0.03; exp 6.1); Kalibangan 5 (0.02; exp 4.8); Lothal 5 (0.02; exp 7.7); Chanhu-daro 2 (0.01; exp 4.0); foreign 1 (0.00; exp 1.8)
  W151 [n=64]: Mohenjo-daro 33 (0.52; exp 31.7); Harappa 17 (0.27; exp 20.0); Chanhu-daro 4 (0.06; exp 1.3*); Dholavira 4 (0.06; exp 2.2); Kalibangan 3 (0.05; exp 1.9); Lothal 2 (0.03; exp 2.5); other_home 1 (0.02; exp 3.6)
  W156 [n=86]: Harappa 51 (0.59; exp 44.7); Mohenjo-daro 27 (0.31; exp 29.9); Lothal 3 (0.03; exp 2.0); Dholavira 2 (0.02; exp 2.1); other_home 2 (0.02; exp 3.4); Chanhu-daro 1 (0.01; exp 1.1); Kalibangan 0 (0.00; exp 2.2)
  W154/158 [n=65]: Harappa 44 (0.68; exp 32.4***); Mohenjo-daro 16 (0.25; exp 23.6*); Dholavira 2 (0.03; exp 1.4); Lothal 2 (0.03; exp 2.1); Kalibangan 1 (0.02; exp 1.6); other_home 0 (0.00; exp 2.7*)
  box527 [n=56]: Mohenjo-daro 30 (0.54; exp 28.5); Harappa 16 (0.29; exp 17.2); Lothal 7 (0.12; exp 2.0**); other_home 2 (0.04; exp 2.8); Chanhu-daro 1 (0.02; exp 1.3); Dholavira 0 (0.00; exp 1.6); Kalibangan 0 (0.00; exp 1.9)
  W226 [n=22]: Mohenjo-daro 13 (0.59; exp 9.8); Harappa 4 (0.18; exp 8.1**); other_home 3 (0.14; exp 1.2); Chanhu-daro 1 (0.05; exp 0.5); Kalibangan 1 (0.05; exp 0.7)
  W615/617 [n=43]: Mohenjo-daro 32 (0.74; exp 18.8***); Harappa 9 (0.21; exp 18.9***); Dholavira 1 (0.02; exp 1.0); foreign 1 (0.02; exp 0.3); Lothal 0 (0.00; exp 1.2); other_home 0 (0.00; exp 1.6)
  W236 [n=15]: Harappa 7 (0.47; exp 7.0); Mohenjo-daro 3 (0.20; exp 5.7); other_home 3 (0.20; exp 0.7*); Lothal 2 (0.13; exp 0.7)
  W700 [n=364]: Harappa 360 (0.99; exp 325.4***); Kalibangan 1 (0.00; exp 2.0); Lothal 1 (0.00; exp 0.5); Mohenjo-daro 1 (0.00; exp 31.5***); other_home 1 (0.00; exp 2.1); Dholavira 0 (0.00; exp 1.5)
  W595 [n=10]: Harappa 5 (0.50; exp 2.4*); Mohenjo-daro 5 (0.50; exp 5.4)
  W400 [n=82]: Harappa 52 (0.63; exp 49.9); Mohenjo-daro 28 (0.34; exp 24.5); foreign 1 (0.01; exp 0.3); other_home 1 (0.01; exp 2.4); Dholavira 0 (0.00; exp 1.3); Lothal 0 (0.00; exp 1.8)
  W90/91 [n=11]: Mohenjo-daro 4 (0.36; exp 6.2); Dholavira 3 (0.27; exp 0.4**); Harappa 3 (0.27; exp 2.5); foreign 1 (0.09; exp 0.1)
  none [n=1297]: Mohenjo-daro 532 (0.41; exp 523.3); Harappa 508 (0.39; exp 543.3***); other_home 76 (0.06; exp 73.0); Kalibangan 70 (0.05; exp 57.6**); Lothal 36 (0.03; exp 42.1); Dholavira 33 (0.03; exp 29.0); Chanhu-daro 27 (0.02; exp 20.4*); foreign 15 (0.01; exp 8.3**)
  ENRICHED (p<0.05): jar:Mohenjo-daro 575 vs 550.3, W151:Chanhu-daro 4 vs 1.3, W154/158:Harappa 44 vs 32.4, box527:Lothal 7 vs 2.0, W615/617:Mohenjo-daro 32 vs 18.8, W236:other_home 3 vs 0.7, W700:Harappa 360 vs 325.4, W595:Harappa 5 vs 2.4, W90/91:Dholavira 3 vs 0.4, none:Kalibangan 70 vs 57.6, none:Chanhu-daro 27 vs 20.4, none:foreign 15 vs 8.3
  DEPLETED (p<0.05): jar:Harappa 463 vs 478.5, jar:foreign 4 vs 8.6, W154/158:Mohenjo-daro 16 vs 23.6, W226:Harappa 4 vs 8.1, W615/617:Harappa 9 vs 18.9, none:Harappa 508 vs 543.3

### Site shares, seals only
  jar [n=669]: Mohenjo-daro 421 (0.63; exp 413.4); Harappa 114 (0.17; exp 111.6); other_home 41 (0.06; exp 36.6); Lothal 40 (0.06; exp 34.3); Dholavira 22 (0.03; exp 25.2); Chanhu-daro 14 (0.02; exp 18.7); Kalibangan 13 (0.02; exp 20.4*); foreign 4 (0.01; exp 8.7*)
  arrow [n=145]: Mohenjo-daro 92 (0.63; exp 88.9); Harappa 22 (0.15; exp 24.6); other_home 11 (0.08; exp 8.3); Dholavira 7 (0.05; exp 5.7); Kalibangan 5 (0.03; exp 4.5); Lothal 5 (0.03; exp 7.4); Chanhu-daro 2 (0.01; exp 3.9); foreign 1 (0.01; exp 1.8)
  W151 [n=49]: Mohenjo-daro 31 (0.63; exp 29.4); Chanhu-daro 4 (0.08; exp 1.3*); Dholavira 4 (0.08; exp 2.0); Harappa 4 (0.08; exp 8.5); Kalibangan 3 (0.06; exp 1.6); Lothal 2 (0.04; exp 2.4); other_home 1 (0.02; exp 3.1)
  W156 [n=39]: Mohenjo-daro 26 (0.67; exp 22.1); Harappa 7 (0.18; exp 7.0); Dholavira 2 (0.05; exp 1.8); Lothal 2 (0.05; exp 1.8); Chanhu-daro 1 (0.03; exp 1.1); other_home 1 (0.03; exp 3.1); Kalibangan 0 (0.00; exp 1.5)
  W154/158 [n=29]: Harappa 14 (0.48; exp 4.9**); Mohenjo-daro 11 (0.38; exp 17.7*); Dholavira 2 (0.07; exp 1.2); Lothal 2 (0.07; exp 1.7); other_home 0 (0.00; exp 1.7)
  box527 [n=41]: Mohenjo-daro 26 (0.63; exp 25.0); Lothal 7 (0.17; exp 2.0**); Harappa 5 (0.12; exp 6.9); other_home 2 (0.05; exp 2.4); Chanhu-daro 1 (0.02; exp 1.1); Dholavira 0 (0.00; exp 1.6); Kalibangan 0 (0.00; exp 1.3)
  W226 [n=15]: Mohenjo-daro 12 (0.80; exp 9.3); Chanhu-daro 1 (0.07; exp 0.4); Kalibangan 1 (0.07; exp 0.4); other_home 1 (0.07; exp 0.9); Harappa 0 (0.00; exp 2.4)
  W615/617 [n=21]: Mohenjo-daro 17 (0.81; exp 12.4*); Harappa 3 (0.14; exp 3.7); Dholavira 1 (0.05; exp 0.9); Lothal 0 (0.00; exp 1.2); other_home 0 (0.00; exp 1.4)
  W400 [n=28]: Mohenjo-daro 23 (0.82; exp 16.5**); Harappa 4 (0.14; exp 5.2); foreign 1 (0.04; exp 0.3); Dholavira 0 (0.00; exp 1.1); Lothal 0 (0.00; exp 1.7); other_home 0 (0.00; exp 1.8)
  W90/91 [n=10]: Mohenjo-daro 4 (0.40; exp 5.9); Dholavira 3 (0.30; exp 0.4*); Harappa 2 (0.20; exp 1.7); foreign 1 (0.10; exp 0.2)
  none [n=594]: Mohenjo-daro 338 (0.57; exp 353.5*); Harappa 92 (0.15; exp 98.8); other_home 42 (0.07; exp 40.3); Kalibangan 31 (0.05; exp 19.9***); Lothal 30 (0.05; exp 34.5); Dholavira 25 (0.04; exp 24.3); Chanhu-daro 22 (0.04; exp 15.5*); foreign 14 (0.02; exp 7.2**)
  ENRICHED (p<0.05): W151:Chanhu-daro 4 vs 1.3, W154/158:Harappa 14 vs 4.9, box527:Lothal 7 vs 2.0, W615/617:Mohenjo-daro 17 vs 12.4, W400:Mohenjo-daro 23 vs 16.5, W90/91:Dholavira 3 vs 0.4, none:Kalibangan 31 vs 19.9, none:Chanhu-daro 22 vs 15.5, none:foreign 14 vs 7.2
  DEPLETED (p<0.05): jar:Kalibangan 13 vs 20.4, jar:foreign 4 vs 8.7, W154/158:Mohenjo-daro 11 vs 17.7, none:Mohenjo-daro 338 vs 353.5

### Mohenjo-daro area-sections (null within type x length-bin)
  jar [n=533]: DKG-S 181 (0.34; exp 179.3); DK-other 168 (0.32; exp 170.8); HR 80 (0.15; exp 72.8); DKG-N/DKG 60 (0.11; exp 60.9); VS 23 (0.04; exp 30.5*); SD 14 (0.03; exp 12.8); L/MN 7 (0.01; exp 6.0)
  arrow [n=93]: DKG-S 29 (0.31; exp 35.7); DK-other 28 (0.30; exp 25.1); HR 14 (0.15; exp 12.6); DKG-N/DKG 13 (0.14; exp 11.3); VS 7 (0.08; exp 4.9); L/MN 1 (0.01; exp 1.0); SD 1 (0.01; exp 2.3)
  W151 [n=31]: DKG-S 18 (0.58; exp 12.8*); DK-other 7 (0.23; exp 8.0); VS 4 (0.13; exp 1.9); HR 2 (0.06; exp 3.7); DKG-N/DKG 0 (0.00; exp 3.7*)
  W156 [n=27]: DKG-S 17 (0.63; exp 11.4*); DK-other 6 (0.22; exp 7.5); DKG-N/DKG 3 (0.11; exp 3.2); SD 1 (0.04; exp 0.6); HR 0 (0.00; exp 3.1*)
  W154/158 [n=15]: DK-other 5 (0.33; exp 5.8); DKG-S 4 (0.27; exp 4.4); HR 3 (0.20; exp 2.1); DKG-N/DKG 2 (0.13; exp 1.4); VS 1 (0.07; exp 0.7)
  box527 [n=29]: DK-other 8 (0.28; exp 8.4); DKG-S 8 (0.28; exp 9.9); DKG-N/DKG 4 (0.14; exp 3.2); HR 4 (0.14; exp 3.6); SD 2 (0.07; exp 0.6); VS 2 (0.07; exp 2.7); L/MN 1 (0.03; exp 0.7)
  W226 [n=11]: DKG-S 5 (0.45; exp 4.3); DK-other 3 (0.27; exp 2.8); DKG-N/DKG 1 (0.09; exp 1.5); HR 1 (0.09; exp 1.4); VS 1 (0.09; exp 0.6)
  W615/617 [n=29]: DK-other 14 (0.48; exp 11.1); DKG-S 7 (0.24; exp 8.9); DKG-N/DKG 4 (0.14; exp 2.6); HR 1 (0.03; exp 3.6); L/MN 1 (0.03; exp 0.5); SD 1 (0.03; exp 0.9); VS 1 (0.03; exp 1.5)
  W400 [n=25]: DKG-S 10 (0.40; exp 8.6); DKG-N/DKG 9 (0.36; exp 3.3**); DK-other 5 (0.20; exp 7.1); VS 1 (0.04; exp 1.5); HR 0 (0.00; exp 3.9**)
  none [n=477]: DKG-S 162 (0.34; exp 166.0); DK-other 156 (0.33; exp 151.3); HR 62 (0.13; exp 60.9); DKG-N/DKG 44 (0.09; exp 47.6); VS 29 (0.06; exp 23.8); L/MN 14 (0.03; exp 15.4); SD 10 (0.02; exp 11.9)
  ENRICHED (p<0.05): W151:DKG-S 18 vs 12.8, W156:DKG-S 17 vs 11.4, W400:DKG-N/DKG 9 vs 3.3
  DEPLETED (p<0.05): jar:VS 23 vs 30.5

### Phases (site-specific labels; null within site x type x length-bin)
  jar [n=586]: Late 118 (0.20; exp 108.2*); Intermediate 116 (0.20; exp 125.3); Str-V-VI 77 (0.13; exp 64.6*); Str-III-IV 76 (0.13; exp 73.2); 3B/C 66 (0.11; exp 71.3); Str-I-II 56 (0.10; exp 55.9); 3B 22 (0.04; exp 26.4); 3C 19 (0.03; exp 24.6); Early 10 (0.02; exp 10.6)
  arrow [n=101]: Intermediate 24 (0.24; exp 21.7); Str-III-IV 18 (0.18; exp 12.2*); Late 17 (0.17; exp 18.4); Str-V-VI 11 (0.11; exp 13.2); Str-I-II 9 (0.09; exp 8.9); 3B 6 (0.06; exp 5.6); 3B/C 6 (0.06; exp 10.7); 3C 4 (0.04; exp 3.5); K-Late 4 (0.04; exp 3.1)
  W151 [n=36]: Intermediate 11 (0.31; exp 10.0); Late 7 (0.19; exp 8.0); Str-III-IV 4 (0.11; exp 2.6); 3B 3 (0.08; exp 1.6); 3B/C 3 (0.08; exp 2.5); Str-V-VI 3 (0.08; exp 3.8); Dlv-5 2 (0.06; exp 0.6); Early 1 (0.03; exp 1.0); K-Early 1 (0.03; exp 0.1)
  W156 [n=45]: Intermediate 17 (0.38; exp 11.4**); 3B/C 8 (0.18; exp 5.8); Str-V-VI 7 (0.16; exp 5.7); Late 4 (0.09; exp 7.8); 3B 3 (0.07; exp 2.1); Str-III-IV 3 (0.07; exp 5.3); 3C 2 (0.04; exp 2.0); Str-I-II 1 (0.02; exp 3.1); Early 0 (0.00; exp 1.8)
  W154/158 [n=35]: Str-III-IV 8 (0.23; exp 6.1); Str-V-VI 6 (0.17; exp 6.5); Str-I-II 5 (0.14; exp 4.2); 3B/C 4 (0.11; exp 5.4); Late 4 (0.11; exp 2.8); 3B 3 (0.09; exp 2.8); 3C 2 (0.06; exp 2.9); Intermediate 2 (0.06; exp 3.1); K-Late 1 (0.03; exp 0.8)
  box527 [n=21]: Late 9 (0.43; exp 5.6); Intermediate 3 (0.14; exp 6.8*); 3C 2 (0.10; exp 0.5); Str-I-II 2 (0.10; exp 1.5); Str-V-VI 2 (0.10; exp 2.1); 3B 1 (0.05; exp 0.9); Early 1 (0.05; exp 0.6); Str-III-IV 1 (0.05; exp 1.6); 3B/C 0 (0.00; exp 1.5)
  W615/617 [n=17]: Intermediate 6 (0.35; exp 5.8); Late 5 (0.29; exp 4.8); Str-III-IV 3 (0.18; exp 1.7); 3B/C 2 (0.12; exp 0.9); Str-V-VI 1 (0.06; exp 1.7)
  W700 [n=248]: Str-V-VI 72 (0.29; exp 63.7*); 3B/C 70 (0.28; exp 70.7); Str-III-IV 35 (0.14; exp 43.6*); Str-I-II 27 (0.11; exp 21.9); 3B 24 (0.10; exp 26.2); 3C 20 (0.08; exp 22.0)
  W400 [n=58]: 3B/C 13 (0.22; exp 10.5); Intermediate 9 (0.16; exp 9.9); Late 9 (0.16; exp 8.5); Str-V-VI 8 (0.14; exp 9.4); Str-III-IV 7 (0.12; exp 7.8); Str-I-II 6 (0.10; exp 4.3); 3B 4 (0.07; exp 4.1); 3C 1 (0.02; exp 2.9); Early 1 (0.02; exp 0.6)
  none [n=570]: Intermediate 117 (0.21; exp 111.1); Late 77 (0.14; exp 86.4*); 3B/C 71 (0.12; exp 64.5); Str-III-IV 62 (0.11; exp 61.0); Str-V-VI 52 (0.09; exp 66.5**); 3C 50 (0.09; exp 42.6*); K-Late 40 (0.07; exp 40.1); 3B 33 (0.06; exp 28.0); Str-I-II 27 (0.05; exp 32.4)
  ENRICHED (p<0.05): jar:Late 118 vs 108.2, jar:Str-V-VI 77 vs 64.6, arrow:Str-III-IV 18 vs 12.2, W156:Intermediate 17 vs 11.4, W700:Str-V-VI 72 vs 63.7, none:3C 50 vs 42.6
  DEPLETED (p<0.05): box527:Intermediate 3 vs 6.8, W700:Str-III-IV 35 vs 43.6, none:Late 77 vs 86.4, none:Str-V-VI 52 vs 66.5, none:Dlv-5 5 vs 7.3

### Emblem on seals (expected null per S-DARK-34)
  jar [n=545]: unicorn 436 (0.80; exp 429.0); bovine_other 59 (0.11; exp 63.2); elephant 20 (0.04; exp 19.4); other 16 (0.03; exp 19.5); other_animal 14 (0.03; exp 13.8)
  arrow [n=126]: unicorn 94 (0.75; exp 97.0); bovine_other 16 (0.13; exp 15.0); other 7 (0.06; exp 7.2); elephant 5 (0.04; exp 2.8); other_animal 4 (0.03; exp 4.0)
  W151 [n=47]: unicorn 39 (0.83; exp 36.5); bovine_other 6 (0.13; exp 5.4); other 2 (0.04; exp 2.9); elephant 0 (0.00; exp 1.2)
  W156 [n=36]: unicorn 30 (0.83; exp 28.5); bovine_other 4 (0.11; exp 3.9); elephant 2 (0.06; exp 1.4); other 0 (0.00; exp 1.7)
  W154/158 [n=10]: unicorn 10 (1.00; exp 8.3); bovine_other 0 (0.00; exp 1.0)
  box527 [n=32]: unicorn 26 (0.81; exp 25.6); bovine_other 4 (0.12; exp 3.4); other 1 (0.03; exp 1.2); other_animal 1 (0.03; exp 0.6); elephant 0 (0.00; exp 1.2)
  W226 [n=13]: unicorn 11 (0.85; exp 9.2); bovine_other 2 (0.15; exp 2.3)
  W615/617 [n=12]: unicorn 11 (0.92; exp 9.2); bovine_other 1 (0.08; exp 1.9)
  W400 [n=22]: unicorn 16 (0.73; exp 17.9); bovine_other 2 (0.09; exp 2.6); other 2 (0.09; exp 0.6); elephant 1 (0.05; exp 0.7); other_animal 1 (0.05; exp 0.2)
  none [n=452]: unicorn 321 (0.71; exp 331.3); bovine_other 68 (0.15; exp 65.6); other 36 (0.08; exp 29.9*); other_animal 15 (0.03; exp 13.5); elephant 12 (0.03; exp 11.7)
  ENRICHED (p<0.05): none:other 36 vs 29.9
  DEPLETED (p<0.05): none

### Material (null within site x type x length-bin; S-DARK-35)
  jar [n=997]: steatite 653 (0.65; exp 652.0); faience 126 (0.13; exp 122.7); clay 118 (0.12; exp 121.8); copper 86 (0.09; exp 87.6); ivory/bone 9 (0.01; exp 9.0); other 5 (0.01; exp 3.9)
  arrow [n=169]: steatite 136 (0.80; exp 137.2); faience 20 (0.12; exp 17.0); clay 12 (0.07; exp 11.5); ivory/bone 1 (0.01; exp 1.0); copper 0 (0.00; exp 1.6)
  W151 [n=55]: steatite 43 (0.78; exp 45.0); faience 7 (0.13; exp 4.2); clay 4 (0.07; exp 4.7); ivory/bone 1 (0.02; exp 1.0)
  W156 [n=75]: steatite 66 (0.88; exp 52.9***); faience 5 (0.07; exp 14.7***); clay 4 (0.05; exp 6.4)
  W154/158 [n=56]: steatite 32 (0.57; exp 35.6); clay 13 (0.23; exp 8.7*); faience 11 (0.20; exp 9.7); copper 0 (0.00; exp 1.5*)
  box527 [n=48]: steatite 40 (0.83; exp 37.2); clay 5 (0.10; exp 5.6); faience 1 (0.02; exp 2.6); ivory/bone 1 (0.02; exp 1.0); other 1 (0.02; exp 0.7)
  W226 [n=16]: steatite 15 (0.94; exp 12.8*); clay 1 (0.06; exp 2.3)
  W615/617 [n=36]: steatite 17 (0.47; exp 19.3); copper 12 (0.33; exp 10.9); faience 4 (0.11; exp 3.2); clay 3 (0.08; exp 2.5)
  W236 [n=11]: steatite 6 (0.55; exp 8.2); faience 3 (0.27; exp 1.8); clay 2 (0.18; exp 1.0)
  W700 [n=306]: steatite 160 (0.52; exp 168.0); faience 123 (0.40; exp 115.1); clay 22 (0.07; exp 21.3); ivory/bone 1 (0.00; exp 1.0)
  W595 [n=10]: steatite 9 (0.90; exp 8.8); copper 1 (0.10; exp 0.7)
  W400 [n=70]: steatite 38 (0.54; exp 41.8); faience 23 (0.33; exp 16.7*); clay 9 (0.13; exp 7.5); copper 0 (0.00; exp 3.8***)
  W90/91 [n=10]: steatite 10 (1.00; exp 9.3)
  none [n=1135]: steatite 609 (0.54; exp 606.0); clay 261 (0.23; exp 260.7); copper 115 (0.10; exp 106.0**); faience 102 (0.09; exp 114.8*); other 41 (0.04; exp 40.4); ivory/bone 7 (0.01; exp 7.0)
  ENRICHED (p<0.05): W156:steatite 66 vs 52.9, W154/158:clay 13 vs 8.7, W226:steatite 15 vs 12.8, W400:faience 23 vs 16.7, none:copper 115 vs 106.0
  DEPLETED (p<0.05): W156:faience 5 vs 14.7, none:faience 102 vs 114.8
/home/user/Indus-/tools/dark_loop60.py:250: RuntimeWarning: Mean of empty slice
  mean = np.nanmean(null, 0); sd = np.nanstd(null, 0)
/usr/local/lib/python3.11/dist-packages/numpy/lib/_nanfunctions_impl.py:1997: RuntimeWarning: Degrees of freedom <= 0 for slice.
  var = nanvar(a, axis=axis, dtype=dtype, out=out, ddof=ddof,

### Mean seal width (mm), seals with a size (null within site x type x length-bin)
  jar [n=637]: 27.9 vs null 28.3 (sd 0.2) *
  arrow [n=141]: 27.0 vs null 27.5 (sd 0.6) 
  W151 [n=48]: 24.3 vs null 25.7 (sd 0.9) 
  W156 [n=38]: 22.0 vs null 24.5 (sd 1.1) **
  W154/158 [n=28]: 26.8 vs null 27.7 (sd 1.5) 
  box527 [n=40]: 27.2 vs null 28.0 (sd 1.2) 
  W226 [n=14]: 28.6 vs null 28.4 (sd 1.9) 
  W615/617 [n=20]: 26.7 vs null 25.5 (sd 1.5) 
  W400 [n=26]: 23.8 vs null 26.0 (sd 1.4) 
  none [n=558]: 27.6 vs null 26.9 (sd 0.2) ***

### Pairwise functional distinctness (profile over type_fine, site group, opener, suffix, epithet, fish, quantity, midbin, second unit; statistic = summed chi-square across dimensions; null = labels shuffled between the two heads (a) freely, (b) within length-bin; 1000x; texts >= 2 signs)
