== S-DARK-31 cycle 1, level seq_all: Indus Mohenjo-daro + Harappa complete texts >= 2 signs: 2840 objects, 11407 tokens; embeddings PPMI+SVD dim 30 over L1/R1/L2/R2/position/slot/object; vocab 150; nulls 50x
[seq_all] REAL rule4: links 4769, pairs linked 5261, stars 2095, offset classes (>=3 disjoint pairs, mean offset cos >= 0.5) 480 holding 1572 pairs; sharp (cos >= 0.7) 80, big (>= 5 disjoint) 32, sharp+big 0  (32.8s)
[seq_all] REAL rule2: links 24212, pairs linked 14167, stars 2607, offset classes (>=3 disjoint pairs, mean offset cos >= 0.5) 762 holding 4347 pairs; sharp (cos >= 0.7) 90, big (>= 5 disjoint) 76, sharp+big 0  (41.1s)
   [seq_all] null slot replicate 0/50 (41s)
   [seq_all] null slot replicate 10/50 (403s)
   [seq_all] null slot replicate 20/50 (733s)
   [seq_all] null slot replicate 30/50 (1059s)
   [seq_all] null slot replicate 40/50 (1285s)
[seq_all] NULL slot rule4 (50x): n_links real 4769 vs null median 4528 [5-95% 4232-4770] P(>=) 0.078 P(<=) 0.941; n_classes real 480 vs null median 370 [5-95% 340-399] P(>=) 0.020 P(<=) 1.000; n_sharp real 80 vs null median 34 [5-95% 23-47] P(>=) 0.020 P(<=) 1.000; n_big real 32 vs null median 13 [5-95% 8-22] P(>=) 0.020 P(<=) 1.000; n_sharp_big real 0 vs null median 0 [5-95% 0-1] P(>=) 1.000 P(<=) 0.922  (1509s)
[seq_all] NULL slot rule2 (50x): n_links real 24212 vs null median 25539 [5-95% 24393-26960] P(>=) 1.000 P(<=) 0.020; n_classes real 762 vs null median 460 [5-95% 418-499] P(>=) 0.020 P(<=) 1.000; n_sharp real 90 vs null median 49 [5-95% 37-62] P(>=) 0.020 P(<=) 1.000; n_big real 76 vs null median 54 [5-95% 43-66] P(>=) 0.020 P(<=) 1.000; n_sharp_big real 0 vs null median 3 [5-95% 1-6] P(>=) 1.000 P(<=) 0.039  (1510s)
   [seq_all] null grammar replicate 0/50 (1510s)
   [seq_all] null grammar replicate 10/50 (1715s)
   [seq_all] null grammar replicate 20/50 (1908s)
   [seq_all] null grammar replicate 30/50 (2101s)
   [seq_all] null grammar replicate 40/50 (2290s)
[seq_all] NULL grammar rule4 (50x): n_links real 4769 vs null median 4684 [5-95% 4483-5004] P(>=) 0.255 P(<=) 0.765; n_classes real 480 vs null median 422 [5-95% 394-469] P(>=) 0.039 P(<=) 0.980; n_sharp real 80 vs null median 54 [5-95% 38-67] P(>=) 0.020 P(<=) 1.000; n_big real 32 vs null median 16 [5-95% 8-23] P(>=) 0.020 P(<=) 1.000; n_sharp_big real 0 vs null median 0 [5-95% 0-1] P(>=) 1.000 P(<=) 0.824  (2442s)
[seq_all] NULL grammar rule2 (50x): n_links real 24212 vs null median 24050 [5-95% 23116-25142] P(>=) 0.431 P(<=) 0.588; n_classes real 762 vs null median 671 [5-95% 606-737] P(>=) 0.020 P(<=) 1.000; n_sharp real 90 vs null median 57 [5-95% 28-80] P(>=) 0.020 P(<=) 1.000; n_big real 76 vs null median 62 [5-95% 47-80] P(>=) 0.157 P(<=) 0.902; n_sharp_big real 0 vs null median 0 [5-95% 0-3] P(>=) 1.000 P(<=) 0.569  (2442s)
   [seq_all] null pos replicate 0/50 (2442s)
   [seq_all] null pos replicate 10/50 (2592s)
   [seq_all] null pos replicate 20/50 (2754s)
   [seq_all] null pos replicate 30/50 (2910s)
   [seq_all] null pos replicate 40/50 (3069s)
[seq_all] NULL pos rule4 (50x): n_links real 4769 vs null median 4884 [5-95% 4542-5080] P(>=) 0.863 P(<=) 0.157; n_classes real 480 vs null median 408 [5-95% 370-446] P(>=) 0.020 P(<=) 1.000; n_sharp real 80 vs null median 22 [5-95% 11-32] P(>=) 0.020 P(<=) 1.000; n_big real 32 vs null median 21 [5-95% 14-29] P(>=) 0.039 P(<=) 0.980; n_sharp_big real 0 vs null median 0 [5-95% 0-1] P(>=) 1.000 P(<=) 0.882  (3229s)
[seq_all] NULL pos rule2 (50x): n_links real 24212 vs null median 28804 [5-95% 27395-29753] P(>=) 1.000 P(<=) 0.020; n_classes real 762 vs null median 370 [5-95% 324-412] P(>=) 0.020 P(<=) 1.000; n_sharp real 90 vs null median 6 [5-95% 2-9] P(>=) 0.020 P(<=) 1.000; n_big real 76 vs null median 36 [5-95% 26-47] P(>=) 0.020 P(<=) 1.000; n_sharp_big real 0 vs null median 0 [5-95% 0-1] P(>=) 1.000 P(<=) 0.902  (3229s)
-- real offset classes, rule 4:
  class 1: 6 pairs, 6 disjoint, offset cos 0.59: W527(M254):W845(M407), W740(M342):W520(M211), W156(M15):W61(M124/125), W617:W17(M110/112), W151(M12):W555(M222), W525:W320(M182)
  class 2: 6 pairs, 6 disjoint, offset cos 0.53: W525:W347, W740(M342):W65, W156(M15):W821, W527(M254):W906(M303), W824:W831, W335(M192):W72
  class 3: 6 pairs, 6 disjoint, offset cos 0.53: W605:W347, W700(M328):W390(M161/162/167/168/169), W335(M192):W794, W745(M345):W821, W382(M325):W831, W853(M264):W65
  class 4: 6 pairs, 6 disjoint, offset cos 0.52: W243:W697, W33(M89):W790(M261/373/374), W142(M25):W156(M15), W824:W590(M249), W55(M121):W5(M106/107), W97:W241
  class 5: 6 pairs, 6 disjoint, offset cos 0.52: W697:W243, W590(M249):W824, W156(M15):W142(M25), W5(M106/107):W55(M121), W790(M261/373/374):W33(M89), W241:W97
  class 6: 6 pairs, 6 disjoint, offset cos 0.51: W32(M87):W585, W861(M267):W226(M60), W4(M104/105):W845(M407), W171(M409):W388(M327), W792:W222, W347:W527(M254)
  class 7: 6 pairs, 6 disjoint, offset cos 0.50: W222:W792, W520(M211):W130(M19), W705(M336):W853(M264), W255(M51):W171(M409), W585:W32(M87), W923(M296):W468
  class 8: 5 pairs, 5 disjoint, offset cos 0.62: W416(M173):W545(M215), W16(M108/109):W645(M137), W501(M210):W165, W97:W905, W219:W171(M409)
  class 9: 5 pairs, 5 disjoint, offset cos 0.61: W700(M328):W100(M8), W790(M261/373/374):W585, W905:W337(M193), W853(M264):W415(M171), W545(M215):W904
  class 10: 5 pairs, 5 disjoint, offset cos 0.61: W100(M8):W700(M328), W415(M171):W853(M264), W585:W790(M261/373/374), W904:W545(M215), W337(M193):W905
  class 11: 5 pairs, 5 disjoint, offset cos 0.61: W4(M104/105):W868(M275), W61(M124/125):W740(M342), W17(M110/112):W161, W5(M106/107):W167, W16(M108/109):W413(M177)
  class 12: 5 pairs, 5 disjoint, offset cos 0.60: W630(M244):W500(M209), W176(M48):W175(M47), W904:W821, W384:W64(M161), W927:W167
  class 13: 5 pairs, 5 disjoint, offset cos 0.59: W760(M347/358):W740(M342), W630(M244):W226(M60), W575(M197):W165, W752:W154, W585:W527(M254)
  class 14: 5 pairs, 5 disjoint, offset cos 0.59: W740(M342):W760(M347/358), W154:W752, W527(M254):W585, W226(M60):W630(M244), W165:W575(M197)
  class 15: 5 pairs, 5 disjoint, offset cos 0.58: W845(M407):W527(M254), W520(M211):W740(M342), W61(M124/125):W156(M15), W17(M110/112):W617, W320(M182):W525
  class 16: 5 pairs, 5 disjoint, offset cos 0.57: W5(M106/107):W850, W3(M102/103):W321, W415(M171):W226(M60), W16(M108/109):W95(M18), W554(M226):W388(M327)
  class 17: 5 pairs, 5 disjoint, offset cos 0.55: W176(M48):W435(M130), W798(M216):W368(M402), W337(M193):W436, W35(M96):W13(M103), W222:W70(M155)
  class 18: 5 pairs, 5 disjoint, offset cos 0.53: W32(M87):W176(M48), W34:W222, W4(M104/105):W17(M110/112), W491(M205):W440(M127), W64(M161):W484(M136)
  class 19: 5 pairs, 5 disjoint, offset cos 0.53: W176(M48):W32(M87), W17(M110/112):W4(M104/105), W440(M127):W491(M205), W222:W34, W484(M136):W64(M161)
  class 20: 5 pairs, 5 disjoint, offset cos 0.53: W772(M348):W384, W482(M135):W790(M261/373/374), W455(M233):W190(M54/55), W555(M222):W597, W554(M226):W64(M161)
  class 21: 5 pairs, 5 disjoint, offset cos 0.53: W545(M215):W927, W900(M287):W100(M8), W13(M103):W384, W165:W222, W645(M137):W554(M226)
  class 22: 5 pairs, 5 disjoint, offset cos 0.53: W927:W545(M215), W100(M8):W900(M287), W384:W13(M103), W222:W165, W554(M226):W645(M137)
  class 23: 5 pairs, 5 disjoint, offset cos 0.53: W831:W824, W72:W382(M325), W821:W64(M161), W347:W525, W906(M303):W812(M381)
  class 24: 5 pairs, 5 disjoint, offset cos 0.52: W320(M182):W491(M205), W705(M336):W416(M173), W371(M397):W501(M210), W555(M222):W260(M76), W554(M226):W104(M41)
  class 25: 5 pairs, 5 disjoint, offset cos 0.52: W415(M171):W585, W2(M99/100):W705(M336), W803(M387):W176(M48), W798(M216):W923(M296), W65:W760(M347/358)
  class 26: 5 pairs, 5 disjoint, offset cos 0.51: W32(M87):W717(M341), W861(M267):W255(M51), W3(M102/103):W125(M28), W34:W171(M409), W4(M104/105):W705(M336)
  class 27: 5 pairs, 5 disjoint, offset cos 0.51: W700(M328):W840(M403), W740(M342):W70(M155), W390(M161/162/167/168/169):W55(M121), W868(M275):W831, W137(M40):W605
  class 28: 5 pairs, 5 disjoint, offset cos 0.51: W390(M161/162/167/168/169):W347, W700(M328):W605, W407(M169):W72, W760(M347/358):W436, W923(M296):W440(M127)
  class 29: 5 pairs, 5 disjoint, offset cos 0.51: W34:W790(M261/373/374), W156(M15):W226(M60), W760(M347/358):W705(M336), W752:W520(M211), W97:W565(M224)
  class 30: 5 pairs, 5 disjoint, offset cos 0.50: W390(M161/162/167/168/169):W527(M254), W220(M59):W226(M60), W407(M169):W525, W416(M173):W241, W455(M233):W161
  class 31: 5 pairs, 5 disjoint, offset cos 0.50: W525:W794, W700(M328):W35(M96), W156(M15):W690(M149), W527(M254):W500(M209), W137(M40):W540
  class 32: 5 pairs, 5 disjoint, offset cos 0.50: W645(M137):W545(M215), W690(M149):W125(M28), W16(M108/109):W416(M173), W482(M135):W705(M336), W821:W165
  class 33: 4 pairs, 4 disjoint, offset cos 0.71: W772(M348):W241, W176(M48):W371(M397), W100(M8):W740(M342), W904:W165
  class 34: 4 pairs, 4 disjoint, offset cos 0.70: W501(M210):W605, W125(M28):W335(M192), W416(M173):W853(M264), W260(M76):W382(M325)
  class 35: 4 pairs, 4 disjoint, offset cos 0.69: W371(M397):W243, W705(M336):W55(M121), W590(M249):W142(M25), W920(M293):W97
  class 36: 4 pairs, 4 disjoint, offset cos 0.69: W243:W371(M397), W142(M25):W590(M249), W55(M121):W705(M336), W97:W920(M293)
  class 37: 4 pairs, 4 disjoint, offset cos 0.64: W17(M110/112):W413(M177), W845(M407):W525, W482(M135):W868(M275), W320(M182):W374(M400)
  class 38: 4 pairs, 4 disjoint, offset cos 0.64: W2(M99/100):W798(M216), W60(M123):W440(M127), W13(M103):W927, W484(M136):W222
  class 39: 4 pairs, 4 disjoint, offset cos 0.64: W4(M104/105):W554(M226), W3(M102/103):W440(M127), W61(M124/125):W337(M193), W597:W927
  class 40: 4 pairs, 4 disjoint, offset cos 0.63: W590(M249):W545(M215), W617:W905, W17(M110/112):W171(M409), W371(M397):W165
-- real offset classes, rule 2:
  class 1: 22 pairs, 10 disjoint, offset cos 0.51: W482(M135):W500(M209), W705(M336):W125(M28), W100(M8):W794, W550(M216):W831, W840(M403):W347, W17(M110/112):W347, W904:W347, W923(M296):W621(M242), W923(M296):W831, W772(M348):W455(M233), W772(M348):W65, W555(M222):W347 ...
  class 2: 26 pairs, 8 disjoint, offset cos 0.51: W171(M409):W927, W700(M328):W923(M296), W390(M161/162/167/168/169):W923(M296), W690(M149):W772(M348), W900(M287):W923(M296), W140(M17):W585, W617:W923(M296), W717(M341):W222, W850:W923(M296), W388(M327):W923(M296), W790(M261/373/374):W923(M296), W742:W923(M296) ...
  class 3: 10 pairs, 7 disjoint, offset cos 0.63: W4(M104/105):W555(M222), W32(M87):W222, W3(M102/103):W772(M348), W5(M106/107):W482(M135), W5(M106/107):W772(M348), W16(M108/109):W923(M296), W16(M108/109):W772(M348), W321:W845(M407), W697:W565(M224), W697:W161
  class 4: 8 pairs, 7 disjoint, offset cos 0.60: W100(M8):W321, W176(M48):W5(M106/107), W760(M347/358):W4(M104/105), W752:W501(M210), W752:W697, W585:W590(M249), W923(M296):W850, W337(M193):W501(M210)
  class 5: 8 pairs, 7 disjoint, offset cos 0.57: W72:W222, W175(M47):W176(M48), W831:W923(M296), W831:W554(M226), W436:W904, W317(M186):W772(M348), W347:W792, W260(M76):W927
  class 6: 17 pairs, 7 disjoint, offset cos 0.57: W482(M135):W167, W520(M211):W868(M275), W705(M336):W868(M275), W100(M8):W525, W17(M110/112):W868(M275), W17(M110/112):W64(M161), W845(M407):W525, W585:W525, W904:W645(M137), W904:W436, W904:W137(M40), W923(M296):W525 ...
  class 7: 10 pairs, 7 disjoint, offset cos 0.52: W156(M15):W236, W700(M328):W565(M224), W390(M161/162/167/168/169):W233(M72), W31(M86):W233(M72), W690(M149):W240(M67), W900(M287):W233(M72), W900(M287):W231(M70), W900(M287):W219, W752:W222, W645(M137):W235(M65)
  class 8: 11 pairs, 7 disjoint, offset cos 0.52: W165:W927, W400(M176):W384, W368(M402):W923(M296), W154:W100(M8), W125(M28):W222, W832:W772(M348), W480:W904, W241:W772(M348), W241:W222, W906(M303):W923(M296), W545(M215):W904
  class 9: 14 pairs, 7 disjoint, offset cos 0.52: W176(M48):W236, W34:W167, W760(M347/358):W156(M15), W760(M347/358):W527(M254), W760(M347/358):W525, W630(M244):W226(M60), W752:W154, W717(M341):W241, W585:W527(M254), W904:W241, W440(M127):W241, W350(M174/175):W241 ...
  class 10: 20 pairs, 7 disjoint, offset cos 0.51: W320(M182):W491(M205), W520(M211):W260(M76), W705(M336):W416(M173), W920(M293):W501(M210), W255(M51):W416(M173), W550(M216):W260(M76), W17(M110/112):W175(M47), W17(M110/112):W72, W17(M110/112):W260(M76), W585:W416(M173), W923(M296):W416(M173), W440(M127):W260(M76) ...
  class 11: 14 pairs, 7 disjoint, offset cos 0.50: W337(M193):W335(M192), W390(M161/162/167/168/169):W220(M59), W255(M51):W790(M261/373/374), W255(M51):W853(M264), W550(M216):W382(M325), W142(M25):W175(M47), W142(M25):W72, W142(M25):W382(M325), W892:W605, W904:W382(M325), W350(M174/175):W382(M325), W55(M121):W382(M325) ...
  class 12: 10 pairs, 6 disjoint, offset cos 0.58: W235(M65):W347, W220(M59):W390(M161/162/167/168/169), W240(M67):W831, W240(M67):W72, W240(M67):W821, W240(M67):W906(M303), W803(M387):W831, W798(M216):W617, W231(M70):W65, W231(M70):W500(M209)
  class 13: 9 pairs, 6 disjoint, offset cos 0.58: W413(M177):W554(M226), W617:W482(M135), W151(M12):W927, W527(M254):W923(M296), W527(M254):W482(M135), W527(M254):W320(M182), W527(M254):W772(M348), W525:W337(M193), W374(M400):W320(M182)
  class 14: 11 pairs, 6 disjoint, offset cos 0.55: W233(M72):W226(M60), W220(M59):W527(M254), W240(M67):W740(M342), W240(M67):W484(M136), W803(M387):W154, W803(M387):W297(M180), W235(M65):W740(M342), W235(M65):W480, W235(M65):W565(M224), W415(M171):W740(M342), W231(M70):W527(M254)
  class 15: 11 pairs, 6 disjoint, offset cos 0.54: W390(M161/162/167/168/169):W585, W861(M267):W415(M171), W407(M169):W435(M130), W455(M233):W176(M48), W455(M233):W904, W455(M233):W923(M296), W455(M233):W482(M135), W455(M233):W222, W455(M233):W927, W906(M303):W575(M197), W190(M54/55):W630(M244)
  class 16: 12 pairs, 6 disjoint, offset cos 0.54: W240(M67):W540, W220(M59):W700(M328), W235(M65):W104(M41), W233(M72):W920(M293), W233(M72):W690(M149), W233(M72):W645(M137), W233(M72):W104(M41), W233(M72):W480, W233(M72):W792, W233(M72):W64(M161), W231(M70):W595(M252), W236:W137(M40)
  class 17: 20 pairs, 6 disjoint, offset cos 0.53: W3(M102/103):W545(M215), W32(M87):W171(M409), W590(M249):W165, W34:W905, W61(M124/125):W388(M327), W61(M124/125):W226(M60), W61(M124/125):W565(M224), W4(M104/105):W171(M409), W5(M106/107):W165, W16(M108/109):W255(M51), W16(M108/109):W575(M197), W16(M108/109):W125(M28) ...
  class 18: 21 pairs, 6 disjoint, offset cos 0.52: W171(M409):W190(M54/55), W700(M328):W812(M381), W255(M51):W812(M381), W140(M17):W812(M381), W717(M341):W812(M381), W850:W812(M381), W388(M327):W812(M381), W790(M261/373/374):W384, W790(M261/373/374):W812(M381), W13(M103):W812(M381), W745(M345):W812(M381), W645(M137):W812(M381) ...
  class 19: 12 pairs, 6 disjoint, offset cos 0.52: W717(M341):W679(M139), W32(M87):W621(M242), W705(M336):W161, W176(M48):W621(M242), W690(M149):W400(M176), W760(M347/358):W90(M1), W575(M197):W621(M242), W585:W621(M242), W125(M28):W90(M1), W350(M174/175):W621(M242), W337(M193):W565(M224), W222:W565(M224)
  class 20: 13 pairs, 6 disjoint, offset cos 0.52: W240(M67):W175(M47), W220(M59):W70(M155), W803(M387):W347, W235(M65):W72, W233(M72):W31(M86), W233(M72):W1(M97/98), W233(M72):W70(M155), W233(M72):W335(M192), W233(M72):W72, W233(M72):W794, W798(M216):W413(M177), W798(M216):W440(M127) ...
  class 21: 11 pairs, 6 disjoint, offset cos 0.52: W226(M60):W597, W740(M342):W61(M124/125), W151(M12):W4(M104/105), W527(M254):W130(M19), W236:W384, W371(M397):W4(M104/105), W565(M224):W384, W565(M224):W511, W241:W4(M104/105), W697:W4(M104/105), W161:W4(M104/105)
  class 22: 15 pairs, 6 disjoint, offset cos 0.52: W17(M110/112):W161, W176(M48):W565(M224), W1(M97/98):W90(M1), W798(M216):W565(M224), W690(M149):W740(M342), W61(M124/125):W740(M342), W4(M104/105):W868(M275), W16(M108/109):W679(M139), W440(M127):W565(M224), W320(M182):W565(M224), W321:W740(M342), W605:W679(M139) ...
  class 23: 8 pairs, 6 disjoint, offset cos 0.51: W176(M48):W435(M130), W798(M216):W368(M402), W337(M193):W436, W35(M96):W13(M103), W222:W790(M261/373/374), W222:W70(M155), W222:W95(M18), W792:W853(M264)
  class 24: 12 pairs, 6 disjoint, offset cos 0.51: W2(M99/100):W798(M216), W60(M123):W440(M127), W255(M51):W555(M222), W435(M130):W176(M48), W435(M130):W752, W435(M130):W923(M296), W435(M130):W482(M135), W13(M103):W520(M211), W13(M103):W772(M348), W13(M103):W554(M226), W13(M103):W927, W436:W374(M400)
  class 25: 8 pairs, 6 disjoint, offset cos 0.51: W407(M169):W337(M193), W700(M328):W904, W700(M328):W222, W700(M328):W927, W390(M161/162/167/168/169):W904, W3(M102/103):W554(M226), W790(M261/373/374):W575(M197), W321:W794
  class 26: 9 pairs, 6 disjoint, offset cos 0.51: W156(M15):W241, W390(M161/162/167/168/169):W927, W407(M169):W845(M407), W900(M287):W388(M327), W900(M287):W320(M182), W900(M287):W165, W900(M287):W832, W154:W236, W752:W555(M222)
  class 27: 6 pairs, 5 disjoint, offset cos 0.67: W90(M1):W100(M8), W400(M176):W176(M48), W621(M242):W585, W679(M139):W760(M347/358), W679(M139):W752, W565(M224):W482(M135)
  class 28: 8 pairs, 5 disjoint, offset cos 0.67: W240(M67):W222, W235(M65):W176(M48), W235(M65):W927, W741(M343):W760(M347/358), W233(M72):W772(M348), W233(M72):W927, W231(M70):W772(M348), W236:W927
  class 29: 7 pairs, 5 disjoint, offset cos 0.65: W142(M25):W772(M348), W156(M15):W520(M211), W97:W222, W831:W320(M182), W243:W923(M296), W243:W482(M135), W243:W555(M222)
  class 30: 7 pairs, 5 disjoint, offset cos 0.62: W233(M72):W597, W220(M59):W130(M19), W240(M67):W384, W235(M65):W13(M103), W235(M65):W130(M19), W231(M70):W1(M97/98), W231(M70):W130(M19)
  class 31: 6 pairs, 5 disjoint, offset cos 0.62: W90(M1):W491(M205), W400(M176):W260(M76), W621(M242):W501(M210), W679(M139):W605, W565(M224):W440(M127), W565(M224):W605
  class 32: 9 pairs, 5 disjoint, offset cos 0.62: W156(M15):W260(M76), W740(M342):W501(M210), W740(M342):W72, W700(M328):W72, W154:W72, W137(M40):W491(M205), W525:W175(M47), W525:W491(M205), W525:W72
  class 33: 7 pairs, 5 disjoint, offset cos 0.62: W840(M403):W923(M296), W615:W482(M135), W790(M261/373/374):W585, W905:W904, W605:W772(M348), W605:W555(M222), W605:W222
  class 34: 15 pairs, 5 disjoint, offset cos 0.62: W240(M67):W176(M48), W220(M59):W585, W235(M65):W904, W235(M65):W540, W233(M72):W630(M244), W231(M70):W415(M171), W231(M70):W100(M8), W231(M70):W760(M347/358), W231(M70):W17(M110/112), W231(M70):W575(M197), W231(M70):W585, W231(M70):W904 ...
  class 35: 6 pairs, 5 disjoint, offset cos 0.62: W585:W97, W415(M171):W803(M387), W100(M8):W142(M25), W923(M296):W55(M121), W923(M296):W243, W482(M135):W55(M121)
  class 36: 9 pairs, 5 disjoint, offset cos 0.61: W240(M67):W61(M124/125), W220(M59):W597, W235(M65):W3(M102/103), W235(M65):W4(M104/105), W235(M65):W142(M25), W235(M65):W16(M108/109), W233(M72):W384, W233(M72):W321, W798(M216):W752
  class 37: 12 pairs, 5 disjoint, offset cos 0.61: W176(M48):W413(M177), W32(M87):W868(M275), W100(M8):W868(M275), W760(M347/358):W868(M275), W630(M244):W374(M400), W752:W868(M275), W717(M341):W868(M275), W585:W868(M275), W904:W617, W904:W374(M400), W772(M348):W151(M12), W927:W868(M275)
  class 38: 11 pairs, 5 disjoint, offset cos 0.61: W240(M67):W772(M348), W235(M65):W55(M121), W235(M65):W555(M222), W235(M65):W222, W235(M65):W554(M226), W741(M343):W752, W233(M72):W923(M296), W690(M149):W752, W231(M70):W482(M135), W231(M70):W555(M222), W742:W752
  class 39: 9 pairs, 5 disjoint, offset cos 0.60: W772(M348):W55(M121), W176(M48):W97, W100(M8):W97, W904:W97, W923(M296):W97, W482(M135):W33(M89), W35(M96):W484(M136), W222:W97, W927:W905
  class 40: 9 pairs, 5 disjoint, offset cos 0.60: W235(M65):W413(M177), W2(M99/100):W617, W240(M67):W590(M249), W803(M387):W617, W233(M72):W590(M249), W233(M72):W824, W415(M171):W617, W231(M70):W617, W231(M70):W374(M400)
done
