== S-DARK-33 cycle 5 level seq_raw: fit (MD+H complete, direction recorded) 2946 texts [seals 1259, tablets 1472]; held-out sites 451; IM77 certainly-new 324 texts (0/1291 tokens unbridged -> OTHER)

## control indus-seals: 1259 texts, mean len 4.8, |A| 121; alergia states 11; train 805 / threshold set 202 / genuine held-out 252
  indus-seals                    markov1   heldout    n  252 accept 0.89 | shuf 0.71 slot 0.83 rand 0.72 | AUC shuf 0.728 (len>=3 0.769) slot 0.614 rand 0.763
  indus-seals                    alergia   heldout    n  252 accept 0.89 | shuf 0.70 slot 0.82 rand 0.79 | AUC shuf 0.766 (len>=3 0.799) slot 0.606 rand 0.759
  indus-seals                    hmm20     heldout    n  252 accept 0.95 | shuf 0.51 slot 0.83 rand 0.53 | AUC shuf 0.831 (len>=3 0.889) slot 0.652 rand 0.880

## control ur3: 3000 texts, mean len 10.5, |A| 121; alergia states 75; train 1920 / threshold set 480 / genuine held-out 600
  ur3                            markov1   heldout    n  600 accept 0.97 | shuf 0.74 slot 0.73 rand 0.66 | AUC shuf 0.919 (len>=3 0.922) slot 0.924 rand 0.937
  ur3                            alergia   heldout    n  600 accept 0.97 | shuf 0.78 slot 0.78 rand 0.71 | AUC shuf 0.900 (len>=3 0.903) slot 0.900 rand 0.918
  ur3                            hmm20     heldout    n  600 accept 0.95 | shuf 0.21 slot 0.24 rand 0.15 | AUC shuf 0.945 (len>=3 0.95) slot 0.943 rand 0.966

## control linb: 2643 texts, mean len 4.8, |A| 121; alergia states 40; train 1691 / threshold set 423 / genuine held-out 529
  linb                           markov1   heldout    n  529 accept 0.93 | shuf 0.72 slot 0.74 rand 0.59 | AUC shuf 0.758 (len>=3 0.795) slot 0.738 rand 0.849
  linb                           alergia   heldout    n  529 accept 0.94 | shuf 0.81 slot 0.81 rand 0.73 | AUC shuf 0.726 (len>=3 0.76) slot 0.720 rand 0.790
  linb                           hmm20     heldout    n  529 accept 0.95 | shuf 0.72 slot 0.72 rand 0.55 | AUC shuf 0.708 (len>=3 0.75) slot 0.713 rand 0.806

## control pe: 2792 texts, mean len 3.5, |A| 121; alergia states 7; train 1786 / threshold set 447 / genuine held-out 559
  pe                             markov1   heldout    n  559 accept 0.92 | shuf 0.67 slot 0.68 rand 0.62 | AUC shuf 0.727 (len>=3 0.747) slot 0.736 rand 0.784
  pe                             alergia   heldout    n  559 accept 0.93 | shuf 0.43 slot 0.44 rand 0.48 | AUC shuf 0.789 (len>=3 0.83) slot 0.798 rand 0.855
  pe                             hmm20     heldout    n  559 accept 0.93 | shuf 0.34 slot 0.34 rand 0.32 | AUC shuf 0.824 (len>=3 0.878) slot 0.824 rand 0.884

## control planted-frame: 3000 texts, mean len 4.9, |A| 121; alergia states 13; train 1920 / threshold set 480 / genuine held-out 600
  planted-frame                  markov1   heldout    n  600 accept 0.96 | shuf 0.86 slot 0.86 rand 0.89 | AUC shuf 0.790 (len>=3 0.796) slot 0.785 rand 0.805
  planted-frame                  alergia   heldout    n  600 accept 0.95 | shuf 0.28 slot 0.27 rand 0.26 | AUC shuf 0.909 (len>=3 0.92) slot 0.919 rand 0.943
  planted-frame                  hmm20     heldout    n  600 accept 0.96 | shuf 0.19 slot 0.20 rand 0.15 | AUC shuf 0.942 (len>=3 0.956) slot 0.937 rand 0.965

## control strict-code: 3000 texts, mean len 4.2, |A| 45; alergia states 6; train 1920 / threshold set 480 / genuine held-out 600
  strict-code                    markov1   heldout    n  600 accept 0.93 | shuf 0.06 slot 0.06 rand 0.02 | AUC shuf 0.982 (len>=3 0.986) slot 0.980 rand 0.985
  strict-code                    alergia   heldout    n  600 accept 0.94 | shuf 0.07 slot 0.08 rand 0.07 | AUC shuf 0.972 (len>=3 0.974) slot 0.965 rand 0.975
  strict-code                    hmm20     heldout    n  600 accept 0.94 | shuf 0.04 slot 0.05 rand 0.01 | AUC shuf 0.985 (len>=3 0.987) slot 0.987 rand 0.997

## control markov2-synth: 1259 texts, mean len 4.8, |A| 121; alergia states 15; train 805 / threshold set 202 / genuine held-out 252
  markov2-synth                  markov1   heldout    n  252 accept 0.95 | shuf 0.79 slot 0.86 rand 0.75 | AUC shuf 0.810 (len>=3 0.844) slot 0.690 rand 0.847
  markov2-synth                  alergia   heldout    n  252 accept 0.96 | shuf 0.79 slot 0.88 rand 0.81 | AUC shuf 0.817 (len>=3 0.842) slot 0.671 rand 0.842
  markov2-synth                  hmm20     heldout    n  252 accept 0.92 | shuf 0.36 slot 0.72 rand 0.35 | AUC shuf 0.853 (len>=3 0.892) slot 0.658 rand 0.882

## control indus-shuffled: 1259 texts, mean len 4.8, |A| 121; alergia states 4; train 805 / threshold set 202 / genuine held-out 252
  indus-shuffled                 markov1   heldout    n  252 accept 0.93 | shuf 0.92 slot 0.92 rand 0.94 | AUC shuf 0.509 (len>=3 0.512) slot 0.520 rand 0.570
  indus-shuffled                 alergia   heldout    n  252 accept 0.90 | shuf 0.93 slot 0.93 rand 0.95 | AUC shuf 0.493 (len>=3 0.496) slot 0.496 rand 0.475
  indus-shuffled                 hmm20     heldout    n  252 accept 0.93 | shuf 0.92 slot 0.93 rand 0.95 | AUC shuf 0.497 (len>=3 0.502) slot 0.502 rand 0.471

[173s]
