texts 2144 (collapsed, complete, >= 2 signs); middle tokens 6199, types 592, elements >= 5 tokens 194 covering 0.89 of tokens

## DESC: 77 signs classed, 6 classes, middle-token coverage 0.67
   geometric   20 signs: W590 W705 W400 W368 W60 W900 W435 W503 W350 W440 W455 W460 W388 W382 ...
   human       15 signs: W740 W741 W255 W140 W125 W176 W90 W61 W416 W142 W100 W190 W130 W151 ...
   numeral     13 signs: W2 W32 W31 W1 W33 W3 W4 W17 W13 W55 W5 W16 W18
   plant       11 signs: W390 W803 W840 W861 W790 W832 W371 W760 W374 W794 W215
   tool        10 signs: W415 W798 W550 W575 W820 W520 W297 W545 W880 W527
   animal       8 signs: W220 W240 W235 W233 W231 W717 W226 W269

## WBLOCK: 194 signs classed, 11 classes, middle-token coverage 0.89
   B5          25 signs: W590 W550 W575 W503 W595 W520 W585 W500 W530 W565 W540 W510 W519 W545 ...
   B2          24 signs: W220 W240 W235 W233 W255 W231 W297 W222 W241 W226 W232 W236 W243 W250 ...
   B4          24 signs: W415 W400 W407 W435 W440 W455 W460 W416 W495 W413 W480 W463 W491 W482 ...
   B1          20 signs: W140 W125 W176 W142 W100 W165 W171 W175 W104 W161 W190 W111 W130 W101 ...
   num         18 signs: W2 W32 W31 W1 W33 W3 W4 W17 W13 W55 W5 W16 W35 W34 ...
   B8          18 signs: W803 W840 W861 W820 W892 W850 W824 W832 W831 W845 W821 W812 W853 W844 ...
   B3          16 signs: W390 W368 W350 W384 W388 W317 W335 W320 W382 W371 W374 W365 W360 W323 ...
   B7          16 signs: W740 W705 W741 W798 W717 W700 W790 W742 W745 W760 W794 W703 W776 W792 ...
   B0          13 signs: W60 W61 W90 W70 W95 W72 W65 W91 W63 W66 W97 W64 W67
   B6          10 signs: W690 W615 W630 W617 W621 W645 W679 W692 W605 W626
   B9          10 signs: W900 W920 W904 W921 W927 W906 W924 W999 W905 W923

## GLYPH: 193 signs classed, 10 classes, middle-token coverage 0.89
   G1          27 signs: W32 W220 W240 W235 W1 W33 W233 W400 W60 W231 W413 W72 W241 W374 ...
   G8          27 signs: W2 W840 W798 W550 W617 W35 W335 W845 W222 W821 W91 W161 W565 W101 ...
   G9          26 signs: W255 W140 W717 W892 W350 W503 W690 W595 W297 W384 W388 W34 W320 W692 ...
   G3          23 signs: W390 W31 W415 W368 W407 W435 W61 W90 W13 W70 W416 W520 W100 W95 ...
   G10         22 signs: W125 W17 W176 W615 W55 W142 W495 W904 W175 W104 W679 W491 W111 W130 ...
   G4          18 signs: W803 W861 W575 W820 W790 W850 W824 W832 W165 W831 W382 W812 W853 W776 ...
   G7          16 signs: W590 W705 W455 W621 W171 W480 W585 W500 W482 W484 W15 W521 W592 W456 ...
   G6          14 signs: W3 W4 W460 W5 W630 W463 W530 W540 W519 W545 W554 W792 W323 W791
   G5          13 signs: W740 W741 W440 W700 W16 W742 W317 W745 W760 W360 W703 W525 W702
   G2           7 signs: W900 W920 W371 W921 W65 W365 W510

## DIST: 194 signs classed, 10 classes, middle-token coverage 0.89
   D6          88 signs: W740 W590 W705 W3 W400 W368 W840 W4 W717 W176 W61 W90 W13 W55 ...
   D8          31 signs: W415 W861 W550 W820 W920 W690 W455 W297 W413 W692 W65 W374 W190 W500 ...
   D9          20 signs: W32 W33 W255 W824 W831 W34 W241 W491 W111 W260 W360 W408 W605 W14 ...
   D10         13 signs: W435 W440 W70 W904 W175 W317 W320 W921 W72 W365 W219 W323 W436
   D7          10 signs: W140 W125 W575 W595 W104 W95 W812 W906 W504 W391
   D5           9 signs: W390 W31 W407 W900 W700 W850 W480 W645 W999
   D1           7 signs: W220 W240 W803 W235 W233 W798 W231
   D2           6 signs: W2 W741 W1 W60 W892 W742
   D3           5 signs: W17 W615 W460 W463 W776
   D4           5 signs: W350 W503 W495 W510 W354
   AMI(DESC, WBLOCK) over 75 shared signs = 0.457
   AMI(DESC, GLYPH) over 75 shared signs = 0.107
   AMI(DESC, DIST) over 75 shared signs = 0.082
   AMI(WBLOCK, GLYPH) over 193 shared signs = 0.200
   AMI(WBLOCK, DIST) over 194 shared signs = 0.040
   AMI(GLYPH, DIST) over 193 shared signs = 0.041

non-adjacent middle pairs (distance >= 2, unordered, per text): 6305 in 1021 texts
   permutation 1 done at 9s
