LOOP15 cycle2 classify prefix=loop15_c1d dedup=True seqkey=seq_all gaps=15 nperm=200

kind counts (all home gaps): {'REPEAT': 6, 'ORDER': 5, 'BOUND': 1, 'TRIPLE': 3}
kind counts, robust under stratified permutation null (E_perm >= 5): {'REPEAT': 5, 'ORDER': 5, 'BOUND': 1}
kind counts, persistent on held-out (E_held >= 2, O_held = 0): {'ORDER': 1, 'BOUND': 1}

kind      pattern                      classes                  E_model  E_perm  E_held  O_held  reverse/adj (home)
BOUND     ('ord', 861, 741)            opener/marked-jar           6.9     5.8     2.0      0   rev ord=3 rev adj=0 adj=4
ORDER     ('ord', 2, 741)              marker/marked-jar          11.7    11.7     3.5      0   rev ord=6 rev adj=2 adj=0
ORDER     ('ord', 240, 2)              fish/marker                 9.0    14.4     1.8      0   rev ord=29 rev adj=40 adj=0
ORDER     ('ord', 233, 2)              fish/marker                 5.6     9.9     1.3      0   rev ord=24 rev adj=18 adj=1
ORDER     ('ord', 740, 2)              closer/marker               5.4    61.1     2.2      1   rev ord=263 rev adj=4 adj=0
ORDER     ('ord', 233, 220)            fish/fish                   5.1     5.0     0.9      0   rev ord=2 rev adj=7 adj=2
REPEAT    ('ord', 2, 2)                marker/marker              25.6    38.6    10.8      1   rev ord=0 rev adj=2 adj=2
REPEAT    ('tri', 2, 2, 740)           marker/marker/closer       10.2     7.9     2.9      1   pairs co=2,267,267
REPEAT    ('skip', 2, 2)               marker/marker               6.1    17.0     3.5      1   rev ord=0 rev adj=2 adj=2
REPEAT    ('co', 240, 240)             fish/fish                   6.0     9.0     0.5      0   
REPEAT    ('ord', 240, 240)            fish/fish                   5.8     5.7     0.5      0   rev ord=0 rev adj=0 adj=0
REPEAT    ('tri', 820, 2, 2)           opener/marker/marker        5.1     1.7     1.9      0   pairs co=80,2,80
TRIPLE    ('tri', 861, 2, 741)         opener/marker/marked-jar    5.9     0.9     1.8      0   pairs co=222,8,7
TRIPLE    ('tri', 741, 740, 400)       marked-jar/closer/suffix    5.3     0.6     0.0      0   pairs co=73,132,4
TRIPLE    ('tri', 2, 741, 740)         marker/marked-jar/closer    5.0     2.3     1.1      0   pairs co=8,73,267
