# loop4 cycle 1 (2026-10-03T09:59) fast=False
MARK pairs: 41 ligatures: 13
Indus: fit (MD+Harappa) 2746 texts, test (other named sites) 825 texts, 2627 test sign tokens

## Indus level seq_raw
  [seq_raw] baseline sign level: bits=7.633 uniq=1.030 rep=0.274 gram=0.444 units=667
    allo all incl doubtful       bits=7.483 uniq=1.010 rep=0.274 gram=0.444 units=640
    allo strong+probable         bits=7.499 uniq=1.010 rep=0.269 gram=0.446 units=643
    allo strong                  bits=7.526 uniq=1.008 rep=0.270 gram=0.446 units=649
    allo rand1                   bits=7.533 uniq=1.012 rep=0.272 gram=0.442 units=653
    allo rand7                   bits=7.534 uniq=1.011 rep=0.272 gram=0.444 units=651
    allo FAKEpairs7              bits=7.536 uniq=1.030 rep=0.309 gram=0.425 units=645
    allo FAKEpairs6              bits=7.543 uniq=1.035 rep=0.302 gram=0.478 units=645
    allo rand2                   bits=7.553 uniq=1.021 rep=0.277 gram=0.444 units=654
    allo rand4                   bits=7.555 uniq=1.022 rep=0.274 gram=0.446 units=651
    allo FAKEpairs5              bits=7.560 uniq=1.035 rep=0.297 gram=0.446 units=645
    allo rand0                   bits=7.560 uniq=1.021 rep=0.269 gram=0.445 units=655
    allo FAKEpairs2              bits=7.561 uniq=1.033 rep=0.302 gram=0.445 units=647
    allo FAKEpairs4              bits=7.568 uniq=1.027 rep=0.294 gram=0.439 units=643
    allo FAKEpairs3              bits=7.571 uniq=1.032 rep=0.309 gram=0.426 units=646
    allo FAKEpairs1              bits=7.576 uniq=1.030 rep=0.340 gram=0.425 units=647
    allo rand3                   bits=7.576 uniq=1.026 rep=0.281 gram=0.444 units=652
    allo FAKEpairs0              bits=7.580 uniq=1.028 rep=0.310 gram=0.469 units=647
    allo rand5                   bits=7.586 uniq=1.027 rep=0.276 gram=0.444 units=657
    bpe k=60 T=5 s=2             bits=7.588 uniq=1.053 rep=0.548 gram=0.287 units=727
    bpe k=60 T=5 s=0             bits=7.591 uniq=1.052 rep=0.563 gram=0.291 units=727
    bpe k=40 T=5 s=0             bits=7.593 uniq=1.049 rep=0.484 gram=0.303 units=707
    bpe k=60 T=5 s=1             bits=7.596 uniq=1.053 rep=0.552 gram=0.289 units=727
    bpe k=40 T=5 s=1             bits=7.597 uniq=1.046 rep=0.515 gram=0.304 units=707
    bpe k=40 T=5 s=2             bits=7.598 uniq=1.043 rep=0.516 gram=0.306 units=707
    bpe k=60 T=1 s=0             bits=7.599 uniq=1.054 rep=0.551 gram=0.289 units=727
    bpe k=40 T=1 s=0             bits=7.599 uniq=1.046 rep=0.522 gram=0.304 units=707
    bpe k=20 T=5 s=1             bits=7.599 uniq=1.044 rep=0.415 gram=0.360 units=687
    allo rand6                   bits=7.601 uniq=1.032 rep=0.276 gram=0.444 units=660
    bpe k=20 T=5 s=2             bits=7.603 uniq=1.033 rep=0.417 gram=0.338 units=687
    bpe k=20 T=5 s=0             bits=7.604 uniq=1.034 rep=0.427 gram=0.338 units=687
    bpe k=20 T=1 s=0             bits=7.608 uniq=1.036 rep=0.441 gram=0.332 units=687
    bpe k=10 T=5 s=1             bits=7.616 uniq=1.035 rep=0.352 gram=0.363 units=677
    bpe k=10 T=5 s=2             bits=7.618 uniq=1.029 rep=0.357 gram=0.362 units=677
    bpe k=5 T=5 s=1              bits=7.618 uniq=1.040 rep=0.295 gram=0.409 units=672
    bpe k=10 T=1 s=0             bits=7.621 uniq=1.033 rep=0.368 gram=0.353 units=677
    bpe k=10 T=5 s=0             bits=7.626 uniq=1.036 rep=0.361 gram=0.351 units=677
    bpe k=5 T=5 s=2              bits=7.629 uniq=1.031 rep=0.343 gram=0.384 units=672
    sub ligs                     bits=7.631 uniq=1.029 rep=0.330 gram=0.444 units=654
    sign                         bits=7.633 uniq=1.030 rep=0.274 gram=0.444 units=667
    bpe k=5 T=5 s=0              bits=7.633 uniq=1.023 rep=0.324 gram=0.382 units=672
    bpe k=5 T=1 s=0              bits=7.634 uniq=1.030 rep=0.349 gram=0.374 units=672
    sub rand3                    bits=7.691 uniq=1.030 rep=0.347 gram=0.444 units=650
    sub rand4                    bits=7.698 uniq=1.023 rep=0.384 gram=0.444 units=647
    sub rand1                    bits=7.707 uniq=1.023 rep=0.396 gram=0.444 units=643
    sub rand5                    bits=7.715 uniq=1.021 rep=0.404 gram=0.444 units=644
    sub rand0                    bits=7.716 uniq=1.031 rep=0.411 gram=0.444 units=648
    sub rand2                    bits=7.732 uniq=1.030 rep=0.410 gram=0.444 units=648
    sub all                      bits=7.736 uniq=1.016 rep=0.499 gram=0.444 units=628
    sub marks                    bits=7.746 uniq=1.021 rep=0.485 gram=0.444 units=633
  [seq_raw] best per statistic (delta vs sign level):
    bits  allo all incl doubtful       7.483  (sign 7.633, delta -0.150)  bits/sign lower=more predictable
    uniq  allo strong                  1.008  (sign 1.030, delta -0.022)  uniq ratio lower=texts recur more than bigram
    rep   allo strong+probable         0.269  (sign 0.274, delta -0.005)  within-text repetition ratio
    gram  allo FAKEpairs6              0.478  (sign 0.444, delta +0.035)  grammar-covered token share
    segmentations beating sign level on bits AND (uniq or rep): 15 of 48: bpe k=10 T=5 s=2, sub ligs, allo strong, allo strong+probable, allo all incl doubtful, allo rand0, allo rand1, allo rand2, allo rand3, allo rand4, allo rand5, allo rand7
    first merges of best BPE: 100+740 (M8+M342); 861+2 (M267+M99/100); 705+33 (M336+M89); 740+400 (M342+M176); 32+220 (M87+M59); 820+2 (M391+M99/100); 176+740 (M48+M342); 920+60 (M293+M123); 760+740 (M347/358+M342); 590+390 (M249+M161/162/167/168/169); 415+220 (M171+M59); 255+435 (M51+M130)

## Indus level seq_strong
  [seq_strong] baseline sign level: bits=7.538 uniq=1.026 rep=0.272 gram=0.441 units=649
    bpe k=60 T=5 s=0             bits=7.490 uniq=1.052 rep=0.562 gram=0.289 units=708
    bpe k=60 T=5 s=2             bits=7.490 uniq=1.051 rep=0.557 gram=0.286 units=708
    bpe k=60 T=1 s=0             bits=7.493 uniq=1.051 rep=0.570 gram=0.287 units=708
    bpe k=20 T=5 s=0             bits=7.495 uniq=1.033 rep=0.418 gram=0.326 units=669
    bpe k=60 T=5 s=1             bits=7.495 uniq=1.048 rep=0.566 gram=0.287 units=708
    bpe k=20 T=5 s=2             bits=7.496 uniq=1.038 rep=0.425 gram=0.321 units=669
    bpe k=20 T=5 s=1             bits=7.499 uniq=1.034 rep=0.404 gram=0.337 units=669
    bpe k=40 T=5 s=0             bits=7.500 uniq=1.039 rep=0.470 gram=0.298 units=688
    bpe k=40 T=1 s=0             bits=7.501 uniq=1.039 rep=0.483 gram=0.297 units=688
    bpe k=40 T=5 s=2             bits=7.503 uniq=1.044 rep=0.483 gram=0.296 units=688
    bpe k=10 T=5 s=1             bits=7.503 uniq=1.022 rep=0.349 gram=0.360 units=659
    bpe k=20 T=1 s=0             bits=7.503 uniq=1.033 rep=0.432 gram=0.320 units=669
    bpe k=40 T=5 s=1             bits=7.503 uniq=1.039 rep=0.488 gram=0.297 units=688
    bpe k=10 T=5 s=2             bits=7.506 uniq=1.027 rep=0.353 gram=0.356 units=659
    bpe k=10 T=1 s=0             bits=7.511 uniq=1.026 rep=0.351 gram=0.347 units=659
    bpe k=5 T=5 s=1              bits=7.516 uniq=1.026 rep=0.279 gram=0.412 units=654
    bpe k=5 T=5 s=2              bits=7.521 uniq=1.024 rep=0.340 gram=0.383 units=654
    bpe k=10 T=5 s=0             bits=7.524 uniq=1.030 rep=0.364 gram=0.347 units=659
    bpe k=5 T=5 s=0              bits=7.525 uniq=1.027 rep=0.343 gram=0.369 units=654
    bpe k=5 T=1 s=0              bits=7.528 uniq=1.021 rep=0.357 gram=0.371 units=654
    sign                         bits=7.538 uniq=1.026 rep=0.272 gram=0.441 units=649
    sub ligs                     bits=7.559 uniq=1.027 rep=0.352 gram=0.441 units=638
    sub rand3                    bits=7.601 uniq=1.027 rep=0.336 gram=0.441 units=635
    sub rand5                    bits=7.613 uniq=1.017 rep=0.403 gram=0.441 units=630
    sub rand4                    bits=7.625 uniq=1.026 rep=0.386 gram=0.441 units=631
    sub rand0                    bits=7.626 uniq=1.024 rep=0.422 gram=0.441 units=631
    sub rand1                    bits=7.634 uniq=1.025 rep=0.416 gram=0.441 units=627
    sub rand2                    bits=7.638 uniq=1.027 rep=0.415 gram=0.441 units=633
    sub marks                    bits=7.650 uniq=1.018 rep=0.497 gram=0.441 units=618
    sub all                      bits=7.672 uniq=1.021 rep=0.529 gram=0.441 units=614
  [seq_strong] best per statistic (delta vs sign level):
    bits  bpe k=60 T=5 s=0             7.490  (sign 7.538, delta -0.048)  bits/sign lower=more predictable
    uniq  sub rand5                    1.017  (sign 1.026, delta -0.009)  uniq ratio lower=texts recur more than bigram
    rep   bpe k=5 T=5 s=1              0.279  (sign 0.272, delta +0.007)  within-text repetition ratio
    gram  sub rand5                    0.441  (sign 0.441, delta +0.000)  grammar-covered token share
    segmentations beating sign level on bits AND (uniq or rep): 4 of 29: bpe k=5 T=1 s=0, bpe k=5 T=5 s=1, bpe k=5 T=5 s=2, bpe k=10 T=5 s=1
    first merges of best BPE: 760+740 (M347/358+M342); 740+90 (M342+M1); 100+740 (M8+M342); 705+33 (M336+M89); 861+2 (M267+M99/100); 390+740 (M161/162/167/168/169+M342); 32+220 (M87+M59); 820+2 (M391+M99/100); 176+740 (M48+M342); 590+390+740 (M249+M161/162/167/168/169+M342); 740+400 (M342+M176); 705+33+520 (M336+M89+M211)

## Indus level seq_all
  [seq_all] baseline sign level: bits=7.511 uniq=1.031 rep=0.271 gram=0.441 units=643
