
===== level seq_raw =====

[Harappa HARP phases 3B|3B/C|3C] n=573
  [Harappa HARP phases 3B|3B/C|3C | TAB] phase-level (rarefied to 253 tokens):
    3B       n= 139 tokens=  381 distinct= 87 Chao1=   143 rarefied=71.8 closer-menu JS=0.020 (n=93, top [(700, 28), (740, 22), (400, 18), (90, 8)]) repeat O/E=0.58
    3B/C     n= 293 tokens=  895 distinct=154 Chao1=   236 rarefied=86.5 closer-menu JS=0.010 (n=192, top [(700, 71), (740, 50), (400, 45), (90, 7)]) repeat O/E=0.03
    3C       n=  85 tokens=  253 distinct= 84 Chao1=   149 rarefied=84.0 closer-menu JS=0.031 (n=55, top [(700, 21), (740, 14), (400, 9), (520, 3)]) repeat O/E=0.00
    trend distinct rho=-0.50 P=1.00
    trend chao1    rho=+0.50 P=1.00
    trend rare     rho=+0.50 P=0.99
    trend menu_js  rho=+0.50 P=1.00
    trend rep_oe   rho=-1.00 P=0.34
  [Harappa HARP phases 3B|3B/C|3C | ALL] phase-level (rarefied to 369 tokens):
    3B       n= 146 tokens=  405 distinct= 90 Chao1=   156 rarefied=86.2 closer-menu JS=0.022 (n=98, top [(700, 28), (740, 24), (400, 18), (520, 8)]) repeat O/E=0.41
    3B/C     n= 310 tokens=  968 distinct=161 Chao1=   254 rarefied=104.7 closer-menu JS=0.010 (n=201, top [(700, 72), (740, 52), (400, 45), (90, 7)]) repeat O/E=0.16
    3C       n= 117 tokens=  369 distinct=123 Chao1=   192 rarefied=123.0 closer-menu JS=0.032 (n=71, top [(740, 22), (700, 21), (400, 9), (520, 4)]) repeat O/E=0.18
    trend distinct rho=+0.50 P=0.97
    trend chao1    rho=+0.50 P=1.00
    trend rare     rho=+1.00 P=0.52
    trend menu_js  rho=+0.50 P=1.00
    trend rep_oe   rho=-0.50 P=1.00

[Harappa Vats strata VI+VII..I] n=727
  [Harappa Vats strata VI+VII..I | SEAL] phase-level (rarefied to 83 tokens):
    VI+VII   n=  22 tokens=   83 distinct= 46 Chao1=    81 rarefied=46.0 closer-menu JS=0.118 (n=17, top [(740, 8), (151, 2), (617, 1), (90, 1)]) repeat O/E=0.00
    V        n=  31 tokens=  110 distinct= 57 Chao1=   125 rarefied=47.5 closer-menu JS=0.184 (n=23, top [(740, 10), (151, 3), (400, 3), (700, 3)]) repeat O/E=0.20
    IV       n=  46 tokens=  197 distinct= 90 Chao1=   155 rarefied=52.4 closer-menu JS=0.132 (n=27, top [(740, 15), (520, 4), (90, 3), (405, 2)]) repeat O/E=0.24
    III      n=  49 tokens=  211 distinct= 84 Chao1=   131 rarefied=49.5 closer-menu JS=0.076 (n=38, top [(740, 19), (154, 3), (390, 3), (520, 3)]) repeat O/E=0.15
    II       n=  55 tokens=  257 distinct=103 Chao1=   179 rarefied=51.8 closer-menu JS=0.088 (n=40, top [(740, 21), (520, 5), (595, 4), (90, 3)]) repeat O/E=0.15
    I        n=  24 tokens=  114 distinct= 65 Chao1=   146 rarefied=51.8 closer-menu JS=0.167 (n=15, top [(740, 10), (520, 2), (400, 1), (405, 1)]) repeat O/E=0.18
    trend distinct rho=+0.60 P=0.05
    trend chao1    rho=+0.71 P=0.14
    trend rare     rho=+0.64 P=0.26
    trend menu_js  rho=-0.14 P=0.70
    trend rep_oe   rho=+0.09 P=0.90
