S-DARK-2 cycle 4 seed 404 control=True | active relations 52: jacc,first,last,edit1,nest,disjoint,samelen,lensum,sharesign,xorsign,samenum,sharepair,posk,mirror,sumw,complementary,samemid_diffclose,prefix1,suffix1,numeq,numdiff,summod,sameopen_diffmid,sharek,revmatch,sameclose_diffmid,bothopen,bothjar,lendiff,ident,closerclass,sharemidsign,second,lcs2,numsum,revbigram,sharerare,anypos,orderkept,freqbin,bothrare,openunit,bothnum,closepair,midlen,midjacc,samelast2,sharenumsign,rotation,frameclass,singlediff,combo
objects 4457 | train 3730 (pairs 20000) | held-out 727 (pairs 10000; sites Chanhu-daro,Dholavira,Unknown,Kalibangan,Lothal,Nausharo)
  313 distinct relation specs for 1500 arrows
  train group 2 done (revmatch, 19 facts)
  train group 3 done (lcs2, 19 facts)
  train group 0 done (complementary, 19 facts)
  train group 5 done (samelast2, 19 facts)
  train group 1 done (samenum, 19 facts)
  train group 6 done (singlediff, 19 facts)
  train group 4 done (jacc, 19 facts)
  train group 7 done (suffix1, 19 facts)
  train group 8 done (prefix1, 19 facts)
  train group 11 done (sharek, 18 facts)
  train group 12 done (summod, 14 facts)
  train group 13 done (sharemidsign, 19 facts)
  train group 9 done (samelen, 19 facts)
  train group 16 done (disjoint, 19 facts)
  train group 10 done (bothrare, 19 facts)
  train group 14 done (edit1, 19 facts)
  train group 15 done (nest, 19 facts)
  train group 18 done (summod, 12 facts)
  train group 20 done (numeq, 19 facts)
  train group 17 done (bothjar, 19 facts)
  train group 19 done (midjacc, 19 facts)
  train group 21 done (sameopen_diffmid, 19 facts)
  train group 23 done (numdiff, 19 facts)
  train group 25 done (xorsign, 4 facts)
  train group 22 done (ident, 19 facts)
  train group 27 done (freqbin, 19 facts)
  train group 24 done (midlen, 19 facts)
  train group 28 done (sharerare, 19 facts)
  train group 26 done (summod, 17 facts)
  train group 29 done (sharenumsign, 19 facts)
  train group 31 done (revbigram, 19 facts)
  train group 30 done (bothnum, 19 facts)
  train group 32 done (sharek, 16 facts)
  train group 35 done (sameclose_diffmid, 19 facts)
  train group 33 done (first, 19 facts)
  train group 37 done (sharesign, 1 facts)
  train group 38 done (rotation, 19 facts)
  train group 34 done (samemid_diffclose, 19 facts)
  train group 36 done (bothopen, 19 facts)
  train group 40 done (orderkept, 19 facts)
  train group 41 done (openunit, 19 facts)
  train group 39 done (sharepair, 19 facts)
  train group 44 done (mirror, 19 facts)
  train group 45 done (anypos, 19 facts)
  train group 43 done (frameclass, 19 facts)
  train group 48 done (sharesign, 6 facts)
  train group 49 done (combo, 1 facts)
  train group 42 done (lendiff, 19 facts)
  train group 47 done (numsum, 19 facts)
  train group 52 done (xorsign, 4 facts)
  train group 50 done (second, 19 facts)
  train group 54 done (sharesign, 2 facts)
  train group 51 done (sumw, 19 facts)
  train group 53 done (summod, 16 facts)
  train group 55 done (xorsign, 2 facts)
  train group 56 done (posk, 19 facts)
  train group 58 done (posk, 16 facts)
  train group 46 done (lensum, 19 facts)
  train group 61 done (combo, 1 facts)
  train group 60 done (posk, 18 facts)
  train group 63 done (sharesign, 5 facts)
  train group 64 done (sharesign, 4 facts)
  train group 62 done (xorsign, 4 facts)
  train group 66 done (combo, 1 facts)
  train group 57 done (closerclass, 19 facts)
  train group 68 done (xorsign, 1 facts)
  train group 69 done (combo, 1 facts)
  train group 70 done (xorsign, 4 facts)
  train group 65 done (last, 19 facts)
  train group 72 done (combo, 1 facts)
  train group 71 done (xorsign, 3 facts)
  train group 67 done (sharek, 19 facts)
  train group 74 done (combo, 1 facts)
  train group 75 done (combo, 1 facts)
  train group 73 done (sharesign, 4 facts)
  train group 77 done (xorsign, 4 facts)
  train group 78 done (xorsign, 4 facts)
  train group 80 done (xorsign, 1 facts)
  train group 81 done (combo, 1 facts)
  train group 82 done (sharesign, 3 facts)
  train group 79 done (sharesign, 5 facts)
  train group 59 done (closepair, 19 facts)
  train group 83 done (sharesign, 4 facts)
  train group 84 done (combo, 1 facts)
  train group 85 done (xorsign, 4 facts)
  train group 87 done (sharesign, 1 facts)
  train group 86 done (sharesign, 3 facts)
  train group 89 done (xorsign, 1 facts)
  train group 88 done (combo, 1 facts)
  train group 76 done (sharesign, 5 facts)
  train group 93 done (combo, 1 facts)
  train group 92 done (combo, 1 facts)
  train group 95 done (xorsign, 4 facts)
  train group 94 done (xorsign, 5 facts)
  train group 96 done (xorsign, 1 facts)
  train group 97 done (sharesign, 3 facts)
  train group 99 done (sharesign, 1 facts)
  train group 98 done (xorsign, 2 facts)
  train group 100 done (sharesign, 2 facts)
  train group 90 done (summod, 14 facts)
  train group 101 done (combo, 1 facts)
  train group 104 done (xorsign, 2 facts)
  train group 103 done (xorsign, 6 facts)
  train group 105 done (sharesign, 1 facts)
  train group 102 done (combo, 2 facts)
  train group 106 done (sharesign, 2 facts)
  train group 91 done (summod, 16 facts)
  train group 107 done (xorsign, 2 facts)
  train group 109 done (combo, 1 facts)
  train group 110 done (combo, 1 facts)
  train group 111 done (combo, 1 facts)
  train group 108 done (sharesign, 4 facts)
  train group 112 done (combo, 2 facts)
  train group 114 done (xorsign, 1 facts)
  train group 115 done (xorsign, 1 facts)
  train group 116 done (combo, 1 facts)
  train group 117 done (sharesign, 5 facts)
  train group 119 done (combo, 1 facts)
  train group 118 done (combo, 1 facts)
  train group 120 done (xorsign, 5 facts)
  train group 113 done (xorsign, 3 facts)
  train group 123 done (combo, 1 facts)
  train group 124 done (combo, 1 facts)
  train group 125 done (sharesign, 1 facts)
  train group 121 done (sharesign, 4 facts)
  train group 122 done (xorsign, 4 facts)
  train group 126 done (sharesign, 1 facts)
  train group 127 done (sharesign, 2 facts)
  train group 129 done (combo, 1 facts)
  train group 128 done (xorsign, 2 facts)
  train group 130 done (xorsign, 2 facts)
  train group 132 done (sharesign, 2 facts)
  train group 133 done (sharesign, 3 facts)
  train group 134 done (combo, 1 facts)
  train group 131 done (xorsign, 2 facts)
  train group 135 done (combo, 1 facts)
  train group 138 done (combo, 1 facts)
  train group 136 done (combo, 1 facts)
  train group 137 done (combo, 1 facts)
  train group 140 done (sharesign, 1 facts)
  train group 141 done (combo, 1 facts)
  train group 139 done (combo, 1 facts)
  train group 143 done (combo, 1 facts)
  train group 142 done (combo, 1 facts)
  train group 144 done (combo, 1 facts)
  train group 145 done (combo, 1 facts)
  train group 147 done (combo, 1 facts)
  train group 148 done (combo, 1 facts)
  train group 146 done (xorsign, 3 facts)
  train group 149 done (sharesign, 5 facts)
  train group 152 done (combo, 1 facts)
  train group 151 done (combo, 1 facts)
  train group 155 done (sharesign, 1 facts)
  train group 154 done (sharesign, 2 facts)
  train group 153 done (xorsign, 2 facts)
  train group 156 done (sharesign, 1 facts)
  train group 158 done (sharesign, 1 facts)
  train group 157 done (combo, 1 facts)
  train group 160 done (sharesign, 2 facts)
  train group 159 done (sharesign, 2 facts)
  train group 161 done (combo, 1 facts)
  train group 163 done (xorsign, 3 facts)
  train group 164 done (combo, 1 facts)
  train group 150 done (xorsign, 3 facts)
  train group 162 done (combo, 1 facts)
  train group 166 done (xorsign, 3 facts)
  train group 167 done (xorsign, 1 facts)
  train group 165 done (combo, 1 facts)
  train group 169 done (sharesign, 3 facts)
  train group 171 done (sharesign, 2 facts)
  train group 170 done (combo, 1 facts)
  train group 168 done (xorsign, 2 facts)
  train group 175 done (sharesign, 1 facts)
