# LOOP 40 cycle 2 level seq_strong: 3415 complete direction-recorded texts; 1168 of >= 5 signs

## Cycle 2: where is the cut, and which unit comes first

### minlen 2: 2-way cuts 60: boundary kinds {'none': 52, 'closer': 8} -> at a frame boundary 0.13
  random cut in the same texts: boundary share 0.07 [0.03-0.12]
  non-boundary cuts 52: sign before cut [(2, 41), (60, 2), (690, 2), (368, 2), (422, 2), (220, 1), (137, 1), (407, 1)]; sign after [(240, 7), (590, 5), (415, 5), (235, 4), (32, 3), (705, 3), (503, 3), (17, 3)]

### all sites, minlen 2: 62 decomposable texts; with >= 2 closer-bearing units (true stacks) 4; opener-phrase + one text 48; unit classes by position (0 = first):
    OPENER-unit  pos0:48
    JAR          pos0:4 pos1:37 pos2:1
    PLAIN        pos0:6 pos1:8 pos2:1
    ARROW        pos1:6
    C700         pos0:1 pos1:5
    JAR+suf      pos0:1 pos1:2
    C527         pos1:3
    C617         pos0:1 pos1:1
    COUNT        pos0:1
  class precedence (A before B : B before A), one-sided binomial; BH at 0.05 over pairs with n >= 5
    OPENER-unit  -> JAR           33 :   0  P=0.0000 FIXED
    OPENER-unit  -> PLAIN          5 :   0  P=0.0312 ?
    OPENER-unit  -> ARROW          5 :   0  P=0.0312 FIXED
    PLAIN        -> JAR            5 :   4  P=0.5000 free
  fixed class pairs 2 of 4 tested; cycle in fixed edges: False; longest chain 2 classes
  identity level: unit pairs seen >= 2 times 7, always in the same order 7 (1.00)

### MD+H only, minlen 2: 56 decomposable texts; with >= 2 closer-bearing units (true stacks) 4; opener-phrase + one text 42; unit classes by position (0 = first):
    OPENER-unit  pos0:42
    JAR          pos0:4 pos1:35 pos2:1
    PLAIN        pos0:6 pos1:6
    C700         pos0:1 pos1:5
    ARROW        pos1:4
    JAR+suf      pos0:1 pos1:2
    C527         pos1:3
    C617         pos0:1 pos1:1
    COUNT        pos0:1
  class precedence (A before B : B before A), one-sided binomial; BH at 0.05 over pairs with n >= 5
    OPENER-unit  -> JAR           31 :   0  P=0.0000 FIXED
    PLAIN        -> JAR            5 :   4  P=0.5000 free
  fixed class pairs 1 of 2 tested; cycle in fixed edges: False; longest chain 2 classes
  identity level: unit pairs seen >= 2 times 7, always in the same order 7 (1.00)

### held-out sites, minlen 2: 10 decomposable texts; with >= 2 closer-bearing units (true stacks) 0; opener-phrase + one text 10; unit classes by position (0 = first):
    OPENER-unit  pos0:10
    JAR          pos1:4
    PLAIN        pos1:2 pos2:1
    ARROW        pos1:2
    C527         pos1:2
  class precedence (A before B : B before A), one-sided binomial; BH at 0.05 over pairs with n >= 5
  fixed class pairs 0 of 0 tested; cycle in fixed edges: False; longest chain 0 classes
  identity level: unit pairs seen >= 2 times 2, always in the same order 2 (1.00)
  held-out fixed edges also fixed on MD+H: 0/0; contradicting MD+H: 0
  MD+H fixed class order applied to held-out decompositions: conforming 4, violating 0

### minlen 1: 2-way cuts 83: boundary kinds {'none': 65, 'closer': 18} -> at a frame boundary 0.22
  random cut in the same texts: boundary share 0.07 [0.04-0.12]
  non-boundary cuts 65: sign before cut [(2, 41), (33, 12), (60, 2), (690, 2), (368, 2), (422, 2), (220, 1), (137, 1)]; sign after [(700, 10), (240, 8), (590, 5), (415, 5), (235, 4), (32, 3), (705, 3), (503, 3)]

### all sites, minlen 1: 122 decomposable texts; with >= 2 closer-bearing units (true stacks) 10; opener-phrase + one text 71; unit classes by position (0 = first):
    PLAIN        pos0:29 pos1:48 pos2:5
    JAR          pos0:16 pos1:43 pos2:20
    OPENER-unit  pos0:71 pos1:1
    C700         pos0:2 pos1:16
    ARROW        pos1:7 pos2:6
    JAR+suf      pos0:1 pos1:2 pos2:2
    COUNT        pos0:1 pos2:3
    C617         pos0:2 pos1:1 pos2:1
    C527         pos1:3
    C154         pos2:1
    C151         pos2:1
    C156         pos1:1
  class precedence (A before B : B before A), one-sided binomial; BH at 0.05 over pairs with n >= 5
    OPENER-unit  -> JAR           47 :   0  P=0.0000 FIXED
    OPENER-unit  -> PLAIN         26 :   1  P=0.0000 FIXED
    OPENER-unit  -> ARROW         10 :   0  P=0.0010 FIXED
    PLAIN        -> ARROW          9 :   0  P=0.0020 FIXED
    PLAIN        -> C700          11 :   1  P=0.0032 FIXED
    PLAIN        -> JAR           31 :  20  P=0.0804 ?
  fixed class pairs 5 of 6 tested; cycle in fixed edges: False; longest chain 3 classes
  identity level: unit pairs seen >= 2 times 29, always in the same order 25 (0.86)

### MD+H only, minlen 1: 111 decomposable texts; with >= 2 closer-bearing units (true stacks) 10; opener-phrase + one text 60; unit classes by position (0 = first):
    JAR          pos0:16 pos1:41 pos2:17
    PLAIN        pos0:29 pos1:41 pos2:4
    OPENER-unit  pos0:60 pos1:1
    C700         pos0:2 pos1:16
    ARROW        pos1:5 pos2:6
    JAR+suf      pos0:1 pos1:2 pos2:1
    C617         pos0:2 pos1:1 pos2:1
    C527         pos1:3
    COUNT        pos0:1 pos2:2
    C154         pos2:1
    C151         pos2:1
    C156         pos1:1
  class precedence (A before B : B before A), one-sided binomial; BH at 0.05 over pairs with n >= 5
    OPENER-unit  -> JAR           42 :   0  P=0.0000 FIXED
    OPENER-unit  -> PLAIN         18 :   1  P=0.0000 FIXED
    PLAIN        -> ARROW          9 :   0  P=0.0020 FIXED
    PLAIN        -> C700          11 :   1  P=0.0032 FIXED
    OPENER-unit  -> ARROW          8 :   0  P=0.0039 FIXED
    PLAIN        -> JAR           28 :  20  P=0.1562 ?
  fixed class pairs 5 of 6 tested; cycle in fixed edges: False; longest chain 3 classes
  identity level: unit pairs seen >= 2 times 28, always in the same order 24 (0.86)

### held-out sites, minlen 1: 15 decomposable texts; with >= 2 closer-bearing units (true stacks) 0; opener-phrase + one text 15; unit classes by position (0 = first):
    OPENER-unit  pos0:15
    PLAIN        pos1:7 pos2:1
    JAR          pos1:4 pos2:3
    ARROW        pos1:2
    C527         pos1:2
    COUNT        pos2:1
    JAR+suf      pos2:1
  class precedence (A before B : B before A), one-sided binomial; BH at 0.05 over pairs with n >= 5
    OPENER-unit  -> PLAIN          8 :   0  P=0.0039 FIXED
    OPENER-unit  -> JAR            7 :   0  P=0.0078 FIXED
  fixed class pairs 2 of 2 tested; cycle in fixed edges: False; longest chain 2 classes
  identity level: unit pairs seen >= 2 times 2, always in the same order 2 (1.00)
  held-out fixed edges also fixed on MD+H: 2/2; contradicting MD+H: 0
  MD+H fixed class order applied to held-out decompositions: conforming 17, violating 0

### most used units in decompositions (unit, class, uses, position, copies as a complete text):
    861-2              OPENER-unit  uses  37 {'first': 37} copies 7
    820-2              OPENER-unit  uses   6 {'first': 6} copies 1
    415-100-740        JAR          uses   6 {'first': 2, 'last': 4} copies 3
    90-400             PLAIN        uses   4 {'last': 4} copies 3
    590-390-740        JAR          uses   4 {'last': 4} copies 3
    240-904-740        JAR          uses   3 {'last': 3} copies 2
    33-700             C700         uses   3 {'last': 2, 'first': 1} copies 117
    550-60             PLAIN        uses   2 {'first': 2} copies 1
    861-368-690        OPENER-unit  uses   2 {'first': 2} copies 6
    34-700             C700         uses   2 {'last': 2} copies 103
    235-555-527        C527         uses   2 {'last': 2} copies 3
    440-760-740        JAR          uses   2 {'last': 2} copies 1
    17-585-740         JAR          uses   2 {'last': 2} copies 2
    255-435-690-740    JAR          uses   2 {'last': 2} copies 5
    3-422              PLAIN        uses   2 {'first': 2} copies 1
    176-100-740        JAR          uses   2 {'last': 2} copies 3
    840-32             PLAIN        uses   1 {'mid': 1} copies 1
    844-390            PLAIN        uses   1 {'last': 1} copies 1
    240-630-740        JAR          uses   1 {'last': 1} copies 2
    803-235-520        ARROW        uses   1 {'last': 1} copies 1
    3-220-740          JAR          uses   1 {'first': 1} copies 5
    5-900-740          JAR          uses   1 {'last': 1} copies 4
    32-700             C700         uses   1 {'last': 1} copies 88
    388-740-400        JAR+suf      uses   1 {'first': 1} copies 1
    550-525-400        PLAIN        uses   1 {'first': 1} copies 1

# done
