
===== level seq_raw =====
fixed pairs fitted on MD+HP all phases: 465

[Harappa HARP phases 3B|3B/C|3C] n=573; by type: {'TAB': 517, 'SEAL': 32, 'TAG': 5, 'ROD': 1, 'BNGL': 2, 'POT': 16}
  [Harappa HARP phases 3B|3B/C|3C | SEAL] n per phase: 3B=6, 3B/C=10, 3C=16
    opener  rho=-0.063 P=0.764 | 3B:0.50 3B/C:0.00 3C:0.25
    closer  rho=-0.056 P=0.781 | 3B:0.83 3B/C:0.60 3C:0.69
    jar     rho=+0.096 P=0.654 | 3B:0.33 3B/C:0.20 3C:0.38
    rep     rho=+0.050 P=0.806 | 3B/C:0.25 3C:0.15
    length  rho=+0.095 P=0.613 | 3B:3.67 3B/C:4.50 3C:4.81
    order   rho=+0.002 P=0.988 | 3B:0.98 3B/C:0.84 3C:0.93
    suffix  rho=+0.244 P=0.410 | 3B:0.00 3B/C:0.00 3C:0.12
    cplx    rho=+0.116 P=0.504 | 3B:9.57 3B/C:14.77 3C:12.75
  [Harappa HARP phases 3B|3B/C|3C | TAB] n per phase: 3B=139, 3B/C=293, 3C=85
    opener  rho=+0.079 P=0.082 | 3B:0.03 3B/C:0.06 3C:0.08 | earliest 3B - all = -0.027 (null sd 0.016, P=0.19)
    closer  rho=-0.016 P=0.722 | 3B:0.67 3B/C:0.66 3C:0.65 | earliest 3B - all = +0.011 (null sd 0.033, P=0.76)
    jar     rho=-0.049 P=0.244 | 3B:0.33 3B/C:0.30 3C:0.26 | earliest 3B - all = +0.027 (null sd 0.032, P=0.41)
    w2      rho=+0.037 P=0.867 | 3B/C:0.86 3C:0.73 | earliest 3B/C - all = +0.079 (null sd 0.059, P=0.20)
    rep     rho=-0.182 P=0.004 | 3B:0.07 3B/C:0.01 3C:0.00 | earliest 3B - all = +0.051 (null sd 0.015, P=0.00)
    length  rho=+0.056 P=0.231 | 3B:2.74 3B/C:3.05 3C:2.98 | earliest 3B - all = -0.216 (null sd 0.083, P=0.04)
    order   rho=+0.021 P=0.691 | 3B:0.91 3B/C:0.92 3C:0.91 | earliest 3B - all = -0.010 (null sd 0.020, P=0.68)
    suffix  rho=-0.061 P=0.183 | 3B:0.24 3B/C:0.24 3C:0.14 | earliest 3B - all = +0.015 (null sd 0.030, P=0.61)
    cplx    rho=-0.024 P=0.555 | 3B:13.07 3B/C:12.92 3C:12.79 | earliest 3B - all = +0.132 (null sd 0.215, P=0.53)
    var     rho=-0.063 P=0.402 | 3B:0.29 3B/C:0.22 3C:0.20 | earliest 3B - all = +0.056 (null sd 0.046, P=0.25)
  [Harappa HARP phases 3B|3B/C|3C | ALL] n per phase: 3B=146, 3B/C=310, 3C=117
    opener  rho=+0.081 P=0.168 | 3B:0.05 3B/C:0.06 3C:0.11 | earliest 3B - all = -0.020 (null sd 0.016, P=0.46)
    closer  rho=-0.044 P=0.342 | 3B:0.67 3B/C:0.65 3C:0.61 | earliest 3B - all = +0.026 (null sd 0.033, P=0.48)
    jar     rho=-0.053 P=0.220 | 3B:0.33 3B/C:0.29 3C:0.26 | earliest 3B - all = +0.034 (null sd 0.032, P=0.34)
    w2      rho=+0.011 P=0.949 | 3B:0.62 3B/C:0.83 3C:0.72 | earliest 3B/C - all = +0.073 (null sd 0.056, P=0.18)
    rep     rho=-0.065 P=0.365 | 3B:0.07 3B/C:0.03 3C:0.04 | earliest 3B - all = +0.029 (null sd 0.018, P=0.12)
    length  rho=+0.060 P=0.172 | 3B:2.77 3B/C:3.12 3C:3.15 | earliest 3B - all = -0.266 (null sd 0.087, P=0.02)
