# loop39 cycle 3 level seq_strong: checklist/form generator (2026-10-03 16:25; 100 synthetic corpora; fit 4411 MD+H texts, held-out 930)
form parse of the fit set: units/text {1: 3049, 2: 1051, 3: 311}; texts with a same-field repeat inside a unit 127 (0.029); single-unit valid instances 0.679
form: 25 fields; fixed-order consistency of sign pairs with the field order: 0.850; refinement moves per round [264, 24, 1, 0]
  F00 rank 0.17 | 206 signs,   660 tokens | 692(69), 125(44), 416(44), 501(31), 371(17), 491(14), 511(12), 905(12) ... +198
  F01 rank 0.20 |  32 signs,   910 tokens | 861(380), 820(182), 920(126), 455(37), 165(29), 65(13), 374(12), 91(11) ... +24
  F02 rank 0.36 |  15 signs,   933 tokens | 2(627), 60(171), 745(34), 317(17), 831(16), 530(15), 500(10), 353(9) ... +7
  F03 rank 0.37 |  21 signs,   529 tokens | 741(167), 231(81), 503(76), 742(38), 13(34), 171(26), 104(19), 540(15) ... +13
  F04 rank 0.30 |  11 signs,   583 tokens | 803(237), 3(210), 5(39), 16(39), 519(14), 838(14), 130(10), 257(7) ... +3
  F05 rank 0.38 |   9 signs,   307 tokens | 798(128), 140(92), 95(23), 645(23), 66(13), 792(13), 155(7), 103(4) ... +1
  F06 rank 0.28 |  13 signs,   439 tokens | 235(216), 415(154), 495(21), 63(9), 98(8), 136(7), 391(7), 326(6) ... +5
  F07 rank 0.35 |  11 signs,   529 tokens | 32(438), 615(65), 776(7), 49(5), 145(3), 516(3), 531(3), 899(2) ... +3
  F08 rank 0.46 |  10 signs,   571 tokens | 220(372), 31(175), 420(6), 362(4), 775(4), 193(3), 893(3), 854(2) ... +2
  F09 rank 0.19 |  19 signs,   129 tokens | 413(50), 175(20), 243(12), 510(10), 219(7), 518(7), 81(3), 192(3) ... +11
  F10 rank 0.40 |  11 signs,   425 tokens | 240(317), 892(64), 137(16), 794(10), 710(5), 604(3), 177(2), 311(2) ... +3
  F11 rank 0.39 |  14 signs,   463 tokens | 233(162), 630(76), 575(67), 440(49), 350(34), 824(29), 236(17), 921(14) ... +6
  F12 rank 0.48 |  64 signs,   283 tokens | 790(43), 335(38), 55(36), 460(32), 72(13), 204(8), 260(8), 504(8) ... +56
  F13 rank 0.37 |   6 signs,   445 tokens | 705(267), 368(97), 717(66), 36(7), 600(5), 797(3)
  F14 rank 0.40 |  12 signs,   577 tokens | 33(440), 595(44), 320(31), 226(29), 877(18), 521(4), 264(3), 856(3) ... +4
  F15 rank 0.39 |  14 signs,   304 tokens | 550(101), 388(49), 923(43), 70(31), 480(26), 384(24), 101(7), 234(6) ... +6
  F16 rank 0.47 |  11 signs,   441 tokens | 1(151), 840(102), 17(69), 845(54), 555(19), 484(13), 525(11), 927(10) ... +3
  F17 rank 0.34 |  15 signs,   451 tokens | 176(198), 61(85), 4(77), 463(21), 321(15), 64(12), 999(12), 642(8) ... +7
  F18 rank 0.32 |   6 signs,   216 tokens | 255(118), 850(46), 482(38), 597(9), 490(3), 444(2)
  F19 rank 0.24 |  17 signs,   488 tokens | 34(167), 142(71), 435(71), 904(54), 752(49), 436(16), 821(11), 844(10) ... +9
  F20 rank 0.42 |  22 signs,   688 tokens | 590(186), 690(113), 156(96), 900(94), 617(70), 585(54), 35(30), 554(12) ... +14
  F21 rank 0.77 |  29 signs,  1372 tokens | 700(543), 390(310), 407(119), 100(116), 760(111), 832(34), 337(24), 772(19) ... +21
  F22 rank 0.84 |  11 signs,  1900 tokens | 740(1589), 520(264), 97(20), 592(9), 869(6), 153(4), 279(3), 494(2) ... +3
  F23 rank 0.76 |  18 signs,   435 tokens | 90(142), 154(76), 151(68), 527(62), 679(18), 565(15), 241(12), 804(8) ... +10
  F24 rank 0.94 |  51 signs,   604 tokens | 400(469), 621(21), 167(14), 868(13), 161(10), 697(10), 930(8), 401(7) ... +43
model: PARTIAL (whole text = one field subset; Ising co-selection; pairwise field order; element chain); pair-order agreement with the linear field order 0.850; texts with a repeated field 0.071, tokens in an already-used field 0.025, repeated-sign tokens 0.009
form: 25 fields; fixed-order consistency of sign pairs with the field order: 0.850; refinement moves per round [264, 24, 1, 0]
  F00 rank 0.17 | 206 signs,   660 tokens  P(field)=0.145 | 692(69), 125(44), 416(44), 501(31), 371(17), 491(14), 511(12), 905(12) ... +198
  F01 rank 0.20 |  32 signs,   910 tokens  P(field)=0.197 | 861(380), 820(182), 920(126), 455(37), 165(29), 65(13), 374(12), 91(11) ... +24
  F02 rank 0.36 |  15 signs,   933 tokens  P(field)=0.207 | 2(627), 60(171), 745(34), 317(17), 831(16), 530(15), 500(10), 353(9) ... +7
  F03 rank 0.37 |  21 signs,   529 tokens  P(field)=0.118 | 741(167), 231(81), 503(76), 742(38), 13(34), 171(26), 104(19), 540(15) ... +13
  F04 rank 0.30 |  11 signs,   583 tokens  P(field)=0.130 | 803(237), 3(210), 5(39), 16(39), 519(14), 838(14), 130(10), 257(7) ... +3
  F05 rank 0.38 |   9 signs,   307 tokens  P(field)=0.069 | 798(128), 140(92), 95(23), 645(23), 66(13), 792(13), 155(7), 103(4) ... +1
  F06 rank 0.28 |  13 signs,   439 tokens  P(field)=0.099 | 235(216), 415(154), 495(21), 63(9), 98(8), 136(7), 391(7), 326(6) ... +5
  F07 rank 0.35 |  11 signs,   529 tokens  P(field)=0.120 | 32(438), 615(65), 776(7), 49(5), 145(3), 516(3), 531(3), 899(2) ... +3
  F08 rank 0.46 |  10 signs,   571 tokens  P(field)=0.127 | 220(372), 31(175), 420(6), 362(4), 775(4), 193(3), 893(3), 854(2) ... +2
  F09 rank 0.19 |  19 signs,   129 tokens  P(field)=0.029 | 413(50), 175(20), 243(12), 510(10), 219(7), 518(7), 81(3), 192(3) ... +11
  F10 rank 0.40 |  11 signs,   425 tokens  P(field)=0.095 | 240(317), 892(64), 137(16), 794(10), 710(5), 604(3), 177(2), 311(2) ... +3
  F11 rank 0.39 |  14 signs,   463 tokens  P(field)=0.102 | 233(162), 630(76), 575(67), 440(49), 350(34), 824(29), 236(17), 921(14) ... +6
  F12 rank 0.48 |  64 signs,   283 tokens  P(field)=0.064 | 790(43), 335(38), 55(36), 460(32), 72(13), 204(8), 260(8), 504(8) ... +56
  F13 rank 0.37 |   6 signs,   445 tokens  P(field)=0.098 | 705(267), 368(97), 717(66), 36(7), 600(5), 797(3)
  F14 rank 0.40 |  12 signs,   577 tokens  P(field)=0.130 | 33(440), 595(44), 320(31), 226(29), 877(18), 521(4), 264(3), 856(3) ... +4
  F15 rank 0.39 |  14 signs,   304 tokens  P(field)=0.068 | 550(101), 388(49), 923(43), 70(31), 480(26), 384(24), 101(7), 234(6) ... +6
  F16 rank 0.47 |  11 signs,   441 tokens  P(field)=0.099 | 1(151), 840(102), 17(69), 845(54), 555(19), 484(13), 525(11), 927(10) ... +3
  F17 rank 0.34 |  15 signs,   451 tokens  P(field)=0.102 | 176(198), 61(85), 4(77), 463(21), 321(15), 64(12), 999(12), 642(8) ... +7
  F18 rank 0.32 |   6 signs,   216 tokens  P(field)=0.049 | 255(118), 850(46), 482(38), 597(9), 490(3), 444(2)
  F19 rank 0.24 |  17 signs,   488 tokens  P(field)=0.110 | 34(167), 142(71), 435(71), 904(54), 752(49), 436(16), 821(11), 844(10) ... +9
  F20 rank 0.42 |  22 signs,   688 tokens  P(field)=0.148 | 590(186), 690(113), 156(96), 900(94), 617(70), 585(54), 35(30), 554(12) ... +14
  F21 rank 0.77 |  29 signs,  1372 tokens  P(field)=0.306 | 700(543), 390(310), 407(119), 100(116), 760(111), 832(34), 337(24), 772(19) ... +21
  F22 rank 0.84 |  11 signs,  1900 tokens  P(field)=0.428 | 740(1589), 520(264), 97(20), 592(9), 869(6), 153(4), 279(3), 494(2) ... +3
  F23 rank 0.76 |  18 signs,   435 tokens  P(field)=0.098 | 90(142), 154(76), 151(68), 527(62), 679(18), 565(15), 241(12), 804(8) ... +10
  F24 rank 0.94 |  51 signs,   604 tokens  P(field)=0.137 | 400(469), 621(21), 167(14), 868(13), 161(10), 697(10), 930(8), 401(7) ... +43
licensed pair orders (>= 2 and >= 20% of the pair's co-writings): 424 of 600 ordered field pairs; both orders licensed for 112 unordered pairs, one order only for 174, never co-written 1

forbidden field pairs (O <= 0.2E, E >= 5): 0: 
attracting field pairs (O >= 3E, O >= 5): 4: F09-F12 4.3x(35), F18-F19 4.1x(97), F09-F11 3.4x(45), F13-F14 3.3x(183)
Ising couplings |w| >= 1: F00-F02 +1.01; F01-F02 +2.27; F02-F10 +1.02; F06-F08 +1.24; F07-F17 -1.20; F09-F11 +1.33; F09-F12 +1.53; F13-F14 +2.14; F14-F23 -1.04; F15-F17 -1.25; F18-F19 +2.17; F18-F20 +1.20; F21-F23 -1.05; F21-F24 -1.12
fields present in >= 50% of units: []; most frequent field F22 at 0.428 -> no field is obligatory
distinct field subsets: 1836 over 4411 units; 1395 cover 90%; top 12: F14+F21 x157; F19+F21 x126; F07+F21 x112; F22 x89; F21 x86; F12 x53; F14 x52; F00 x45; F22+F24 x38; F17+F22+F24 x38; F01 x36; F04+F20 x34
seal first units: 1295 subsets over 1776; 1118 cover 90%; singletons 1102

IM77 certainly-new texts: 324 (0/1291 tokens unbridged -> skipped in the parse)
  repeated fields, fit set: no repeated field 0.916, two menu signs in one field 0.058, same sign twice 0.027 (n=3730)
  repeated fields, held-out sites: no repeated field 0.829, two menu signs in one field 0.123, same sign twice 0.048 (n=691)
  repeated fields, IM77-new: no repeated field 0.661, same sign twice 0.235, two menu signs in one field 0.103 (n=319)
  fit set (MD+H)         single unit  : valid 2315/3730 = 0.621; within-text shuffle 0.204 [0.195,0.220]; cross-text permutation 0.191 [0.182,0.201]
  fit set (MD+H)         <= 2 units   : valid 3313/3730 = 0.888; within-text shuffle 0.609 [0.597,0.620]; cross-text permutation 0.563 [0.550,0.577]
  fit set (MD+H)         partial order: valid 2780/3730 = 0.745; within-text shuffle 0.267 [0.249,0.280]; cross-text permutation 0.285 [0.261,0.299]
  held-out sites         single unit  : valid 330/691 = 0.478; within-text shuffle 0.198 [0.161,0.233]; cross-text permutation 0.196 [0.165,0.232]
  held-out sites         <= 2 units   : valid 513/691 = 0.742; within-text shuffle 0.592 [0.554,0.630]; cross-text permutation 0.567 [0.535,0.606]
  held-out sites         partial order: valid 414/691 = 0.599; within-text shuffle 0.291 [0.255,0.330]; cross-text permutation 0.306 [0.274,0.356]
  IM77-new (324)         single unit  : valid 113/319 = 0.354; within-text shuffle 0.113 [0.072,0.160]; cross-text permutation 0.120 [0.075,0.169]
  IM77-new (324)         <= 2 units   : valid 204/319 = 0.639; within-text shuffle 0.484 [0.417,0.530]; cross-text permutation 0.512 [0.464,0.564]
  IM77-new (324)         partial order: valid 146/319 = 0.458; within-text shuffle 0.193 [0.154,0.229]; cross-text permutation 0.226 [0.182,0.273]
  IM77-new seals         single unit  : valid 42/162 = 0.259; within-text shuffle 0.085 [0.037,0.136]; cross-text permutation 0.102 [0.049,0.160]
  IM77-new seals         <= 2 units   : valid 86/162 = 0.531; within-text shuffle 0.406 [0.333,0.488]; cross-text permutation 0.453 [0.346,0.525]
  IM77-new seals         partial order: valid 56/162 = 0.346; within-text shuffle 0.124 [0.068,0.191]; cross-text permutation 0.197 [0.117,0.278]
  Markov-2 clone         single unit  : valid 2469/3716 = 0.664; within-text shuffle 0.216 [0.202,0.227]; cross-text permutation 0.201 [0.192,0.211]
  Markov-2 clone         <= 2 units   : valid 3325/3716 = 0.895; within-text shuffle 0.618 [0.611,0.626]; cross-text permutation 0.574 [0.566,0.582]
  Markov-2 clone         partial order: valid 2842/3716 = 0.765; within-text shuffle 0.273 [0.260,0.293]; cross-text permutation 0.295 [0.288,0.309]
  PARTIAL own output     single unit  : valid 2153/3805 = 0.566; within-text shuffle 0.172 [0.167,0.185]; cross-text permutation 0.162 [0.147,0.174]
  PARTIAL own output     <= 2 units   : valid 3353/3805 = 0.881; within-text shuffle 0.582 [0.572,0.591]; cross-text permutation 0.540 [0.531,0.550]
  PARTIAL own output     partial order: valid 2690/3805 = 0.707; within-text shuffle 0.242 [0.236,0.253]; cross-text permutation 0.255 [0.240,0.266]
  IM77-new breakdown (partial-order test): {'repeated field': 108, 'valid': 146, 'unlicensed pair order': 65}
  order-model AUC genuine vs within-text shuffle, fit set (first 1500) (texts >= 3 form signs, n=658): 0.819
  order-model AUC genuine vs within-text shuffle, held-out sites (texts >= 3 form signs, n=463): 0.703
  order-model AUC genuine vs within-text shuffle, IM77-new (texts >= 3 form signs, n=272): 0.712
  order-model AUC genuine vs within-text shuffle, Markov-2 clone (texts >= 3 form signs, n=813): 0.803

## FORM SPECIFICATION (candidate 'whole code', fitted on MD+H, level seq_strong)
A text = one subset of the 25 fields below (fields per text: 1: 0.16, 2: 0.28, 3: 0.17, 4: 0.15, 5: 0.11, 6: 0.06, 7: 0.04, 8: 0.01, 9: 0.01, 10: 0.00, 11: 0.00, 12: 0.00, 13: 0.00), one element per field (a field is used twice in 0.071 of texts), written in the pairwise order below (agreement with the linear order 0.85).
  F00 P=0.15 menu(206; top10 cover 0.40): 692 125 416 501 371 491 511 905 347 545 | attracts ['F02'] | order free with ['F11', 'F18']
  F01 P=0.20 menu(32; top10 cover 0.89): 861 820 920 455 165 65 374 91 906 360 | attracts ['F02'] | order free with ['F04', 'F05', 'F14']
  F02 P=0.21 menu(15; top10 cover 0.98): 2 60 745 317 831 530 500 353 467 380 | attracts ['F00', 'F01', 'F10'] | order free with ['F15']
  F03 P=0.12 menu(21; top10 cover 0.91): 741 231 503 742 13 171 104 540 382 605 | order free with ['F09', 'F11', 'F12', 'F18']
  F04 P=0.13 menu(11; top10 cover 1.00): 803 3 5 16 519 838 130 257 250 28 | order free with ['F01', 'F10', 'F11', 'F12', 'F16', 'F19']
  F05 P=0.07 menu(9; top10 cover 1.00): 798 140 95 645 66 792 155 103 426 | order free with ['F01', 'F08', 'F11', 'F12', 'F13', 'F15', 'F16', 'F17', 'F20']
  F06 P=0.10 menu(13; top10 cover 0.99): 235 415 495 63 98 136 391 326 421 351 | attracts ['F08']
  F07 P=0.12 menu(11; top10 cover 1.00): 32 615 776 49 145 516 531 899 290 813 | repels ['F17'] | order free with ['F11', 'F12', 'F13', 'F14', 'F16']
  F08 P=0.13 menu(10; top10 cover 1.00): 220 31 420 362 775 193 893 854 734 761 | attracts ['F06'] | order free with ['F05', 'F11', 'F13', 'F15', 'F16']
  F09 P=0.03 menu(19; top10 cover 0.90): 413 175 243 510 219 518 81 192 20 105 | attracts ['F11', 'F12'] | order free with ['F03', 'F16', 'F17']
  F10 P=0.10 menu(11; top10 cover 1.00): 240 892 137 794 710 604 177 311 373 544 | attracts ['F02'] | order free with ['F04', 'F20', 'F21']
  F11 P=0.10 menu(14; top10 cover 0.99): 233 630 575 440 350 824 236 921 637 139 | attracts ['F09'] | order free with ['F00', 'F03', 'F04', 'F05', 'F07', 'F08', 'F16', 'F19']
  F12 P=0.06 menu(64; top10 cover 0.69): 790 335 55 460 72 204 260 504 110 242 | attracts ['F09'] | order free with ['F03', 'F04', 'F05', 'F07', 'F15', 'F16', 'F17', 'F18', 'F20']
  F13 P=0.10 menu(6; top10 cover 1.00): 705 368 717 36 600 797 | attracts ['F14'] | order free with ['F05', 'F07', 'F08', 'F20']
  F14 P=0.13 menu(12; top10 cover 1.00): 33 595 320 226 877 521 264 856 41 492 | attracts ['F13'] | repels ['F23'] | order free with ['F01', 'F07']
  F15 P=0.07 menu(14; top10 cover 0.97): 550 388 923 70 480 384 101 234 552 62 | repels ['F17'] | order free with ['F02', 'F05', 'F08', 'F12', 'F17', 'F18', 'F20']
  F16 P=0.10 menu(11; top10 cover 1.00): 1 840 17 845 555 484 525 927 515 443 | order free with ['F04', 'F05', 'F07', 'F08', 'F09', 'F11', 'F12']
  F17 P=0.10 menu(15; top10 cover 0.97): 176 61 4 463 321 64 999 642 202 456 | repels ['F07', 'F15'] | order free with ['F05', 'F09', 'F12', 'F15']
  F18 P=0.05 menu(6; top10 cover 1.00): 255 850 482 597 490 444 | attracts ['F19', 'F20'] | order free with ['F00', 'F03', 'F12', 'F15', 'F21']
  F19 P=0.11 menu(17; top10 cover 0.95): 34 142 435 904 752 436 821 844 215 18 | attracts ['F18'] | order free with ['F04', 'F11']
  F20 P=0.15 menu(22; top10 cover 0.97): 590 690 156 900 617 585 35 554 232 7 | attracts ['F18'] | order free with ['F05', 'F10', 'F12', 'F13', 'F15']
  F21 P=0.31 menu(29; top10 cover 0.95): 700 390 407 100 760 832 337 772 297 222 | repels ['F23', 'F24'] | order free with ['F10', 'F18']
  F22 P=0.43 menu(11; top10 cover 1.00): 740 520 97 592 869 153 279 494 194 471
  F23 P=0.10 menu(18; top10 cover 0.95): 90 154 151 527 679 565 241 804 159 422 | repels ['F14', 'F21']
  F24 P=0.14 menu(51; top10 cover 0.93): 400 621 167 868 161 697 930 401 842 423 | repels ['F21']

(elapsed 107 s)
