== S-DARK-65 cycle 4 (IM77, nperm 1000): two-party tests on IM77 sealing sides
IM77 sealings with signs: 511; count sides removed: 104; objects kept 493; with >= 2 distinct non-count impressions: 65 by site {'Mohenjodaro': 15, 'Harappa': 31, 'Lothal': 16, 'Kalibangan': 1, 'Other sites': 2}
  (Harappa "sealings" with a count side are the two-sided voucher tablets of S93; what remains at Harappa is listed below)
   H 4309 155 342 249 | 336 321 87 141 328 328
   H 4321 67 135 347 342 | 345 328
   H 4343 267 99 67 135 342 | 65 59 48 342
   H 4344 263 343 113 342 | 177 197 192 341 89 328
   H 4349 205 293 99 48 342 192 342 186 | 177 197 192 342 87 328
   H 4351 343 216 162 99 387 53 342 | 177 197 192 341 89 328
   H 4354 53 67 72 182 | 86 328
   H 4356 109 59 211 176 | 336 267 341 89 328
   H 4362 233 342 176 | 67 72 211
   H 4363 103 403 342 | 328 59
   H 4372 48 136 193 342 176 176 | 87 46
   H 4639 176 | 328
   H 4642 59 | 245 245 307 342 176
   H 4651 103 403 342 176 | 102 216 245 245
   H 4653 373 341 342 | 328 328 328
   H 4658 267 402 149 | 142 403 87 342
   H 4661 72 182 293 342 176 | 86 328
   H 4667 387 65 72 336 | 86 328
   H 4672 67 336 89 216 254 176 | 177 197 192 341 89 328
   H 4687 150 123 | 380
   H 4717 102 51 130 176 | 336 267 341 89
   H 5257 67 135 | 345 328
   H 5281 375 | 328
   H 5283 67 72 342 388 176 | 89 328 28
   H 5296 137 | 178 389 15
   H 5303 391 99 40 | 167 87 328
   H 5311 135 347 342 | 345 328
   H 5320 177 307 284 | 171 59 211
   H 5324 267 402 | 403 87 342
   H 5325 391 99 | 280 328 342
   H 5329 177 | 186 173 86 99 67

-- IM77 all pairs without Harappa (true sealings): 34 sealings, 58 impression pairs
   statistic              obs | N1 same-site sealing sides |         N1L length-matched |    N2 same-site seal pairs
   shared_any        0.362 ( 21) |  0.371 P+=0.631 P-=0.492 |  0.291 P+=0.092 P-=0.956 |  0.347 P+=0.455 P-=0.658
   shared_mid        0.155 (  9) |  0.145 P+=0.482 P-=0.671 |  0.100 P+=0.103 P-=0.951 |  0.128 P+=0.310 P-=0.800
   shared_name       0.121 (  7) |  0.109 P+=0.454 P-=0.707 |  0.084 P+=0.193 P-=0.914 |  0.082 P+=0.193 P-=0.907
   same_mid          0.000 (  0) |  0.007 P+=1.000 P-=0.653 |  0.003 P+=1.000 P-=0.808 |  0.014 P+=1.000 P-=0.430
   jacc              0.059 (3.4) |  0.071 P+=0.758 P-=0.243 |  0.059 P+=0.480 P-=0.521 |  0.069 P+=0.674 P-=0.327
   same_head         0.121 (  7) |  0.127 P+=0.661 P-=0.533 |  0.094 P+=0.272 P-=0.890 |  0.126 P+=0.599 P-=0.563
   both_jar          0.121 (  7) |  0.124 P+=0.629 P-=0.566 |  0.092 P+=0.251 P-=0.904 |  0.113 P+=0.492 P-=0.662
   lendiff           1.741 (101) |  2.324 P+=0.998 P-=0.003 |  1.693 P+=0.211 P-=0.871 |  2.334 P+=0.994 P-=0.008
   short_long        0.207 ( 12) |  0.258 P+=0.886 P-=0.200 |  0.190 P+=0.001 P-=1.000 |  0.264 P+=0.883 P-=0.199
   frame_only_one    0.138 (  8) |  0.094 P+=0.142 P-=0.939 |  0.103 P+=0.209 P-=0.907 |  0.053 P+=0.011 P-=0.997
   frame_only_both   0.000 (  0) |  0.003 P+=1.000 P-=0.835 |  0.007 P+=1.000 P-=0.628 |  0.002 P+=1.000 P-=0.872
   opener_one        0.224 ( 13) |  0.269 P+=0.862 P-=0.228 |  0.263 P+=0.831 P-=0.268 |  0.355 P+=0.983 P-=0.027
   opener_both       0.000 (  0) |  0.029 P+=1.000 P-=0.124 |  0.042 P+=1.000 P-=0.023 |  0.073 P+=1.000 P-=0.015
   match_one         0.328 ( 19) |  0.457 P+=0.992 P-=0.020 |  0.415 P+=0.974 P-=0.057 |  0.000 P+=0.001 P-=1.000
   match_both        0.190 ( 11) |  0.119 P+=0.041 P-=0.987 |  0.172 P+=0.381 P-=0.828 |  1.000 P+=1.000 P-=0.001
   match_none        0.483 ( 28) |  0.424 P+=0.157 P-=0.915 |  0.412 P+=0.057 P-=0.981 |  0.000 P+=0.001 P-=1.000
   head x head pairs (obs vs N1 expected):
              jar + none         24  vs 24.30
             none + none         14  vs 12.73
              jar + jar           7  vs  7.20
            arrow + none          4  vs  3.67
            arrow + jar           2  vs  3.33
             W236 + jar           2  vs  0.91
           box527 + none          2  vs  0.93
           box527 + jar           1  vs  1.03
         W156/154 + none          1  vs  0.64
             W236 + none          1  vs  0.76
   head-pair chi2 vs N1 table: 3.55, null mean 28.37, P = 0.987

-- IM77 strict (both >= 2 signs, no Harappa): 32 sealings, 52 impression pairs
   statistic              obs | N1 same-site sealing sides |         N1L length-matched |    N2 same-site seal pairs
   shared_any        0.404 ( 21) |  0.396 P+=0.497 P-=0.631 |  0.321 P+=0.082 P-=0.965 |  0.340 P+=0.195 P-=0.869
   shared_mid        0.173 (  9) |  0.152 P+=0.376 P-=0.753 |  0.108 P+=0.093 P-=0.966 |  0.124 P+=0.187 P-=0.905
   shared_name       0.135 (  7) |  0.117 P+=0.399 P-=0.756 |  0.094 P+=0.182 P-=0.912 |  0.080 P+=0.126 P-=0.945
   same_mid          0.000 (  0) |  0.007 P+=1.000 P-=0.702 |  0.004 P+=1.000 P-=0.810 |  0.014 P+=1.000 P-=0.475
   jacc              0.066 (3.4) |  0.076 P+=0.687 P-=0.314 |  0.065 P+=0.463 P-=0.538 |  0.068 P+=0.482 P-=0.519
   same_head         0.135 (  7) |  0.134 P+=0.591 P-=0.606 |  0.107 P+=0.285 P-=0.869 |  0.131 P+=0.544 P-=0.616
   both_jar          0.135 (  7) |  0.130 P+=0.558 P-=0.642 |  0.105 P+=0.263 P-=0.886 |  0.118 P+=0.432 P-=0.731
   lendiff           1.635 ( 85) |  2.283 P+=1.000 P-=0.001 |  1.603 P+=0.283 P-=0.882 |  2.297 P+=0.995 P-=0.006
   short_long        0.173 (  9) |  0.262 P+=0.960 P-=0.073 |  0.173 P+=1.000 P-=1.000 |  0.263 P+=0.952 P-=0.095
   frame_only_one    0.135 (  7) |  0.100 P+=0.228 P-=0.883 |  0.096 P+=0.195 P-=0.925 |  0.048 P+=0.009 P-=0.998
   frame_only_both   0.000 (  0) |  0.004 P+=1.000 P-=0.807 |  0.007 P+=1.000 P-=0.647 |  0.002 P+=1.000 P-=0.891
   opener_one        0.250 ( 13) |  0.286 P+=0.798 P-=0.308 |  0.286 P+=0.801 P-=0.313 |  0.348 P+=0.961 P-=0.083
   opener_both       0.000 (  0) |  0.033 P+=1.000 P-=0.134 |  0.048 P+=1.000 P-=0.018 |  0.068 P+=1.000 P-=0.023
   match_one         0.269 ( 14) |  0.441 P+=0.999 P-=0.005 |  0.382 P+=0.993 P-=0.013 |  0.000 P+=0.001 P-=1.000
   match_both        0.212 ( 11) |  0.133 P+=0.039 P-=0.984 |  0.192 P+=0.380 P-=0.822 |  1.000 P+=1.000 P-=0.001
   match_none        0.519 ( 27) |  0.426 P+=0.042 P-=0.981 |  0.426 P+=0.016 P-=0.996 |  0.000 P+=0.001 P-=1.000
   head x head pairs (obs vs N1 expected):
              jar + none         20  vs 20.89
             none + none         13  vs 11.39
              jar + jar           7  vs  6.78
            arrow + none          4  vs  3.52
            arrow + jar           2  vs  3.20
             W236 + jar           2  vs  0.86
           box527 + none          2  vs  0.92
           box527 + jar           1  vs  0.65
             W236 + none          1  vs  0.64
   head-pair chi2 vs N1 table: 3.99, null mean 21.46, P = 0.963

-- IM77 Harappa two-sided "sealings" (= tablets, S93; shown for completeness): 31 sealings, 31 impression pairs
   statistic              obs | N1 same-site sealing sides |         N1L length-matched |    N2 same-site seal pairs
   shared_any        0.097 (  3) |  0.319 P+=0.999 P-=0.002 |  0.308 P+=1.000 P-=0.002 |  0.334 P+=1.000 P-=0.001
   shared_mid        0.065 (  2) |  0.086 P+=0.772 P-=0.495 |  0.080 P+=0.729 P-=0.536 |  0.123 P+=0.913 P-=0.252
   shared_name       0.032 (  1) |  0.055 P+=0.824 P-=0.473 |  0.060 P+=0.886 P-=0.425 |  0.069 P+=0.883 P-=0.359
   same_mid          0.000 (  0) |  0.002 P+=1.000 P-=0.932 |  0.002 P+=1.000 P-=0.952 |  0.003 P+=1.000 P-=0.925
   jacc              0.013 (0.4) |  0.059 P+=0.999 P-=0.002 |  0.054 P+=1.000 P-=0.001 |  0.054 P+=1.000 P-=0.001
   same_head         0.032 (  1) |  0.145 P+=0.994 P-=0.025 |  0.125 P+=0.994 P-=0.038 |  0.158 P+=0.999 P-=0.023
   both_jar          0.032 (  1) |  0.142 P+=0.993 P-=0.027 |  0.116 P+=0.992 P-=0.051 |  0.148 P+=0.999 P-=0.037
   lendiff           1.323 ( 41) |  1.993 P+=0.998 P-=0.004 |  1.323 P+=1.000 P-=1.000 |  2.467 P+=1.000 P-=0.001
   short_long        0.226 (  7) |  0.252 P+=0.730 P-=0.442 |  0.226 P+=1.000 P-=1.000 |  0.301 P+=0.859 P-=0.241
   frame_only_one    0.129 (  4) |  0.086 P+=0.167 P-=0.969 |  0.089 P+=0.214 P-=0.950 |  0.066 P+=0.146 P-=0.956
   frame_only_both   0.000 (  0) |  0.001 P+=1.000 P-=0.956 |  0.005 P+=1.000 P-=0.844 |  0.001 P+=1.000 P-=0.964
   opener_one        0.194 (  6) |  0.248 P+=0.939 P-=0.219 |  0.234 P+=0.925 P-=0.293 |  0.328 P+=0.969 P-=0.091
   opener_both       0.000 (  0) |  0.016 P+=1.000 P-=0.589 |  0.012 P+=1.000 P-=0.678 |  0.044 P+=1.000 P-=0.253
   match_one         0.323 ( 10) |  0.382 P+=0.823 P-=0.319 |  0.367 P+=0.811 P-=0.339 |  0.000 P+=0.001 P-=1.000
   match_both        0.032 (  1) |  0.058 P+=0.880 P-=0.420 |  0.081 P+=0.966 P-=0.183 |  1.000 P+=1.000 P-=0.001
   match_none        0.645 ( 20) |  0.559 P+=0.172 P-=0.923 |  0.552 P+=0.094 P-=0.969 |  0.000 P+=0.001 P-=1.000
   head x head pairs (obs vs N1 expected):
             W700 + none          8  vs  1.00
             W700 + jar           6  vs  0.68
              jar + none          6  vs 11.04
             none + none          4  vs  6.08
              jar + jar           1  vs  4.40
             W700 + arrow         1  vs  0.06
            arrow + jar           1  vs  1.39
         W615/617 + jar           1  vs  0.07
             W700 + box527        1  vs  0.06
         W156/154 + none          1  vs  1.18
            arrow + none          1  vs  1.94
   head-pair chi2 vs N1 table: 138.73, null mean 47.38, P = 0.073

-- IM77 Lothal: 16 sealings, 27 impression pairs
   statistic              obs | N1 same-site sealing sides |         N1L length-matched |    N2 same-site seal pairs
   shared_any        0.407 ( 11) |  0.438 P+=0.697 P-=0.450 |  0.330 P+=0.236 P-=0.887 |  0.299 P+=0.159 P-=0.915
   shared_mid        0.148 (  4) |  0.176 P+=0.744 P-=0.470 |  0.162 P+=0.671 P-=0.546 |  0.111 P+=0.361 P-=0.833
   shared_name       0.111 (  3) |  0.138 P+=0.755 P-=0.482 |  0.142 P+=0.790 P-=0.442 |  0.075 P+=0.326 P-=0.863
   same_mid          0.000 (  0) |  0.016 P+=1.000 P-=0.656 |  0.008 P+=1.000 P-=0.811 |  0.011 P+=1.000 P-=0.734
   jacc              0.081 (2.2) |  0.103 P+=0.733 P-=0.268 |  0.084 P+=0.494 P-=0.507 |  0.058 P+=0.169 P-=0.832
   same_head         0.185 (  5) |  0.202 P+=0.675 P-=0.518 |  0.102 P+=0.103 P-=0.973 |  0.116 P+=0.206 P-=0.909
   both_jar          0.185 (  5) |  0.200 P+=0.670 P-=0.531 |  0.098 P+=0.083 P-=0.982 |  0.104 P+=0.153 P-=0.935
   lendiff           1.741 ( 47) |  2.198 P+=0.959 P-=0.058 |  1.741 P+=1.000 P-=1.000 |  2.137 P+=0.910 P-=0.108
   short_long        0.185 (  5) |  0.232 P+=0.819 P-=0.343 |  0.185 P+=1.000 P-=1.000 |  0.250 P+=0.842 P-=0.294
   frame_only_one    0.259 (  7) |  0.163 P+=0.094 P-=0.970 |  0.199 P+=0.249 P-=0.890 |  0.021 P+=0.001 P-=1.000
   frame_only_both   0.000 (  0) |  0.008 P+=1.000 P-=0.802 |  0.015 P+=1.000 P-=0.632 |  0.000 P+=1.000 P-=0.996
   opener_one        0.296 (  8) |  0.361 P+=0.827 P-=0.308 |  0.315 P+=0.676 P-=0.507 |  0.347 P+=0.762 P-=0.384
   opener_both       0.000 (  0) |  0.036 P+=1.000 P-=0.311 |  0.044 P+=1.000 P-=0.187 |  0.050 P+=1.000 P-=0.257
   match_one         0.370 ( 10) |  0.505 P+=0.935 P-=0.114 |  0.410 P+=0.808 P-=0.362 |  0.000 P+=0.001 P-=1.000
   match_both        0.333 (  9) |  0.204 P+=0.043 P-=0.990 |  0.320 P+=0.541 P-=0.733 |  1.000 P+=1.000 P-=0.001
   match_none        0.296 (  8) |  0.291 P+=0.579 P-=0.612 |  0.270 P+=0.417 P-=0.850 |  0.000 P+=0.001 P-=1.000
   head x head pairs (obs vs N1 expected):
              jar + none         11  vs 10.73
             none + none          7  vs  4.83
              jar + jar           5  vs  5.39
             W236 + jar           2  vs  0.94
            arrow + none          1  vs  1.29
             W236 + none          1  vs  0.74
   head-pair chi2 vs N1 table: 2.36, null mean 19.87, P = 0.930

-- IM77 Mohenjo-daro: 15 sealings, 19 impression pairs
   statistic              obs | N1 same-site sealing sides |         N1L length-matched |    N2 same-site seal pairs
   shared_any        0.263 (  5) |  0.262 P+=0.613 P-=0.636 |  0.259 P+=0.608 P-=0.670 |  0.362 P+=0.862 P-=0.282
   shared_mid        0.158 (  3) |  0.090 P+=0.233 P-=0.925 |  0.072 P+=0.133 P-=0.974 |  0.128 P+=0.448 P-=0.778
   shared_name       0.158 (  3) |  0.060 P+=0.092 P-=0.981 |  0.062 P+=0.080 P-=0.990 |  0.078 P+=0.185 P-=0.952
   same_mid          0.000 (  0) |  0.001 P+=1.000 P-=0.988 |  0.000 P+=1.000 P-=1.000 |  0.001 P+=1.000 P-=0.982
   jacc              0.035 (0.7) |  0.038 P+=0.528 P-=0.474 |  0.038 P+=0.517 P-=0.484 |  0.056 P+=0.840 P-=0.161
   same_head         0.053 (  1) |  0.052 P+=0.735 P-=0.754 |  0.044 P+=0.665 P-=0.837 |  0.167 P+=0.959 P-=0.149
   both_jar          0.053 (  1) |  0.050 P+=0.724 P-=0.769 |  0.044 P+=0.665 P-=0.837 |  0.156 P+=0.946 P-=0.170
   lendiff           1.789 ( 34) |  2.686 P+=0.993 P-=0.012 |  1.735 P+=0.230 P-=1.000 |  2.366 P+=0.935 P-=0.097
   short_long        0.316 (  6) |  0.388 P+=0.807 P-=0.335 |  0.316 P+=1.000 P-=1.000 |  0.226 P+=0.237 P-=0.876
   frame_only_one    0.053 (  1) |  0.056 P+=0.672 P-=0.702 |  0.027 P+=0.487 P-=0.974 |  0.029 P+=0.427 P-=0.894
   frame_only_both   0.000 (  0) |  0.000 P+=1.000 P-=1.000 |  0.000 P+=1.000 P-=1.000 |  0.000 P+=1.000 P-=1.000
   opener_one        0.105 (  2) |  0.170 P+=0.952 P-=0.296 |  0.210 P+=0.968 P-=0.150 |  0.380 P+=0.999 P-=0.007
   opener_both       0.000 (  0) |  0.008 P+=1.000 P-=0.847 |  0.021 P+=1.000 P-=0.630 |  0.062 P+=1.000 P-=0.282
   match_one         0.368 (  7) |  0.413 P+=0.739 P-=0.445 |  0.347 P+=0.531 P-=0.723 |  0.000 P+=0.001 P-=1.000
   match_both        0.053 (  1) |  0.070 P+=0.803 P-=0.591 |  0.064 P+=0.795 P-=0.643 |  1.000 P+=1.000 P-=0.001
   match_none        0.579 ( 11) |  0.517 P+=0.374 P-=0.813 |  0.589 P+=0.689 P-=0.573 |  0.000 P+=0.001 P-=1.000
   head x head pairs (obs vs N1 expected):
              jar + none          9  vs  8.10
             none + none          5  vs  6.16
            arrow + none          1  vs  1.16
            arrow + jar           1  vs  1.00
           box527 + jar           1  vs  0.04
         W156/154 + none          1  vs  0.59
              jar + jar           1  vs  0.95
   head-pair chi2 vs N1 table: 24.30, null mean 17.83, P = 0.206

-- IM77 without Lothal or Harappa: 18 sealings, 31 impression pairs
   statistic              obs | N1 same-site sealing sides |         N1L length-matched |    N2 same-site seal pairs
   shared_any        0.323 ( 10) |  0.314 P+=0.559 P-=0.635 |  0.262 P+=0.204 P-=0.925 |  0.391 P+=0.835 P-=0.283
   shared_mid        0.161 (  5) |  0.121 P+=0.318 P-=0.846 |  0.049 P+=0.015 P-=0.999 |  0.139 P+=0.442 P-=0.739
   shared_name       0.129 (  4) |  0.085 P+=0.269 P-=0.906 |  0.038 P+=0.015 P-=0.997 |  0.083 P+=0.236 P-=0.891
   same_mid          0.000 (  0) |  0.001 P+=1.000 P-=0.983 |  0.000 P+=1.000 P-=1.000 |  0.017 P+=1.000 P-=0.584
   jacc              0.040 (1.2) |  0.045 P+=0.673 P-=0.328 |  0.038 P+=0.367 P-=0.634 |  0.081 P+=0.947 P-=0.054
   same_head         0.065 (  2) |  0.063 P+=0.618 P-=0.696 |  0.090 P+=0.886 P-=0.383 |  0.143 P+=0.951 P-=0.168
   both_jar          0.065 (  2) |  0.059 P+=0.587 P-=0.743 |  0.090 P+=0.886 P-=0.383 |  0.130 P+=0.925 P-=0.217
   lendiff           1.742 ( 54) |  2.419 P+=0.997 P-=0.007 |  1.652 P+=0.216 P-=0.878 |  2.447 P+=0.992 P-=0.013
   short_long        0.226 (  7) |  0.281 P+=0.841 P-=0.305 |  0.194 P+=0.001 P-=1.000 |  0.270 P+=0.758 P-=0.376
   frame_only_one    0.032 (  1) |  0.032 P+=0.630 P-=0.738 |  0.017 P+=0.497 P-=0.972 |  0.078 P+=0.916 P-=0.287
   frame_only_both   0.000 (  0) |  0.000 P+=1.000 P-=1.000 |  0.000 P+=1.000 P-=1.000 |  0.005 P+=1.000 P-=0.846
   opener_one        0.161 (  5) |  0.192 P+=0.812 P-=0.400 |  0.214 P+=0.916 P-=0.242 |  0.357 P+=0.995 P-=0.017
   opener_both       0.000 (  0) |  0.024 P+=1.000 P-=0.421 |  0.041 P+=1.000 P-=0.086 |  0.098 P+=1.000 P-=0.035
   match_one         0.290 (  9) |  0.409 P+=0.971 P-=0.070 |  0.428 P+=0.996 P-=0.033 |  0.000 P+=0.001 P-=1.000
   match_both        0.065 (  2) |  0.044 P+=0.424 P-=0.888 |  0.039 P+=0.349 P-=0.948 |  1.000 P+=1.000 P-=0.001
   match_none        0.645 ( 20) |  0.547 P+=0.103 P-=0.966 |  0.533 P+=0.055 P-=0.992 |  0.000 P+=0.001 P-=1.000
   head x head pairs (obs vs N1 expected):
              jar + none         13  vs 13.37
             none + none          7  vs  7.99
            arrow + none          3  vs  2.42
            arrow + jar           2  vs  1.77
              jar + jar           2  vs  1.84
           box527 + none          2  vs  0.97
           box527 + jar           1  vs  1.05
         W156/154 + none          1  vs  0.60
   head-pair chi2 vs N1 table: 1.66, null mean 17.68, P = 0.900

-- IM77 pairs sharing a middle sign:
   Mohenjodaro  1623  386 53 48 342 12 328 328 328 162 | 343 294 328 391 87 112 294 171 8 342 shared [328]
   Mohenjodaro  1623  137 155 343 10 81 403 87     | 343 294 328 391 87 112 294 171 8 342 shared [87, 343]
   Mohenjodaro  1628  59 403 87 342                | 59 53 216 254                shared [59]
   Lothal       7219  245 245 99 67                | 186 293 99                   shared [99]
   Lothal       7236  186 293 99                   | 286 99                       shared [99]
   Lothal       7247  150 123 67 72 211            | 245 245 99 67                shared [67]
   Lothal       7277  402 99 70 8 342              | 99 59 59 327 342             shared [99]
   Kalibangan   8101  375 202 99 201 342 1         | 162 252 99 175 86            shared [99]
   Kalibangan   8101  391 99 59 336 89 211         | 32 205 336                   shared [336]

-- bridge check (seq_raw): Wells impressions on multi-impression sealings translated W -> M (bridge_extended, then S-DARK-27 proposals marked *):
   H-1722   415-220-520                    -> M 171 59 211                    found in IM77 Harappa sides
   H-1722   220                            -> M 59                            found in IM77 Harappa sides
   H-1720   326-405-90-405-893-413-33      -> unbridged sign
   H-1720   792                            -> M 375                         * found in IM77 Harappa sides
   K-87     740                            -> M 342                           found in IM77 Kalibangan sides
   K-87     861-2-740                      -> M 267 99 342                    not found
   K-88     861-2-460-740                  -> M 267 99 230 342                not found
   K-88     740                            -> M 342                           found in IM77 Kalibangan sides
   K-89     832-360-2-362-740-90           -> unbridged sign
   K-89     2-705-33                       -> M 99 336 89                     not found
   K-89     390-595-2-350-1                -> M 161 252 99 174 97             not found
   K-89     491                            -> M 205                           not found
   L-188    740                            -> M 342                           not found
   L-188    520                            -> M 211                           not found
   L-188    33                             -> M 89                            not found
   L-190    705-500-741-1-55-220-740-90    -> M 336 209 343 97 121 59 342 1   not found
   L-190    317-920-2                      -> M 186 293 99                    found in IM77 Lothal sides
   L-190    880                            -> M 286                           not found
   L-191    705-500-741-1-55-220-740-90    -> M 336 209 343 97 121 59 342 1   not found
   L-191    861-2-235                      -> M 267 99 65                     not found
   L-193    705-500-741-1-55-220-740-90    -> M 336 209 343 97 121 59 342 1   not found
   L-193    70-125                         -> M 155 28                        not found
   L-196    2-32-590-390                   -> M 99 87 249 161                 not found
   L-196    861-2                          -> M 267 99                        found in IM77 Lothal sides
   L-197    705-500-741-1-55-220-740-90    -> M 336 209 343 97 121 59 342 1   not found
   L-197    32                             -> M 87                            not found
   L-198    55                             -> M 121                           not found
   L-198    2-32-590-390-740               -> M 99 87 249 161 342             not found
   L-202    220-590-390                    -> M 59 249 161                    not found
   L-202    861-2-236                      -> M 267 99 66                   * found in IM77 Lothal sides
   L-205    760-740                        -> M 347 342                       found in IM77 Lothal sides
   L-205    2-803-798-740                  -> M 99 387 216 342                not found
   L-208    2                              -> M 99                            not found
   L-208    820-2-220-234                  -> unbridged sign
   L-210    406-104                        -> M 169 41                        not found
   L-210    904-740                        -> M 294 342                     * found in IM77 Lothal sides
   L-211    231-100-740                    -> M 70 8 342                      found in IM77 Lothal sides
   L-211    2-220-233-388-740              -> M 99 59 72 327 342              not found
   L-211    240-335-760-740                -> M 67 192 347 342                found in IM77 Lothal sides
   H-2584   705-33-95-520-468-806          -> M 336 89 18 211 178 387       * not found
   H-2584   798-231-550-527                -> M 216 70 216 254                not found
   H-2584   55-255-435-690                 -> M 121 51 130 149                found in IM77 Harappa sides
   M-426    705-595                        -> M 336 252                       found in IM77 Mohenjodaro sides
   M-426    530                            -> unbridged sign
   -        235-32-877-740                 -> M 65 87 284 342                 not found
   -        17-585-740                     -> M 110 194 342                 * not found
   -        460-302                        -> unbridged sign
   -        552-840                        -> M 217 403                     * not found
   -        515-32                         -> unbridged sign
   -        740-90                         -> M 342 1                         not found
   -        55-740                         -> M 121 342                       not found
   -        220-840-32-740                 -> M 59 403 87 342                 not found
   -        760-740                        -> M 347 342                       not found
   14/47 bridged Wells impressions found among IM77 sealing sides of the same site
