S-DARK-2 cycle 4 seed 404 control=False | active relations 52: jacc,first,last,edit1,nest,disjoint,samelen,lensum,sharesign,xorsign,samenum,sharepair,posk,mirror,sumw,complementary,samemid_diffclose,prefix1,suffix1,numeq,numdiff,summod,sameopen_diffmid,sharek,revmatch,sameclose_diffmid,bothopen,bothjar,lendiff,ident,closerclass,sharemidsign,second,lcs2,numsum,revbigram,sharerare,anypos,orderkept,freqbin,bothrare,openunit,bothnum,closepair,midlen,midjacc,samelast2,sharenumsign,rotation,frameclass,singlediff,combo
objects 4457 | train 3730 (pairs 20000) | held-out 727 (pairs 10000; sites Chanhu-daro,Dholavira,Unknown,Kalibangan,Lothal,Nausharo)
  325 distinct relation specs for 1500 arrows
  train group 3 done (rotation, 19 facts)
  train group 0 done (freqbin, 19 facts)
  train group 2 done (disjoint, 19 facts)
  train group 4 done (samenum, 19 facts)
  train group 1 done (anypos, 19 facts)
  train group 5 done (midlen, 19 facts)
  train group 6 done (revmatch, 19 facts)
  train group 8 done (openunit, 19 facts)
  train group 7 done (lendiff, 19 facts)
  train group 12 done (xorsign, 4 facts)
  train group 9 done (ident, 19 facts)
  train group 10 done (sameclose_diffmid, 19 facts)
  train group 11 done (second, 19 facts)
  train group 13 done (bothjar, 19 facts)
  train group 15 done (summod, 15 facts)
  train group 14 done (last, 19 facts)
  train group 16 done (sharepair, 19 facts)
  train group 17 done (numdiff, 19 facts)
  train group 18 done (samelast2, 19 facts)
  train group 19 done (samelen, 19 facts)
  train group 22 done (midjacc, 19 facts)
  train group 21 done (frameclass, 19 facts)
  train group 20 done (lensum, 19 facts)
  train group 23 done (numeq, 19 facts)
  train group 27 done (combo, 1 facts)
  train group 28 done (prefix1, 19 facts)
  train group 24 done (sharenumsign, 19 facts)
