# loop39 cycle 3 level seq_raw: checklist/form generator (2026-10-03 16:29; 100 synthetic corpora; fit 4411 MD+H texts, held-out 930)
form parse of the fit set: units/text {1: 3034, 2: 1090, 3: 287}; texts with a same-field repeat inside a unit 116 (0.026); single-unit valid instances 0.674
form: 25 fields; fixed-order consistency of sign pairs with the field order: 0.852; refinement moves per round [261, 35, 4, 0]
  F00 rank 0.33 | 175 signs,   460 tokens | 140(92), 491(14), 315(10), 347(10), 545(10), 853(10), 556(9), 370(8) ... +167
  F01 rank 0.20 |  36 signs,   596 tokens | 820(182), 817(170), 692(69), 501(31), 632(23), 65(13), 66(13), 511(12) ... +28
  F02 rank 0.24 |  43 signs,   527 tokens | 920(126), 413(50), 717(45), 125(44), 416(44), 165(29), 95(23), 540(15) ... +35
  F03 rank 0.29 |  24 signs,   709 tokens | 861(212), 60(171), 575(67), 595(44), 455(37), 171(26), 480(26), 831(16) ... +16
  F04 rank 0.36 |   9 signs,   844 tokens | 2(627), 1(151), 742(38), 500(10), 924(8), 470(4), 791(3), 223(2) ... +1
  F05 rank 0.37 |  15 signs,   408 tokens | 741(167), 806(126), 745(34), 104(19), 605(14), 746(8), 219(7), 518(7) ... +7
  F06 rank 0.36 |  15 signs,   425 tokens | 31(175), 803(111), 645(23), 175(20), 382(14), 519(14), 838(14), 821(11) ... +7
  F07 rank 0.38 |  10 signs,   298 tokens | 798(128), 368(97), 13(34), 215(8), 504(8), 136(7), 267(5), 221(4) ... +2
  F08 rank 0.28 |   9 signs,   395 tokens | 235(216), 415(154), 98(8), 19(4), 103(4), 279(3), 720(2), 743(2) ... +1
  F09 rank 0.15 |  10 signs,   165 tokens | 503(76), 55(36), 495(21), 794(10), 242(5), 578(5), 139(4), 81(3) ... +2
  F10 rank 0.28 |   8 signs,   595 tokens | 3(210), 840(102), 231(81), 4(77), 615(65), 5(39), 921(14), 776(7)
  F11 rank 0.35 |  10 signs,   465 tokens | 32(438), 63(9), 49(5), 145(3), 516(3), 531(3), 290(1), 383(1) ... +2
  F12 rank 0.40 |  17 signs,   418 tokens | 240(317), 16(39), 137(16), 72(13), 362(4), 421(4), 426(4), 775(4) ... +9
  F13 rank 0.46 |  10 signs,   677 tokens | 220(372), 233(162), 255(118), 101(7), 515(7), 637(5), 367(3), 152(1) ... +2
  F14 rank 0.36 |  15 signs,   466 tokens | 705(174), 706(89), 435(71), 335(38), 636(21), 236(17), 318(13), 484(13) ... +7
  F15 rank 0.40 |   9 signs,   552 tokens | 33(440), 440(49), 630(32), 320(18), 62(3), 264(3), 381(3), 611(3) ... +1
  F16 rank 0.34 |  10 signs,   364 tokens | 176(198), 388(49), 350(34), 70(31), 877(18), 243(12), 927(10), 18(7) ... +2
  F17 rank 0.39 |  70 signs,   418 tokens | 550(101), 845(54), 790(43), 460(32), 384(24), 436(16), 337(13), 844(10) ... +62
  F18 rank 0.42 |  13 signs,   564 tokens | 590(186), 690(113), 61(85), 17(69), 904(54), 321(15), 554(12), 597(9) ... +5
  F19 rank 0.84 |  27 signs,   589 tokens | 407(119), 156(96), 142(71), 892(64), 482(38), 832(34), 35(30), 226(29) ... +19
  F20 rank 0.73 |  31 signs,   769 tokens | 390(199), 34(167), 405(103), 617(70), 585(54), 850(46), 824(29), 64(12) ... +23
  F21 rank 0.90 |  17 signs,   755 tokens | 520(264), 100(116), 760(111), 900(94), 752(49), 923(43), 711(21), 222(13) ... +9
  F22 rank 0.84 |   9 signs,  1636 tokens | 740(1589), 97(20), 592(9), 408(7), 153(4), 292(3), 494(2), 194(1) ... +1
  F23 rank 0.77 |  22 signs,   976 tokens | 700(543), 90(142), 151(68), 527(52), 154(39), 158(37), 679(18), 565(15) ... +14
  F24 rank 0.94 |  52 signs,   613 tokens | 400(469), 621(21), 167(14), 868(13), 161(10), 526(10), 697(10), 930(8) ... +44
model: PARTIAL (whole text = one field subset; Ising co-selection; pairwise field order; element chain); pair-order agreement with the linear field order 0.852; texts with a repeated field 0.066, tokens in an already-used field 0.023, repeated-sign tokens 0.009
form: 25 fields; fixed-order consistency of sign pairs with the field order: 0.852; refinement moves per round [261, 35, 4, 0]
  F00 rank 0.33 | 175 signs,   460 tokens  P(field)=0.102 | 140(92), 491(14), 315(10), 347(10), 545(10), 853(10), 556(9), 370(8) ... +167
  F01 rank 0.20 |  36 signs,   596 tokens  P(field)=0.132 | 820(182), 817(170), 692(69), 501(31), 632(23), 65(13), 66(13), 511(12) ... +28
  F02 rank 0.24 |  43 signs,   527 tokens  P(field)=0.117 | 920(126), 413(50), 717(45), 125(44), 416(44), 165(29), 95(23), 540(15) ... +35
  F03 rank 0.29 |  24 signs,   709 tokens  P(field)=0.151 | 861(212), 60(171), 575(67), 595(44), 455(37), 171(26), 480(26), 831(16) ... +16
  F04 rank 0.36 |   9 signs,   844 tokens  P(field)=0.188 | 2(627), 1(151), 742(38), 500(10), 924(8), 470(4), 791(3), 223(2) ... +1
  F05 rank 0.37 |  15 signs,   408 tokens  P(field)=0.092 | 741(167), 806(126), 745(34), 104(19), 605(14), 746(8), 219(7), 518(7) ... +7
  F06 rank 0.36 |  15 signs,   425 tokens  P(field)=0.095 | 31(175), 803(111), 645(23), 175(20), 382(14), 519(14), 838(14), 821(11) ... +7
  F07 rank 0.38 |  10 signs,   298 tokens  P(field)=0.067 | 798(128), 368(97), 13(34), 215(8), 504(8), 136(7), 267(5), 221(4) ... +2
  F08 rank 0.28 |   9 signs,   395 tokens  P(field)=0.089 | 235(216), 415(154), 98(8), 19(4), 103(4), 279(3), 720(2), 743(2) ... +1
  F09 rank 0.15 |  10 signs,   165 tokens  P(field)=0.037 | 503(76), 55(36), 495(21), 794(10), 242(5), 578(5), 139(4), 81(3) ... +2
  F10 rank 0.28 |   8 signs,   595 tokens  P(field)=0.133 | 3(210), 840(102), 231(81), 4(77), 615(65), 5(39), 921(14), 776(7)
  F11 rank 0.35 |  10 signs,   465 tokens  P(field)=0.105 | 32(438), 63(9), 49(5), 145(3), 516(3), 531(3), 290(1), 383(1) ... +2
  F12 rank 0.40 |  17 signs,   418 tokens  P(field)=0.095 | 240(317), 16(39), 137(16), 72(13), 362(4), 421(4), 426(4), 775(4) ... +9
  F13 rank 0.46 |  10 signs,   677 tokens  P(field)=0.146 | 220(372), 233(162), 255(118), 101(7), 515(7), 637(5), 367(3), 152(1) ... +2
  F14 rank 0.36 |  15 signs,   466 tokens  P(field)=0.105 | 705(174), 706(89), 435(71), 335(38), 636(21), 236(17), 318(13), 484(13) ... +7
  F15 rank 0.40 |   9 signs,   552 tokens  P(field)=0.125 | 33(440), 440(49), 630(32), 320(18), 62(3), 264(3), 381(3), 611(3) ... +1
  F16 rank 0.34 |  10 signs,   364 tokens  P(field)=0.082 | 176(198), 388(49), 350(34), 70(31), 877(18), 243(12), 927(10), 18(7) ... +2
  F17 rank 0.39 |  70 signs,   418 tokens  P(field)=0.094 | 550(101), 845(54), 790(43), 460(32), 384(24), 436(16), 337(13), 844(10) ... +62
  F18 rank 0.42 |  13 signs,   564 tokens  P(field)=0.123 | 590(186), 690(113), 61(85), 17(69), 904(54), 321(15), 554(12), 597(9) ... +5
  F19 rank 0.84 |  27 signs,   589 tokens  P(field)=0.131 | 407(119), 156(96), 142(71), 892(64), 482(38), 832(34), 35(30), 226(29) ... +19
  F20 rank 0.73 |  31 signs,   769 tokens  P(field)=0.172 | 390(199), 34(167), 405(103), 617(70), 585(54), 850(46), 824(29), 64(12) ... +23
  F21 rank 0.90 |  17 signs,   755 tokens  P(field)=0.170 | 520(264), 100(116), 760(111), 900(94), 752(49), 923(43), 711(21), 222(13) ... +9
  F22 rank 0.84 |   9 signs,  1636 tokens  P(field)=0.370 | 740(1589), 97(20), 592(9), 408(7), 153(4), 292(3), 494(2), 194(1) ... +1
  F23 rank 0.77 |  22 signs,   976 tokens  P(field)=0.220 | 700(543), 90(142), 151(68), 527(52), 154(39), 158(37), 679(18), 565(15) ... +14
  F24 rank 0.94 |  52 signs,   613 tokens  P(field)=0.139 | 400(469), 621(21), 167(14), 868(13), 161(10), 526(10), 697(10), 930(8) ... +44
licensed pair orders (>= 2 and >= 20% of the pair's co-writings): 410 of 600 ordered field pairs; both orders licensed for 97 unordered pairs, one order only for 190, never co-written 0

forbidden field pairs (O <= 0.2E, E >= 5): 0: 
attracting field pairs (O >= 3E, O >= 5): 0: 
Ising couplings |w| >= 1: F01-F04 +1.88; F02-F03 +1.07; F08-F10 -1.02; F08-F13 +1.18; F09-F10 +1.07; F09-F16 -1.01; F11-F15 -1.07; F14-F15 +2.09; F15-F24 -1.21; F16-F18 -1.07; F16-F22 +1.25; F18-F22 +1.08; F19-F23 -1.31
fields present in >= 50% of units: []; most frequent field F22 at 0.370 -> no field is obligatory
distinct field subsets: 1907 over 4411 units; 1466 cover 90%; top 12: F15+F23 x159; F20+F23 x126; F11+F23 x113; F22 x83; F23 x80; F17 x62; F15 x61; F20 x52; F16+F22+F24 x39; F10+F19 x37; F19 x34; F22+F24 x34
seal first units: 1349 subsets over 1776; 1172 cover 90%; singletons 1169

IM77 certainly-new texts: 324 (0/1291 tokens unbridged -> skipped in the parse)
  repeated fields, fit set: no repeated field 0.923, two menu signs in one field 0.051, same sign twice 0.026 (n=3730)
  repeated fields, held-out sites: no repeated field 0.805, two menu signs in one field 0.151, same sign twice 0.045 (n=691)
  repeated fields, IM77-new: no repeated field 0.668, same sign twice 0.201, two menu signs in one field 0.132 (n=319)
  fit set (MD+H)         single unit  : valid 2291/3730 = 0.614; within-text shuffle 0.204 [0.194,0.220]; cross-text permutation 0.193 [0.184,0.203]
  fit set (MD+H)         <= 2 units   : valid 3344/3730 = 0.897; within-text shuffle 0.609 [0.598,0.620]; cross-text permutation 0.568 [0.557,0.583]
  fit set (MD+H)         partial order: valid 2747/3730 = 0.736; within-text shuffle 0.272 [0.258,0.283]; cross-text permutation 0.278 [0.257,0.291]
  held-out sites         single unit  : valid 338/691 = 0.489; within-text shuffle 0.197 [0.165,0.230]; cross-text permutation 0.198 [0.166,0.229]
  held-out sites         <= 2 units   : valid 523/691 = 0.757; within-text shuffle 0.587 [0.560,0.621]; cross-text permutation 0.573 [0.533,0.622]
  held-out sites         partial order: valid 388/691 = 0.562; within-text shuffle 0.275 [0.245,0.321]; cross-text permutation 0.298 [0.263,0.353]
  IM77-new (324)         single unit  : valid 108/319 = 0.339; within-text shuffle 0.113 [0.072,0.160]; cross-text permutation 0.122 [0.082,0.163]
  IM77-new (324)         <= 2 units   : valid 198/319 = 0.621; within-text shuffle 0.481 [0.429,0.527]; cross-text permutation 0.513 [0.461,0.558]
  IM77-new (324)         partial order: valid 147/319 = 0.461; within-text shuffle 0.191 [0.138,0.235]; cross-text permutation 0.224 [0.176,0.285]
  IM77-new seals         single unit  : valid 41/162 = 0.253; within-text shuffle 0.085 [0.031,0.136]; cross-text permutation 0.102 [0.056,0.173]
  IM77-new seals         <= 2 units   : valid 82/162 = 0.506; within-text shuffle 0.405 [0.340,0.494]; cross-text permutation 0.458 [0.370,0.537]
  IM77-new seals         partial order: valid 59/162 = 0.364; within-text shuffle 0.141 [0.093,0.204]; cross-text permutation 0.192 [0.123,0.265]
  IM77-new, doubles merged single unit  : valid 140/313 = 0.447; within-text shuffle 0.162 [0.112,0.208]; cross-text permutation 0.152 [0.099,0.195]
  IM77-new, doubles merged <= 2 units   : valid 242/313 = 0.773; within-text shuffle 0.579 [0.530,0.626]; cross-text permutation 0.549 [0.498,0.610]
  IM77-new, doubles merged partial order: valid 182/313 = 0.581; within-text shuffle 0.265 [0.211,0.323]; cross-text permutation 0.256 [0.198,0.316]
  IM77-new seals, merged single unit  : valid 63/159 = 0.396; within-text shuffle 0.153 [0.082,0.220]; cross-text permutation 0.140 [0.088,0.214]
  IM77-new seals, merged <= 2 units   : valid 114/159 = 0.717; within-text shuffle 0.540 [0.465,0.604]; cross-text permutation 0.507 [0.440,0.572]
  IM77-new seals, merged partial order: valid 84/159 = 0.528; within-text shuffle 0.245 [0.195,0.327]; cross-text permutation 0.236 [0.176,0.314]
  Markov-2 clone         single unit  : valid 2404/3672 = 0.655; within-text shuffle 0.208 [0.199,0.219]; cross-text permutation 0.196 [0.184,0.205]
  Markov-2 clone         <= 2 units   : valid 3313/3672 = 0.902; within-text shuffle 0.613 [0.601,0.619]; cross-text permutation 0.575 [0.569,0.584]
  Markov-2 clone         partial order: valid 2769/3672 = 0.754; within-text shuffle 0.269 [0.260,0.281]; cross-text permutation 0.279 [0.267,0.288]
  PARTIAL own output     single unit  : valid 2159/3801 = 0.568; within-text shuffle 0.177 [0.160,0.189]; cross-text permutation 0.169 [0.162,0.176]
  PARTIAL own output     <= 2 units   : valid 3371/3801 = 0.887; within-text shuffle 0.582 [0.571,0.592]; cross-text permutation 0.545 [0.534,0.559]
  PARTIAL own output     partial order: valid 2736/3801 = 0.720; within-text shuffle 0.247 [0.238,0.258]; cross-text permutation 0.251 [0.240,0.267]
  IM77-new breakdown (partial-order test): {'repeated field': 106, 'valid': 147, 'unlicensed pair order': 66}
  order-model AUC genuine vs within-text shuffle, fit set (first 1500) (texts >= 3 form signs, n=658): 0.821
