== S-DARK-31 cycle 1, level seq_strong: Indus Mohenjo-daro + Harappa complete texts >= 2 signs: 2840 objects, 11407 tokens; embeddings PPMI+SVD dim 30 over L1/R1/L2/R2/position/slot/object; vocab 150; nulls 50x
[seq_strong] REAL rule4: links 4796, pairs linked 5214, stars 2040, offset classes (>=3 disjoint pairs, mean offset cos >= 0.5) 465 holding 1545 pairs; sharp (cos >= 0.7) 72, big (>= 5 disjoint) 26, sharp+big 0  (33.4s)
[seq_strong] REAL rule2: links 24470, pairs linked 14143, stars 2568, offset classes (>=3 disjoint pairs, mean offset cos >= 0.5) 782 holding 4457 pairs; sharp (cos >= 0.7) 89, big (>= 5 disjoint) 73, sharp+big 0  (43.1s)
   [seq_strong] null slot replicate 0/50 (43s)
   [seq_strong] null slot replicate 10/50 (403s)
   [seq_strong] null slot replicate 20/50 (735s)
   [seq_strong] null slot replicate 30/50 (1057s)
   [seq_strong] null slot replicate 40/50 (1283s)
[seq_strong] NULL slot rule4 (50x): n_links real 4796 vs null median 4522 [5-95% 4296-4775] P(>=) 0.039 P(<=) 0.980; n_classes real 465 vs null median 374 [5-95% 340-414] P(>=) 0.020 P(<=) 1.000; n_sharp real 72 vs null median 36 [5-95% 22-46] P(>=) 0.020 P(<=) 1.000; n_big real 26 vs null median 14 [5-95% 8-19] P(>=) 0.020 P(<=) 1.000; n_sharp_big real 0 vs null median 0 [5-95% 0-1] P(>=) 1.000 P(<=) 0.922  (1510s)
[seq_strong] NULL slot rule2 (50x): n_links real 24470 vs null median 25714 [5-95% 24606-26558] P(>=) 0.961 P(<=) 0.059; n_classes real 782 vs null median 470 [5-95% 411-514] P(>=) 0.020 P(<=) 1.000; n_sharp real 89 vs null median 48 [5-95% 35-60] P(>=) 0.020 P(<=) 1.000; n_big real 73 vs null median 54 [5-95% 42-66] P(>=) 0.039 P(<=) 0.980; n_sharp_big real 0 vs null median 3 [5-95% 1-7] P(>=) 1.000 P(<=) 0.059  (1510s)
   [seq_strong] null grammar replicate 0/50 (1510s)
   [seq_strong] null grammar replicate 10/50 (1716s)
   [seq_strong] null grammar replicate 20/50 (1908s)
   [seq_strong] null grammar replicate 30/50 (2101s)
   [seq_strong] null grammar replicate 40/50 (2290s)
[seq_strong] NULL grammar rule4 (50x): n_links real 4796 vs null median 4670 [5-95% 4377-4877] P(>=) 0.196 P(<=) 0.824; n_classes real 465 vs null median 432 [5-95% 386-462] P(>=) 0.059 P(<=) 0.961; n_sharp real 72 vs null median 54 [5-95% 40-77] P(>=) 0.137 P(<=) 0.882; n_big real 26 vs null median 16 [5-95% 9-26] P(>=) 0.098 P(<=) 0.961; n_sharp_big real 0 vs null median 0 [5-95% 0-1] P(>=) 1.000 P(<=) 0.863  (2440s)
[seq_strong] NULL grammar rule2 (50x): n_links real 24470 vs null median 24110 [5-95% 22583-25080] P(>=) 0.255 P(<=) 0.765; n_classes real 782 vs null median 681 [5-95% 597-744] P(>=) 0.020 P(<=) 1.000; n_sharp real 89 vs null median 56 [5-95% 33-89] P(>=) 0.078 P(<=) 0.941; n_big real 73 vs null median 66 [5-95% 47-80] P(>=) 0.275 P(<=) 0.804; n_sharp_big real 0 vs null median 0 [5-95% 0-4] P(>=) 1.000 P(<=) 0.588  (2440s)
   [seq_strong] null pos replicate 0/50 (2440s)
   [seq_strong] null pos replicate 10/50 (2591s)
   [seq_strong] null pos replicate 20/50 (2752s)
   [seq_strong] null pos replicate 30/50 (2910s)
   [seq_strong] null pos replicate 40/50 (3068s)
[seq_strong] NULL pos rule4 (50x): n_links real 4796 vs null median 4883 [5-95% 4534-5072] P(>=) 0.667 P(<=) 0.353; n_classes real 465 vs null median 415 [5-95% 370-444] P(>=) 0.020 P(<=) 1.000; n_sharp real 72 vs null median 22 [5-95% 15-35] P(>=) 0.020 P(<=) 1.000; n_big real 26 vs null median 23 [5-95% 16-30] P(>=) 0.235 P(<=) 0.863; n_sharp_big real 0 vs null median 0 [5-95% 0-2] P(>=) 1.000 P(<=) 0.824  (3226s)
[seq_strong] NULL pos rule2 (50x): n_links real 24470 vs null median 28854 [5-95% 27420-29801] P(>=) 1.000 P(<=) 0.020; n_classes real 782 vs null median 382 [5-95% 343-412] P(>=) 0.020 P(<=) 1.000; n_sharp real 89 vs null median 6 [5-95% 2-14] P(>=) 0.020 P(<=) 1.000; n_big real 73 vs null median 40 [5-95% 27-55] P(>=) 0.020 P(<=) 1.000; n_sharp_big real 0 vs null median 0 [5-95% 0-0] P(>=) 1.000 P(<=) 0.961  (3226s)
-- real offset classes, rule 4:
  class 1: 7 pairs, 7 disjoint, offset cos 0.52: W617:W17(M110/112), W740(M342):W100(M8), W700(M328):W222, W156(M15):W690(M149), W527(M254):W845(M407), W137(M40):W554(M226), W525:W794
  class 2: 6 pairs, 6 disjoint, offset cos 0.58: W585:W527(M254), W32(M87):W347, W176(M48):W525, W760(M347/358):W740(M342), W923(M296):W226(M60), W772(M348):W241
  class 3: 6 pairs, 6 disjoint, offset cos 0.54: W545(M215):W927, W3(M102/103):W176(M48), W900(M287):W100(M8), W368(M402):W555(M222), W165:W222, W645(M137):W554(M226)
  class 4: 6 pairs, 6 disjoint, offset cos 0.54: W927:W545(M215), W176(M48):W3(M102/103), W100(M8):W900(M287), W555(M222):W368(M402), W222:W165, W554(M226):W645(M137)
  class 5: 6 pairs, 6 disjoint, offset cos 0.53: W17(M110/112):W617, W100(M8):W740(M342), W690(M149):W156(M15), W845(M407):W527(M254), W554(M226):W137(M40), W794:W525
  class 6: 6 pairs, 6 disjoint, offset cos 0.51: W371(M397):W501(M210), W590(M249):W260(M76), W920(M293):W65, W617:W347, W413(M177):W72, W320(M182):W491(M205)
  class 7: 5 pairs, 5 disjoint, offset cos 0.60: W605:W347, W335(M192):W794, W491(M205):W906(M303), W382(M325):W831, W853(M264):W65
  class 8: 5 pairs, 5 disjoint, offset cos 0.59: W565(M224):W838, W740(M342):W175(M47), W520(M211):W17(M110/112), W90(M1):W792, W527(M254):W60(M123)
  class 9: 5 pairs, 5 disjoint, offset cos 0.58: W440(M127):W347, W904:W821, W923(M296):W390(M161/162/167/168/169), W772(M348):W455(M233), W222:W794
  class 10: 5 pairs, 5 disjoint, offset cos 0.57: W100(M8):W61(M124/125), W900(M287):W3(M102/103), W630(M244):W5(M106/107), W752:W16(M108/109), W463:W697
  class 11: 5 pairs, 5 disjoint, offset cos 0.57: W61(M124/125):W100(M8), W3(M102/103):W900(M287), W5(M106/107):W630(M244), W16(M108/109):W752, W697:W463
  class 12: 5 pairs, 5 disjoint, offset cos 0.57: W321:W877(M284), W61(M124/125):W97, W4(M104/105):W33(M89), W35(M96):W630(M244), W697:W243
  class 13: 5 pairs, 5 disjoint, offset cos 0.57: W877(M284):W321, W33(M89):W4(M104/105), W630(M244):W35(M96), W97:W61(M124/125), W243:W697
  class 14: 5 pairs, 5 disjoint, offset cos 0.55: W32(M87):W176(M48), W34:W222, W4(M104/105):W17(M110/112), W832:W440(M127), W64(M161):W484(M136)
  class 15: 5 pairs, 5 disjoint, offset cos 0.55: W176(M48):W32(M87), W17(M110/112):W4(M104/105), W440(M127):W832, W222:W34, W484(M136):W64(M161)
  class 16: 5 pairs, 5 disjoint, offset cos 0.53: W65:W853(M264), W821:W905, W347:W605, W906(M303):W374(M400), W500(M209):W468
  class 17: 5 pairs, 5 disjoint, offset cos 0.52: W692(M150):W550(M216), W32(M87):W554(M226), W220(M59):W923(M296), W920(M293):W320(M182), W511:W222
  class 18: 5 pairs, 5 disjoint, offset cos 0.52: W705(M336):W717(M341), W520(M211):W760(M347/358), W923(M296):W337(M193), W320(M182):W140(M17), W241:W137(M40)
  class 19: 5 pairs, 5 disjoint, offset cos 0.52: W243:W468, W142(M25):W900(M287), W337(M193):W717(M341), W97:W679(M139), W236:W415(M171)
  class 20: 5 pairs, 5 disjoint, offset cos 0.51: W390(M161/162/167/168/169):W527(M254), W220(M59):W226(M60), W407(M169):W525, W416(M173):W241, W455(M233):W161
  class 21: 5 pairs, 5 disjoint, offset cos 0.51: W32(M87):W585, W861(M267):W226(M60), W4(M104/105):W845(M407), W792:W222, W347:W527(M254)
  class 22: 5 pairs, 5 disjoint, offset cos 0.51: W501(M210):W137(M40), W455(M233):W337(M193), W35(M96):W792, W72:W335(M192), W906(M303):W645(M137)
  class 23: 5 pairs, 5 disjoint, offset cos 0.51: W137(M40):W525, W34:W390(M161/162/167/168/169), W5(M106/107):W590(M249), W605:W70(M155), W540:W794
  class 24: 5 pairs, 5 disjoint, offset cos 0.51: W525:W137(M40), W390(M161/162/167/168/169):W34, W590(M249):W5(M106/107), W70(M155):W605, W794:W540
  class 25: 5 pairs, 5 disjoint, offset cos 0.50: W415(M171):W236, W32(M87):W97, W16(M108/109):W142(M25), W853(M264):W905, W468:W243
  class 26: 5 pairs, 5 disjoint, offset cos 0.50: W60(M123):W617, W240(M67):W590(M249), W803(M387):W413(M177), W13(M103):W790(M261/373/374), W484(M136):W371(M397)
  class 27: 4 pairs, 4 disjoint, offset cos 0.75: W772(M348):W72, W923(M296):W70(M155), W482(M135):W347, W222:W175(M47)
  class 28: 4 pairs, 4 disjoint, offset cos 0.71: W371(M397):W243, W705(M336):W55(M121), W590(M249):W142(M25), W920(M293):W97
  class 29: 4 pairs, 4 disjoint, offset cos 0.71: W243:W371(M397), W142(M25):W590(M249), W55(M121):W705(M336), W97:W920(M293)
  class 30: 4 pairs, 4 disjoint, offset cos 0.70: W501(M210):W605, W125(M28):W335(M192), W416(M173):W853(M264), W260(M76):W382(M325)
  class 31: 4 pairs, 4 disjoint, offset cos 0.69: W100(M8):W90(M1), W752:W679(M139), W585:W621(M242), W222:W565(M224)
  class 32: 4 pairs, 4 disjoint, offset cos 0.69: W90(M1):W100(M8), W621(M242):W585, W679(M139):W752, W565(M224):W222
  class 33: 4 pairs, 4 disjoint, offset cos 0.69: W904:W236, W630(M244):W226(M60), W752:W740(M342), W927:W241
  class 34: 4 pairs, 4 disjoint, offset cos 0.68: W772(M348):W236, W752:W154, W923(M296):W525, W555(M222):W565(M224)
  class 35: 4 pairs, 4 disjoint, offset cos 0.67: W2(M99/100):W772(M348), W60(M123):W222, W368(M402):W923(M296), W13(M103):W927
  class 36: 4 pairs, 4 disjoint, offset cos 0.67: W527(M254):W321, W740(M342):W61(M124/125), W151(M12):W35(M96), W565(M224):W384
  class 37: 4 pairs, 4 disjoint, offset cos 0.66: W482(M135):W645(M137), W705(M336):W545(M215), W923(M296):W374(M400), W555(M222):W104(M41)
  class 38: 4 pairs, 4 disjoint, offset cos 0.64: W904:W435(M130), W772(M348):W921, W222:W382(M325), W927:W790(M261/373/374)
  class 39: 4 pairs, 4 disjoint, offset cos 0.63: W235(M65):W33(M89), W2(M99/100):W877(M284), W803(M387):W34, W798(M216):W752
  class 40: 4 pairs, 4 disjoint, offset cos 0.62: W440(M127):W165, W798(M216):W241, W17(M110/112):W850, W16(M108/109):W416(M173)
-- real offset classes, rule 2:
  class 1: 25 pairs, 12 disjoint, offset cos 0.51: W527(M254):W347, W740(M342):W260(M76), W700(M328):W171(M409), W520(M211):W440(M127), W520(M211):W317(M186), W520(M211):W260(M76), W156(M15):W690(M149), W151(M12):W821, W845(M407):W491(M205), W845(M407):W260(M76), W585:W32(M87), W226(M60):W35(M96) ...
  class 2: 20 pairs, 8 disjoint, offset cos 0.54: W554(M226):W137(M40), W520(M211):W740(M342), W705(M336):W740(M342), W100(M8):W740(M342), W760(M347/358):W740(M342), W61(M124/125):W156(M15), W142(M25):W156(M15), W17(M110/112):W617, W845(M407):W527(M254), W752:W740(M342), W585:W740(M342), W904:W156(M15) ...
  class 3: 10 pairs, 7 disjoint, offset cos 0.52: W176(M48):W435(M130), W798(M216):W368(M402), W337(M193):W436, W772(M348):W921, W222:W790(M261/373/374), W222:W70(M155), W222:W95(M18), W222:W877(M284), W540:W13(M103), W792:W853(M264)
  class 4: 13 pairs, 7 disjoint, offset cos 0.52: W337(M193):W335(M192), W390(M161/162/167/168/169):W220(M59), W255(M51):W790(M261/373/374), W255(M51):W853(M264), W550(M216):W382(M325), W142(M25):W175(M47), W142(M25):W605, W142(M25):W72, W142(M25):W382(M325), W892:W605, W904:W382(M325), W55(M121):W382(M325) ...
  class 5: 14 pairs, 7 disjoint, offset cos 0.52: W154:W752, W740(M342):W760(M347/358), W240(M67):W772(M348), W415(M171):W630(M244), W156(M15):W760(M347/358), W61(M124/125):W923(M296), W226(M60):W630(M244), W226(M60):W482(M135), W236:W585, W236:W904, W236:W388(M327), W236:W337(M193) ...
  class 6: 9 pairs, 7 disjoint, offset cos 0.51: W165:W927, W368(M402):W923(M296), W154:W100(M8), W125(M28):W222, W832:W772(M348), W480:W904, W831:W17(M110/112), W906(M303):W923(M296), W545(M215):W904
  class 7: 15 pairs, 7 disjoint, offset cos 0.51: W520(M211):W236, W705(M336):W240(M67), W705(M336):W233(M72), W705(M336):W241, W1(M97/98):W235(M65), W255(M51):W235(M65), W615:W838, W17(M110/112):W240(M67), W845(M407):W233(M72), W752:W794, W923(M296):W233(M72), W440(M127):W803(M387) ...
  class 8: 15 pairs, 7 disjoint, offset cos 0.51: W240(M67):W17(M110/112), W220(M59):W615, W803(M387):W440(M127), W235(M65):W440(M127), W235(M65):W175(M47), W235(M65):W540, W233(M72):W705(M336), W233(M72):W590(M249), W233(M72):W615, W233(M72):W482(M135), W231(M70):W482(M135), W236:W550(M216) ...
  class 9: 11 pairs, 7 disjoint, offset cos 0.50: W17(M110/112):W697, W798(M216):W832, W100(M8):W156(M15), W690(M149):W156(M15), W550(M216):W545(M215), W904:W165, W482(M135):W241, W320(M182):W241, W555(M222):W241, W555(M222):W468, W222:W241
  class 10: 10 pairs, 6 disjoint, offset cos 0.59: W100(M8):W321, W176(M48):W5(M106/107), W690(M149):W501(M210), W760(M347/358):W3(M102/103), W752:W61(M124/125), W752:W4(M104/105), W752:W850, W752:W697, W585:W590(M249), W337(M193):W501(M210)
  class 11: 9 pairs, 6 disjoint, offset cos 0.56: W482(M135):W161, W100(M8):W679(M139), W17(M110/112):W151(M12), W892:W868(M275), W904:W565(M224), W645(M137):W167, W772(M348):W565(M224), W821:W151(M12), W554(M226):W868(M275)
  class 12: 10 pairs, 6 disjoint, offset cos 0.54: W220(M59):W923(M296), W235(M65):W798(M216), W235(M65):W55(M121), W235(M65):W554(M226), W233(M72):W772(M348), W233(M72):W555(M222), W233(M72):W222, W415(M171):W904, W900(M287):W752, W692(M150):W550(M216)
  class 13: 12 pairs, 6 disjoint, offset cos 0.53: W585:W140(M17), W176(M48):W491(M205), W760(M347/358):W500(M209), W752:W745(M345), W923(M296):W388(M327), W923(M296):W595(M252), W923(M296):W320(M182), W923(M296):W832, W923(M296):W317(M186), W923(M296):W491(M205), W923(M296):W130(M19), W222:W171(M409)
  class 14: 11 pairs, 6 disjoint, offset cos 0.53: W407(M169):W321, W390(M161/162/167/168/169):W845(M407), W390(M161/162/167/168/169):W371(M397), W390(M161/162/167/168/169):W697, W31(M86):W5(M106/107), W900(M287):W61(M124/125), W900(M287):W17(M110/112), W900(M287):W850, W900(M287):W5(M106/107), W142(M25):W61(M124/125), W717(M341):W371(M397)
  class 15: 18 pairs, 6 disjoint, offset cos 0.52: W3(M102/103):W545(M215), W32(M87):W575(M197), W61(M124/125):W850, W61(M124/125):W388(M327), W61(M124/125):W226(M60), W4(M104/105):W645(M137), W5(M106/107):W165, W5(M106/107):W171(M409), W16(M108/109):W255(M51), W16(M108/109):W13(M103), W16(M108/109):W165, W16(M108/109):W832 ...
  class 16: 10 pairs, 6 disjoint, offset cos 0.51: W156(M15):W236, W390(M161/162/167/168/169):W233(M72), W31(M86):W233(M72), W690(M149):W240(M67), W900(M287):W233(M72), W900(M287):W231(M70), W900(M287):W904, W752:W555(M222), W752:W222, W645(M137):W231(M70)
  class 17: 11 pairs, 6 disjoint, offset cos 0.51: W740(M342):W690(M149), W700(M328):W540, W527(M254):W175(M47), W527(M254):W794, W226(M60):W1(M97/98), W226(M60):W920(M293), W226(M60):W61(M124/125), W226(M60):W540, W565(M224):W337(M193), W161:W717(M341), W161:W125(M28)
  class 18: 9 pairs, 6 disjoint, offset cos 0.51: W740(M342):W125(M28), W700(M328):W31(M86), W700(M328):W717(M341), W156(M15):W501(M210), W154:W501(M210), W154:W491(M205), W527(M254):W371(M397), W226(M60):W165, W226(M60):W371(M397)
  class 19: 12 pairs, 6 disjoint, offset cos 0.51: W5(M106/107):W347, W3(M102/103):W831, W3(M102/103):W72, W590(M249):W70(M155), W4(M104/105):W831, W4(M104/105):W65, W4(M104/105):W821, W4(M104/105):W906(M303), W4(M104/105):W500(M209), W850:W794, W384:W95(M18), W384:W794
  class 20: 9 pairs, 6 disjoint, offset cos 0.50: W390(M161/162/167/168/169):W347, W700(M328):W605, W220(M59):W175(M47), W34:W175(M47), W407(M169):W72, W156(M15):W175(M47), W900(M287):W72, W142(M25):W831, W923(M296):W440(M127)
  class 21: 9 pairs, 5 disjoint, offset cos 0.65: W90(M1):W100(M8), W400(M176):W384, W400(M176):W772(M348), W621(M242):W585, W621(M242):W923(M296), W679(M139):W752, W565(M224):W482(M135), W565(M224):W772(M348), W565(M224):W222
  class 22: 7 pairs, 5 disjoint, offset cos 0.64: W142(M25):W772(M348), W156(M15):W520(M211), W97:W222, W831:W320(M182), W243:W923(M296), W243:W482(M135), W243:W555(M222)
  class 23: 16 pairs, 5 disjoint, offset cos 0.63: W240(M67):W176(M48), W220(M59):W585, W235(M65):W904, W233(M72):W630(M244), W231(M70):W415(M171), W231(M70):W100(M8), W231(M70):W760(M347/358), W231(M70):W17(M110/112), W231(M70):W435(M130), W231(M70):W575(M197), W231(M70):W717(M341), W231(M70):W585 ...
  class 24: 9 pairs, 5 disjoint, offset cos 0.62: W233(M72):W226(M60), W220(M59):W527(M254), W240(M67):W740(M342), W235(M65):W740(M342), W235(M65):W154, W235(M65):W13(M103), W235(M65):W480, W231(M70):W527(M254), W231(M70):W921
  class 25: 8 pairs, 5 disjoint, offset cos 0.62: W831:W554(M226), W70(M155):W772(M348), W70(M155):W927, W175(M47):W222, W72:W222, W347:W137(M40), W906(M303):W540, W906(M303):W927
  class 26: 8 pairs, 5 disjoint, offset cos 0.61: W501(M210):W868(M275), W3(M102/103):W64(M161), W5(M106/107):W64(M161), W416(M173):W167, W491(M205):W137(M40), W260(M76):W167, W260(M76):W565(M224), W260(M76):W161
  class 27: 8 pairs, 5 disjoint, offset cos 0.61: W820(M391):W190(M54/55), W861(M267):W35(M96), W920(M293):W35(M96), W550(M216):W630(M244), W550(M216):W384, W692(M150):W35(M96), W692(M150):W511, W297(M180):W384
  class 28: 7 pairs, 5 disjoint, offset cos 0.60: W125(M28):W335(M192), W717(M341):W382(M325), W416(M173):W382(M325), W416(M173):W853(M264), W501(M210):W605, W501(M210):W382(M325), W371(M397):W824
  class 29: 8 pairs, 5 disjoint, offset cos 0.59: W923(M296):W812(M381), W482(M135):W64(M161), W384:W190(M54/55), W772(M348):W595(M252), W772(M348):W190(M54/55), W555(M222):W906(M303), W555(M222):W374(M400), W222:W190(M54/55)
  class 30: 7 pairs, 5 disjoint, offset cos 0.59: W840(M403):W55(M121), W700(M328):W390(M161/162/167/168/169), W790(M261/373/374):W565(M224), W335(M192):W337(M193), W605:W142(M25), W605:W97, W605:W243
  class 31: 9 pairs, 5 disjoint, offset cos 0.58: W320(M182):W511, W550(M216):W455(M233), W17(M110/112):W35(M96), W845(M407):W35(M96), W388(M327):W35(M96), W440(M127):W35(M96), W317(M186):W190(M54/55), W554(M226):W35(M96), W554(M226):W792
  class 32: 13 pairs, 5 disjoint, offset cos 0.57: W100(M8):W335(M192), W740(M342):W824, W176(M48):W382(M325), W690(M149):W175(M47), W760(M347/358):W435(M130), W760(M347/358):W717(M341), W760(M347/358):W70(M155), W760(M347/358):W13(M103), W760(M347/358):W824, W760(M347/358):W605, W760(M347/358):W382(M325), W752:W382(M325) ...
  class 33: 9 pairs, 5 disjoint, offset cos 0.56: W705(M336):W853(M264), W520(M211):W435(M130), W520(M211):W892, W520(M211):W790(M261/373/374), W520(M211):W13(M103), W520(M211):W65, W320(M182):W605, W772(M348):W415(M171), W555(M222):W436
  class 34: 6 pairs, 5 disjoint, offset cos 0.56: W241:W545(M215), W226(M60):W861(M267), W167:W171(M409), W565(M224):W905, W868(M275):W171(M409), W161:W745(M345)
  class 35: 12 pairs, 5 disjoint, offset cos 0.56: W61(M124/125):W176(M48), W845(M407):W585, W845(M407):W904, W845(M407):W440(M127), W845(M407):W482(M135), W845(M407):W222, W845(M407):W927, W850:W630(M244), W321:W717(M341), W321:W175(M47), W321:W792, W697:W824
  class 36: 9 pairs, 5 disjoint, offset cos 0.56: W97:W565(M224), W33(M89):W161, W255(M51):W161, W142(M25):W236, W142(M25):W161, W55(M121):W555(M222), W337(M193):W161, W877(M284):W679(M139), W243:W161
  class 37: 6 pairs, 5 disjoint, offset cos 0.56: W34:W861(M267), W32(M87):W820(M391), W32(M87):W692(M150), W33(M89):W820(M391), W167:W906(M303), W137(M40):W545(M215)
  class 38: 7 pairs, 5 disjoint, offset cos 0.55: W32(M87):W176(M48), W33(M89):W222, W34:W904, W34:W337(M193), W34:W222, W4(M104/105):W61(M124/125), W832:W440(M127)
  class 39: 5 pairs, 5 disjoint, offset cos 0.55: W390(M161/162/167/168/169):W923(M296), W407(M169):W384, W900(M287):W772(M348), W455(M233):W555(M222), W347:W440(M127)
  class 40: 13 pairs, 5 disjoint, offset cos 0.54: W501(M210):W241, W125(M28):W236, W416(M173):W236, W35(M96):W226(M60), W831:W527(M254), W491(M205):W236, W72:W236, W347:W565(M224), W347:W868(M275), W347:W525, W347:W161, W906(M303):W226(M60) ...
done
