
[Mohenjo-daro 7 levels | SEAL] n=634, 7 phases; growth simulation: rule applied with prob g(phase) = 1 - ramp*(K-1-phase)/(K-1)
    opener  ramp=0.0 (earliest-phase rule strength 1.0x): detected 0/40 runs
    opener  ramp=0.1 (earliest-phase rule strength 0.9x): detected 0/40 runs
    opener  ramp=0.2 (earliest-phase rule strength 0.8x): detected 0/40 runs
    opener  ramp=0.3 (earliest-phase rule strength 0.7x): detected 0/40 runs
    opener  ramp=0.5 (earliest-phase rule strength 0.5x): detected 19/40 runs
    closer  ramp=0.0 (earliest-phase rule strength 1.0x): detected 0/40 runs
    closer  ramp=0.1 (earliest-phase rule strength 0.9x): detected 10/40 runs
    closer  ramp=0.2 (earliest-phase rule strength 0.8x): detected 38/40 runs
    closer  ramp=0.3 (earliest-phase rule strength 0.7x): detected 40/40 runs
    closer  ramp=0.5 (earliest-phase rule strength 0.5x): detected 40/40 runs
    order   ramp=0.0 (earliest-phase rule strength 1.0x): detected 0/40 runs
    order   ramp=0.1 (earliest-phase rule strength 0.9x): detected 1/40 runs
    order   ramp=0.2 (earliest-phase rule strength 0.8x): detected 26/40 runs
    order   ramp=0.3 (earliest-phase rule strength 0.7x): detected 38/40 runs
    order   ramp=0.5 (earliest-phase rule strength 0.5x): detected 40/40 runs
    rep     ramp=0.0 (earliest-phase rule strength 1.0x): detected 0/40 runs
    rep     ramp=0.1 (earliest-phase rule strength 0.9x): detected 30/40 runs
    rep     ramp=0.2 (earliest-phase rule strength 0.8x): detected 38/40 runs
    rep     ramp=0.3 (earliest-phase rule strength 0.7x): detected 40/40 runs
    rep     ramp=0.5 (earliest-phase rule strength 0.5x): detected 39/40 runs

[Mohenjo-daro 7 levels | TAB] n=72, 7 phases; growth simulation: rule applied with prob g(phase) = 1 - ramp*(K-1-phase)/(K-1)
    opener  ramp=0.0 (earliest-phase rule strength 1.0x): detected 0/40 runs
    opener  ramp=0.1 (earliest-phase rule strength 0.9x): detected 0/40 runs
    opener  ramp=0.2 (earliest-phase rule strength 0.8x): detected 0/40 runs
    opener  ramp=0.3 (earliest-phase rule strength 0.7x): detected 0/40 runs
    opener  ramp=0.5 (earliest-phase rule strength 0.5x): detected 0/40 runs
    closer  ramp=0.0 (earliest-phase rule strength 1.0x): detected 40/40 runs
    closer  ramp=0.1 (earliest-phase rule strength 0.9x): detected 40/40 runs
    closer  ramp=0.2 (earliest-phase rule strength 0.8x): detected 40/40 runs
    closer  ramp=0.3 (earliest-phase rule strength 0.7x): detected 40/40 runs
    closer  ramp=0.5 (earliest-phase rule strength 0.5x): detected 40/40 runs
    order   ramp=0.0 (earliest-phase rule strength 1.0x): detected 0/40 runs
    order   ramp=0.1 (earliest-phase rule strength 0.9x): detected 0/40 runs
    order   ramp=0.2 (earliest-phase rule strength 0.8x): detected 1/40 runs
    order   ramp=0.3 (earliest-phase rule strength 0.7x): detected 12/40 runs
    order   ramp=0.5 (earliest-phase rule strength 0.5x): detected 20/40 runs
    rep     ramp=0.0 (earliest-phase rule strength 1.0x): detected 0/40 runs
