== S-DARK-33 cycle 2 level seq_strong: fit (MD+H complete, direction recorded) 2946 texts [seals 1259, tablets 1472]; held-out sites 451; IM77 certainly-new 324 texts (0/1291 tokens unbridged -> OTHER)

## Indus seals alphabet CLASS: models fitted on train 1007, threshold from dev 252 (5th percentile)
  seals-CLASS                    markov1   dev        n  252 accept 0.95 | shuf 0.68 slot 0.84 rand 0.65 | AUC shuf 0.796 (len>=3 0.838) slot 0.658 rand 0.849
  seals-CLASS                    markov1   heldsites  n  297 accept 0.89 | shuf 0.68 slot 0.84 rand 0.69 | AUC shuf 0.729 (len>=3 0.787) slot 0.587 rand 0.804
  seals-CLASS                    markov1   im77new    n  164 accept 0.79 | shuf 0.59 slot 0.68 rand 0.66 | AUC shuf 0.690 (len>=3 0.698) slot 0.586 rand 0.678
  seals-CLASS                    markov1   im77new_s  n  164 accept 0.79 | shuf 0.54 slot 0.73 rand 0.66 | AUC shuf 0.717 (len>=3 0.742) slot 0.572 rand 0.675
  seals-CLASS                    markov2   dev        n  252 accept 0.95 | shuf 0.93 slot 0.94 rand 0.92 | AUC shuf 0.739 (len>=3 0.768) slot 0.632 rand 0.767
  seals-CLASS                    markov2   heldsites  n  297 accept 0.96 | shuf 0.92 slot 0.95 rand 0.90 | AUC shuf 0.692 (len>=3 0.712) slot 0.598 rand 0.735
  seals-CLASS                    markov2   im77new    n  164 accept 0.94 | shuf 0.85 slot 0.89 rand 0.96 | AUC shuf 0.638 (len>=3 0.649) slot 0.586 rand 0.614
  seals-CLASS                    markov2   im77new_s  n  164 accept 0.94 | shuf 0.90 slot 0.88 rand 0.92 | AUC shuf 0.644 (len>=3 0.664) slot 0.594 rand 0.629
  seals-CLASS                    alergia   dev        n  252 accept 0.95 | shuf 0.86 slot 0.92 rand 0.90 | AUC shuf 0.723 (len>=3 0.767) slot 0.591 rand 0.750
  seals-CLASS                    alergia   heldsites  n  297 accept 0.96 | shuf 0.86 slot 0.95 rand 0.86 | AUC shuf 0.705 (len>=3 0.77) slot 0.550 rand 0.743
  seals-CLASS                    alergia   im77new    n  164 accept 0.94 | shuf 0.83 slot 0.88 rand 0.88 | AUC shuf 0.655 (len>=3 0.672) slot 0.547 rand 0.643
  seals-CLASS                    alergia   im77new_s  n  164 accept 0.94 | shuf 0.79 slot 0.90 rand 0.87 | AUC shuf 0.658 (len>=3 0.678) slot 0.557 rand 0.642
  seals-CLASS                    mdl       dev        n  252 accept 0.95 | shuf 0.81 slot 0.89 rand 0.76 | AUC shuf 0.737 (len>=3 0.781) slot 0.571 rand 0.769
  seals-CLASS                    mdl       heldsites  n  297 accept 0.95 | shuf 0.84 slot 0.94 rand 0.81 | AUC shuf 0.717 (len>=3 0.762) slot 0.528 rand 0.750
  seals-CLASS                    mdl       im77new    n  164 accept 0.90 | shuf 0.72 slot 0.82 rand 0.77 | AUC shuf 0.693 (len>=3 0.694) slot 0.559 rand 0.666
  seals-CLASS                    mdl       im77new_s  n  164 accept 0.90 | shuf 0.74 slot 0.85 rand 0.77 | AUC shuf 0.652 (len>=3 0.662) slot 0.558 rand 0.660
  seals-CLASS                    hmm20     dev        n  252 accept 0.95 | shuf 0.60 slot 0.84 rand 0.62 | AUC shuf 0.824 (len>=3 0.884) slot 0.658 rand 0.867
  seals-CLASS                    hmm20     heldsites  n  297 accept 0.95 | shuf 0.65 slot 0.91 rand 0.60 | AUC shuf 0.771 (len>=3 0.836) slot 0.618 rand 0.841
  seals-CLASS                    hmm20     im77new    n  164 accept 0.81 | shuf 0.55 slot 0.74 rand 0.63 | AUC shuf 0.707 (len>=3 0.725) slot 0.584 rand 0.707
  seals-CLASS                    hmm20     im77new_s  n  164 accept 0.81 | shuf 0.56 slot 0.71 rand 0.61 | AUC shuf 0.701 (len>=3 0.723) slot 0.595 rand 0.704
  OTHER share: train 0.193  held sites 0.232  im77new 0.173

## Indus all+type alphabet CLASS: models fitted on train 2356, threshold from dev 590 (5th percentile)
