S-DARK-2 cycle 1 seed 101 control=False | active relations 30: jacc,first,last,edit1,nest,disjoint,samelen,lensum,sharesign,xorsign,samenum,sharepair,posk,mirror,sumw,complementary,samemid_diffclose,prefix1,suffix1,numeq,numdiff,summod,sameopen_diffmid,sharek,revmatch,sameclose_diffmid,bothopen,bothjar,lendiff,ident
objects 4457 | train 3730 (pairs 20000) | held-out 727 (pairs 10000; sites Chanhu-daro,Dholavira,Unknown,Kalibangan,Lothal,Nausharo)
  106 distinct relation specs for 1500 arrows
  train group 1 done (sameclose_diffmid, 44 facts)
  train group 0 done (samelen, 55 facts)
  train group 2 done (samemid_diffclose, 56 facts)
  train group 6 done (sharek, 16 facts)
  train group 3 done (sumw, 49 facts)
  train group 8 done (posk, 22 facts)
  train group 4 done (lendiff, 53 facts)
  train group 7 done (ident, 55 facts)
  train group 5 done (nest, 68 facts)
  train group 9 done (numdiff, 49 facts)
  train group 11 done (numeq, 46 facts)
  train group 14 done (sharesign, 2 facts)
  train group 12 done (jacc, 37 facts)
  train group 13 done (mirror, 66 facts)
  train group 16 done (sharek, 19 facts)
  train group 10 done (sharepair, 47 facts)
  train group 19 done (sameopen_diffmid, 58 facts)
  train group 15 done (complementary, 55 facts)
  train group 21 done (xorsign, 1 facts)
  train group 22 done (posk, 19 facts)
  train group 18 done (bothopen, 39 facts)
  train group 23 done (summod, 8 facts)
  train group 17 done (bothjar, 59 facts)
  train group 20 done (suffix1, 57 facts)
  train group 25 done (prefix1, 55 facts)
  train group 26 done (edit1, 39 facts)
  train group 24 done (disjoint, 46 facts)
  train group 30 done (summod, 5 facts)
  train group 27 done (samenum, 58 facts)
  train group 32 done (sharek, 12 facts)
  train group 31 done (last, 40 facts)
  train group 28 done (first, 44 facts)
  train group 34 done (summod, 6 facts)
  train group 35 done (sharesign, 2 facts)
  train group 37 done (sharesign, 1 facts)
  train group 38 done (xorsign, 1 facts)
  train group 39 done (xorsign, 1 facts)
  train group 40 done (sharesign, 4 facts)
  train group 41 done (summod, 6 facts)
  train group 42 done (summod, 10 facts)
  train group 43 done (xorsign, 1 facts)
  train group 44 done (summod, 4 facts)
  train group 45 done (xorsign, 2 facts)
  train group 46 done (xorsign, 1 facts)
  train group 47 done (xorsign, 2 facts)
  train group 48 done (sharesign, 2 facts)
  train group 49 done (xorsign, 1 facts)
  train group 50 done (xorsign, 1 facts)
  train group 33 done (revmatch, 37 facts)
  train group 51 done (xorsign, 2 facts)
  train group 52 done (sharesign, 3 facts)
  train group 53 done (xorsign, 1 facts)
  train group 55 done (xorsign, 2 facts)
  train group 56 done (sharesign, 1 facts)
  train group 57 done (xorsign, 1 facts)
  train group 54 done (xorsign, 1 facts)
  train group 58 done (sharesign, 4 facts)
  train group 60 done (sharesign, 1 facts)
  train group 59 done (sharesign, 1 facts)
  train group 62 done (sharesign, 2 facts)
  train group 61 done (xorsign, 2 facts)
  train group 64 done (sharesign, 1 facts)
  train group 65 done (sharesign, 1 facts)
  train group 66 done (sharesign, 4 facts)
  train group 67 done (xorsign, 2 facts)
  train group 63 done (sharesign, 4 facts)
  train group 68 done (sharesign, 2 facts)
  train group 70 done (sharesign, 1 facts)
  train group 71 done (sharesign, 1 facts)
  train group 72 done (sharesign, 1 facts)
  train group 36 done (posk, 13 facts)
  train group 74 done (sharesign, 1 facts)
  train group 73 done (sharesign, 2 facts)
  train group 75 done (xorsign, 1 facts)
  train group 76 done (sharesign, 1 facts)
  train group 77 done (xorsign, 1 facts)
  train group 69 done (xorsign, 2 facts)
  train group 78 done (sharesign, 1 facts)
  train group 79 done (xorsign, 1 facts)
  train group 80 done (xorsign, 1 facts)
  train group 82 done (sharesign, 1 facts)
  train group 83 done (sharesign, 1 facts)
  train group 84 done (sharesign, 1 facts)
  train group 86 done (sharesign, 1 facts)
  train group 81 done (xorsign, 1 facts)
  train group 85 done (sharesign, 1 facts)
  train group 88 done (xorsign, 3 facts)
  train group 87 done (xorsign, 1 facts)
  train group 89 done (xorsign, 1 facts)
  train group 90 done (sharesign, 1 facts)
  train group 91 done (xorsign, 1 facts)
  train group 93 done (sharesign, 1 facts)
  train group 92 done (xorsign, 1 facts)
  train group 95 done (sharesign, 3 facts)
  train group 94 done (sharesign, 3 facts)
  train group 96 done (sharesign, 1 facts)
  train group 98 done (sharesign, 1 facts)
  train group 97 done (xorsign, 2 facts)
  train group 99 done (sharesign, 1 facts)
  train group 100 done (sharesign, 1 facts)
  train group 103 done (xorsign, 1 facts)
  train group 101 done (sharesign, 1 facts)
  train group 102 done (sharesign, 1 facts)
  train group 105 done (xorsign, 1 facts)
  train group 104 done (xorsign, 1 facts)
  train group 29 done (lensum, 45 facts)
  follow-up 4 done (lendiff x type) -
  follow-up 1 done (sameclose_diffmid x period) -
  follow-up 8 done (lendiff x emblem) -
  follow-up 22 done (sharek x type) -
  follow-up 25 done (bothopen x sides) -
  follow-up 13 done (samemid_diffclose x h) -
  follow-up 44 done (sumw x cond) -
  follow-up 54 done (lendiff x type) -
  follow-up 62 done (bothopen x color) -
  follow-up 83 done (sumw x type) -
  follow-up 43 done (sumw x v) -
  follow-up 91 done (numdiff x complete) -
  follow-up 89 done (samenum x v) -
  follow-up 100 done (samelen x v) -
  follow-up 114 done (lendiff x emblem) -
  follow-up 104 done (ident x v) -
  follow-up 133 done (sharepair x sides) -
  follow-up 138 done (bothopen x type) -
  follow-up 120 done (edit1 x h) -
  follow-up 148 done (disjoint x type) -
  follow-up 161 done (nest x type) -
  follow-up 165 done (samemid_diffclose x room) -
  follow-up 140 done (ident x v) -
  follow-up 171 done (ident x cult) -
  follow-up 176 done (lendiff x period) -
  follow-up 177 done (suffix1 x shape) -
  follow-up 182 done (posk x emblem) -
  follow-up 168 done (sharepair x v) -
  follow-up 16 done (jacc x typefull) REPLICATED
  follow-up 186 done (samelen x v) -
  follow-up 191 done (lendiff x v) -
  follow-up 195 done (samemid_diffclose x v) -
  follow-up 206 done (complementary x period) -
  follow-up 209 done (first x type) -
  follow-up 205 done (numdiff x h) -
  follow-up 223 done (lensum x sides) -
  follow-up 231 done (numdiff x period) -
  follow-up 214 done (samenum x v) -
  follow-up 234 done (ident x period) -
  follow-up 226 done (complementary x v) -
  follow-up 233 done (prefix1 x v) -
  follow-up 241 done (nest x complete) -
  follow-up 252 done (nest x type) -
  follow-up 256 done (mirror x v) -
  follow-up 257 done (numeq x h) -
  follow-up 263 done (last x complete) -
  follow-up 166 done (sharepair x complete) REPLICATED
  follow-up 275 done (nest x complete) -
  follow-up 272 done (edit1 x cond) -
  follow-up 302 done (lensum x emblem) -
  follow-up 303 done (samenum x period) -
  follow-up 305 done (first x type) -
  follow-up 307 done (bothjar x period) -
  follow-up 313 done (lensum x dir) -
  follow-up 320 done (lendiff x type) -
  follow-up 321 done (complementary x v) -
  follow-up 322 done (disjoint x complete) -
  follow-up 324 done (posk x v) -
  follow-up 281 done (jacc x typefull) REPLICATED
  follow-up 326 done (revmatch x complete) -
  follow-up 285 done (sharek x shape) REPLICATED
  follow-up 340 done (lendiff x period) -
  follow-up 344 done (last x complete) -
  follow-up 345 done (samenum x h) -
  follow-up 350 done (sharesign x typefull) -
  follow-up 347 done (complementary x h) -
  follow-up 351 done (sumw x h) -
  follow-up 360 done (numeq x h) -
  follow-up 368 done (suffix1 x material) -
  follow-up 375 done (last x type) -
  follow-up 364 done (first x v) -
  follow-up 381 done (nest x type) -
  follow-up 390 done (disjoint x sides) -
  follow-up 391 done (sameclose_diffmid x sides) -
  follow-up 394 done (complementary x type) -
  follow-up 405 done (edit1 x complete) -
  follow-up 403 done (samelen x h) -
  follow-up 416 done (edit1 x time) -
  follow-up 421 done (xorsign x typefull) -
  follow-up 335 done (ident x complete) REPLICATED
  follow-up 425 done (disjoint x type) -
  follow-up 446 done (samenum x period) -
  follow-up 433 done (sharepair x typefull) REPLICATED
  follow-up 408 done (first x complete) REPLICATED
  follow-up 455 done (jacc x period) -
  follow-up 461 done (sharek x sides) -
  follow-up 236 done (bothopen x v) REPLICATED
  follow-up 457 done (samemid_diffclose x v) -
  follow-up 463 done (ident x period) -
  follow-up 464 done (edit1 x cond) -
  follow-up 448 done (lensum x complete) REPLICATED
  follow-up 469 done (lendiff x h) -
  follow-up 471 done (bothjar x v) -
  follow-up 495 done (bothopen x emblem) -
  follow-up 499 done (samemid_diffclose x v) -
  follow-up 504 done (jacc x v) -
  follow-up 520 done (revmatch x type) -
  follow-up 508 done (sharepair x v) -
  follow-up 530 done (lendiff x h) -
  follow-up 549 done (disjoint x typefull) -
  follow-up 550 done (bothjar x v) -
  follow-up 481 done (ident x complete) REPLICATED
  follow-up 557 done (lendiff x h) -
  follow-up 560 done (last x type) -
  follow-up 494 done (jacc x complete) REPLICATED
  follow-up 569 done (edit1 x time) -
  follow-up 562 done (bothjar x v) -
  follow-up 574 done (samemid_diffclose x h) -
  follow-up 521 done (lensum x cond) REPLICATED
  follow-up 602 done (lendiff x time) -
  follow-up 586 done (samelen x v) -
  follow-up 591 done (mirror x v) -
  follow-up 583 done (bothopen x v) -
  follow-up 607 done (bothjar x period) -
  follow-up 615 done (nest x complete) -
  follow-up 618 done (edit1 x complete) -
  follow-up 620 done (posk x typefull) -
  follow-up 639 done (sameclose_diffmid x typefull) -
  follow-up 650 done (bothopen x period) -
  follow-up 661 done (posk x typefull) -
  follow-up 651 done (lensum x v) -
  follow-up 683 done (complementary x v) -
  follow-up 685 done (sameclose_diffmid x v) -
  follow-up 691 done (sameopen_diffmid x sides) -
  follow-up 688 done (sumw x h) -
  follow-up 702 done (sharek x type) -
  follow-up 716 done (sharek x complete) -
  follow-up 717 done (sharek x complete) -
  follow-up 706 done (ident x h) -
  follow-up 730 done (edit1 x period) -
  follow-up 606 done (lensum x type) REPLICATED
  follow-up 632 done (sharepair x type) REPLICATED
  follow-up 763 done (prefix1 x v) -
  follow-up 781 done (sharepair x complete) -
  follow-up 783 done (bothopen x type) -
  follow-up 785 done (sharepair x sides) -
  follow-up 786 done (numdiff x v) -
  follow-up 793 done (numdiff x period) -
  follow-up 795 done (samemid_diffclose x v) -
  follow-up 760 done (lensum x type) REPLICATED
  follow-up 798 done (sameclose_diffmid x type) -
  follow-up 797 done (disjoint x type) -
  follow-up 814 done (sameclose_diffmid x period) -
  follow-up 757 done (posk x material) REPLICATED
  follow-up 822 done (nest x depth) -
  follow-up 826 done (numeq x complete) -
  follow-up 835 done (nest x complete) -
  follow-up 834 done (sumw x v) -
  follow-up 836 done (nest x complete) -
  follow-up 837 done (sameclose_diffmid x sides) -
  follow-up 843 done (sumw x cond) -
  follow-up 861 done (bothopen x typefull) -
  follow-up 855 done (bothjar x v) -
  follow-up 873 done (sumw x h) -
  follow-up 823 done (lensum x cond) REPLICATED
  follow-up 881 done (bothjar x period) -
  follow-up 882 done (numeq x v) -
  follow-up 883 done (disjoint x complete) -
  follow-up 891 done (samelen x type) -
  follow-up 868 done (sharepair x type) REPLICATED
  follow-up 894 done (bothjar x period) -
  follow-up 875 done (posk x complete) REPLICATED
  follow-up 900 done (ident x period) -
  follow-up 892 done (ident x typefull) REPLICATED
  follow-up 728 done (bothopen x v) REPLICATED
  follow-up 895 done (jacc x type) REPLICATED
  follow-up 910 done (nest x type) -
  follow-up 905 done (samelen x h) -
  follow-up 911 done (jacc x time) -
  follow-up 924 done (sharek x sides) -
  follow-up 915 done (samenum x v) -
  follow-up 934 done (sharepair x v) -
  follow-up 903 done (ident x type) REPLICATED
  follow-up 936 done (jacc x v) -
  follow-up 942 done (complementary x v) -
  follow-up 963 done (disjoint x period) -
  follow-up 960 done (numdiff x h) -
  follow-up 969 done (lendiff x time) -
  follow-up 971 done (sharepair x sides) -
  follow-up 981 done (xorsign x material) -
  follow-up 982 done (sameclose_diffmid x sides) -
  follow-up 919 done (sharek x shape) REPLICATED
  follow-up 959 done (posk x type) REPLICATED
  follow-up 996 done (samenum x v) -
  follow-up 998 done (numdiff x v) -
  follow-up 985 done (lensum x type) REPLICATED
  follow-up 999 done (sameclose_diffmid x h) -
  follow-up 980 done (first x complete) REPLICATED
  follow-up 1005 done (bothopen x period) -
  follow-up 1007 done (numeq x complete) -
  follow-up 1003 done (numdiff x h) -
  follow-up 1009 done (bothopen x period) -
  follow-up 1011 done (numeq x period) -
  follow-up 1006 done (complementary x v) -
  follow-up 994 done (lensum x type) REPLICATED
  follow-up 1015 done (first x type) -
  follow-up 1024 done (disjoint x type) -
  follow-up 1032 done (sameclose_diffmid x typefull) -
  follow-up 1038 done (last x type) -
  follow-up 1042 done (lensum x material) -
  follow-up 1041 done (samelen x h) -
  follow-up 1062 done (first x type) -
  follow-up 1066 done (sameopen_diffmid x typefull) -
  follow-up 1068 done (revmatch x type) -
  follow-up 1067 done (lendiff x v) -
  follow-up 1071 done (complementary x type) -
  follow-up 1073 done (sumw x type) -
  follow-up 1070 done (lendiff x h) -
  follow-up 1084 done (samenum x period) -
  follow-up 1074 done (jacc x period) -
  follow-up 1086 done (disjoint x period) -
  follow-up 1096 done (disjoint x period) -
  follow-up 1102 done (samemid_diffclose x h) -
  follow-up 1106 done (edit1 x h) -
  follow-up 1110 done (sameopen_diffmid x type) -
  follow-up 1028 done (lensum x typefull) REPLICATED
  follow-up 1112 done (first x sides) -
  follow-up 1118 done (sameopen_diffmid x emblem) -
  follow-up 1122 done (bothopen x typefull) -
  follow-up 1135 done (revmatch x type) -
  follow-up 1148 done (bothjar x period) -
  follow-up 1128 done (complementary x h) -
  follow-up 1153 done (suffix1 x shape) -
  follow-up 1157 done (bothopen x typefull) -
  follow-up 1152 done (first x h) -
  follow-up 1165 done (samenum x period) -
  follow-up 1162 done (sumw x h) -
  follow-up 1166 done (posk x time) -
  follow-up 1167 done (samenum x shape) -
  follow-up 1177 done (sameopen_diffmid x emblem) -
  follow-up 1184 done (disjoint x complete) -
  follow-up 1186 done (ident x h) -
  follow-up 1129 done (sharepair x type) REPLICATED
  follow-up 1198 done (jacc x time) -
  follow-up 1204 done (sumw x v) -
  follow-up 1210 done (disjoint x type) -
  follow-up 1214 done (bothjar x period) -
  follow-up 1220 done (sumw x period) -
  follow-up 1222 done (revmatch x complete) -
  follow-up 1226 done (last x typefull) -
  follow-up 1175 done (first x complete) REPLICATED
  follow-up 1228 done (numdiff x v) -
  follow-up 1196 done (lensum x type) REPLICATED
  follow-up 1234 done (nest x complete) -
  follow-up 1235 done (sharepair x complete) -
  follow-up 1236 done (lendiff x period) -
  follow-up 1237 done (complementary x type) -
  follow-up 1026 done (lensum x h) REPLICATED
  follow-up 1243 done (sameclose_diffmid x complete) -
  follow-up 1245 done (sameopen_diffmid x sides) -
  follow-up 1230 done (jacc x complete) REPLICATED
  follow-up 1233 done (ident x complete) REPLICATED
  follow-up 1257 done (disjoint x complete) -
  follow-up 1253 done (lensum x h) -
  follow-up 1262 done (complementary x type) -
  follow-up 1274 done (edit1 x complete) -
  follow-up 1281 done (sameopen_diffmid x type) -
  follow-up 1276 done (numeq x v) -
  follow-up 1289 done (edit1 x h) -
  follow-up 1305 done (samenum x v) -
  follow-up 1314 done (sumw x v) -
  follow-up 1326 done (bothopen x typefull) -
  follow-up 1320 done (sumw x v) -
  follow-up 1333 done (sumw x time) -
  follow-up 1338 done (bothopen x color) -
  follow-up 1347 done (numdiff x complete) -
  follow-up 1256 done (lensum x typefull) REPLICATED
  follow-up 1351 done (sumw x time) -
  follow-up 1357 done (disjoint x type) -
  follow-up 1339 done (lendiff x v) -
  follow-up 1358 done (bothopen x sides) -
  follow-up 1360 done (mirror x type) -
  follow-up 1378 done (sameclose_diffmid x period) -
  follow-up 1379 done (ident x cult) -
  follow-up 1393 done (complementary x h) -
  follow-up 1392 done (lendiff x h) -
  follow-up 1394 done (complementary x v) -
  follow-up 1419 done (sharek x complete) -
  follow-up 1377 done (sharek x shape) REPLICATED
  follow-up 1421 done (lensum x v) -
  follow-up 1405 done (sharepair x typefull) REPLICATED
  follow-up 1433 done (bothopen x emblem) -
  follow-up 1427 done (samenum x v) -
  follow-up 1434 done (first x type) -
  follow-up 1444 done (sharepair x v) -
  follow-up 1447 done (lendiff x period) -
  follow-up 1449 done (first x time) -
  follow-up 1420 done (jacc x complete) REPLICATED
  follow-up 1239 done (bothopen x v) REPLICATED
  follow-up 1469 done (nest x complete) -
  follow-up 1475 done (disjoint x complete) -
  follow-up 1476 done (first x type) -
  follow-up 1474 done (bothjar x v) -
  follow-up 1483 done (nest x complete) -
  follow-up 1478 done (sumw x h) -
  follow-up 1442 done (first x complete) REPLICATED
  follow-up 1493 done (jacc x time) -
  follow-up 1491 done (lensum x type) REPLICATED
  follow-up 1492 done (ident x type) REPLICATED
  follow-up 1481 done (ident x complete) REPLICATED
  [1] train hit sameclose_diffmid {} x period MI 0.0029 p 0.0020 n 3022 | fine p na (bonf False) | within-site-x-type null p -1.0000 | held (0.0003, 0.4091) | seq_all (0.0028, 0.0033) | train-only
  [4] train hit lendiff {} x type MI 0.0020 p 0.0020 n 20000 | fine p na (bonf False) | within-site-x-type null p -1.0000 | held (0.0007, 0.3636) | seq_all (0.002, 0.0033) | train-only
  [8] train hit lendiff {} x emblem MI 0.0038 p 0.0020 n 5602 | fine p na (bonf False) | within-site-x-type null p -1.0000 | held (0.0011, 0.5) | seq_all (0.0038, 0.0033) | train-only
  [13] train hit samemid_diffclose {} x h MI 0.0011 p 0.0020 n 12648 | fine p na (bonf False) | within-site-x-type null p -1.0000 | held (0.0003, 0.4545) | seq_all (0.0011, 0.0033) | train-only
  [16] train hit jacc {} x typefull MI 0.0012 p 0.0020 n 20000 | fine p 0.00020 (bonf False) | within-site-x-type null p 0.0010 | held (0.0018, 0.002) | seq_all (0.0013, 0.0033) | REPLICATED
  [22] train hit sharek {'k': 2} x type MI 0.0021 p 0.0020 n 20000 | fine p na (bonf False) | within-site-x-type null p -1.0000 | held (0.0005, 0.1176) | seq_all (0.0023, 0.0033) | train-only
  [25] train hit bothopen {} x sides MI 0.0102 p 0.0020 n 19013 | fine p na (bonf False) | within-site-x-type null p -1.0000 | held (0.001, 0.5) | seq_all (0.0102, 0.0033) | train-only
  [43] train hit sumw {} x v MI 0.0117 p 0.0020 n 12613 | fine p na (bonf False) | within-site-x-type null p -1.0000 | held (0.0024, 0.9091) | seq_all (0.0118, 0.0033) | train-only
  [44] train hit sumw {} x cond MI 0.0008 p 0.0020 n 18978 | fine p na (bonf False) | within-site-x-type null p -1.0000 | held (0.0021, 0.0217) | seq_all (0.0008, 0.0033) | train-only
  [54] train hit lendiff {} x type MI 0.0020 p 0.0020 n 20000 | fine p na (bonf False) | within-site-x-type null p -1.0000 | held (0.0007, 0.3182) | seq_all (0.002, 0.0033) | train-only
  [62] train hit bothopen {} x color MI 0.0093 p 0.0020 n 2871 | fine p na (bonf False) | within-site-x-type null p -1.0000 | held (0.003, 0.5455) | seq_all (0.0093, 0.0033) | train-only
  [83] train hit sumw {} x type MI 0.0022 p 0.0020 n 20000 | fine p na (bonf False) | within-site-x-type null p -1.0000 | held (0.0004, 0.3636) | seq_all (0.0022, 0.0033) | train-only
  [89] train hit samenum {} x v MI 0.0013 p 0.0020 n 12613 | fine p na (bonf False) | within-site-x-type null p -1.0000 | held (0.0013, 0.5455) | seq_all (0.0013, 0.0033) | train-only
  [91] train hit numdiff {} x complete MI 0.0048 p 0.0020 n 16528 | fine p na (bonf False) | within-site-x-type null p -1.0000 | held (0.0001, 1.0) | seq_all (0.0048, 0.0033) | train-only
  [100] train hit samelen {} x v MI 0.0102 p 0.0020 n 12613 | fine p na (bonf False) | within-site-x-type null p -1.0000 | held (0.0007, 0.3182) | seq_all (0.0102, 0.0033) | train-only
  [104] train hit ident {} x v MI 0.0053 p 0.0020 n 12613 | fine p na (bonf False) | within-site-x-type null p -1.0000 | held (0.0016, 0.0577) | seq_all (0.0053, 0.0033) | train-only
  [114] train hit lendiff {} x emblem MI 0.0038 p 0.0020 n 5602 | fine p na (bonf False) | within-site-x-type null p -1.0000 | held (0.0011, 0.5455) | seq_all (0.0038, 0.0033) | train-only
  [120] train hit edit1 {} x h MI 0.0035 p 0.0020 n 12648 | fine p na (bonf False) | within-site-x-type null p -1.0000 | held (0.0008, 0.3182) | seq_all (0.0036, 0.0033) | train-only
  [133] train hit sharepair {} x sides MI 0.0012 p 0.0020 n 19013 | fine p na (bonf False) | within-site-x-type null p -1.0000 | held (0.0001, 0.6364) | seq_all (0.0018, 0.0033) | train-only
  [138] train hit bothopen {} x type MI 0.0024 p 0.0020 n 20000 | fine p na (bonf False) | within-site-x-type null p -1.0000 | held (0.0017, 0.1538) | seq_all (0.0024, 0.0033) | train-only
  [140] train hit ident {} x v MI 0.0053 p 0.0020 n 12613 | fine p na (bonf False) | within-site-x-type null p -1.0000 | held (0.0016, 0.0583) | seq_all (0.0053, 0.0033) | train-only
  [148] train hit disjoint {} x type MI 0.0023 p 0.0020 n 20000 | fine p na (bonf False) | within-site-x-type null p -1.0000 | held (0.0011, 0.0248) | seq_all (0.0021, 0.0033) | train-only
  [161] train hit nest {} x type MI 0.0003 p 0.0020 n 20000 | fine p na (bonf False) | within-site-x-type null p -1.0000 | held (0.0, 0.5455) | seq_all (0.0005, 0.0033) | train-only
  [165] train hit samemid_diffclose {} x room MI 0.0006 p 0.0020 n 5863 | fine p na (bonf False) | within-site-x-type null p -1.0000 | held (0.0, 1.0) | seq_all (0.0006, 0.0033) | train-only
  [166] train hit sharepair {} x complete MI 0.0004 p 0.0020 n 16528 | fine p 0.00060 (bonf False) | within-site-x-type null p 0.0060 | held (0.0009, 0.004) | seq_all (0.0003, 0.0066) | REPLICATED
  [168] train hit sharepair {} x v MI 0.0011 p 0.0020 n 12613 | fine p na (bonf False) | within-site-x-type null p -1.0000 | held (0.002, 0.0267) | seq_all (0.0005, 0.01) | train-only
  [171] train hit ident {} x cult MI 0.0014 p 0.0020 n 2465 | fine p na (bonf False) | within-site-x-type null p -1.0000 | held None | seq_all (0.0014, 0.0033) | train-only
  [176] train hit lendiff {} x period MI 0.0143 p 0.0020 n 3022 | fine p na (bonf False) | within-site-x-type null p -1.0000 | held (0.0022, 0.3182) | seq_all (0.0143, 0.0033) | train-only
  [177] train hit suffix1 {} x shape MI 0.0001 p 0.0020 n 16242 | fine p na (bonf False) | within-site-x-type null p -1.0000 | held None | seq_all (0.0, 0.5455) | train-only
  [182] train hit posk {'k': 3} x emblem MI 0.0020 p 0.0020 n 5602 | fine p na (bonf False) | within-site-x-type null p -1.0000 | held (0.0004, 0.3636) | seq_all (0.0021, 0.0033) | train-only
  [186] train hit samelen {} x v MI 0.0102 p 0.0020 n 12613 | fine p na (bonf False) | within-site-x-type null p -1.0000 | held (0.0007, 0.5455) | seq_all (0.0102, 0.0033) | train-only
  [191] train hit lendiff {} x v MI 0.0235 p 0.0020 n 12613 | fine p na (bonf False) | within-site-x-type null p -1.0000 | held (0.0031, 0.4545) | seq_all (0.0235, 0.0033) | train-only
  [195] train hit samemid_diffclose {} x v MI 0.0009 p 0.0020 n 12613 | fine p na (bonf False) | within-site-x-type null p -1.0000 | held (0.0004, 0.7727) | seq_all (0.0009, 0.0033) | train-only
  [205] train hit numdiff {} x h MI 0.0039 p 0.0020 n 12648 | fine p na (bonf False) | within-site-x-type null p -1.0000 | held (0.0063, 0.2727) | seq_all (0.0039, 0.0033) | train-only
  [206] train hit complementary {} x period MI 0.0035 p 0.0020 n 3022 | fine p na (bonf False) | within-site-x-type null p -1.0000 | held (0.0013, 0.0759) | seq_all (0.0034, 0.0033) | train-only
  [209] train hit first {} x type MI 0.0008 p 0.0020 n 20000 | fine p na (bonf False) | within-site-x-type null p -1.0000 | held (0.0004, 0.0214) | seq_all (0.0008, 0.0033) | train-only
  [214] train hit samenum {} x v MI 0.0013 p 0.0020 n 12613 | fine p na (bonf False) | within-site-x-type null p -1.0000 | held (0.0013, 0.5455) | seq_all (0.0013, 0.0033) | train-only
  [223] train hit lensum {} x sides MI 0.0207 p 0.0020 n 19013 | fine p na (bonf False) | within-site-x-type null p -1.0000 | held (0.0013, 0.9091) | seq_all (0.0207, 0.0033) | train-only
  [226] train hit complementary {} x v MI 0.0072 p 0.0020 n 12613 | fine p na (bonf False) | within-site-x-type null p -1.0000 | held (0.0001, 1.0) | seq_all (0.0067, 0.0033) | train-only
  [231] train hit numdiff {} x period MI 0.0138 p 0.0020 n 3022 | fine p na (bonf False) | within-site-x-type null p -1.0000 | held (0.0016, 0.5455) | seq_all (0.0138, 0.0033) | train-only
  [233] train hit prefix1 {} x v MI 0.0006 p 0.0020 n 12613 | fine p na (bonf False) | within-site-x-type null p -1.0000 | held (0.0003, 0.3636) | seq_all (0.0006, 0.0033) | train-only
  [234] train hit ident {} x period MI 0.0034 p 0.0020 n 3022 | fine p na (bonf False) | within-site-x-type null p -1.0000 | held (0.0007, 0.2143) | seq_all (0.0034, 0.0033) | train-only
  [236] train hit bothopen {} x v MI 0.0115 p 0.0020 n 12613 | fine p 0.00020 (bonf False) | within-site-x-type null p 0.0010 | held (0.0116, 0.008) | seq_all (0.0115, 0.0033) | REPLICATED
  [241] train hit nest {} x complete MI 0.0007 p 0.0020 n 16528 | fine p na (bonf False) | within-site-x-type null p -1.0000 | held (0.0, 0.6364) | seq_all (0.0008, 0.0033) | train-only
  [252] train hit nest {} x type MI 0.0003 p 0.0020 n 20000 | fine p na (bonf False) | within-site-x-type null p -1.0000 | held (0.0, 0.5) | seq_all (0.0005, 0.0033) | train-only
  [256] train hit mirror {} x v MI 0.0014 p 0.0020 n 12613 | fine p na (bonf False) | within-site-x-type null p -1.0000 | held (0.0001, 0.9545) | seq_all (0.0013, 0.0033) | train-only
  [257] train hit numeq {} x h MI 0.0022 p 0.0020 n 12648 | fine p na (bonf False) | within-site-x-type null p -1.0000 | held (0.0028, 0.6364) | seq_all (0.0022, 0.0033) | train-only
  [263] train hit last {} x complete MI 0.0012 p 0.0020 n 16528 | fine p na (bonf False) | within-site-x-type null p -1.0000 | held (0.0004, 0.1622) | seq_all (0.0012, 0.0033) | train-only
  [272] train hit edit1 {} x cond MI 0.0004 p 0.0020 n 18978 | fine p na (bonf False) | within-site-x-type null p -1.0000 | held (0.0006, 0.0545) | seq_all (0.0004, 0.0033) | train-only
  [275] train hit nest {} x complete MI 0.0007 p 0.0020 n 16528 | fine p na (bonf False) | within-site-x-type null p -1.0000 | held (0.0, 0.8182) | seq_all (0.0008, 0.0033) | train-only
  [281] train hit jacc {} x typefull MI 0.0012 p 0.0020 n 20000 | fine p 0.00020 (bonf False) | within-site-x-type null p 0.0010 | held (0.0018, 0.002) | seq_all (0.0013, 0.0033) | REPLICATED
  [285] train hit sharek {'k': 2} x shape MI 0.0005 p 0.0020 n 16242 | fine p 0.00060 (bonf False) | within-site-x-type null p 0.2000 | held (0.0032, 0.008) | seq_all (0.0008, 0.0033) | REPLICATED
  [302] train hit lensum {} x emblem MI 0.0073 p 0.0020 n 5602 | fine p na (bonf False) | within-site-x-type null p -1.0000 | held (0.0067, 0.0938) | seq_all (0.0073, 0.0033) | train-only
  [303] train hit samenum {} x period MI 0.0035 p 0.0020 n 3022 | fine p na (bonf False) | within-site-x-type null p -1.0000 | held (0.0003, 0.3636) | seq_all (0.0035, 0.0033) | train-only
  [305] train hit first {} x type MI 0.0008 p 0.0020 n 20000 | fine p na (bonf False) | within-site-x-type null p -1.0000 | held (0.0004, 0.0351) | seq_all (0.0008, 0.0033) | train-only
  [307] train hit bothjar {} x period MI 0.0164 p 0.0020 n 3022 | fine p na (bonf False) | within-site-x-type null p -1.0000 | held (0.0013, 0.4091) | seq_all (0.0164, 0.0033) | train-only
  [313] train hit lensum {} x dir MI 0.0070 p 0.0020 n 18155 | fine p na (bonf False) | within-site-x-type null p -1.0000 | held (0.0036, 0.3182) | seq_all (0.007, 0.0033) | train-only
  [320] train hit lendiff {} x type MI 0.0020 p 0.0020 n 20000 | fine p na (bonf False) | within-site-x-type null p -1.0000 | held (0.0007, 0.5909) | seq_all (0.002, 0.0033) | train-only
  [321] train hit complementary {} x v MI 0.0072 p 0.0020 n 12613 | fine p na (bonf False) | within-site-x-type null p -1.0000 | held (0.0001, 0.8636) | seq_all (0.0067, 0.0033) | train-only
  [322] train hit disjoint {} x complete MI 0.0011 p 0.0020 n 16528 | fine p na (bonf False) | within-site-x-type null p -1.0000 | held (0.0002, 0.3636) | seq_all (0.0011, 0.0033) | train-only
  [324] train hit posk {'k': 1} x v MI 0.0036 p 0.0020 n 12613 | fine p na (bonf False) | within-site-x-type null p -1.0000 | held (0.0027, 0.0667) | seq_all (0.0035, 0.0033) | train-only
  [326] train hit revmatch {} x complete MI 0.0009 p 0.0020 n 16528 | fine p na (bonf False) | within-site-x-type null p -1.0000 | held (0.0, 0.8636) | seq_all (0.0009, 0.0033) | train-only
  [335] train hit ident {} x complete MI 0.0023 p 0.0020 n 16528 | fine p 0.00020 (bonf False) | within-site-x-type null p 0.0010 | held (0.0028, 0.002) | seq_all (0.0023, 0.0033) | REPLICATED
  [340] train hit lendiff {} x period MI 0.0143 p 0.0020 n 3022 | fine p na (bonf False) | within-site-x-type null p -1.0000 | held (0.0022, 0.3636) | seq_all (0.0143, 0.0033) | train-only
  [344] train hit last {} x complete MI 0.0012 p 0.0020 n 16528 | fine p na (bonf False) | within-site-x-type null p -1.0000 | held (0.0004, 0.1579) | seq_all (0.0012, 0.0033) | train-only
  [345] train hit samenum {} x h MI 0.0009 p 0.0020 n 12648 | fine p na (bonf False) | within-site-x-type null p -1.0000 | held (0.0007, 0.8636) | seq_all (0.0009, 0.0033) | train-only
  [347] train hit complementary {} x h MI 0.0058 p 0.0020 n 12648 | fine p na (bonf False) | within-site-x-type null p -1.0000 | held (0.0013, 0.2222) | seq_all (0.0055, 0.0033) | train-only
  [350] train hit sharesign {'s': 390} x typefull MI 0.0007 p 0.0020 n 20000 | fine p na (bonf False) | within-site-x-type null p -1.0000 | held None | seq_all (0.0002, 0.0211) | train-only
  [351] train hit sumw {} x h MI 0.0141 p 0.0020 n 12648 | fine p na (bonf False) | within-site-x-type null p -1.0000 | held (0.0031, 0.6818) | seq_all (0.0141, 0.0033) | train-only
  [360] train hit numeq {} x h MI 0.0022 p 0.0020 n 12648 | fine p na (bonf False) | within-site-x-type null p -1.0000 | held (0.0028, 0.3636) | seq_all (0.0022, 0.0033) | train-only
  [364] train hit first {} x v MI 0.0015 p 0.0020 n 12613 | fine p na (bonf False) | within-site-x-type null p -1.0000 | held (0.0015, 0.0698) | seq_all (0.0009, 0.0033) | train-only
  [368] train hit suffix1 {} x material MI 0.0003 p 0.0020 n 14667 | fine p na (bonf False) | within-site-x-type null p -1.0000 | held (0.0001, 0.4545) | seq_all (0.0003, 0.0033) | train-only
  [375] train hit last {} x type MI 0.0019 p 0.0020 n 20000 | fine p na (bonf False) | within-site-x-type null p -1.0000 | held (0.0007, 0.0127) | seq_all (0.0019, 0.0033) | train-only
  [381] train hit nest {} x type MI 0.0003 p 0.0020 n 20000 | fine p na (bonf False) | within-site-x-type null p -1.0000 | held (0.0, 0.6364) | seq_all (0.0005, 0.0033) | train-only
  [390] train hit disjoint {} x sides MI 0.0084 p 0.0020 n 19013 | fine p na (bonf False) | within-site-x-type null p -1.0000 | held (0.0025, 0.0235) | seq_all (0.0086, 0.0033) | train-only
  [391] train hit sameclose_diffmid {} x sides MI 0.0043 p 0.0020 n 19013 | fine p na (bonf False) | within-site-x-type null p -1.0000 | held (0.0011, 0.1818) | seq_all (0.0043, 0.0033) | train-only
  [394] train hit complementary {} x type MI 0.0016 p 0.0020 n 20000 | fine p na (bonf False) | within-site-x-type null p -1.0000 | held (0.0001, 0.8636) | seq_all (0.0015, 0.0033) | train-only
  [403] train hit samelen {} x h MI 0.0077 p 0.0020 n 12648 | fine p na (bonf False) | within-site-x-type null p -1.0000 | held (0.0003, 0.6364) | seq_all (0.0077, 0.0033) | train-only
  [405] train hit edit1 {} x complete MI 0.0008 p 0.0020 n 16528 | fine p na (bonf False) | within-site-x-type null p -1.0000 | held (0.0002, 0.1071) | seq_all (0.0008, 0.0066) | train-only
  [408] train hit first {} x complete MI 0.0007 p 0.0020 n 16528 | fine p 0.00020 (bonf False) | within-site-x-type null p 0.0010 | held (0.0011, 0.002) | seq_all (0.0004, 0.0066) | REPLICATED
  [416] train hit edit1 {} x time MI 0.0011 p 0.0020 n 7499 | fine p na (bonf False) | within-site-x-type null p -1.0000 | held (0.0001, 0.4545) | seq_all (0.0011, 0.01) | train-only
  [421] train hit xorsign {'s': 240} x typefull MI 0.0007 p 0.0020 n 20000 | fine p na (bonf False) | within-site-x-type null p -1.0000 | held (0.0012, 0.5455) | seq_all (0.0007, 0.0033) | train-only
  [425] train hit disjoint {} x type MI 0.0023 p 0.0020 n 20000 | fine p na (bonf False) | within-site-x-type null p -1.0000 | held (0.0011, 0.0218) | seq_all (0.0021, 0.0033) | train-only
  [433] train hit sharepair {} x typefull MI 0.0014 p 0.0020 n 20000 | fine p 0.00020 (bonf False) | within-site-x-type null p 0.0010 | held (0.0021, 0.002) | seq_all (0.0019, 0.0033) | REPLICATED
  [446] train hit samenum {} x period MI 0.0035 p 0.0020 n 3022 | fine p na (bonf False) | within-site-x-type null p -1.0000 | held (0.0003, 0.5455) | seq_all (0.0035, 0.0033) | train-only
  [448] train hit lensum {} x complete MI 0.0064 p 0.0020 n 16528 | fine p 0.00020 (bonf False) | within-site-x-type null p 0.0010 | held (0.0064, 0.002) | seq_all (0.0064, 0.0033) | REPLICATED
  [455] train hit jacc {} x period MI 0.0055 p 0.0020 n 3022 | fine p na (bonf False) | within-site-x-type null p -1.0000 | held (0.0011, 0.2727) | seq_all (0.0051, 0.0033) | train-only
  [457] train hit samemid_diffclose {} x v MI 0.0009 p 0.0020 n 12613 | fine p na (bonf False) | within-site-x-type null p -1.0000 | held (0.0004, 0.5909) | seq_all (0.0009, 0.0033) | train-only
  [461] train hit sharek {'k': 3} x sides MI 0.0010 p 0.0020 n 19013 | fine p na (bonf False) | within-site-x-type null p -1.0000 | held (0.0, 1.0) | seq_all (0.0012, 0.0066) | train-only
  [463] train hit ident {} x period MI 0.0034 p 0.0020 n 3022 | fine p na (bonf False) | within-site-x-type null p -1.0000 | held (0.0007, 0.0882) | seq_all (0.0034, 0.0033) | train-only
  [464] train hit edit1 {} x cond MI 0.0004 p 0.0020 n 18978 | fine p na (bonf False) | within-site-x-type null p -1.0000 | held (0.0006, 0.0226) | seq_all (0.0004, 0.0033) | train-only
  [469] train hit lendiff {} x h MI 0.0221 p 0.0020 n 12648 | fine p na (bonf False) | within-site-x-type null p -1.0000 | held (0.0055, 0.0789) | seq_all (0.0221, 0.0033) | train-only
  [471] train hit bothjar {} x v MI 0.0103 p 0.0020 n 12613 | fine p na (bonf False) | within-site-x-type null p -1.0000 | held (0.002, 0.5) | seq_all (0.0103, 0.0033) | train-only
  [481] train hit ident {} x complete MI 0.0023 p 0.0020 n 16528 | fine p 0.00020 (bonf False) | within-site-x-type null p 0.0010 | held (0.0028, 0.002) | seq_all (0.0023, 0.0033) | REPLICATED
  [494] train hit jacc {} x complete MI 0.0034 p 0.0020 n 16528 | fine p 0.00020 (bonf False) | within-site-x-type null p 0.0010 | held (0.0031, 0.002) | seq_all (0.0032, 0.0033) | REPLICATED
  [495] train hit bothopen {} x emblem MI 0.0078 p 0.0020 n 5602 | fine p na (bonf False) | within-site-x-type null p -1.0000 | held (0.0011, 0.4091) | seq_all (0.0078, 0.0033) | train-only
  [499] train hit samemid_diffclose {} x v MI 0.0009 p 0.0020 n 12613 | fine p na (bonf False) | within-site-x-type null p -1.0000 | held (0.0004, 0.4545) | seq_all (0.0009, 0.0033) | train-only
  [504] train hit jacc {} x v MI 0.0120 p 0.0020 n 12613 | fine p na (bonf False) | within-site-x-type null p -1.0000 | held (0.0024, 0.3182) | seq_all (0.011, 0.0033) | train-only
  [508] train hit sharepair {} x v MI 0.0011 p 0.0020 n 12613 | fine p na (bonf False) | within-site-x-type null p -1.0000 | held None | seq_all (0.0005, 0.0166) | train-only
  [520] train hit revmatch {} x type MI 0.0003 p 0.0020 n 20000 | fine p na (bonf False) | within-site-x-type null p -1.0000 | held (0.0, 0.5455) | seq_all (0.0003, 0.0033) | train-only
  [521] train hit lensum {} x cond MI 0.0010 p 0.0020 n 18978 | fine p 0.00120 (bonf False) | within-site-x-type null p 0.0010 | held (0.0098, 0.002) | seq_all (0.001, 0.0033) | REPLICATED
  [530] train hit lendiff {} x h MI 0.0221 p 0.0020 n 12648 | fine p na (bonf False) | within-site-x-type null p -1.0000 | held (0.0055, 0.055) | seq_all (0.0221, 0.0033) | train-only
  [549] train hit disjoint {} x typefull MI 0.0023 p 0.0020 n 20000 | fine p na (bonf False) | within-site-x-type null p -1.0000 | held (0.0012, 0.042) | seq_all (0.002, 0.0033) | train-only
  [550] train hit bothjar {} x v MI 0.0103 p 0.0020 n 12613 | fine p na (bonf False) | within-site-x-type null p -1.0000 | held (0.002, 0.6364) | seq_all (0.0103, 0.0033) | train-only
  [557] train hit lendiff {} x h MI 0.0221 p 0.0020 n 12648 | fine p na (bonf False) | within-site-x-type null p -1.0000 | held (0.0055, 0.0392) | seq_all (0.0221, 0.0033) | train-only
  [560] train hit last {} x type MI 0.0019 p 0.0020 n 20000 | fine p na (bonf False) | within-site-x-type null p -1.0000 | held (0.0007, 0.0287) | seq_all (0.0019, 0.0033) | train-only
  [562] train hit bothjar {} x v MI 0.0103 p 0.0020 n 12613 | fine p na (bonf False) | within-site-x-type null p -1.0000 | held (0.002, 0.6364) | seq_all (0.0103, 0.0033) | train-only
  [569] train hit edit1 {} x time MI 0.0011 p 0.0020 n 7499 | fine p na (bonf False) | within-site-x-type null p -1.0000 | held (0.0001, 0.6364) | seq_all (0.0011, 0.0066) | train-only
  [574] train hit samemid_diffclose {} x h MI 0.0011 p 0.0020 n 12648 | fine p na (bonf False) | within-site-x-type null p -1.0000 | held (0.0003, 0.6364) | seq_all (0.0011, 0.0033) | train-only
  [583] train hit bothopen {} x v MI 0.0115 p 0.0020 n 12613 | fine p na (bonf False) | within-site-x-type null p -1.0000 | held (0.0116, 0.0131) | seq_all (0.0115, 0.0033) | train-only
  [586] train hit samelen {} x v MI 0.0102 p 0.0020 n 12613 | fine p na (bonf False) | within-site-x-type null p -1.0000 | held (0.0007, 0.4091) | seq_all (0.0102, 0.0033) | train-only
  [591] train hit mirror {} x v MI 0.0014 p 0.0020 n 12613 | fine p na (bonf False) | within-site-x-type null p -1.0000 | held (0.0001, 0.9091) | seq_all (0.0013, 0.0033) | train-only
  [602] train hit lendiff {} x time MI 0.0028 p 0.0020 n 7499 | fine p na (bonf False) | within-site-x-type null p -1.0000 | held (0.0034, 0.055) | seq_all (0.0028, 0.0033) | train-only
  [606] train hit lensum {} x type MI 0.0021 p 0.0020 n 20000 | fine p 0.00020 (bonf False) | within-site-x-type null p 0.0010 | held (0.0121, 0.002) | seq_all (0.0021, 0.0033) | REPLICATED
  [607] train hit bothjar {} x period MI 0.0164 p 0.0020 n 3022 | fine p na (bonf False) | within-site-x-type null p -1.0000 | held (0.0013, 0.5) | seq_all (0.0164, 0.0033) | train-only
  [615] train hit nest {} x complete MI 0.0007 p 0.0020 n 16528 | fine p na (bonf False) | within-site-x-type null p -1.0000 | held (0.0, 0.5455) | seq_all (0.0008, 0.0033) | train-only
  [618] train hit edit1 {} x complete MI 0.0008 p 0.0020 n 16528 | fine p na (bonf False) | within-site-x-type null p -1.0000 | held (0.0002, 0.1017) | seq_all (0.0008, 0.0033) | train-only
  [620] train hit posk {'k': 1} x typefull MI 0.0018 p 0.0020 n 20000 | fine p na (bonf False) | within-site-x-type null p -1.0000 | held (0.0003, 0.1132) | seq_all (0.0019, 0.0033) | train-only
  [632] train hit sharepair {} x type MI 0.0027 p 0.0020 n 20000 | fine p 0.00020 (bonf False) | within-site-x-type null p 0.0010 | held (0.0019, 0.002) | seq_all (0.003, 0.0033) | REPLICATED
  [639] train hit sameclose_diffmid {} x typefull MI 0.0006 p 0.0020 n 20000 | fine p na (bonf False) | within-site-x-type null p -1.0000 | held (0.0002, 0.2727) | seq_all (0.0006, 0.0066) | train-only
  [650] train hit bothopen {} x period MI 0.0153 p 0.0020 n 3022 | fine p na (bonf False) | within-site-x-type null p -1.0000 | held (0.0001, 1.0) | seq_all (0.0153, 0.0033) | train-only
  [651] train hit lensum {} x v MI 0.0424 p 0.0020 n 12613 | fine p na (bonf False) | within-site-x-type null p -1.0000 | held (0.0068, 0.6818) | seq_all (0.0424, 0.0033) | train-only
  [661] train hit posk {'k': 1} x typefull MI 0.0018 p 0.0020 n 20000 | fine p na (bonf False) | within-site-x-type null p -1.0000 | held (0.0003, 0.24) | seq_all (0.0019, 0.0033) | train-only
  [683] train hit complementary {} x v MI 0.0072 p 0.0020 n 12613 | fine p na (bonf False) | within-site-x-type null p -1.0000 | held (0.0001, 0.9091) | seq_all (0.0067, 0.0033) | train-only
  [685] train hit sameclose_diffmid {} x v MI 0.0015 p 0.0020 n 12613 | fine p na (bonf False) | within-site-x-type null p -1.0000 | held (0.001, 0.3636) | seq_all (0.0014, 0.0033) | train-only
  [688] train hit sumw {} x h MI 0.0141 p 0.0020 n 12648 | fine p na (bonf False) | within-site-x-type null p -1.0000 | held (0.0031, 0.7273) | seq_all (0.0141, 0.0033) | train-only
  [691] train hit sameopen_diffmid {} x sides MI 0.0010 p 0.0020 n 19013 | fine p na (bonf False) | within-site-x-type null p -1.0000 | held (0.0, 0.5455) | seq_all (0.0016, 0.0033) | train-only
  [702] train hit sharek {'k': 2} x type MI 0.0021 p 0.0020 n 20000 | fine p na (bonf False) | within-site-x-type null p -1.0000 | held (0.0005, 0.0645) | seq_all (0.0023, 0.0033) | train-only
  [706] train hit ident {} x h MI 0.0023 p 0.0020 n 12648 | fine p na (bonf False) | within-site-x-type null p -1.0000 | held (0.0003, 0.6818) | seq_all (0.0023, 0.0033) | train-only
  [716] train hit sharek {'k': 2} x complete MI 0.0007 p 0.0020 n 16528 | fine p na (bonf False) | within-site-x-type null p -1.0000 | held (0.0, 0.8182) | seq_all (0.0008, 0.0033) | train-only
  [717] train hit sharek {'k': 2} x complete MI 0.0007 p 0.0020 n 16528 | fine p na (bonf False) | within-site-x-type null p -1.0000 | held (0.0, 0.6818) | seq_all (0.0008, 0.0033) | train-only
  [728] train hit bothopen {} x v MI 0.0115 p 0.0020 n 12613 | fine p 0.00020 (bonf False) | within-site-x-type null p 0.0010 | held (0.0116, 0.002) | seq_all (0.0115, 0.0033) | REPLICATED
  [730] train hit edit1 {} x period MI 0.0031 p 0.0020 n 3022 | fine p na (bonf False) | within-site-x-type null p -1.0000 | held (0.0001, 0.5) | seq_all (0.0031, 0.0033) | train-only
  [757] train hit posk {'k': 1} x material MI 0.0007 p 0.0020 n 14667 | fine p 0.00020 (bonf False) | within-site-x-type null p 0.0153 | held (0.0027, 0.002) | seq_all (0.0007, 0.0033) | REPLICATED
  [760] train hit lensum {} x type MI 0.0021 p 0.0020 n 20000 | fine p 0.00020 (bonf False) | within-site-x-type null p 0.0010 | held (0.0121, 0.002) | seq_all (0.0021, 0.0033) | REPLICATED
  [763] train hit prefix1 {} x v MI 0.0006 p 0.0020 n 12613 | fine p na (bonf False) | within-site-x-type null p -1.0000 | held (0.0003, 0.25) | seq_all (0.0006, 0.0033) | train-only
  [781] train hit sharepair {} x complete MI 0.0004 p 0.0020 n 16528 | fine p na (bonf False) | within-site-x-type null p -1.0000 | held None | seq_all (0.0003, 0.0133) | train-only
  [783] train hit bothopen {} x type MI 0.0024 p 0.0020 n 20000 | fine p na (bonf False) | within-site-x-type null p -1.0000 | held (0.0017, 0.1132) | seq_all (0.0024, 0.0033) | train-only
  [785] train hit sharepair {} x sides MI 0.0012 p 0.0020 n 19013 | fine p na (bonf False) | within-site-x-type null p -1.0000 | held (0.0001, 0.4091) | seq_all (0.0018, 0.0033) | train-only
  [786] train hit numdiff {} x v MI 0.0069 p 0.0020 n 12613 | fine p na (bonf False) | within-site-x-type null p -1.0000 | held (0.005, 0.5) | seq_all (0.0069, 0.0033) | train-only
  [793] train hit numdiff {} x period MI 0.0138 p 0.0020 n 3022 | fine p na (bonf False) | within-site-x-type null p -1.0000 | held (0.0016, 0.5455) | seq_all (0.0138, 0.0033) | train-only
  [795] train hit samemid_diffclose {} x v MI 0.0009 p 0.0020 n 12613 | fine p na (bonf False) | within-site-x-type null p -1.0000 | held (0.0004, 0.6364) | seq_all (0.0009, 0.0033) | train-only
  [797] train hit disjoint {} x type MI 0.0023 p 0.0020 n 20000 | fine p na (bonf False) | within-site-x-type null p -1.0000 | held (0.0011, 0.0124) | seq_all (0.0021, 0.0033) | train-only
  [798] train hit sameclose_diffmid {} x type MI 0.0012 p 0.0020 n 20000 | fine p na (bonf False) | within-site-x-type null p -1.0000 | held (0.0002, 0.3182) | seq_all (0.0012, 0.0033) | train-only
  [814] train hit sameclose_diffmid {} x period MI 0.0029 p 0.0020 n 3022 | fine p na (bonf False) | within-site-x-type null p -1.0000 | held (0.0003, 0.5909) | seq_all (0.0028, 0.0033) | train-only
  [822] train hit nest {} x depth MI 0.0009 p 0.0020 n 6754 | fine p na (bonf False) | within-site-x-type null p -1.0000 | held None | seq_all (0.0006, 0.069) | train-only
  [823] train hit lensum {} x cond MI 0.0010 p 0.0020 n 18978 | fine p 0.00140 (bonf False) | within-site-x-type null p 0.0020 | held (0.0098, 0.002) | seq_all (0.001, 0.0033) | REPLICATED
  [826] train hit numeq {} x complete MI 0.0043 p 0.0020 n 16528 | fine p na (bonf False) | within-site-x-type null p -1.0000 | held (0.0, 0.9545) | seq_all (0.0043, 0.0033) | train-only
  [834] train hit sumw {} x v MI 0.0117 p 0.0020 n 12613 | fine p na (bonf False) | within-site-x-type null p -1.0000 | held (0.0024, 0.8636) | seq_all (0.0118, 0.0033) | train-only
  [835] train hit nest {} x complete MI 0.0007 p 0.0020 n 16528 | fine p na (bonf False) | within-site-x-type null p -1.0000 | held (0.0, 0.6364) | seq_all (0.0008, 0.0033) | train-only
  [836] train hit nest {} x complete MI 0.0007 p 0.0020 n 16528 | fine p na (bonf False) | within-site-x-type null p -1.0000 | held (0.0, 0.5909) | seq_all (0.0008, 0.0033) | train-only
  [837] train hit sameclose_diffmid {} x sides MI 0.0043 p 0.0020 n 19013 | fine p na (bonf False) | within-site-x-type null p -1.0000 | held (0.0011, 0.1765) | seq_all (0.0043, 0.0033) | train-only
  [843] train hit sumw {} x cond MI 0.0008 p 0.0020 n 18978 | fine p na (bonf False) | within-site-x-type null p -1.0000 | held (0.0021, 0.0203) | seq_all (0.0008, 0.0033) | train-only
  [855] train hit bothjar {} x v MI 0.0103 p 0.0020 n 12613 | fine p na (bonf False) | within-site-x-type null p -1.0000 | held (0.002, 0.5455) | seq_all (0.0103, 0.0033) | train-only
  [861] train hit bothopen {} x typefull MI 0.0041 p 0.0020 n 20000 | fine p na (bonf False) | within-site-x-type null p -1.0000 | held (0.0022, 0.0504) | seq_all (0.0041, 0.0033) | train-only
  [868] train hit sharepair {} x type MI 0.0027 p 0.0020 n 20000 | fine p 0.00020 (bonf False) | within-site-x-type null p 0.0010 | held (0.0019, 0.002) | seq_all (0.003, 0.0033) | REPLICATED
  [873] train hit sumw {} x h MI 0.0141 p 0.0020 n 12648 | fine p na (bonf False) | within-site-x-type null p -1.0000 | held (0.0031, 0.4545) | seq_all (0.0141, 0.0033) | train-only
  [875] train hit posk {'k': 3} x complete MI 0.0006 p 0.0020 n 16528 | fine p 0.00040 (bonf False) | within-site-x-type null p 0.0050 | held (0.0012, 0.002) | seq_all (0.0005, 0.0033) | REPLICATED
  [881] train hit bothjar {} x period MI 0.0164 p 0.0020 n 3022 | fine p na (bonf False) | within-site-x-type null p -1.0000 | held (0.0013, 0.5) | seq_all (0.0164, 0.0033) | train-only
  [882] train hit numeq {} x v MI 0.0039 p 0.0020 n 12613 | fine p na (bonf False) | within-site-x-type null p -1.0000 | held (0.0018, 0.5) | seq_all (0.0039, 0.0033) | train-only
  [883] train hit disjoint {} x complete MI 0.0011 p 0.0020 n 16528 | fine p na (bonf False) | within-site-x-type null p -1.0000 | held (0.0002, 0.3182) | seq_all (0.0011, 0.0033) | train-only
  [891] train hit samelen {} x type MI 0.0008 p 0.0020 n 20000 | fine p na (bonf False) | within-site-x-type null p -1.0000 | held (0.0001, 0.8636) | seq_all (0.0008, 0.0033) | train-only
  [892] train hit ident {} x typefull MI 0.0006 p 0.0020 n 20000 | fine p 0.00020 (bonf False) | within-site-x-type null p 0.0010 | held (0.0012, 0.002) | seq_all (0.0006, 0.0033) | REPLICATED
  [894] train hit bothjar {} x period MI 0.0164 p 0.0020 n 3022 | fine p na (bonf False) | within-site-x-type null p -1.0000 | held (0.0013, 0.3636) | seq_all (0.0164, 0.0033) | train-only
  [895] train hit jacc {} x type MI 0.0058 p 0.0020 n 20000 | fine p 0.00020 (bonf False) | within-site-x-type null p 0.0010 | held (0.0025, 0.002) | seq_all (0.0059, 0.0033) | REPLICATED
  [900] train hit ident {} x period MI 0.0034 p 0.0020 n 3022 | fine p na (bonf False) | within-site-x-type null p -1.0000 | held (0.0007, 0.1875) | seq_all (0.0034, 0.0033) | train-only
  [903] train hit ident {} x type MI 0.0022 p 0.0020 n 20000 | fine p 0.00020 (bonf False) | within-site-x-type null p 0.0010 | held (0.0032, 0.002) | seq_all (0.0022, 0.0033) | REPLICATED
  [905] train hit samelen {} x h MI 0.0077 p 0.0020 n 12648 | fine p na (bonf False) | within-site-x-type null p -1.0000 | held (0.0003, 0.7727) | seq_all (0.0077, 0.0033) | train-only
  [910] train hit nest {} x type MI 0.0003 p 0.0020 n 20000 | fine p na (bonf False) | within-site-x-type null p -1.0000 | held (0.0, 0.4091) | seq_all (0.0005, 0.0033) | train-only
  [911] train hit jacc {} x time MI 0.0019 p 0.0020 n 7499 | fine p na (bonf False) | within-site-x-type null p -1.0000 | held (0.0033, 0.0287) | seq_all (0.0018, 0.0033) | train-only
  [915] train hit samenum {} x v MI 0.0013 p 0.0020 n 12613 | fine p na (bonf False) | within-site-x-type null p -1.0000 | held (0.0013, 0.6364) | seq_all (0.0013, 0.0033) | train-only
  [919] train hit sharek {'k': 2} x shape MI 0.0005 p 0.0020 n 16242 | fine p 0.00080 (bonf False) | within-site-x-type null p 0.1622 | held (0.0032, 0.004) | seq_all (0.0008, 0.0033) | REPLICATED
  [924] train hit sharek {'k': 3} x sides MI 0.0010 p 0.0020 n 19013 | fine p na (bonf False) | within-site-x-type null p -1.0000 | held (0.0, 0.9091) | seq_all (0.0012, 0.0033) | train-only
  [934] train hit sharepair {} x v MI 0.0011 p 0.0020 n 12613 | fine p na (bonf False) | within-site-x-type null p -1.0000 | held None | seq_all (0.0005, 0.0166) | train-only
  [936] train hit jacc {} x v MI 0.0120 p 0.0020 n 12613 | fine p na (bonf False) | within-site-x-type null p -1.0000 | held (0.0024, 0.4091) | seq_all (0.011, 0.0033) | train-only
  [942] train hit complementary {} x v MI 0.0072 p 0.0020 n 12613 | fine p na (bonf False) | within-site-x-type null p -1.0000 | held (0.0001, 0.9545) | seq_all (0.0067, 0.0033) | train-only
  [959] train hit posk {'k': 1} x type MI 0.0040 p 0.0020 n 20000 | fine p 0.00020 (bonf False) | within-site-x-type null p 0.0010 | held (0.001, 0.004) | seq_all (0.0041, 0.0033) | REPLICATED
  [960] train hit numdiff {} x h MI 0.0039 p 0.0020 n 12648 | fine p na (bonf False) | within-site-x-type null p -1.0000 | held (0.0063, 0.2069) | seq_all (0.0039, 0.0033) | train-only
  [963] train hit disjoint {} x period MI 0.0033 p 0.0020 n 3022 | fine p na (bonf False) | within-site-x-type null p -1.0000 | held (0.0005, 0.2727) | seq_all (0.0034, 0.0033) | train-only
  [969] train hit lendiff {} x time MI 0.0028 p 0.0020 n 7499 | fine p na (bonf False) | within-site-x-type null p -1.0000 | held (0.0034, 0.1091) | seq_all (0.0028, 0.0033) | train-only
  [971] train hit sharepair {} x sides MI 0.0012 p 0.0020 n 19013 | fine p na (bonf False) | within-site-x-type null p -1.0000 | held (0.0001, 0.2727) | seq_all (0.0018, 0.0033) | train-only
  [980] train hit first {} x complete MI 0.0007 p 0.0020 n 16528 | fine p 0.00020 (bonf False) | within-site-x-type null p 0.0010 | held (0.0011, 0.004) | seq_all (0.0004, 0.0033) | REPLICATED
  [981] train hit xorsign {'s': 400} x material MI 0.0027 p 0.0020 n 14667 | fine p na (bonf False) | within-site-x-type null p -1.0000 | held (0.0002, 0.6818) | seq_all (0.0027, 0.01) | train-only
  [982] train hit sameclose_diffmid {} x sides MI 0.0043 p 0.0020 n 19013 | fine p na (bonf False) | within-site-x-type null p -1.0000 | held (0.0011, 0.1364) | seq_all (0.0043, 0.0033) | train-only
  [985] train hit lensum {} x type MI 0.0021 p 0.0020 n 20000 | fine p 0.00020 (bonf False) | within-site-x-type null p 0.0010 | held (0.0121, 0.002) | seq_all (0.0021, 0.0033) | REPLICATED
  [994] train hit lensum {} x type MI 0.0021 p 0.0020 n 20000 | fine p 0.00020 (bonf False) | within-site-x-type null p 0.0010 | held (0.0121, 0.002) | seq_all (0.0021, 0.0033) | REPLICATED
  [996] train hit samenum {} x v MI 0.0013 p 0.0020 n 12613 | fine p na (bonf False) | within-site-x-type null p -1.0000 | held (0.0013, 0.5) | seq_all (0.0013, 0.0033) | train-only
  [998] train hit numdiff {} x v MI 0.0069 p 0.0020 n 12613 | fine p na (bonf False) | within-site-x-type null p -1.0000 | held (0.005, 0.5909) | seq_all (0.0069, 0.0033) | train-only
  [999] train hit sameclose_diffmid {} x h MI 0.0012 p 0.0020 n 12648 | fine p na (bonf False) | within-site-x-type null p -1.0000 | held (0.0001, 1.0) | seq_all (0.0011, 0.0033) | train-only
  [1003] train hit numdiff {} x h MI 0.0039 p 0.0020 n 12648 | fine p na (bonf False) | within-site-x-type null p -1.0000 | held (0.0063, 0.24) | seq_all (0.0039, 0.0033) | train-only
  [1005] train hit bothopen {} x period MI 0.0153 p 0.0020 n 3022 | fine p na (bonf False) | within-site-x-type null p -1.0000 | held (0.0001, 0.9545) | seq_all (0.0153, 0.0033) | train-only
  [1006] train hit complementary {} x v MI 0.0072 p 0.0020 n 12613 | fine p na (bonf False) | within-site-x-type null p -1.0000 | held (0.0001, 0.9545) | seq_all (0.0067, 0.0033) | train-only
  [1007] train hit numeq {} x complete MI 0.0043 p 0.0020 n 16528 | fine p na (bonf False) | within-site-x-type null p -1.0000 | held (0.0, 1.0) | seq_all (0.0043, 0.0033) | train-only
  [1009] train hit bothopen {} x period MI 0.0153 p 0.0020 n 3022 | fine p na (bonf False) | within-site-x-type null p -1.0000 | held (0.0001, 1.0) | seq_all (0.0153, 0.0033) | train-only
  [1011] train hit numeq {} x period MI 0.0106 p 0.0020 n 3022 | fine p na (bonf False) | within-site-x-type null p -1.0000 | held (0.0006, 0.4091) | seq_all (0.0106, 0.0033) | train-only
  [1015] train hit first {} x type MI 0.0008 p 0.0020 n 20000 | fine p na (bonf False) | within-site-x-type null p -1.0000 | held (0.0004, 0.0191) | seq_all (0.0008, 0.0033) | train-only
  [1024] train hit disjoint {} x type MI 0.0023 p 0.0020 n 20000 | fine p na (bonf False) | within-site-x-type null p -1.0000 | held (0.0011, 0.0165) | seq_all (0.0021, 0.0033) | train-only
  [1026] train hit lensum {} x h MI 0.0164 p 0.0020 n 12648 | fine p 0.00020 (bonf False) | within-site-x-type null p 0.0010 | held (0.0159, 0.008) | seq_all (0.0164, 0.0033) | REPLICATED
  [1028] train hit lensum {} x typefull MI 0.0039 p 0.0020 n 20000 | fine p 0.00080 (bonf False) | within-site-x-type null p 0.0010 | held (0.0096, 0.004) | seq_all (0.0039, 0.0033) | REPLICATED
  [1032] train hit sameclose_diffmid {} x typefull MI 0.0006 p 0.0020 n 20000 | fine p na (bonf False) | within-site-x-type null p -1.0000 | held (0.0002, 0.1622) | seq_all (0.0006, 0.0066) | train-only
  [1038] train hit last {} x type MI 0.0019 p 0.0020 n 20000 | fine p na (bonf False) | within-site-x-type null p -1.0000 | held (0.0007, 0.0166) | seq_all (0.0019, 0.0033) | train-only
  [1041] train hit samelen {} x h MI 0.0077 p 0.0020 n 12648 | fine p na (bonf False) | within-site-x-type null p -1.0000 | held (0.0003, 0.5909) | seq_all (0.0077, 0.0033) | train-only
  [1042] train hit lensum {} x material MI 0.0068 p 0.0020 n 14667 | fine p na (bonf False) | within-site-x-type null p -1.0000 | held (0.0101, 0.1277) | seq_all (0.0068, 0.0033) | train-only
  [1062] train hit first {} x type MI 0.0008 p 0.0020 n 20000 | fine p na (bonf False) | within-site-x-type null p -1.0000 | held (0.0004, 0.0273) | seq_all (0.0008, 0.0033) | train-only
  [1066] train hit sameopen_diffmid {} x typefull MI 0.0006 p 0.0020 n 20000 | fine p na (bonf False) | within-site-x-type null p -1.0000 | held (0.0002, 0.1579) | seq_all (0.0012, 0.0033) | train-only
  [1067] train hit lendiff {} x v MI 0.0235 p 0.0020 n 12613 | fine p na (bonf False) | within-site-x-type null p -1.0000 | held (0.0031, 0.4545) | seq_all (0.0235, 0.0033) | train-only
  [1068] train hit revmatch {} x type MI 0.0003 p 0.0020 n 20000 | fine p na (bonf False) | within-site-x-type null p -1.0000 | held (0.0, 0.5455) | seq_all (0.0003, 0.0033) | train-only
  [1070] train hit lendiff {} x h MI 0.0221 p 0.0020 n 12648 | fine p na (bonf False) | within-site-x-type null p -1.0000 | held (0.0055, 0.0375) | seq_all (0.0221, 0.0033) | train-only
  [1071] train hit complementary {} x type MI 0.0016 p 0.0020 n 20000 | fine p na (bonf False) | within-site-x-type null p -1.0000 | held (0.0001, 0.7727) | seq_all (0.0015, 0.0033) | train-only
  [1073] train hit sumw {} x type MI 0.0022 p 0.0020 n 20000 | fine p na (bonf False) | within-site-x-type null p -1.0000 | held (0.0004, 0.5909) | seq_all (0.0022, 0.0033) | train-only
  [1074] train hit jacc {} x period MI 0.0055 p 0.0020 n 3022 | fine p na (bonf False) | within-site-x-type null p -1.0000 | held (0.0011, 0.3182) | seq_all (0.0051, 0.0033) | train-only
  [1084] train hit samenum {} x period MI 0.0035 p 0.0020 n 3022 | fine p na (bonf False) | within-site-x-type null p -1.0000 | held (0.0003, 0.2609) | seq_all (0.0035, 0.0033) | train-only
  [1086] train hit disjoint {} x period MI 0.0033 p 0.0020 n 3022 | fine p na (bonf False) | within-site-x-type null p -1.0000 | held (0.0005, 0.3182) | seq_all (0.0034, 0.0033) | train-only
  [1096] train hit disjoint {} x period MI 0.0033 p 0.0020 n 3022 | fine p na (bonf False) | within-site-x-type null p -1.0000 | held (0.0005, 0.1667) | seq_all (0.0034, 0.0033) | train-only
  [1102] train hit samemid_diffclose {} x h MI 0.0011 p 0.0020 n 12648 | fine p na (bonf False) | within-site-x-type null p -1.0000 | held (0.0003, 0.5) | seq_all (0.0011, 0.0033) | train-only
  [1106] train hit edit1 {} x h MI 0.0035 p 0.0020 n 12648 | fine p na (bonf False) | within-site-x-type null p -1.0000 | held (0.0008, 0.15) | seq_all (0.0036, 0.0033) | train-only
  [1110] train hit sameopen_diffmid {} x type MI 0.0004 p 0.0020 n 20000 | fine p na (bonf False) | within-site-x-type null p -1.0000 | held (0.0, 0.5455) | seq_all (0.0007, 0.0033) | train-only
  [1112] train hit first {} x sides MI 0.0006 p 0.0020 n 19013 | fine p na (bonf False) | within-site-x-type null p -1.0000 | held (0.0002, 0.4091) | seq_all (0.0011, 0.0033) | train-only
  [1118] train hit sameopen_diffmid {} x emblem MI 0.0010 p 0.0020 n 5602 | fine p na (bonf False) | within-site-x-type null p -1.0000 | held (0.0, 0.8636) | seq_all (0.0013, 0.01) | train-only
  [1122] train hit bothopen {} x typefull MI 0.0041 p 0.0020 n 20000 | fine p na (bonf False) | within-site-x-type null p -1.0000 | held (0.0022, 0.0682) | seq_all (0.0041, 0.0033) | train-only
  [1128] train hit complementary {} x h MI 0.0058 p 0.0020 n 12648 | fine p na (bonf False) | within-site-x-type null p -1.0000 | held (0.0013, 0.2308) | seq_all (0.0055, 0.0033) | train-only
  [1129] train hit sharepair {} x type MI 0.0027 p 0.0020 n 20000 | fine p 0.00020 (bonf False) | within-site-x-type null p 0.0010 | held (0.0019, 0.002) | seq_all (0.003, 0.0033) | REPLICATED
  [1135] train hit revmatch {} x type MI 0.0003 p 0.0020 n 20000 | fine p na (bonf False) | within-site-x-type null p -1.0000 | held (0.0, 0.7727) | seq_all (0.0003, 0.0033) | train-only
  [1148] train hit bothjar {} x period MI 0.0164 p 0.0020 n 3022 | fine p na (bonf False) | within-site-x-type null p -1.0000 | held (0.0013, 0.5) | seq_all (0.0164, 0.0033) | train-only
  [1152] train hit first {} x h MI 0.0018 p 0.0020 n 12648 | fine p na (bonf False) | within-site-x-type null p -1.0000 | held (0.0004, 0.5909) | seq_all (0.0014, 0.0033) | train-only
  [1153] train hit suffix1 {} x shape MI 0.0001 p 0.0020 n 16242 | fine p na (bonf False) | within-site-x-type null p -1.0000 | held None | seq_all (0.0, 0.5909) | train-only
  [1157] train hit bothopen {} x typefull MI 0.0041 p 0.0020 n 20000 | fine p na (bonf False) | within-site-x-type null p -1.0000 | held (0.0022, 0.2727) | seq_all (0.0041, 0.0033) | train-only
  [1162] train hit sumw {} x h MI 0.0141 p 0.0020 n 12648 | fine p na (bonf False) | within-site-x-type null p -1.0000 | held (0.0031, 0.5455) | seq_all (0.0141, 0.0033) | train-only
  [1165] train hit samenum {} x period MI 0.0035 p 0.0020 n 3022 | fine p na (bonf False) | within-site-x-type null p -1.0000 | held (0.0003, 0.3182) | seq_all (0.0035, 0.0033) | train-only
  [1166] train hit posk {'k': 1} x time MI 0.0007 p 0.0020 n 7499 | fine p na (bonf False) | within-site-x-type null p -1.0000 | held (0.0007, 0.2609) | seq_all (0.0007, 0.0066) | train-only
  [1167] train hit samenum {} x shape MI 0.0005 p 0.0020 n 16242 | fine p na (bonf False) | within-site-x-type null p -1.0000 | held (0.0003, 0.7727) | seq_all (0.0005, 0.01) | train-only
  [1175] train hit first {} x complete MI 0.0007 p 0.0020 n 16528 | fine p 0.00020 (bonf False) | within-site-x-type null p 0.0010 | held (0.0011, 0.002) | seq_all (0.0004, 0.0033) | REPLICATED
  [1177] train hit sameopen_diffmid {} x emblem MI 0.0010 p 0.0020 n 5602 | fine p na (bonf False) | within-site-x-type null p -1.0000 | held (0.0, 1.0) | seq_all (0.0013, 0.0066) | train-only
  [1184] train hit disjoint {} x complete MI 0.0011 p 0.0020 n 16528 | fine p na (bonf False) | within-site-x-type null p -1.0000 | held (0.0002, 0.2308) | seq_all (0.0011, 0.0033) | train-only
  [1186] train hit ident {} x h MI 0.0023 p 0.0020 n 12648 | fine p na (bonf False) | within-site-x-type null p -1.0000 | held (0.0003, 0.6818) | seq_all (0.0023, 0.0033) | train-only
  [1196] train hit lensum {} x type MI 0.0021 p 0.0020 n 20000 | fine p 0.00020 (bonf False) | within-site-x-type null p 0.0010 | held (0.0121, 0.002) | seq_all (0.0021, 0.0033) | REPLICATED
  [1198] train hit jacc {} x time MI 0.0019 p 0.0020 n 7499 | fine p na (bonf False) | within-site-x-type null p -1.0000 | held (0.0033, 0.1429) | seq_all (0.0018, 0.0033) | train-only
  [1204] train hit sumw {} x v MI 0.0117 p 0.0020 n 12613 | fine p na (bonf False) | within-site-x-type null p -1.0000 | held (0.0024, 0.7273) | seq_all (0.0118, 0.0033) | train-only
  [1210] train hit disjoint {} x type MI 0.0023 p 0.0020 n 20000 | fine p na (bonf False) | within-site-x-type null p -1.0000 | held (0.0011, 0.0169) | seq_all (0.0021, 0.0033) | train-only
  [1214] train hit bothjar {} x period MI 0.0164 p 0.0020 n 3022 | fine p na (bonf False) | within-site-x-type null p -1.0000 | held (0.0013, 0.5455) | seq_all (0.0164, 0.0033) | train-only
  [1220] train hit sumw {} x period MI 0.0066 p 0.0020 n 3022 | fine p na (bonf False) | within-site-x-type null p -1.0000 | held (0.0011, 0.5) | seq_all (0.0066, 0.0033) | train-only
  [1222] train hit revmatch {} x complete MI 0.0009 p 0.0020 n 16528 | fine p na (bonf False) | within-site-x-type null p -1.0000 | held (0.0, 0.9091) | seq_all (0.0009, 0.0033) | train-only
  [1226] train hit last {} x typefull MI 0.0009 p 0.0020 n 20000 | fine p na (bonf False) | within-site-x-type null p -1.0000 | held (0.0005, 0.075) | seq_all (0.0009, 0.0033) | train-only
  [1228] train hit numdiff {} x v MI 0.0069 p 0.0020 n 12613 | fine p na (bonf False) | within-site-x-type null p -1.0000 | held (0.005, 0.5455) | seq_all (0.0069, 0.0033) | train-only
  [1230] train hit jacc {} x complete MI 0.0034 p 0.0020 n 16528 | fine p 0.00020 (bonf False) | within-site-x-type null p 0.0010 | held (0.0031, 0.002) | seq_all (0.0032, 0.0033) | REPLICATED
  [1233] train hit ident {} x complete MI 0.0023 p 0.0020 n 16528 | fine p 0.00020 (bonf False) | within-site-x-type null p 0.0010 | held (0.0028, 0.002) | seq_all (0.0023, 0.0033) | REPLICATED
  [1234] train hit nest {} x complete MI 0.0007 p 0.0020 n 16528 | fine p na (bonf False) | within-site-x-type null p -1.0000 | held (0.0, 0.6364) | seq_all (0.0008, 0.0033) | train-only
  [1235] train hit sharepair {} x complete MI 0.0004 p 0.0020 n 16528 | fine p na (bonf False) | within-site-x-type null p -1.0000 | held None | seq_all (0.0003, 0.0451) | train-only
  [1236] train hit lendiff {} x period MI 0.0143 p 0.0020 n 3022 | fine p na (bonf False) | within-site-x-type null p -1.0000 | held (0.0022, 0.2) | seq_all (0.0143, 0.0033) | train-only
  [1237] train hit complementary {} x type MI 0.0016 p 0.0020 n 20000 | fine p na (bonf False) | within-site-x-type null p -1.0000 | held (0.0001, 0.8182) | seq_all (0.0015, 0.0033) | train-only
  [1239] train hit bothopen {} x v MI 0.0115 p 0.0020 n 12613 | fine p 0.00020 (bonf False) | within-site-x-type null p 0.0010 | held (0.0116, 0.004) | seq_all (0.0115, 0.0033) | REPLICATED
  [1243] train hit sameclose_diffmid {} x complete MI 0.0006 p 0.0020 n 16528 | fine p na (bonf False) | within-site-x-type null p -1.0000 | held (0.0001, 0.5) | seq_all (0.0007, 0.0033) | train-only
  [1245] train hit sameopen_diffmid {} x sides MI 0.0010 p 0.0020 n 19013 | fine p na (bonf False) | within-site-x-type null p -1.0000 | held (0.0, 0.7727) | seq_all (0.0016, 0.0033) | train-only
  [1253] train hit lensum {} x h MI 0.0164 p 0.0020 n 12648 | fine p na (bonf False) | within-site-x-type null p -1.0000 | held (0.0159, 0.0156) | seq_all (0.0164, 0.0033) | train-only
  [1256] train hit lensum {} x typefull MI 0.0039 p 0.0020 n 20000 | fine p 0.00040 (bonf False) | within-site-x-type null p 0.0020 | held (0.0096, 0.002) | seq_all (0.0039, 0.0033) | REPLICATED
  [1257] train hit disjoint {} x complete MI 0.0011 p 0.0020 n 16528 | fine p na (bonf False) | within-site-x-type null p -1.0000 | held (0.0002, 0.3182) | seq_all (0.0011, 0.0033) | train-only
  [1262] train hit complementary {} x type MI 0.0016 p 0.0020 n 20000 | fine p na (bonf False) | within-site-x-type null p -1.0000 | held (0.0001, 0.7727) | seq_all (0.0015, 0.0033) | train-only
  [1274] train hit edit1 {} x complete MI 0.0008 p 0.0020 n 16528 | fine p na (bonf False) | within-site-x-type null p -1.0000 | held (0.0002, 0.1667) | seq_all (0.0008, 0.0033) | train-only
  [1276] train hit numeq {} x v MI 0.0039 p 0.0020 n 12613 | fine p na (bonf False) | within-site-x-type null p -1.0000 | held (0.0018, 0.6364) | seq_all (0.0039, 0.0033) | train-only
  [1281] train hit sameopen_diffmid {} x type MI 0.0004 p 0.0020 n 20000 | fine p na (bonf False) | within-site-x-type null p -1.0000 | held (0.0, 0.7273) | seq_all (0.0007, 0.0033) | train-only
  [1289] train hit edit1 {} x h MI 0.0035 p 0.0020 n 12648 | fine p na (bonf False) | within-site-x-type null p -1.0000 | held (0.0008, 0.25) | seq_all (0.0036, 0.0033) | train-only
  [1305] train hit samenum {} x v MI 0.0013 p 0.0020 n 12613 | fine p na (bonf False) | within-site-x-type null p -1.0000 | held (0.0013, 0.7273) | seq_all (0.0013, 0.0033) | train-only
  [1314] train hit sumw {} x v MI 0.0117 p 0.0020 n 12613 | fine p na (bonf False) | within-site-x-type null p -1.0000 | held (0.0024, 0.7273) | seq_all (0.0118, 0.0033) | train-only
  [1320] train hit sumw {} x v MI 0.0117 p 0.0020 n 12613 | fine p na (bonf False) | within-site-x-type null p -1.0000 | held (0.0024, 0.8182) | seq_all (0.0118, 0.0033) | train-only
  [1326] train hit bothopen {} x typefull MI 0.0041 p 0.0020 n 20000 | fine p na (bonf False) | within-site-x-type null p -1.0000 | held (0.0022, 0.0632) | seq_all (0.0041, 0.0033) | train-only
  [1333] train hit sumw {} x time MI 0.0038 p 0.0020 n 7499 | fine p na (bonf False) | within-site-x-type null p -1.0000 | held (0.003, 0.1667) | seq_all (0.0037, 0.0033) | train-only
  [1338] train hit bothopen {} x color MI 0.0093 p 0.0020 n 2871 | fine p na (bonf False) | within-site-x-type null p -1.0000 | held (0.003, 0.7273) | seq_all (0.0093, 0.0033) | train-only
  [1339] train hit lendiff {} x v MI 0.0235 p 0.0020 n 12613 | fine p na (bonf False) | within-site-x-type null p -1.0000 | held (0.0031, 0.4091) | seq_all (0.0235, 0.0033) | train-only
  [1347] train hit numdiff {} x complete MI 0.0048 p 0.0020 n 16528 | fine p na (bonf False) | within-site-x-type null p -1.0000 | held (0.0001, 1.0) | seq_all (0.0048, 0.0033) | train-only
  [1351] train hit sumw {} x time MI 0.0038 p 0.0020 n 7499 | fine p na (bonf False) | within-site-x-type null p -1.0000 | held (0.003, 0.1622) | seq_all (0.0037, 0.0033) | train-only
  [1357] train hit disjoint {} x type MI 0.0023 p 0.0020 n 20000 | fine p na (bonf False) | within-site-x-type null p -1.0000 | held (0.0011, 0.0321) | seq_all (0.0021, 0.0033) | train-only
  [1358] train hit bothopen {} x sides MI 0.0102 p 0.0020 n 19013 | fine p na (bonf False) | within-site-x-type null p -1.0000 | held (0.001, 0.5909) | seq_all (0.0102, 0.0033) | train-only
  [1360] train hit mirror {} x type MI 0.0003 p 0.0020 n 20000 | fine p na (bonf False) | within-site-x-type null p -1.0000 | held None | seq_all (0.0002, 0.0133) | train-only
  [1377] train hit sharek {'k': 2} x shape MI 0.0005 p 0.0020 n 16242 | fine p 0.00060 (bonf False) | within-site-x-type null p 0.0779 | held (0.0032, 0.002) | seq_all (0.0008, 0.0033) | REPLICATED
  [1378] train hit sameclose_diffmid {} x period MI 0.0029 p 0.0020 n 3022 | fine p na (bonf False) | within-site-x-type null p -1.0000 | held (0.0003, 0.6364) | seq_all (0.0028, 0.0033) | train-only
  [1379] train hit ident {} x cult MI 0.0014 p 0.0020 n 2465 | fine p na (bonf False) | within-site-x-type null p -1.0000 | held None | seq_all (0.0014, 0.0033) | train-only
  [1392] train hit lendiff {} x h MI 0.0221 p 0.0020 n 12648 | fine p na (bonf False) | within-site-x-type null p -1.0000 | held (0.0055, 0.0588) | seq_all (0.0221, 0.0033) | train-only
  [1393] train hit complementary {} x h MI 0.0058 p 0.0020 n 12648 | fine p na (bonf False) | within-site-x-type null p -1.0000 | held (0.0013, 0.25) | seq_all (0.0055, 0.0033) | train-only
  [1394] train hit complementary {} x v MI 0.0072 p 0.0020 n 12613 | fine p na (bonf False) | within-site-x-type null p -1.0000 | held (0.0001, 1.0) | seq_all (0.0067, 0.0033) | train-only
  [1405] train hit sharepair {} x typefull MI 0.0014 p 0.0020 n 20000 | fine p 0.00020 (bonf False) | within-site-x-type null p 0.0010 | held (0.0021, 0.002) | seq_all (0.0019, 0.0033) | REPLICATED
  [1419] train hit sharek {'k': 2} x complete MI 0.0007 p 0.0020 n 16528 | fine p na (bonf False) | within-site-x-type null p -1.0000 | held (0.0, 0.6818) | seq_all (0.0008, 0.0033) | train-only
  [1420] train hit jacc {} x complete MI 0.0034 p 0.0020 n 16528 | fine p 0.00020 (bonf False) | within-site-x-type null p 0.0010 | held (0.0031, 0.002) | seq_all (0.0032, 0.0033) | REPLICATED
  [1421] train hit lensum {} x v MI 0.0424 p 0.0020 n 12613 | fine p na (bonf False) | within-site-x-type null p -1.0000 | held (0.0068, 0.6364) | seq_all (0.0424, 0.0033) | train-only
  [1427] train hit samenum {} x v MI 0.0013 p 0.0020 n 12613 | fine p na (bonf False) | within-site-x-type null p -1.0000 | held (0.0013, 0.5455) | seq_all (0.0013, 0.0033) | train-only
  [1433] train hit bothopen {} x emblem MI 0.0078 p 0.0020 n 5602 | fine p na (bonf False) | within-site-x-type null p -1.0000 | held (0.0011, 0.4091) | seq_all (0.0078, 0.0033) | train-only
  [1434] train hit first {} x type MI 0.0008 p 0.0020 n 20000 | fine p na (bonf False) | within-site-x-type null p -1.0000 | held (0.0004, 0.0337) | seq_all (0.0008, 0.0033) | train-only
  [1442] train hit first {} x complete MI 0.0007 p 0.0020 n 16528 | fine p 0.00020 (bonf False) | within-site-x-type null p 0.0010 | held (0.0011, 0.004) | seq_all (0.0004, 0.0033) | REPLICATED
  [1444] train hit sharepair {} x v MI 0.0011 p 0.0020 n 12613 | fine p na (bonf False) | within-site-x-type null p -1.0000 | held (0.002, 0.0619) | seq_all (0.0005, 0.01) | train-only
  [1447] train hit lendiff {} x period MI 0.0143 p 0.0020 n 3022 | fine p na (bonf False) | within-site-x-type null p -1.0000 | held (0.0022, 0.1935) | seq_all (0.0143, 0.0033) | train-only
  [1449] train hit first {} x time MI 0.0009 p 0.0020 n 7499 | fine p na (bonf False) | within-site-x-type null p -1.0000 | held (0.0009, 0.087) | seq_all (0.0007, 0.0033) | train-only
  [1469] train hit nest {} x complete MI 0.0007 p 0.0020 n 16528 | fine p na (bonf False) | within-site-x-type null p -1.0000 | held (0.0, 0.7727) | seq_all (0.0008, 0.0033) | train-only
  [1474] train hit bothjar {} x v MI 0.0103 p 0.0020 n 12613 | fine p na (bonf False) | within-site-x-type null p -1.0000 | held (0.002, 0.6364) | seq_all (0.0103, 0.0033) | train-only
  [1475] train hit disjoint {} x complete MI 0.0011 p 0.0020 n 16528 | fine p na (bonf False) | within-site-x-type null p -1.0000 | held (0.0002, 0.3636) | seq_all (0.0011, 0.0033) | train-only
  [1476] train hit first {} x type MI 0.0008 p 0.0020 n 20000 | fine p na (bonf False) | within-site-x-type null p -1.0000 | held (0.0004, 0.0169) | seq_all (0.0008, 0.0033) | train-only
  [1478] train hit sumw {} x h MI 0.0141 p 0.0020 n 12648 | fine p na (bonf False) | within-site-x-type null p -1.0000 | held (0.0031, 0.7273) | seq_all (0.0141, 0.0033) | train-only
  [1481] train hit ident {} x complete MI 0.0023 p 0.0020 n 16528 | fine p 0.00020 (bonf False) | within-site-x-type null p 0.0010 | held (0.0028, 0.002) | seq_all (0.0023, 0.0033) | REPLICATED
  [1483] train hit nest {} x complete MI 0.0007 p 0.0020 n 16528 | fine p na (bonf False) | within-site-x-type null p -1.0000 | held (0.0, 0.7727) | seq_all (0.0008, 0.0033) | train-only
  [1491] train hit lensum {} x type MI 0.0021 p 0.0020 n 20000 | fine p 0.00020 (bonf False) | within-site-x-type null p 0.0010 | held (0.0121, 0.002) | seq_all (0.0021, 0.0033) | REPLICATED
  [1492] train hit ident {} x type MI 0.0022 p 0.0020 n 20000 | fine p 0.00020 (bonf False) | within-site-x-type null p 0.0010 | held (0.0032, 0.002) | seq_all (0.0022, 0.0033) | REPLICATED
  [1493] train hit jacc {} x time MI 0.0019 p 0.0020 n 7499 | fine p na (bonf False) | within-site-x-type null p -1.0000 | held (0.0033, 0.0408) | seq_all (0.0018, 0.0033) | train-only
PAIR: fired 1500, testable 1472, train p<0.002: 300, replicated(held-out & seq_all): 44, Bonferroni-at-1500: 0, survive within-site-x-type null: 40, all four: 0  [1079s]
  expected train hits under null ~ 2.9 (0.002 x testable)
  hit families: {('nest', 'complete'): 8, ('samenum', 'v'): 6, ('disjoint', 'type'): 6, ('first', 'type'): 6, ('complementary', 'v'): 6, ('bothjar', 'period'): 6, ('lensum', 'type'): 6, ('sumw', 'v'): 5, ('disjoint', 'complete'): 5, ('sumw', 'h'): 5, ('lendiff', 'h'): 5, ('bothjar', 'v'): 5}
SET: MD groups 80 | H groups 89 | outside groups 2 (any filter)
