LOOP15 cycle2 classify seqkey=seq_raw gaps=34 nperm=200

kind counts (all home gaps): {'REPEAT': 6, 'ORDER': 3, 'TRIPLE': 10, 'PARADIGM': 8, 'REDUCIBLE': 5, 'OTHER': 2}
kind counts, robust under stratified permutation null (E_perm >= 5): {'REPEAT': 4, 'ORDER': 2, 'PARADIGM': 3}
kind counts, persistent on held-out (E_held >= 2, O_held = 0): {'ORDER': 1, 'REPEAT': 1}

kind      pattern                      classes                  E_model  E_perm  E_held  O_held  reverse/adj (home)
ORDER     ('ord', 2, 741)              marker/marked-jar           9.7    10.9     4.3      0   rev ord=6 rev adj=2 adj=0
ORDER     ('ord', 240, 2)              fish/marker                 6.9    15.2     1.4      0   rev ord=30 rev adj=77 adj=0
ORDER     ('ord', 240, 900)            fish/-                      6.6     2.2     0.0      0   rev ord=3 rev adj=0 adj=0
OTHER     ('ord', 705, 700)            -/closer                    7.4     3.0     0.0      0   rev ord=1 rev adj=1 adj=0
OTHER     ('skip', 705, 700)           -/closer                    6.2     1.6     0.0      0   rev ord=1 rev adj=1 adj=0
PARADIGM  ('co', 501, 740)             -/closer                    8.9     7.8     0.0      0   
PARADIGM  ('ord', 501, 740)            -/closer                    8.9     2.1     0.0      0   rev ord=0 rev adj=0 adj=0
PARADIGM  ('co', 240, 850)             fish/-                      6.2     3.1     0.3      0   
PARADIGM  ('co', 235, 700)             fish/closer                 5.4    11.8     0.0      0   
PARADIGM  ('ord', 240, 850)            fish/-                      5.2     1.1     0.0      0   rev ord=0 rev adj=0 adj=0
PARADIGM  ('co', 405, 482)             tree/-                      5.1     1.1     0.0      0   
PARADIGM  ('co', 60, 861)              marker/opener               5.0    10.6     1.9      1   
PARADIGM  ('ord', 405, 482)            tree/-                      5.0     0.4     0.0      0   rev ord=0 rev adj=0 adj=0
REDUCIBLE ('tri', 501, 405, 740)       -/tree/closer               8.9     0.0     0.0      0   pairs co=29,37,0
REDUCIBLE ('tri', 501, 2, 740)         -/marker/closer             8.7     0.0     0.0      0   pairs co=29,287,0
REDUCIBLE ('tri', 501, 240, 740)       -/fish/closer               8.3     0.0     0.0      0   pairs co=29,183,0
REDUCIBLE ('tri', 705, 33, 700)        -/numeral/closer            6.9     0.0     0.0      0   pairs co=96,183,2
REDUCIBLE ('tri', 920, 60, 400)        opener/marker/suffix        5.0     0.0     0.4      0   pairs co=55,2,9
REPEAT    ('ord', 2, 2)                marker/marker              21.5    40.4    10.1      1   rev ord=0 rev adj=2 adj=2
REPEAT    ('tri', 2, 2, 740)           marker/marker/closer        9.0     0.0     3.0      1   pairs co=2,287,287
REPEAT    ('tri', 861, 2, 2)           opener/marker/marker        6.0     0.0     2.9      0   pairs co=138,2,138
REPEAT    ('skip', 2, 2)               marker/marker               5.5    18.1     3.5      1   rev ord=0 rev adj=2 adj=2
REPEAT    ('co', 240, 240)             fish/fish                   5.4    11.9     0.4      0   
REPEAT    ('ord', 240, 240)            fish/fish                   5.2     7.3     0.4      0   rev ord=0 rev adj=0 adj=0
TRIPLE    ('tri', 741, 740, 400)       marked-jar/closer/suffix    9.5     0.0     0.6      0   pairs co=82,259,4
TRIPLE    ('tri', 220, 176, 400)       fish/person/suffix          6.4     0.0     0.0      0   pairs co=20,52,28
TRIPLE    ('tri', 231, 17, 740)        fish/numeral/closer         5.9     0.0     0.0      0   pairs co=8,47,38
TRIPLE    ('tri', 2, 240, 400)         marker/fish/suffix          5.9     0.0     0.0      0   pairs co=107,27,6
TRIPLE    ('tri', 240, 900, 740)       fish/-/closer               5.7     0.0     0.0      0   pairs co=3,58,183
TRIPLE    ('tri', 240, 407, 740)       fish/tree/closer            5.7     0.0     0.0      0   pairs co=9,45,183
TRIPLE    ('tri', 741, 176, 400)       marked-jar/person/suffix    5.6     0.0     0.0      0   pairs co=16,52,4
TRIPLE    ('tri', 231, 585, 740)       fish/-/closer               5.5     0.0     0.5      1   pairs co=8,30,38
TRIPLE    ('tri', 32, 220, 400)        numeral/fish/suffix         5.3     0.0     0.0      0   pairs co=70,28,32
TRIPLE    ('tri', 240, 61, 740)        fish/pre-jar/closer         5.2     0.0     0.0      0   pairs co=6,62,183
