# loop 59 cycle 2, level seq_strong: residual map from cycle 1 records (held-out sites + IM77-only pooled, and separately)

## pooled: 3634 tokens
(a) contexts (zone, previous sign) where Markov-2 beats the structural model, n >= 12; fit-set continuations of the previous sign:
| zone | prev | n | KN2 bits | structural - KN2 | unigram bits | fit-set top continuations P(next|prev) |
|---|---|---|---|---|---|---|
| MID | 350 | 14 | 5.81 | 1.63 | 8.99 | 400:0.13, 460:0.13, 504:0.10, 297:0.10 |
| MID | 140 | 24 | 6.73 | 1.47 | 7.48 | 920:0.13, 100:0.08, 705:0.08, 136:0.05 |
| MID | 255 | 17 | 4.34 | 1.21 | 8.38 | 435:0.51, 740:0.18, 70:0.08, 436:0.05 |
| MID | 900 | 17 | 6.55 | 1.10 | 7.68 | 740:0.40, 165:0.11, 32:0.07, 2:0.07 |
| MID | 32 | 78 | 5.62 | 0.92 | 7.04 | 220:0.20, 740:0.15, E:0.09, 226:0.05 |
| MID | 220 | 78 | 6.28 | 0.81 | 7.08 | 520:0.17, 740:0.12, E:0.07, 240:0.06 |
| MID | 125 | 13 | 6.47 | 0.75 | 8.01 | 390:0.25, E:0.06, 861:0.06, 610:0.06 |
| MID | 705 | 35 | 5.18 | 0.71 | 6.98 | 33:0.58, 255:0.05, E:0.04, 760:0.03 |
| MID | 368 | 23 | 5.61 | 0.64 | 5.82 | E:0.32, 1:0.12, 2:0.11, 690:0.05 |
| MID | 550 | 20 | 3.80 | 0.57 | 7.11 | 60:0.32, 527:0.27, 617:0.09, 525:0.08 |
| MID | 820 | 19 | 4.51 | 0.53 | 4.91 | 2:0.45, 60:0.14, E:0.11, 1:0.10 |
| MID | 590 | 32 | 3.50 | 0.53 | 5.64 | 390:0.57, 892:0.08, 407:0.05, E:0.04 |
| MID | 390 | 110 | 2.72 | 0.53 | 4.04 | E:0.50, 740:0.20, 2:0.07, 741:0.05 |
| MID | 760 | 25 | 0.41 | 0.48 | 3.72 | 740:0.93, 151:0.01, 382:0.01, 400:0.01 |
| MID | 840 | 20 | 4.02 | 0.39 | 5.83 | 32:0.34, E:0.14, 740:0.14, 760:0.08 |
| MID | 142 | 22 | 2.36 | 0.33 | 6.38 | 617:0.40, 740:0.18, 400:0.16, 156:0.04 |
| MID | 235 | 33 | 5.88 | 0.32 | 7.14 | 240:0.21, 233:0.11, 705:0.08, 590:0.07 |
| MID | 595 | 16 | 4.27 | 0.30 | 5.82 | E:0.27, 1:0.17, 850:0.17, 2:0.13 |
tokens where KN2 is better by > 0.5 bit: 1187 (0.327); structural better by > 0.5 bit: 1080 (0.297)
slot x previous-class contexts (n >= 20), structural - KN2 bits (positive = chain knows more):
  SUFFIX<-C740 n=30 +1.62; NAME<-FISH n=42 +1.58; TITLE<-OTHER n=50 +1.53; CLOSER<-NUMt n=24 +0.69; TITLE<-CONN n=22 +0.67; END<-TREE n=63 +0.50; NAME<-NUMt n=99 +0.50; CLOSER<-TITLE n=79 +0.37; NAME<-FISHQ n=55 +0.33; CLOSER<-OTHER n=131 +0.27; NAME<-TITLE n=90 +0.27; TITLE<-FISHQ n=36 +0.25; TITLE<-- n=28 +0.22; COUNT<-OTHER n=84 +0.20; NAME<-OTHER n=508 +0.17; NAME<-CONN n=125 +0.17; END<-NUMt n=36 +0.08; NAME<-TREE n=35 +0.07; NAME<-NUMs n=128 +0.07; NAME<-C740 n=35 +0.06; NAME<-MJAR n=30 +0.06; MARKER<-OPEN n=96 +0.03; NAME<-OPEN n=47 +0.03; END<-SUF n=49 -0.00; CLOSER<-FISHQ n=22 -0.04; COUNT<-- n=120 -0.07; OPENER<-- n=126 -0.14; END<-C520 n=46 -0.15; NAME<-- n=469 -0.19; END<-C740 n=186 -0.20; END<-C151 n=22 -0.20; COUNT<-CONN n=43 -0.36; END<-OTHER n=197 -0.48; END<-TITLE n=24 -0.52; COUNT<-NUMt n=21 -0.65; CLOSER<-C617 n=28 -0.69; END<-C617 n=26 -1.03

(b) irreducible tokens (no model beats the unigram by 0.25 bit): 596 of 3634 (0.164)
  by slot: OPENER 0/126 (0.00), MARKER 0/96 (0.00), COUNT 43/326 (0.13), NAME 363/1727 (0.21), TITLE 23/202 (0.11), CLOSER 64/368 (0.17), SUFFIX 0/41 (0.00), END 103/748 (0.14)
  contexts (slot <- previous class) with >= 70% irreducible tokens, n >= 20: 
  mean fit-set frequency of the sign at irreducible tokens 474 vs reducible 573 (of 10441 tokens)

(c) bits per text under combined (and under the unigram), by slot group and object type:
| object type | texts | bits/text best | frame | qualifiers | counts | middle | unigram bits/text | explained share | middle share of remaining |
|---|---|---|---|---|---|---|---|---|---|
| ALL | 748 | 24.8 | 4.2 | 1.4 | 2.6 | 16.6 | 30.8 | 20% | 67% |
| SEAL | 461 | 27.3 | 4.3 | 1.4 | 2.7 | 18.8 | 33.0 | 17% | 69% |
| TAB | 68 | 21.7 | 5.1 | 1.0 | 2.5 | 13.1 | 28.2 | 23% | 60% |
| OTHER | 219 | 20.4 | 3.7 | 1.5 | 2.4 | 13.0 | 27.1 | 25% | 63% |

slot-level summary (pooled over object types): bits under unigram -> best; gap closed vs unigram; vs uniform (log2(|V|+2))
  frame      n= 1379  unigram 3.80 -> best 2.27; gap closed 40% of unigram, 75% of uniform
  qualifiers n=  202  unigram 7.11 -> best 5.18; gap closed 27% of unigram, 44% of uniform
  counts     n=  326  unigram 6.62 -> best 5.99; gap closed 10% of unigram, 35% of uniform
  middle     n= 1727  unigram 8.24 -> best 7.18; gap closed 13% of unigram, 22% of uniform

(d) share of tokens predicted with P >= 0.5 (<= 1 bit) under the best model, by slot:
  OPENER 0/126 (0.00), MARKER 83/96 (0.86), COUNT 6/326 (0.02), NAME 60/1727 (0.03), TITLE 23/202 (0.11), CLOSER 101/368 (0.27), SUFFIX 0/41 (0.00), END 433/748 (0.58)

## held: 2019 tokens
(a) contexts (zone, previous sign) where Markov-2 beats the structural model, n >= 12; fit-set continuations of the previous sign:
| zone | prev | n | KN2 bits | structural - KN2 | unigram bits | fit-set top continuations P(next|prev) |
|---|---|---|---|---|---|---|
| MID | 3 | 24 | 5.97 | 1.15 | 7.99 | 390:0.20, 220:0.12, 156:0.11, 900:0.08 |
| MID | 32 | 44 | 4.95 | 0.96 | 6.55 | 220:0.20, 740:0.15, E:0.09, 226:0.05 |
| MID | 220 | 39 | 6.70 | 0.91 | 7.30 | 520:0.17, 740:0.12, E:0.07, 240:0.06 |
| MID | 590 | 26 | 3.78 | 0.60 | 5.72 | 390:0.57, 892:0.08, 407:0.05, E:0.04 |
| MID | 840 | 14 | 3.26 | 0.54 | 5.55 | 32:0.34, E:0.14, 740:0.14, 760:0.08 |
| MID | 390 | 62 | 2.33 | 0.54 | 3.68 | E:0.50, 740:0.20, 2:0.07, 741:0.05 |
| MID | 861 | 13 | 3.21 | 0.53 | 4.02 | 2:0.77, 368:0.08, 740:0.05, E:0.03 |
| MID | 1 | 23 | 7.81 | 0.42 | 8.21 | E:0.07, 4:0.05, 235:0.05, 821:0.05 |
| MID | 368 | 12 | 6.54 | 0.40 | 6.75 | E:0.32, 1:0.12, 2:0.11, 690:0.05 |
| MID | 240 | 20 | 6.18 | 0.39 | 6.74 | 520:0.07, 233:0.07, 740:0.06, 630:0.06 |
| MID | 705 | 18 | 4.96 | 0.39 | 6.43 | 33:0.58, 255:0.05, E:0.04, 760:0.03 |
| OP | 820 | 17 | 3.44 | 0.32 | 6.18 | 2:0.45, 60:0.14, E:0.11, 1:0.10 |
tokens where KN2 is better by > 0.5 bit: 658 (0.326); structural better by > 0.5 bit: 600 (0.297)
slot x previous-class contexts (n >= 20), structural - KN2 bits (positive = chain knows more):
  NAME<-FISH n=23 +1.40; TITLE<-OTHER n=23 +1.28; END<-TREE n=38 +0.60; NAME<-TITLE n=36 +0.48; CLOSER<-OTHER n=74 +0.47; NAME<-NUMt n=61 +0.42; CLOSER<-TITLE n=43 +0.41; NAME<-OTHER n=288 +0.24; COUNT<-CONN n=28 +0.21; TITLE<-- n=20 +0.18; NAME<-NUMs n=61 +0.18; COUNT<-OTHER n=51 +0.18; MARKER<-OPEN n=64 +0.15; END<-NUMt n=25 +0.02; NAME<-FISHQ n=30 +0.02; OPENER<-- n=83 -0.06; COUNT<-- n=62 -0.13; END<-C520 n=28 -0.23; END<-C740 n=113 -0.23; NAME<-CONN n=85 -0.28; NAME<-- n=254 -0.34; END<-OTHER n=119 -0.40; NAME<-OPEN n=26 -0.46

(b) irreducible tokens (no model beats the unigram by 0.25 bit): 374 of 2019 (0.185)
  by slot: OPENER 0/83 (0.00), MARKER 0/64 (0.00), COUNT 33/187 (0.18), NAME 226/939 (0.24), TITLE 14/107 (0.13), CLOSER 32/201 (0.16), SUFFIX 0/14 (0.00), END 69/424 (0.16)
  contexts (slot <- previous class) with >= 70% irreducible tokens, n >= 20: 
  mean fit-set frequency of the sign at irreducible tokens 491 vs reducible 585 (of 10441 tokens)

(c) bits per text under combined (and under the unigram), by slot group and object type:
| object type | texts | bits/text best | frame | qualifiers | counts | middle | unigram bits/text | explained share | middle share of remaining |
|---|---|---|---|---|---|---|---|---|---|
| ALL | 424 | 24.8 | 4.1 | 1.3 | 2.7 | 16.7 | 29.8 | 17% | 68% |
| SEAL | 297 | 27.6 | 4.2 | 1.4 | 2.9 | 19.1 | 33.2 | 17% | 69% |
| TAB | 18 | 20.5 | 5.8 | 1.1 | 1.3 | 12.3 | 23.9 | 14% | 60% |
| OTHER | 109 | 17.9 | 3.3 | 1.1 | 2.5 | 11.0 | 21.4 | 16% | 62% |

slot-level summary (pooled over object types): bits under unigram -> best; gap closed vs unigram; vs uniform (log2(|V|+2))
  frame      n=  786  unigram 3.74 -> best 2.19; gap closed 41% of unigram, 76% of uniform
  qualifiers n=  107  unigram 6.95 -> best 5.10; gap closed 27% of unigram, 44% of uniform
  counts     n=  187  unigram 6.63 -> best 6.14; gap closed 7% of unigram, 33% of uniform
  middle     n=  939  unigram 8.21 -> best 7.56; gap closed 8% of unigram, 18% of uniform

(d) share of tokens predicted with P >= 0.5 (<= 1 bit) under the best model, by slot:
  OPENER 0/83 (0.00), MARKER 58/64 (0.91), COUNT 3/187 (0.02), NAME 29/939 (0.03), TITLE 11/107 (0.10), CLOSER 56/201 (0.28), SUFFIX 0/14 (0.00), END 242/424 (0.57)

## im: 1615 tokens
(a) contexts (zone, previous sign) where Markov-2 beats the structural model, n >= 12; fit-set continuations of the previous sign:
| zone | prev | n | KN2 bits | structural - KN2 | unigram bits | fit-set top continuations P(next|prev) |
|---|---|---|---|---|---|---|
| MID | 140 | 13 | 6.30 | 1.98 | 7.69 | 920:0.13, 100:0.08, 705:0.08, 136:0.05 |
| MID | 705 | 17 | 5.43 | 1.05 | 7.55 | 33:0.58, 255:0.05, E:0.04, 760:0.03 |
| MID | 32 | 34 | 6.50 | 0.87 | 7.66 | 220:0.20, 740:0.15, E:0.09, 226:0.05 |
| MID | 220 | 39 | 5.86 | 0.71 | 6.86 | 520:0.17, 740:0.12, E:0.07, 240:0.06 |
| MID | 235 | 12 | 5.78 | 0.60 | 6.79 | 240:0.21, 233:0.11, 705:0.08, 590:0.07 |
| MID | 760 | 14 | 0.15 | 0.60 | 3.86 | 740:0.93, 151:0.01, 382:0.01, 400:0.01 |
| MID | 390 | 48 | 3.23 | 0.52 | 4.51 | E:0.50, 740:0.20, 2:0.07, 741:0.05 |
| MID | 595 | 15 | 3.66 | 0.38 | 5.42 | E:0.27, 1:0.17, 850:0.17, 2:0.13 |
| MID | 2 | 39 | 6.66 | 0.33 | 7.62 | 803:0.09, 240:0.07, 32:0.06, 235:0.05 |
| CL | 520 | 22 | 1.85 | 0.31 | 3.44 | E:0.81, 400:0.05, 32:0.03, 621:0.02 |
tokens where KN2 is better by > 0.5 bit: 529 (0.328); structural better by > 0.5 bit: 480 (0.297)
slot x previous-class contexts (n >= 20), structural - KN2 bits (positive = chain knows more):
  TITLE<-OTHER n=27 +1.75; NAME<-CONN n=40 +1.13; NAME<-FISHQ n=25 +0.69; NAME<-OPEN n=21 +0.63; NAME<-NUMt n=38 +0.62; END<-TREE n=25 +0.35; CLOSER<-TITLE n=36 +0.32; COUNT<-OTHER n=33 +0.24; NAME<-TITLE n=54 +0.13; NAME<-OTHER n=220 +0.09; END<-SUF n=32 +0.03; CLOSER<-OTHER n=57 +0.02; COUNT<-- n=58 -0.01; NAME<-- n=215 -0.01; NAME<-NUMs n=67 -0.02; END<-C740 n=73 -0.14; MARKER<-OPEN n=32 -0.21; OPENER<-- n=43 -0.30; END<-OTHER n=78 -0.60; CLOSER<-C617 n=28 -0.69; END<-C617 n=24 -1.08

(b) irreducible tokens (no model beats the unigram by 0.25 bit): 222 of 1615 (0.137)
  by slot: OPENER 0/43 (0.00), MARKER 0/32 (0.00), COUNT 10/139 (0.07), NAME 137/788 (0.17), TITLE 9/95 (0.09), CLOSER 32/167 (0.19), SUFFIX 0/27 (0.00), END 34/324 (0.10)
  contexts (slot <- previous class) with >= 70% irreducible tokens, n >= 20: 
  mean fit-set frequency of the sign at irreducible tokens 446 vs reducible 558 (of 10441 tokens)

(c) bits per text under combined (and under the unigram), by slot group and object type:
| object type | texts | bits/text best | frame | qualifiers | counts | middle | unigram bits/text | explained share | middle share of remaining |
|---|---|---|---|---|---|---|---|---|---|
| ALL | 324 | 24.7 | 4.3 | 1.5 | 2.5 | 16.4 | 32.2 | 23% | 66% |
| SEAL | 164 | 26.8 | 4.4 | 1.5 | 2.5 | 18.3 | 32.6 | 18% | 68% |
| TAB | 50 | 22.2 | 4.8 | 1.0 | 3.0 | 13.4 | 29.7 | 25% | 60% |
| OTHER | 110 | 22.9 | 4.0 | 1.8 | 2.2 | 14.9 | 32.7 | 30% | 65% |

slot-level summary (pooled over object types): bits under unigram -> best; gap closed vs unigram; vs uniform (log2(|V|+2))
  frame      n=  593  unigram 3.88 -> best 2.37; gap closed 39% of unigram, 74% of uniform
  qualifiers n=   95  unigram 7.30 -> best 5.27; gap closed 28% of unigram, 43% of uniform
  counts     n=  139  unigram 6.61 -> best 5.78; gap closed 12% of unigram, 37% of uniform
  middle     n=  788  unigram 8.28 -> best 6.74; gap closed 19% of unigram, 27% of uniform

(d) share of tokens predicted with P >= 0.5 (<= 1 bit) under the best model, by slot:
  OPENER 0/43 (0.00), MARKER 25/32 (0.78), COUNT 3/139 (0.02), NAME 31/788 (0.04), TITLE 12/95 (0.13), CLOSER 45/167 (0.27), SUFFIX 0/27 (0.00), END 191/324 (0.59)
