== S-DARK-65 cycle 3 (seq_all, nperm 2000): office stamp at Lothal / Kalibangan?
   [Wells Lothal] fragments read as their unique longer site text: 617-2 -> 617-2-240-220-233-520; 803 -> 2-803-798-740; 33 -> 705-33-520; 220-740-90 -> 705-500-741-1-55-220-740-90; 880 -> 880-2-32-590-390; 55 -> 705-500-741-1-55-220-740-90; 2-240-220 -> 617-2-240-220-233-520; 575 -> 575-223-1-32-226-233; 760-740 -> 240-335-760-740

-- Wells Lothal: 72 sealings with legible text, 12 with >= 2 distinct impressions (27 slots), 52 distinct texts at the site
   text (head) : on n multi-impression sealings / n distinct partners / n uses at site overall / partner texts
   705-500-741-1-55-220-740-90        [jar] : 5 / 6 / 13 : 32; 70-125; 861-2-235; 317-920-2; 2-32-590-390-740; 880-2-32-590-390
   240-335-760-740                    [jar] : 2 / 3 / 2 : 231-100-740; 2-803-798-740; 2-220-233-388-740
   740                                [jar] : 1 / 2 / 3 : 520; 705-33-520
   520                                [arrow] : 1 / 2 / 1 : 740; 705-33-520
   705-33-520                         [arrow] : 1 / 2 / 2 : 740; 520
   317-920-2                          [none] : 1 / 2 / 1 : 880-2-32-590-390; 705-500-741-1-55-220-740-90
   880-2-32-590-390                   [none] : 1 / 2 / 2 : 317-920-2; 705-500-741-1-55-220-740-90
   231-100-740                        [jar] : 1 / 2 / 1 : 240-335-760-740; 2-220-233-388-740
   2-220-233-388-740                  [jar] : 1 / 2 / 1 : 231-100-740; 240-335-760-740
   distinct texts among the 27 multi slots: 22 vs null 20.3 (P_lo = 0.880, P_hi = 0.284)
   hub: max sealings for one text 5 vs null 4.1 (P = 0.337); max distinct partners 6 vs 5.0 (P = 0.342)
   hub 705-500-741-1-55-220-740-90: 6 partners vs 66 other impressions: opener-initial 0.17 vs 0.33; mean length 3.2 vs 3.2; jar-headed 0.17 vs 0.36; exact seal match 0.33 vs 0.41
      opener share P_hi = 0.911; length P_lo = 0.563, P_hi = 0.556
      hub occurs alone on 8 single-impression sealings and on 5 multi-impression ones

-- Wells Kalibangan: 18 sealings with legible text, 3 with >= 2 distinct impressions (8 slots), 15 distinct texts at the site
   text (head) : on n multi-impression sealings / n distinct partners / n uses at site overall / partner texts
   740                                [jar] : 2 / 2 / 2 : 861-2-740; 861-2-460-740
   832-360-2-362-740-90               [jar] : 1 / 3 / 1 : 491; 2-705-33; 390-595-2-350-1
   2-705-33                           [none] : 1 / 3 / 1 : 491; 390-595-2-350-1; 832-360-2-362-740-90
   390-595-2-350-1                    [none] : 1 / 3 / 1 : 491; 2-705-33; 832-360-2-362-740-90
   491                                [none] : 1 / 3 / 1 : 2-705-33; 390-595-2-350-1; 832-360-2-362-740-90
   distinct texts among the 8 multi slots: 7 vs null 6.1 (P_lo = 0.903, P_hi = 0.360)
   hub: max sealings for one text 2 vs null 2.0 (P = 0.796); max distinct partners 3 vs 3.2 (P = 0.803)
   hub 740: 2 partners vs 19 other impressions: opener-initial 1.00 vs 0.16; mean length 3.5 vs 4.5; jar-headed 1.00 vs 0.11; exact seal match 0.00 vs 0.16
      opener share P_hi = 0.048; length P_lo = 0.333, P_hi = 0.829
      hub occurs alone on 0 single-impression sealings and on 2 multi-impression ones
   [Wells Dholavira] fragments read as their unique longer site text: 740-90 -> 55-740-90; 892 -> 892-794-354; 803 -> 740-803; 368 -> 741-900-368; 820 -> 820-2-520; 55-740 -> 55-740-90; 741 -> 741-900-368

-- Wells Dholavira: 64 sealings with legible text, 2 with >= 2 distinct impressions (4 slots), 45 distinct texts at the site
   text (head) : on n multi-impression sealings / n distinct partners / n uses at site overall / partner texts
   distinct texts among the 4 multi slots: 4 vs null 3.9 (P_lo = 1.000, P_hi = 0.881)
   hub: max sealings for one text 1 vs null 1.1 (P = 1.000); max distinct partners 1 vs 1.1 (P = 0.999)
   hub 552-840: 1 partners vs 64 other impressions: opener-initial 0.00 vs 0.11; mean length 2.0 vs 2.0; jar-headed 0.00 vs 0.19; exact seal match 0.00 vs 0.33
      opener share P_hi = 1.000; length P_lo = 0.648, P_hi = 0.621
      hub occurs alone on 0 single-impression sealings and on 1 multi-impression ones
   [IM77 Lothal] fragments read as their unique longer site text: 66 -> 267-99-66; 99-258-347-342 -> 186-293-99-258-347-342; 245-245-99-67 -> 245-245-99-67-72-59-211; 186-293-99 -> 186-293-99-258-347-342; 100-17 -> 100-17-8-342; 286-99-87-249-162 -> 286-99-87-249-162-342; 267-99-113 -> 267-99-113-342; 209-343-98-121-59-342-1 -> 336-209-343-98-121-59-342-1; 336-209-343-98-121-59 -> 336-209-343-98-121-59-342-1; 67-72-211 -> 150-123-67-72-211; 150-123-67 -> 150-123-67-72-211

-- IM77 Lothal: 75 sealings with legible text, 16 with >= 2 distinct impressions (37 slots), 54 distinct texts at the site
   text (head) : on n multi-impression sealings / n distinct partners / n uses at site overall / partner texts
   186-293-99-258-347-342             [jar] : 4 / 5 / 5 : 286-99; 267-99-66; 336-209-343-98-121; 245-245-99-67-72-59-211; 336-209-343-98-121-59-342-1
   286-99                             [none] : 3 / 6 / 4 : 28; 267-99; 258-347-342; 59-342-1; 186-293-99-258-347-342; 336-209-343-98-121-59-342-1
   336-209-343-98-121-59-342-1        [jar] : 3 / 4 / 8 : 28; 286-99; 267-99-66; 186-293-99-258-347-342
   267-99-66                          [W236] : 3 / 3 / 6 : 72-249-169-342; 186-293-99-258-347-342; 336-209-343-98-121-59-342-1
   267-99                             [none] : 2 / 4 / 4 : 286-99; 59-342-1; 258-347-342; 286-99-87-249-162-342
   336-209-343-98-121                 [none] : 2 / 2 / 2 : 186-293-99-258-347-342; 286-99-87-249-162-342
   286-99-87-249-162-342              [jar] : 2 / 2 / 3 : 267-99; 336-209-343-98-121
   245-245-99-67-72-59-211            [arrow] : 2 / 2 / 4 : 150-123-67-72-211; 186-293-99-258-347-342
   336-209                            [none] : 2 / 2 / 2 : 87-249; 327-343-81
   258-347-342                        [jar] : 1 / 3 / 2 : 286-99; 267-99; 59-342-1
   59-342-1                           [jar] : 1 / 3 / 1 : 286-99; 267-99; 258-347-342
   28                                 [none] : 1 / 2 / 1 : 286-99; 336-209-343-98-121-59-342-1
   distinct texts among the 37 multi slots: 23 vs null 26.3 (P_lo = 0.097, P_hi = 0.960)
   hub: max sealings for one text 4 vs null 4.2 (P = 0.761); max distinct partners 6 vs 5.9 (P = 0.583)
   hub 186-293-99-258-347-342: 5 partners vs 67 other impressions: opener-initial 0.20 vs 0.39; mean length 5.0 vs 3.7; jar-headed 0.20 vs 0.45; exact seal match nan vs nan
      opener share P_hi = 0.901; length P_lo = 0.976, P_hi = 0.048
      hub occurs alone on 1 single-impression sealings and on 4 multi-impression ones

-- IM77 Kalibangan: 21 sealings with legible text, 1 with >= 2 distinct impressions (4 slots), 18 distinct texts at the site
   text (head) : on n multi-impression sealings / n distinct partners / n uses at site overall / partner texts
   375-202-99-201-342-1               [jar] : 1 / 3 / 1 : 32-205-336; 162-252-99-175-86; 391-99-59-336-89-211
   391-99-59-336-89-211               [arrow] : 1 / 3 / 1 : 32-205-336; 162-252-99-175-86; 375-202-99-201-342-1
   162-252-99-175-86                  [none] : 1 / 3 / 1 : 32-205-336; 375-202-99-201-342-1; 391-99-59-336-89-211
   32-205-336                         [none] : 1 / 3 / 1 : 162-252-99-175-86; 375-202-99-201-342-1; 391-99-59-336-89-211
   distinct texts among the 4 multi slots: 4 vs null 3.6 (P_lo = 1.000, P_hi = 0.680)
   hub: max sealings for one text 1 vs null 1.0 (P = 1.000); max distinct partners 3 vs 2.6 (P = 0.680)
   hub 375-202-99-201-342-1: 3 partners vs 20 other impressions: opener-initial 0.33 vs 0.30; mean length 4.7 vs 5.3; jar-headed 0.00 vs 0.30; exact seal match nan vs nan
      opener share P_hi = 0.681; length P_lo = 0.373, P_hi = 0.721
      hub occurs alone on 0 single-impression sealings and on 1 multi-impression ones
   [IM77 Mohenjodaro] fragments read as their unique longer site text: 104-169 -> 345-104-169; 63 -> 35-63-129-233-277; 102-59-342 -> 387-102-59-342-375-375-342-1; 149-342 -> 51-130-149-342; 201-277-204-86 -> 201-277-204-86-342-106; 267-99-67 -> 267-99-67-403-87-342; 325-347-342 -> 86-325-347-342; 375-375-342 -> 387-102-59-342-375-375-342-1; 327-303-245-245-125-59-99 -> 327-303-245-245-125-59-99-17-134-86

-- IM77 Mohenjodaro: 114 sealings with legible text, 15 with >= 2 distinct impressions (32 slots), 86 distinct texts at the site
   text (head) : on n multi-impression sealings / n distinct partners / n uses at site overall / partner texts
   100-402-342-287-287-283            [none] : 2 / 2 / 2 : 325-347; 86-325-347-342
   386-53-48-342-12-328-328-328-162   [none] : 1 / 2 / 1 : 137-155-343-10-81-403-87; 343-294-328-391-87-112-294-171-8-342
   137-155-343-10-81-403-87           [none] : 1 / 2 / 1 : 386-53-48-342-12-328-328-328-162; 343-294-328-391-87-112-294-171-8-342
   343-294-328-391-87-112-294-171-8-342 [jar] : 1 / 2 / 1 : 137-155-343-10-81-403-87; 386-53-48-342-12-328-328-328-162
   65-211                             [arrow] : 1 / 2 / 1 : 245-342-1; 98-319-51-130
   98-319-51-130                      [none] : 1 / 2 / 1 : 65-211; 245-342-1
   245-342-1                          [jar] : 1 / 2 / 1 : 65-211; 98-319-51-130
   distinct texts among the 32 multi slots: 31 vs null 27.2 (P_lo = 0.996, P_hi = 0.030)
   hub: max sealings for one text 2 vs null 2.8 (P = 0.994); max distinct partners 2 vs 3.5 (P = 1.000)
   hub 100-402-342-287-287-283: 2 partners vs 126 other impressions: opener-initial 0.00 vs 0.09; mean length 3.0 vs 4.3; jar-headed 0.50 vs 0.49; exact seal match nan vs nan
      opener share P_hi = 1.000; length P_lo = 0.271, P_hi = 0.826
      hub occurs alone on 0 single-impression sealings and on 2 multi-impression ones

-- Kalibangan detail (Wells faces vs IM77 sides):
   K-86: faces +000-000-000-000-550+ | ]000[ | ]000[ | ]000[  -> dies ['550'] + 1 illegible
   K-87: faces +740-000[ | +740-000-000-002-861[  -> dies ['740', '861-2-740'] + 0 illegible
   K-88: faces +740-000-460-002-861+ | +740-000-000-000[ | +000-000[ | +000-000-000-000[  -> dies ['861-2-460-740', '740'] + 1 illegible
   K-89: faces +090-740-362-002-360-832+ | +000-033-705-000-002-000+ | +001-350-002-595-390-000+ | +000-491-000-000-000+  -> dies ['832-360-2-362-740-90', '2-705-33', '390-595-2-350-1', '491'] + 0 illegible
   IM77 8101: sides 375 202 99 201 342 1 | 391 99 59 336 89 211 | 162 252 99 175 86 | 32 205 336
   IM77 8116: sides 342 | 267 99 373 287 342
   IM77 8117: sides 76 342 176 | 87 328
   IM77 8118: sides 48 342 176 | 89
   IM77 8119: sides 267 99 175 230 53 342 | 267 99 175 230 53 342 | 342

-- Lothal detail: IM77 multi-side sealings (sides, 0 = lost sign dropped):
   IM77 7201: 169 169 169 1 | 294 342
   IM77 7215: 336 209 343 98 121 | 286 99 87 249 162 342
   IM77 7217: 258 347 342 | 267 99 | 59 342 1 | 286 99
   IM77 7218: 89 358 342 | 99 387 53 342
   IM77 7219: 245 245 99 67 | 186 293 99
   IM77 7227: 336 209 | 327 343 81
   IM77 7236: 336 209 343 98 121 59 342 1 | 186 293 99 | 286 99
   IM77 7237: 336 209 | 87 249
   IM77 7247: 150 123 67 72 211 | 245 245 99 67
   IM77 7248: 286 99 87 249 162 | 267 99
   IM77 7249: 336 209 343 98 121 59 342 1 | 267 99 66
   IM77 7251: 186 293 99 | 267 99 66
   IM77 7253: 336 209 343 98 121 59 342 1 | 28 | 286 99
   IM77 7258: 186 293 99 258 347 342 | 336 209 343 98 121
   IM77 7262: 99 41 249 | 99 41 249
   IM77 7263: 67 | 150 123 67
   IM77 7267: 72 249 169 342 | 267 99 66
   IM77 7277: 402 99 70 8 342 | 99 59 59 327 342 | 343 67 192 347 342
   IM77 7283: 293 123 343 65 51 130 149 | 293 123 343
