# S-DARK-20.3 clock applied to UNDATED texts (no depth): does W390 quota, text length, closer mix or tablet reuse move along the clock score? Stratified permutation (site x area x object type) of the clock score across texts, 2000x; the W390 arrow uses a clock refitted WITHOUT the 390 set and the 390x407 pair (the clock would otherwise contain its own outcome); length arrows also reported against a per-token clock (score / number of set tokens) since more signs = more variant tokens
undated texts with at least one variant-set token: 860 (MD 278, HP 582)

## undated texts, n = 860
arrow	clock	n	rho	p_perm
w390_count	no390	860	+0.044	0.1249
len	full	860	+0.105	0.0345
len	per-token	860	+0.120	0.0225
jar_final	full	860	+0.039	0.3718
arrow_final	full	860	+0.229	0.0005
closer_other	full	860	-0.031	0.3503
tablet_text_reuse_log	full	534	+0.053	0.3433

## dated (sanity: clock was fitted on these) texts, n = 1198
arrow	clock	n	rho	p_perm
w390_count	no390	1198	-0.012	0.6522
len	full	1198	+0.033	0.2084
len	per-token	1198	+0.023	0.4648
jar_final	full	1198	+0.078	0.0055
arrow_final	full	1198	+0.092	0.0015
closer_other	full	1198	+0.061	0.0295
tablet_text_reuse_log	full	257	-0.014	0.7986
