S-DARK-2 cycle 2 seed 202 control=True | active relations 41: jacc,first,last,edit1,nest,disjoint,samelen,lensum,sharesign,xorsign,samenum,sharepair,posk,mirror,sumw,complementary,samemid_diffclose,prefix1,suffix1,numeq,numdiff,summod,sameopen_diffmid,sharek,revmatch,sameclose_diffmid,bothopen,bothjar,lendiff,ident,closerclass,sharemidsign,second,lcs2,numsum,revbigram,sharerare,anypos,orderkept,freqbin,bothrare
objects 4457 | train 3730 (pairs 20000) | held-out 727 (pairs 10000; sites Chanhu-daro,Dholavira,Unknown,Kalibangan,Lothal,Nausharo)
  168 distinct relation specs for 1500 arrows
  train group 0 done (second, 19 facts)
  train group 3 done (mirror, 19 facts)
  train group 1 done (prefix1, 19 facts)
  train group 2 done (sharerare, 19 facts)
  train group 5 done (ident, 19 facts)
  train group 4 done (jacc, 19 facts)
  train group 6 done (closerclass, 19 facts)
  train group 10 done (xorsign, 5 facts)
  train group 7 done (orderkept, 19 facts)
  train group 9 done (last, 19 facts)
  train group 11 done (numdiff, 19 facts)
  train group 14 done (sharesign, 6 facts)
  train group 12 done (freqbin, 19 facts)
  train group 15 done (lcs2, 19 facts)
  train group 13 done (bothjar, 19 facts)
  train group 16 done (nest, 19 facts)
  train group 8 done (lensum, 19 facts)
  train group 19 done (sharek, 19 facts)
  train group 17 done (first, 19 facts)
  train group 21 done (sameclose_diffmid, 19 facts)
  train group 18 done (bothopen, 19 facts)
  train group 22 done (sameopen_diffmid, 19 facts)
  train group 20 done (lendiff, 19 facts)
  train group 24 done (revbigram, 19 facts)
  train group 23 done (disjoint, 19 facts)
  train group 25 done (sharek, 19 facts)
  train group 27 done (revmatch, 19 facts)
  train group 26 done (edit1, 19 facts)
  train group 30 done (sharemidsign, 19 facts)
  train group 28 done (samelen, 19 facts)
  train group 31 done (posk, 19 facts)
  train group 29 done (complementary, 19 facts)
  train group 32 done (sharesign, 7 facts)
  train group 33 done (numsum, 19 facts)
  train group 34 done (posk, 19 facts)
  train group 36 done (anypos, 19 facts)
  train group 35 done (sharepair, 19 facts)
  train group 40 done (xorsign, 7 facts)
  train group 39 done (numeq, 19 facts)
  train group 38 done (sumw, 19 facts)
  train group 37 done (posk, 19 facts)
  train group 44 done (sharesign, 5 facts)
  train group 42 done (samenum, 19 facts)
  train group 43 done (samemid_diffclose, 19 facts)
  train group 41 done (bothrare, 19 facts)
  train group 47 done (sharesign, 5 facts)
  train group 48 done (xorsign, 7 facts)
  train group 49 done (xorsign, 7 facts)
  train group 45 done (sharesign, 9 facts)
  train group 51 done (xorsign, 4 facts)
  train group 50 done (summod, 19 facts)
  train group 53 done (xorsign, 6 facts)
  train group 54 done (xorsign, 2 facts)
  train group 52 done (summod, 18 facts)
  train group 55 done (xorsign, 8 facts)
  train group 46 done (suffix1, 19 facts)
  train group 59 done (xorsign, 6 facts)
  train group 56 done (summod, 17 facts)
  train group 57 done (sharesign, 4 facts)
  train group 61 done (xorsign, 7 facts)
  train group 62 done (xorsign, 6 facts)
  train group 60 done (xorsign, 6 facts)
  train group 58 done (sharek, 19 facts)
  train group 63 done (summod, 17 facts)
  train group 65 done (sharesign, 5 facts)
  train group 64 done (sharesign, 6 facts)
  train group 67 done (sharesign, 6 facts)
  train group 68 done (xorsign, 4 facts)
  train group 70 done (sharesign, 3 facts)
  train group 71 done (sharesign, 8 facts)
  train group 66 done (summod, 18 facts)
  train group 72 done (sharesign, 4 facts)
  train group 74 done (sharesign, 4 facts)
  train group 69 done (sharesign, 7 facts)
  train group 76 done (sharesign, 5 facts)
  train group 73 done (xorsign, 7 facts)
  train group 77 done (sharesign, 3 facts)
  train group 79 done (xorsign, 4 facts)
  train group 78 done (summod, 18 facts)
  train group 81 done (xorsign, 5 facts)
  train group 82 done (sharesign, 2 facts)
  train group 80 done (xorsign, 8 facts)
  train group 84 done (xorsign, 6 facts)
  train group 85 done (sharesign, 5 facts)
  train group 75 done (sharesign, 8 facts)
  train group 87 done (sharesign, 6 facts)
  train group 88 done (xorsign, 7 facts)
  train group 90 done (sharesign, 4 facts)
  train group 86 done (xorsign, 6 facts)
  train group 91 done (xorsign, 2 facts)
  train group 92 done (xorsign, 5 facts)
  train group 89 done (xorsign, 6 facts)
  train group 93 done (sharesign, 4 facts)
  train group 96 done (sharesign, 4 facts)
  train group 95 done (xorsign, 7 facts)
  train group 94 done (xorsign, 7 facts)
  train group 98 done (sharesign, 6 facts)
  train group 83 done (xorsign, 6 facts)
  train group 97 done (xorsign, 4 facts)
  train group 101 done (sharesign, 6 facts)
  train group 99 done (xorsign, 7 facts)
  train group 102 done (sharesign, 6 facts)
  train group 100 done (xorsign, 7 facts)
  train group 105 done (sharesign, 3 facts)
  train group 103 done (xorsign, 7 facts)
  train group 108 done (sharesign, 3 facts)
  train group 106 done (sharesign, 5 facts)
  train group 109 done (sharesign, 5 facts)
  train group 107 done (sharesign, 6 facts)
  train group 110 done (sharesign, 4 facts)
  train group 104 done (sharesign, 5 facts)
  train group 113 done (xorsign, 4 facts)
  train group 112 done (xorsign, 6 facts)
  train group 114 done (sharesign, 5 facts)
  train group 116 done (sharesign, 2 facts)
  train group 115 done (xorsign, 7 facts)
  train group 118 done (sharesign, 4 facts)
  train group 119 done (sharesign, 5 facts)
  train group 111 done (sharesign, 8 facts)
  train group 117 done (xorsign, 9 facts)
  train group 120 done (sharesign, 7 facts)
  train group 123 done (sharesign, 5 facts)
  train group 124 done (sharesign, 5 facts)
  train group 121 done (xorsign, 4 facts)
  train group 125 done (xorsign, 5 facts)
  train group 122 done (xorsign, 5 facts)
  train group 126 done (sharesign, 3 facts)
  train group 128 done (xorsign, 3 facts)
  train group 131 done (sharesign, 8 facts)
  train group 130 done (sharesign, 5 facts)
  train group 127 done (sharesign, 7 facts)
  train group 129 done (xorsign, 9 facts)
  train group 133 done (sharesign, 5 facts)
  train group 132 done (xorsign, 8 facts)
  train group 135 done (xorsign, 7 facts)
  train group 136 done (xorsign, 9 facts)
  train group 137 done (xorsign, 5 facts)
  train group 138 done (xorsign, 3 facts)
  train group 139 done (xorsign, 2 facts)
  train group 141 done (sharesign, 3 facts)
  train group 142 done (xorsign, 5 facts)
  train group 143 done (sharesign, 4 facts)
  train group 145 done (sharesign, 2 facts)
  train group 144 done (sharesign, 6 facts)
  train group 147 done (sharesign, 3 facts)
  train group 148 done (sharesign, 4 facts)
  train group 146 done (xorsign, 5 facts)
  train group 149 done (sharesign, 5 facts)
  train group 134 done (xorsign, 3 facts)
  train group 152 done (xorsign, 2 facts)
  train group 151 done (xorsign, 3 facts)
  train group 154 done (sharesign, 4 facts)
  train group 150 done (sharesign, 5 facts)
  train group 156 done (xorsign, 3 facts)
  train group 157 done (xorsign, 3 facts)
  train group 158 done (xorsign, 2 facts)
  train group 159 done (sharesign, 1 facts)
  train group 160 done (xorsign, 2 facts)
  train group 153 done (sharesign, 4 facts)
  train group 162 done (sharesign, 1 facts)
  train group 140 done (xorsign, 5 facts)
  train group 161 done (xorsign, 4 facts)
  train group 165 done (sharesign, 1 facts)
  train group 155 done (xorsign, 5 facts)
  train group 163 done (sharesign, 2 facts)
  train group 164 done (xorsign, 4 facts)
  train group 166 done (xorsign, 3 facts)
  train group 167 done (xorsign, 1 facts)
  follow-up 170 done (lendiff x period) -
  follow-up 177 done (samemid_diffclose x cult) -
  follow-up 153 done (bothopen x period) -
  follow-up 83 done (bothopen x color) -
  follow-up 241 done (sharerare x period) -
  follow-up 240 done (sharesign x complete) -
  follow-up 207 done (complementary x period) -
  follow-up 658 done (lensum x period) -
  follow-up 663 done (xorsign x period) -
  follow-up 699 done (samelen x period) -
  follow-up 726 done (xorsign x period) -
  follow-up 632 done (suffix1 x depth) -
  follow-up 743 done (jacc x period) -
  follow-up 759 done (bothjar x period) -
  follow-up 1224 done (sharesign x cult) -
  follow-up 1289 done (xorsign x period) -
  follow-up 1205 done (xorsign x period) -
  follow-up 1374 done (sharesign x period) -
  follow-up 1414 done (xorsign x color) -
  follow-up 1121 done (xorsign x h) -
  follow-up 1437 done (sharesign x color) -
  follow-up 1453 done (xorsign x boss) -
  follow-up 1475 done (sharesign x period) -
  follow-up 1484 done (sharesign x color) -
  follow-up 407 done (sharerare x cult) REPLICATED
  follow-up 1350 done (xorsign x period) REPLICATED
  [83] train hit bothopen {} x color MI 0.0070 p 0.0020 n 2802 | fine p na z na (bonf False) | within-site-x-type null p -1.0000 | held (0.0007, 0.8636) | seq_all (0.007, 0.0033) | train-only
  [153] train hit bothopen {} x period MI 0.0079 p 0.0020 n 3042 | fine p na z na (bonf False) | within-site-x-type null p -1.0000 | held (0.0021, 0.2727) | seq_all (0.0079, 0.0033) | train-only
  [170] train hit lendiff {} x period MI 0.0056 p 0.0020 n 3042 | fine p na z na (bonf False) | within-site-x-type null p -1.0000 | held (0.0016, 0.7273) | seq_all (0.0056, 0.0033) | train-only
  [177] train hit samemid_diffclose {} x cult MI 0.0009 p 0.0020 n 2442 | fine p na z na (bonf False) | within-site-x-type null p -1.0000 | held (0.0008, 0.7727) | seq_all (0.0009, 0.0033) | train-only
  [207] train hit complementary {} x period MI 0.0063 p 0.0020 n 3042 | fine p na z na (bonf False) | within-site-x-type null p -1.0000 | held (0.0021, 0.0682) | seq_all (0.0063, 0.0033) | train-only
  [240] train hit sharesign {'s': 151} x complete MI 0.0004 p 0.0020 n 16627 | fine p na z na (bonf False) | within-site-x-type null p -1.0000 | held (0.0, 0.5909) | seq_all (0.0004, 0.0033) | train-only
  [241] train hit sharerare {} x period MI 0.0004 p 0.0020 n 3042 | fine p na z na (bonf False) | within-site-x-type null p -1.0000 | held (0.0, 0.5909) | seq_all (0.0004, 0.0033) | train-only
  [407] train hit sharerare {} x cult MI 0.0009 p 0.0020 n 2442 | fine p 0.00020 z 1.52 (bonf False) | within-site-x-type null p 0.0010 | held (0.0019, 0.002) | seq_all (0.0009, 0.0033) | REPLICATED
  [632] train hit suffix1 {} x depth MI 0.0006 p 0.0020 n 6867 | fine p na z na (bonf False) | within-site-x-type null p -1.0000 | held (0.001, 0.7273) | seq_all (0.0006, 0.01) | train-only
  [658] train hit lensum {} x period MI 0.0333 p 0.0020 n 3042 | fine p na z na (bonf False) | within-site-x-type null p -1.0000 | held (0.0037, 0.5) | seq_all (0.0333, 0.0033) | train-only
  [663] train hit xorsign {'s': 700} x period MI 0.0285 p 0.0020 n 3042 | fine p na z na (bonf False) | within-site-x-type null p -1.0000 | held (0.0, 0.8182) | seq_all (0.0285, 0.0033) | train-only
  [699] train hit samelen {} x period MI 0.0029 p 0.0020 n 3042 | fine p na z na (bonf False) | within-site-x-type null p -1.0000 | held (0.0, 1.0) | seq_all (0.0029, 0.0033) | train-only
  [726] train hit xorsign {'s': 892} x period MI 0.0040 p 0.0020 n 3042 | fine p na z na (bonf False) | within-site-x-type null p -1.0000 | held (0.0053, 0.0638) | seq_all (0.004, 0.0033) | train-only
  [743] train hit jacc {} x period MI 0.0036 p 0.0020 n 3042 | fine p na z na (bonf False) | within-site-x-type null p -1.0000 | held (0.0003, 0.6364) | seq_all (0.0039, 0.0033) | train-only
  [759] train hit bothjar {} x period MI 0.0136 p 0.0020 n 3042 | fine p na z na (bonf False) | within-site-x-type null p -1.0000 | held (0.0009, 0.6364) | seq_all (0.0136, 0.0033) | train-only
  [1121] train hit xorsign {'s': 90} x h MI 0.0015 p 0.0020 n 12651 | fine p na z na (bonf False) | within-site-x-type null p -1.0000 | held (0.0037, 0.1538) | seq_all (0.0015, 0.0066) | train-only
  [1205] train hit xorsign {'s': 235} x period MI 0.0047 p 0.0020 n 3042 | fine p na z na (bonf False) | within-site-x-type null p -1.0000 | held (0.0077, 0.1154) | seq_all (0.0047, 0.0033) | train-only
  [1224] train hit sharesign {'s': 706} x cult MI 0.0005 p 0.0020 n 2442 | fine p na z na (bonf False) | within-site-x-type null p -1.0000 | held None | seq_all None | train-only
  [1289] train hit xorsign {'s': 390} x period MI 0.0041 p 0.0020 n 3042 | fine p na z na (bonf False) | within-site-x-type null p -1.0000 | held None | seq_all (0.0014, 0.0308) | train-only
  [1350] train hit xorsign {'s': 34} x period MI 0.0092 p 0.0020 n 3042 | fine p 0.00020 z 1.79 (bonf False) | within-site-x-type null p 0.0010 | held (0.0119, 0.002) | seq_all (0.0092, 0.0033) | REPLICATED
  [1374] train hit sharesign {'s': 503} x period MI 0.0011 p 0.0020 n 3042 | fine p na z na (bonf False) | within-site-x-type null p -1.0000 | held None | seq_all (0.0011, 0.0033) | train-only
  [1414] train hit xorsign {'s': 2} x color MI 0.0049 p 0.0020 n 2802 | fine p na z na (bonf False) | within-site-x-type null p -1.0000 | held (0.0007, 0.6364) | seq_all (0.0049, 0.0066) | train-only
  [1437] train hit sharesign {'s': 400} x color MI 0.0028 p 0.0020 n 2802 | fine p na z na (bonf False) | within-site-x-type null p -1.0000 | held (0.0001, 0.8636) | seq_all (0.0028, 0.0033) | train-only
  [1453] train hit xorsign {'s': 156} x boss MI 0.0029 p 0.0020 n 2516 | fine p na z na (bonf False) | within-site-x-type null p -1.0000 | held (0.0023, 0.1463) | seq_all (0.0029, 0.0066) | train-only
  [1475] train hit sharesign {'s': 142} x period MI 0.0004 p 0.0020 n 3042 | fine p na z na (bonf False) | within-site-x-type null p -1.0000 | held (0.0002, 1.0) | seq_all (0.0004, 0.0033) | train-only
  [1484] train hit sharesign {'s': 760} x color MI 0.0009 p 0.0020 n 2802 | fine p na z na (bonf False) | within-site-x-type null p -1.0000 | held None | seq_all (0.0009, 0.0033) | train-only
PAIR: fired 1500, testable 1480, train p<0.002: 26, replicated(held-out & seq_all): 2, Bonferroni-at-1500: 0, survive within-site-x-type null: 2, all four: 0  [171s]
  expected train hits under null ~ 3.0 (0.002 x testable)
  hit families: {('xorsign', 'period'): 5, ('sharesign', 'period'): 2, ('sharesign', 'color'): 2, ('bothopen', 'color'): 1, ('bothopen', 'period'): 1, ('lendiff', 'period'): 1, ('samemid_diffclose', 'cult'): 1, ('complementary', 'period'): 1, ('sharesign', 'complete'): 1, ('sharerare', 'period'): 1, ('sharerare', 'cult'): 1, ('suffix1', 'depth'): 1}
SET: MD groups 80 | H groups 89 | outside groups 2 (any filter)
  [174] setfact hit closer_entropy ~ homog(type) band=small type=any | MD rho -0.364 p 0.0020 n 65 | H (-0.106, 0.364) | seq_all (-0.352, 0.008) | MD-only
SET: fired 500, testable 297, MD p<0.004: 1, replicated(Harappa same direction & seq_all): 0, Bonferroni: 0  [207s]
  expected MD hits under null ~ 1.2 (0.004 x testable)
