S-DARK-2 cycle 2 seed 202 control=False | active relations 41: jacc,first,last,edit1,nest,disjoint,samelen,lensum,sharesign,xorsign,samenum,sharepair,posk,mirror,sumw,complementary,samemid_diffclose,prefix1,suffix1,numeq,numdiff,summod,sameopen_diffmid,sharek,revmatch,sameclose_diffmid,bothopen,bothjar,lendiff,ident,closerclass,sharemidsign,second,lcs2,numsum,revbigram,sharerare,anypos,orderkept,freqbin,bothrare
objects 4457 | train 3730 (pairs 20000) | held-out 727 (pairs 10000; sites Chanhu-daro,Dholavira,Unknown,Kalibangan,Lothal,Nausharo)
  167 distinct relation specs for 1500 arrows
  train group 0 done (suffix1, 19 facts)
  train group 1 done (prefix1, 19 facts)
  train group 2 done (sharek, 19 facts)
  train group 3 done (orderkept, 19 facts)
  train group 5 done (second, 19 facts)
  train group 4 done (bothopen, 19 facts)
  train group 7 done (mirror, 19 facts)
  train group 6 done (lensum, 19 facts)
  train group 9 done (samelen, 19 facts)
  train group 8 done (edit1, 19 facts)
  train group 12 done (sharerare, 19 facts)
  train group 10 done (sharemidsign, 19 facts)
  train group 11 done (anypos, 19 facts)
  train group 13 done (first, 19 facts)
  train group 14 done (revmatch, 19 facts)
  train group 15 done (bothrare, 19 facts)
  train group 16 done (numsum, 19 facts)
  train group 17 done (sumw, 19 facts)
  train group 19 done (sameopen_diffmid, 19 facts)
  train group 18 done (closerclass, 19 facts)
  train group 20 done (complementary, 19 facts)
  train group 21 done (nest, 19 facts)
  train group 23 done (numdiff, 19 facts)
  train group 22 done (lcs2, 19 facts)
  train group 27 done (sharesign, 5 facts)
  train group 28 done (posk, 19 facts)
  train group 25 done (lendiff, 19 facts)
  train group 26 done (disjoint, 19 facts)
  train group 24 done (sameclose_diffmid, 19 facts)
  train group 29 done (bothjar, 19 facts)
  train group 32 done (samenum, 19 facts)
  train group 31 done (revbigram, 19 facts)
  train group 30 done (last, 19 facts)
  train group 34 done (numeq, 19 facts)
  train group 33 done (ident, 19 facts)
  train group 36 done (freqbin, 19 facts)
  train group 38 done (sharesign, 6 facts)
  train group 39 done (samemid_diffclose, 19 facts)
  train group 35 done (sharepair, 19 facts)
  train group 41 done (summod, 18 facts)
  train group 43 done (summod, 18 facts)
  train group 44 done (summod, 16 facts)
  train group 37 done (jacc, 19 facts)
  train group 45 done (summod, 18 facts)
  train group 46 done (sharesign, 7 facts)
  train group 47 done (summod, 19 facts)
  train group 40 done (posk, 19 facts)
  train group 48 done (xorsign, 5 facts)
  train group 49 done (xorsign, 4 facts)
  train group 42 done (posk, 19 facts)
  train group 53 done (sharesign, 5 facts)
  train group 52 done (xorsign, 5 facts)
  train group 51 done (summod, 19 facts)
  train group 55 done (xorsign, 6 facts)
  train group 56 done (xorsign, 6 facts)
  train group 57 done (xorsign, 6 facts)
  train group 58 done (xorsign, 4 facts)
  train group 59 done (xorsign, 2 facts)
  train group 54 done (sharek, 18 facts)
  train group 61 done (sharesign, 6 facts)
  train group 63 done (xorsign, 3 facts)
  train group 60 done (sharesign, 8 facts)
  train group 64 done (sharesign, 4 facts)
  train group 65 done (xorsign, 4 facts)
  train group 66 done (xorsign, 6 facts)
  train group 68 done (sharesign, 8 facts)
  train group 67 done (xorsign, 4 facts)
  train group 70 done (sharesign, 4 facts)
  train group 69 done (sharesign, 5 facts)
  train group 72 done (xorsign, 7 facts)
  train group 73 done (sharesign, 3 facts)
  train group 62 done (xorsign, 5 facts)
  train group 74 done (sharesign, 5 facts)
  train group 75 done (xorsign, 5 facts)
  train group 76 done (sharesign, 6 facts)
