# loop 59 cycle 1, level seq_all, regime die (2026-10-03 17:52): fit 1999 MD+H texts (8442 signs, 575 types); held-out sites 424 texts (1595 signs); IM77-only 324 texts (1291 signs, 0 unbridged = UNK)
OOV signs (scored as UNK): held-out 54 (0.034), IM77 0 (0.000)
fitting structural weights (5-fold deleted interpolation) ...
rule pairs in the fit set: 139 over 115 left signs; top: [(740, 'E', 649), (861, 2, 195), (400, 'E', 189), (520, 'E', 129), (705, 33, 84), (100, 740, 69), (820, 2, 63), (90, 'E', 62), (760, 740, 62), (590, 390, 55), (176, 740, 55), (151, 'E', 44), (32, 220, 43), (700, 'E', 40), (33, 520, 39)]
mixture weights by zone (frame / rules / cache_site / cache_all / unigram; all-active pattern):
  OP    frame=0.02 rules=0.41 cache_site=0.18 cache_all=0.28 unigram=0.11
  MID   frame=0.34 rules=0.15 cache_site=0.13 cache_all=0.22 unigram=0.16
  CL    frame=0.73 rules=0.02 cache_site=0.11 cache_all=0.05 unigram=0.09
  pooled ('cache_all', 'cache_site', 'frame', 'rules', 'unigram'): cache_all=0.21 cache_site=0.14 frame=0.37 rules=0.16 unigram=0.12
  pooled ('cache_all', 'cache_site', 'frame', 'unigram'): cache_all=0.18 cache_site=0.18 frame=0.60 unigram=0.05
  pooled ('cache_all', 'frame', 'rules', 'unigram'): cache_all=0.20 frame=0.39 rules=0.25 unigram=0.16
  pooled ('cache_all', 'frame', 'unigram'): cache_all=0.27 frame=0.56 unigram=0.17
  pooled ('frame', 'rules', 'unigram'): frame=0.49 rules=0.37 unigram=0.14
  pooled ('frame', 'unigram'): frame=0.74 unigram=0.26
combined weights (structural, KN2, KN3) by zone: START (0.42, 0.36, 0.22); MID (0.26, 0.48, 0.26); CL (0.48, 0.29, 0.23); OP (0.34, 0.41, 0.25); MK (0.46, 0.39, 0.14); SUF (0.21, 0.51, 0.29)
S366 generator sampled (60 corpora per evaluation set) and fitted as KN-3 with site + type tokens (272s)
loop 33 automaton loaded: 61 states

## held: 424 texts, 1595 signs + 424 END tokens
| model | bits/token (95% CI) | bits/sign (no END) | per-text perplexity | gap closed vs unigram |
|---|---|---|---|---|
| uniform | 9.172 [9.172, 9.172] | 9.172 | 14065207644144.4 | -47.2% |
| unigram | 6.233 [6.108, 6.359] | 7.257 | 860354226.8 | 0.0% |
| KN1 | 5.439 [5.248, 5.617] | 6.437 | 62512658.3 | 12.7% |
| KN2 | 5.370 [5.165, 5.555] | 6.370 | 49912388.5 | 13.8% |
| KN3 | 5.423 [5.219, 5.606] | 6.425 | 59334916.9 | 13.0% |
| frame_only | 5.636 [5.458, 5.804] | 6.743 | 119880110.8 | 9.6% |
| frame+rules | 5.538 [5.355, 5.715] | 6.615 | 86674738.8 | 11.2% |
| frame+rules+cache | 5.438 [5.245, 5.618] | 6.504 | 62383298.4 | 12.8% |
| structural | 5.438 [5.245, 5.618] | 6.504 | 62383298.4 | 12.8% |
| combined | 5.184 [4.989, 5.359] | 6.168 | 26933991.8 | 16.8% |
| S366gen | 6.143 [5.934, 6.354] | 7.279 | 639795303.2 | 1.4% |
| loop33_PFA | 6.155 [5.949, 6.361] | 7.277 | 665771558.3 | 1.2% |

per-slot bits (gap closed vs unigram in brackets); n tokens
| slot | n | uniform | unigram | KN1 | KN2 | KN3 | frame_only | frame+rules | frame+rules+cache | structural | combined | S366gen | loop33_PFA |
|---|---|---|---|---|---|---|---|---|---|---|---|---|---|
| OPENER | 83 | 9.17 [-53%] | 6.01 [0%] | 4.00 [33%] | 4.01 [33%] | 4.02 [33%] | 3.93 [35%] | 3.93 [35%] | 3.95 [34%] | 3.95 [34%] | 3.96 [34%] | 4.66 [23%] | 4.06 [32%] |
| MARKER | 64 | 9.17 [-83%] | 5.01 [0%] | 0.79 [84%] | 0.50 [90%] | 0.49 [90%] | 1.31 [74%] | 0.51 [90%] | 0.64 [87%] | 0.64 [87%] | 0.54 [89%] | 0.56 [89%] | 1.38 [72%] |
| COUNT | 187 | 9.17 [-38%] | 6.63 [0%] | 6.32 [5%] | 6.30 [5%] | 6.38 [4%] | 6.48 [2%] | 6.43 [3%] | 6.30 [5%] | 6.30 [5%] | 6.13 [7%] | 6.64 [-0%] | 6.88 [-4%] |
| NAME | 935 | 9.17 [-12%] | 8.17 [0%] | 7.88 [4%] | 7.84 [4%] | 7.90 [3%] | 8.00 [2%] | 7.99 [2%] | 7.85 [4%] | 7.85 [4%] | 7.52 [8%] | 8.93 [-9%] | 8.64 [-6%] |
| TITLE | 111 | 9.17 [-33%] | 6.91 [0%] | 5.09 [26%] | 5.07 [27%] | 5.18 [25%] | 6.39 [7%] | 5.84 [15%] | 5.74 [17%] | 5.74 [17%] | 5.13 [26%] | 5.97 [14%] | 6.65 [4%] |
| CLOSER | 201 | 9.17 [-81%] | 5.06 [0%] | 3.59 [29%] | 3.44 [32%] | 3.48 [31%] | 4.42 [13%] | 4.03 [20%] | 3.90 [23%] | 3.90 [23%] | 3.42 [32%] | 4.30 [15%] | 4.94 [2%] |
| SUFFIX | 14 | 9.17 [-42%] | 6.45 [0%] | 3.74 [42%] | 2.50 [61%] | 2.24 [65%] | 4.05 [37%] | 4.39 [32%] | 4.55 [29%] | 4.55 [29%] | 2.77 [57%] | 4.57 [29%] | 6.23 [3%] |
| END | 424 | 9.17 [-285%] | 2.38 [0%] | 1.68 [29%] | 1.61 [32%] | 1.65 [31%] | 1.47 [38%] | 1.49 [38%] | 1.43 [40%] | 1.43 [40%] | 1.48 [38%] | 1.87 [21%] | 1.94 [19%] |

best model combined: 24.68 bits per text; share of remaining bits by slot: NAME 67%, COUNT 11%, CLOSER 7%, END 6%, TITLE 5%, OPENER 3%, SUFFIX 0%, MARKER 0%
unigram 29.68 bits per text; explained share (1 - best/unigram) 16.8%
  SEAL: 297 texts; bits/token unigram 6.290, KN2 5.397, structural 5.441, combined 5.216
  TAB: 18 texts; bits/token unigram 6.149, KN2 5.378, structural 5.402, combined 5.262
  OTHER: 109 texts; bits/token unigram 6.017, KN2 5.260, structural 5.432, combined 5.037

## im: 324 texts, 1291 signs + 324 END tokens
| model | bits/token (95% CI) | bits/sign (no END) | per-text perplexity | gap closed vs unigram |
|---|---|---|---|---|
| uniform | 9.172 [9.172, 9.172] | 9.172 | 57978680583068.6 | -42.3% |
| unigram | 6.446 [6.327, 6.562] | 7.488 | 4700839003.1 | 0.0% |
| KN1 | 5.263 [5.105, 5.414] | 6.215 | 78912115.4 | 18.4% |
| KN2 | 5.146 [4.986, 5.303] | 6.078 | 52674147.0 | 20.2% |
| KN3 | 5.204 [5.041, 5.367] | 6.153 | 64408048.6 | 19.3% |
| frame_only | 5.950 [5.785, 6.095] | 7.118 | 846774173.9 | 7.7% |
| frame+rules | 5.735 [5.567, 5.896] | 6.841 | 402653418.3 | 11.0% |
| frame+rules+cache | 5.267 [5.063, 5.465] | 6.288 | 80048658.8 | 18.3% |
| structural | 5.267 [5.063, 5.465] | 6.288 | 80048658.8 | 18.3% |
| combined | 4.919 [4.758, 5.076] | 5.842 | 24022970.9 | 23.7% |
| S366gen | 5.666 [5.487, 5.846] | 6.705 | 317727901.2 | 12.1% |
| loop33_PFA | 6.449 [6.246, 6.656] | 7.558 | 4749884561.8 | -0.0% |

per-slot bits (gap closed vs unigram in brackets); n tokens
| slot | n | uniform | unigram | KN1 | KN2 | KN3 | frame_only | frame+rules | frame+rules+cache | structural | combined | S366gen | loop33_PFA |
|---|---|---|---|---|---|---|---|---|---|---|---|---|---|
| OPENER | 43 | 9.17 [-43%] | 6.44 [0%] | 4.59 [29%] | 4.61 [28%] | 4.63 [28%] | 4.38 [32%] | 4.38 [32%] | 4.31 [33%] | 4.31 [33%] | 4.40 [32%] | 4.56 [29%] | 4.76 [26%] |
| MARKER | 32 | 9.17 [-74%] | 5.27 [0%] | 0.76 [86%] | 0.86 [84%] | 0.82 [84%] | 1.36 [74%] | 0.52 [90%] | 0.65 [88%] | 0.65 [88%] | 0.74 [86%] | 0.66 [87%] | 1.42 [73%] |
| COUNT | 139 | 9.17 [-39%] | 6.61 [0%] | 6.02 [9%] | 6.02 [9%] | 6.12 [7%] | 6.20 [6%] | 6.11 [8%] | 5.85 [11%] | 5.85 [11%] | 5.78 [12%] | 6.24 [5%] | 6.61 [-0%] |
| NAME | 787 | 9.17 [-11%] | 8.26 [0%] | 7.13 [14%] | 6.90 [16%] | 6.96 [16%] | 8.15 [1%] | 7.95 [4%] | 7.24 [12%] | 7.24 [12%] | 6.66 [19%] | 7.54 [9%] | 8.67 [-5%] |
| TITLE | 96 | 9.17 [-27%] | 7.23 [0%] | 5.35 [26%] | 5.34 [26%] | 5.47 [24%] | 6.75 [7%] | 6.14 [15%] | 5.89 [19%] | 5.89 [19%] | 5.26 [27%] | 6.25 [14%] | 6.96 [4%] |
| CLOSER | 167 | 9.17 [-62%] | 5.66 [0%] | 4.25 [25%] | 4.30 [24%] | 4.42 [22%] | 5.47 [3%] | 4.82 [15%] | 4.30 [24%] | 4.30 [24%] | 3.99 [29%] | 5.32 [6%] | 5.65 [0%] |
| SUFFIX | 27 | 9.17 [-49%] | 6.17 [0%] | 4.88 [21%] | 4.58 [26%] | 4.76 [23%] | 4.33 [30%] | 4.67 [24%] | 4.46 [28%] | 4.46 [28%] | 4.12 [33%] | 5.40 [13%] | 5.81 [6%] |
| END | 324 | 9.17 [-300%] | 2.29 [0%] | 1.47 [36%] | 1.43 [38%] | 1.43 [38%] | 1.29 [44%] | 1.33 [42%] | 1.20 [48%] | 1.20 [48%] | 1.24 [46%] | 1.53 [33%] | 2.03 [12%] |

best model combined: 24.52 bits per text; share of remaining bits by slot: NAME 66%, COUNT 10%, CLOSER 8%, TITLE 6%, END 5%, OPENER 2%, SUFFIX 1%, MARKER 0%
unigram 32.13 bits per text; explained share (1 - best/unigram) 23.7%
  SEAL: 164 texts; bits/token unigram 6.207, KN2 5.187, structural 5.376, combined 5.065
  TAB: 50 texts; bits/token unigram 6.371, KN2 5.157, structural 4.704, combined 4.676
  OTHER: 110 texts; bits/token unigram 6.873, KN2 5.074, structural 5.335, combined 4.785

## MD+H 5-fold cross-validation (bits/token): unigram 7.009, KN2 5.471, structural 5.756

done in 456s
