# loop39 cycle 2 level seq_strong: checklist/form generator (2026-10-03 16:54; 100 synthetic corpora; fit 4411 MD+H texts, held-out 930)
form parse of the fit set: units/text {1: 3049, 2: 1051, 3: 311}; texts with a same-field repeat inside a unit 127 (0.029); single-unit valid instances 0.679
form: 25 fields; fixed-order consistency of sign pairs with the field order: 0.850; refinement moves per round [264, 24, 1, 0]
  F00 rank 0.17 | 206 signs,   660 tokens | 692(69), 125(44), 416(44), 501(31), 371(17), 491(14), 511(12), 905(12) ... +198
  F01 rank 0.20 |  32 signs,   910 tokens | 861(380), 820(182), 920(126), 455(37), 165(29), 65(13), 374(12), 91(11) ... +24
  F02 rank 0.36 |  15 signs,   933 tokens | 2(627), 60(171), 745(34), 317(17), 831(16), 530(15), 500(10), 353(9) ... +7
  F03 rank 0.37 |  21 signs,   529 tokens | 741(167), 231(81), 503(76), 742(38), 13(34), 171(26), 104(19), 540(15) ... +13
  F04 rank 0.30 |  11 signs,   583 tokens | 803(237), 3(210), 5(39), 16(39), 519(14), 838(14), 130(10), 257(7) ... +3
  F05 rank 0.38 |   9 signs,   307 tokens | 798(128), 140(92), 95(23), 645(23), 66(13), 792(13), 155(7), 103(4) ... +1
  F06 rank 0.28 |  13 signs,   439 tokens | 235(216), 415(154), 495(21), 63(9), 98(8), 136(7), 391(7), 326(6) ... +5
  F07 rank 0.35 |  11 signs,   529 tokens | 32(438), 615(65), 776(7), 49(5), 145(3), 516(3), 531(3), 899(2) ... +3
  F08 rank 0.46 |  10 signs,   571 tokens | 220(372), 31(175), 420(6), 362(4), 775(4), 193(3), 893(3), 854(2) ... +2
  F09 rank 0.19 |  19 signs,   129 tokens | 413(50), 175(20), 243(12), 510(10), 219(7), 518(7), 81(3), 192(3) ... +11
  F10 rank 0.40 |  11 signs,   425 tokens | 240(317), 892(64), 137(16), 794(10), 710(5), 604(3), 177(2), 311(2) ... +3
  F11 rank 0.39 |  14 signs,   463 tokens | 233(162), 630(76), 575(67), 440(49), 350(34), 824(29), 236(17), 921(14) ... +6
  F12 rank 0.48 |  64 signs,   283 tokens | 790(43), 335(38), 55(36), 460(32), 72(13), 204(8), 260(8), 504(8) ... +56
  F13 rank 0.37 |   6 signs,   445 tokens | 705(267), 368(97), 717(66), 36(7), 600(5), 797(3)
  F14 rank 0.40 |  12 signs,   577 tokens | 33(440), 595(44), 320(31), 226(29), 877(18), 521(4), 264(3), 856(3) ... +4
  F15 rank 0.39 |  14 signs,   304 tokens | 550(101), 388(49), 923(43), 70(31), 480(26), 384(24), 101(7), 234(6) ... +6
  F16 rank 0.47 |  11 signs,   441 tokens | 1(151), 840(102), 17(69), 845(54), 555(19), 484(13), 525(11), 927(10) ... +3
  F17 rank 0.34 |  15 signs,   451 tokens | 176(198), 61(85), 4(77), 463(21), 321(15), 64(12), 999(12), 642(8) ... +7
  F18 rank 0.32 |   6 signs,   216 tokens | 255(118), 850(46), 482(38), 597(9), 490(3), 444(2)
  F19 rank 0.24 |  17 signs,   488 tokens | 34(167), 142(71), 435(71), 904(54), 752(49), 436(16), 821(11), 844(10) ... +9
  F20 rank 0.42 |  22 signs,   688 tokens | 590(186), 690(113), 156(96), 900(94), 617(70), 585(54), 35(30), 554(12) ... +14
  F21 rank 0.77 |  29 signs,  1372 tokens | 700(543), 390(310), 407(119), 100(116), 760(111), 832(34), 337(24), 772(19) ... +21
  F22 rank 0.84 |  11 signs,  1900 tokens | 740(1589), 520(264), 97(20), 592(9), 869(6), 153(4), 279(3), 494(2) ... +3
  F23 rank 0.76 |  18 signs,   435 tokens | 90(142), 154(76), 151(68), 527(62), 679(18), 565(15), 241(12), 804(8) ... +10
  F24 rank 0.94 |  51 signs,   604 tokens | 400(469), 621(21), 167(14), 868(13), 161(10), 697(10), 930(8), 401(7) ... +43

## PARTIAL (one field set per text, pairwise field order, elemchain, reuse, open)  (fit 829 s)
PARTIAL (one field set per text, pairwise field order, elemchain, reuse, open): outside 32/50, |z|>3: 30, sum|z| 249.9
statistic                         real  syn mean       sd       z                range out
H_cond_bigram                    2.767     3.292    0.026  -20.10  [   3.232,   3.370] *
same_middle_diff_closer          0.200     0.055    0.008   17.82  [   0.034,   0.082] *
bigram_hapax_share               0.660     0.519    0.009   16.47  [   0.500,   0.542] *
nesting_rate                     0.161     0.066    0.006   16.38  [   0.053,   0.085] *
mi_d1                            3.196     2.734    0.034   13.77  [   2.641,   2.805] *
run3_multisite_share             0.076     0.040    0.003   12.30  [   0.033,   0.049] *
trigram_hapax_share              0.800     0.670    0.011   12.14  [   0.644,   0.695] *
text3_multisite_share            0.021     0.006    0.002    9.49  [   0.003,   0.009] *
texts_rep3                     106.000   201.570   11.580   -8.25  [ 176.000, 229.000] *
closer_sign_nonfinal_share       0.081     0.144    0.008   -7.58  [   0.129,   0.164] *
numeral_initial_share            0.460     0.369    0.013    6.86  [   0.330,   0.400] *
H_start2                         6.230     6.610    0.057   -6.67  [   6.514,   6.788] *
mid_len_closer_diff             -1.028    -0.507    0.083   -6.30  [  -0.720,  -0.313] *
mid_init_final_jaccard           0.571     0.450    0.022    5.56  [   0.395,   0.504] *
mi_d2                            2.509     2.299    0.039    5.37  [   2.208,   2.392] *
H_end1                           4.562     4.940    0.075   -5.08  [   4.751,   5.097] *
run4_rep3                      170.000   292.760   26.803   -4.58  [ 225.000, 357.000] *
zipf_final                      -1.248    -1.115    0.030   -4.48  [  -1.191,  -1.038] *
key stats: longrange_attract_pairs 126.000 vs 98.710 z 1.5; longrange_avoid_pairs 270.000 vs 253.240 z 1.1; repeat_rate 0.043 vs 0.039 z 0.7; len_sd 2.021 vs 1.902 z 4.2*; two_numerals_share 0.044 vs 0.055 z -2.3; H_start1 6.714 vs 6.757 z -0.8; H_start2 6.230 vs 6.610 z -6.7*; H_start3 6.213 vs 6.433 z -4.2*; H_cond_bigram 2.767 vs 3.292 z -20.1*; mi_d2 2.509 vs 2.299 z 5.4*; hapax_sign_share 0.350 vs 0.323 z 1.6; bigram_hapax_share 0.660 vs 0.519 z 16.5*; len_mean 3.358 vs 3.503 z -3.9*; unique_text_share 0.581 vs 0.581 z -0.0; same_middle_diff_closer 0.200 vs 0.055 z 17.8*
field-level check (real vs one synthetic corpus): texts with a repeated field 0.071, tokens in an already-used field 0.025, repeated-sign tokens 0.009 | texts with a repeated field 0.080, tokens in an already-used field 0.025, repeated-sign tokens 0.008; pair-order agreement with the linear field order 0.850
held-out sites: outside 18/50, sum|z| 133.5; top: longrange_attract_pairs 26.000 vs 1.720 z=16.8; nesting_rate 0.079 vs 0.024 z=7.9; H_end3 5.968 vs 6.495 z=-6.3; unique_text_share 0.789 vs 0.851 z=-5.6; repeat_rate 0.078 vs 0.036 z=5.5; len1_share 0.248 vs 0.183 z=5.3; H_start2 5.819 vs 6.243 z=-4.6; len_sd 2.054 vs 1.817 z=4.6
false-alarm floor (form refitted to its own output): outside 7/50, |z|>3 4, sum|z| 62.9
strongest field couplings (w>0 attract, w<0 repel): F01-F02 +2.27; F18-F19 +2.17; F13-F14 +2.14; F09-F12 +1.53; F09-F11 +1.33; F15-F17 -1.25; F06-F08 +1.24; F07-F17 -1.20; F18-F20 +1.20; F21-F24 -1.12; F21-F23 -1.05; F14-F23 -1.04; F02-F10 +1.02; F00-F02 +1.01; F14-F24 -0.98; F04-F07 -0.96

## PARTIAL control: independent fields (no co-selection)  (fit 616 s)
PARTIAL control: independent fields (no co-selection): outside 34/50, |z|>3: 32, sum|z| 284.8
statistic                         real  syn mean       sd       z                range out
H_cond_bigram                    2.767     3.406    0.026  -24.30  [   3.336,   3.485] *
nesting_rate                     0.161     0.049    0.005   22.73  [   0.035,   0.063] *
run3_multisite_share             0.076     0.028    0.003   19.13  [   0.021,   0.034] *
same_middle_diff_closer          0.200     0.047    0.008   18.15  [   0.025,   0.067] *
text3_multisite_share            0.021     0.003    0.001   17.45  [   0.001,   0.006] *
mi_d1                            3.196     2.660    0.037   14.55  [   2.578,   2.768] *
bigram_hapax_share               0.660     0.516    0.010   13.75  [   0.486,   0.538] *
trigram_hapax_share              0.800     0.674    0.012   10.35  [   0.639,   0.703] *
closer_sign_nonfinal_share       0.081     0.150    0.007  -10.24  [   0.135,   0.165] *
texts_rep3                     106.000   215.330   11.718   -9.33  [ 191.000, 254.000] *
len_sd                           2.021     1.779    0.027    9.12  [   1.698,   1.839] *
H_start2                         6.230     6.714    0.054   -8.92  [   6.583,   6.823] *
zipf_final                      -1.248    -1.051    0.028   -6.99  [  -1.127,  -0.971] *
numeral_initial_share            0.460     0.358    0.015    6.80  [   0.322,   0.397] *
H_end1                           4.562     5.104    0.083   -6.51  [   4.901,   5.300] *
mid_init_final_jaccard           0.571     0.439    0.024    5.47  [   0.373,   0.504] *
len_max                         17.000    11.470    1.014    5.45  [  10.000,  15.000] *
seal_minus_tab_len               1.362     1.068    0.054    5.40  [   0.964,   1.212] *
key stats: longrange_attract_pairs 126.000 vs 91.990 z 2.1; longrange_avoid_pairs 270.000 vs 249.970 z 1.4; repeat_rate 0.043 vs 0.036 z 1.5; len_sd 2.021 vs 1.779 z 9.1*; two_numerals_share 0.044 vs 0.060 z -3.0*; H_start1 6.714 vs 6.702 z 0.2; H_start2 6.230 vs 6.714 z -8.9*; H_start3 6.213 vs 6.496 z -4.7*; H_cond_bigram 2.767 vs 3.406 z -24.3*; mi_d2 2.509 vs 2.354 z 3.3*; hapax_sign_share 0.350 vs 0.313 z 2.4; bigram_hapax_share 0.660 vs 0.516 z 13.7*; len_mean 3.358 vs 3.465 z -3.2*; unique_text_share 0.581 vs 0.583 z -0.3; same_middle_diff_closer 0.200 vs 0.047 z 18.1*
field-level check (real vs one synthetic corpus): texts with a repeated field 0.071, tokens in an already-used field 0.025, repeated-sign tokens 0.009 | texts with a repeated field 0.077, tokens in an already-used field 0.025, repeated-sign tokens 0.008; pair-order agreement with the linear field order 0.850

## PARTIAL ablation: strict linear field order  (fit 599 s)
PARTIAL ablation: strict linear field order: outside 27/50, |z|>3: 21, sum|z| 195.2
statistic                         real  syn mean       sd       z                range out
bigram_hapax_share               0.660     0.495    0.009   17.64  [   0.475,   0.516] *
trigram_hapax_share              0.800     0.638    0.010   16.38  [   0.615,   0.661] *
same_middle_diff_closer          0.200     0.076    0.010   12.71  [   0.044,   0.098] *
nesting_rate                     0.161     0.094    0.007    9.96  [   0.078,   0.112] *
mid_init_final_jaccard           0.571     0.402    0.021    8.05  [   0.360,   0.459] *
texts_rep3                     106.000   200.480   12.353   -7.65  [ 171.000, 226.000] *
mi_d4                            2.711     2.257    0.066    6.91  [   2.110,   2.400] *
mid_len_closer_diff             -1.028    -0.491    0.078   -6.88  [  -0.644,  -0.283] *
text3_multisite_share            0.021     0.009    0.002    6.33  [   0.003,   0.014] *
mi_d2                            2.509     2.285    0.035    6.32  [   2.196,   2.375] *
H_cond_bigram                    2.767     2.896    0.021   -6.14  [   2.845,   2.942] *
run4_rep3                      170.000   296.630   22.351   -5.67  [ 247.000, 346.000] *
adj_double_rate                  0.007     0.024    0.003   -5.38  [   0.017,   0.031] *
mi_d3                            2.462     2.213    0.049    5.08  [   2.102,   2.329] *
len_max                         17.000    12.180    0.973    4.95  [  10.000,  15.000] *
numeral_initial_share            0.460     0.380    0.016    4.92  [   0.334,   0.427] *
mi_d1                            3.196     3.063    0.029    4.57  [   3.009,   3.140] *
len_sd                           2.021     1.894    0.030    4.25  [   1.804,   1.955] *
key stats: longrange_attract_pairs 126.000 vs 96.530 z 1.6; longrange_avoid_pairs 270.000 vs 284.050 z -1.0; repeat_rate 0.043 vs 0.037 z 1.4; len_sd 2.021 vs 1.894 z 4.3*; two_numerals_share 0.044 vs 0.048 z -1.0; H_start1 6.714 vs 6.671 z 0.7; H_start2 6.230 vs 6.324 z -1.7; H_start3 6.213 vs 6.348 z -2.6*; H_cond_bigram 2.767 vs 2.896 z -6.1*; mi_d2 2.509 vs 2.285 z 6.3*; hapax_sign_share 0.350 vs 0.322 z 1.7; bigram_hapax_share 0.660 vs 0.495 z 17.6*; len_mean 3.358 vs 3.493 z -4.1*; unique_text_share 0.581 vs 0.577 z 0.5; same_middle_diff_closer 0.200 vs 0.076 z 12.7*
field-level check (real vs one synthetic corpus): texts with a repeated field 0.071, tokens in an already-used field 0.025, repeated-sign tokens 0.009 | texts with a repeated field 0.083, tokens in an already-used field 0.027, repeated-sign tokens 0.009; pair-order agreement with the linear field order 0.850

## PARTIAL ablation: no element chain  (fit 462 s)
PARTIAL ablation: no element chain: outside 28/50, |z|>3: 25, sum|z| 276.0
statistic                         real  syn mean       sd       z                range out
H_cond_bigram                    2.767     3.547    0.025  -31.07  [   3.481,   3.633] *
mi_d1                            3.196     2.241    0.035   27.06  [   2.159,   2.316] *
run3_multisite_share             0.076     0.020    0.002   26.52  [   0.015,   0.025] *
nesting_rate                     0.161     0.045    0.005   23.26  [   0.033,   0.056] *
same_middle_diff_closer          0.200     0.040    0.007   22.91  [   0.024,   0.058] *
text3_multisite_share            0.021     0.002    0.001   18.81  [   0.000,   0.005] *
bigram_hapax_share               0.660     0.533    0.010   12.90  [   0.506,   0.563] *
trigram_hapax_share              0.800     0.680    0.012   10.35  [   0.654,   0.706] *
closer_sign_nonfinal_share       0.081     0.168    0.009  -10.04  [   0.147,   0.190] *
numeral_initial_share            0.460     0.325    0.014    9.61  [   0.293,   0.365] *
texts_rep3                     106.000   208.200   11.586   -8.82  [ 175.000, 234.000] *
mid_len_closer_diff             -1.028    -0.383    0.077   -8.40  [  -0.551,  -0.225] *
mi_d2                            2.509     2.198    0.038    8.17  [   2.115,   2.299] *
H_start2                         6.230     6.524    0.047   -6.25  [   6.414,   6.649] *
mid_init_final_jaccard           0.571     0.446    0.024    5.22  [   0.384,   0.513] *
adj_double_rate                  0.007     0.022    0.003   -5.08  [   0.015,   0.032] *
len_max                         17.000    12.290    0.941    5.00  [  10.000,  14.000] *
run4_rep3                      170.000   299.560   26.434   -4.90  [ 236.000, 366.000] *
key stats: longrange_attract_pairs 126.000 vs 94.130 z 1.7; longrange_avoid_pairs 270.000 vs 253.530 z 1.3; repeat_rate 0.043 vs 0.047 z -0.8; len_sd 2.021 vs 1.907 z 3.4*; two_numerals_share 0.044 vs 0.063 z -3.9*; H_start1 6.714 vs 6.802 z -1.5; H_start2 6.230 vs 6.524 z -6.3*; H_start3 6.213 vs 6.256 z -0.7; H_cond_bigram 2.767 vs 3.547 z -31.1*; mi_d2 2.509 vs 2.198 z 8.2*; hapax_sign_share 0.350 vs 0.327 z 1.3; bigram_hapax_share 0.660 vs 0.533 z 12.9*; len_mean 3.358 vs 3.502 z -3.7*; unique_text_share 0.581 vs 0.580 z 0.1; same_middle_diff_closer 0.200 vs 0.040 z 22.9*
field-level check (real vs one synthetic corpus): texts with a repeated field 0.071, tokens in an already-used field 0.025, repeated-sign tokens 0.009 | texts with a repeated field 0.080, tokens in an already-used field 0.026, repeated-sign tokens 0.012; pair-order agreement with the linear field order 0.850
