== S-DARK-33 cycle 2 level seq_raw: fit (MD+H complete, direction recorded) 2946 texts [seals 1259, tablets 1472]; held-out sites 451; IM77 certainly-new 324 texts (0/1291 tokens unbridged -> OTHER)

## Indus seals alphabet CLASS: models fitted on train 1007, threshold from dev 252 (5th percentile)
  seals-CLASS                    markov1   dev        n  252 accept 0.95 | shuf 0.68 slot 0.84 rand 0.67 | AUC shuf 0.794 (len>=3 0.834) slot 0.656 rand 0.844
  seals-CLASS                    markov1   heldsites  n  297 accept 0.89 | shuf 0.70 slot 0.85 rand 0.66 | AUC shuf 0.722 (len>=3 0.78) slot 0.586 rand 0.789
  seals-CLASS                    markov1   im77new    n  164 accept 0.77 | shuf 0.59 slot 0.67 rand 0.64 | AUC shuf 0.682 (len>=3 0.689) slot 0.576 rand 0.668
  seals-CLASS                    markov1   im77new_s  n  164 accept 0.77 | shuf 0.54 slot 0.73 rand 0.66 | AUC shuf 0.704 (len>=3 0.726) slot 0.561 rand 0.655
  seals-CLASS                    markov2   dev        n  252 accept 0.95 | shuf 0.93 slot 0.95 rand 0.92 | AUC shuf 0.739 (len>=3 0.768) slot 0.632 rand 0.768
  seals-CLASS                    markov2   heldsites  n  297 accept 0.95 | shuf 0.92 slot 0.95 rand 0.90 | AUC shuf 0.683 (len>=3 0.703) slot 0.597 rand 0.730
  seals-CLASS                    markov2   im77new    n  164 accept 0.93 | shuf 0.86 slot 0.89 rand 0.95 | AUC shuf 0.632 (len>=3 0.642) slot 0.581 rand 0.599
  seals-CLASS                    markov2   im77new_s  n  164 accept 0.93 | shuf 0.91 slot 0.88 rand 0.92 | AUC shuf 0.634 (len>=3 0.652) slot 0.592 rand 0.630
  seals-CLASS                    alergia   dev        n  252 accept 0.95 | shuf 0.82 slot 0.91 rand 0.82 | AUC shuf 0.760 (len>=3 0.811) slot 0.604 rand 0.792
  seals-CLASS                    alergia   heldsites  n  297 accept 0.96 | shuf 0.84 slot 0.93 rand 0.86 | AUC shuf 0.717 (len>=3 0.784) slot 0.550 rand 0.775
  seals-CLASS                    alergia   im77new    n  164 accept 0.82 | shuf 0.72 slot 0.86 rand 0.87 | AUC shuf 0.649 (len>=3 0.656) slot 0.534 rand 0.624
  seals-CLASS                    alergia   im77new_s  n  164 accept 0.82 | shuf 0.77 slot 0.80 rand 0.82 | AUC shuf 0.646 (len>=3 0.658) slot 0.540 rand 0.639
  seals-CLASS                    mdl       dev        n  252 accept 0.95 | shuf 0.77 slot 0.89 rand 0.74 | AUC shuf 0.741 (len>=3 0.784) slot 0.570 rand 0.768
  seals-CLASS                    mdl       heldsites  n  297 accept 0.93 | shuf 0.83 slot 0.93 rand 0.75 | AUC shuf 0.703 (len>=3 0.745) slot 0.527 rand 0.745
  seals-CLASS                    mdl       im77new    n  164 accept 0.87 | shuf 0.67 slot 0.81 rand 0.76 | AUC shuf 0.684 (len>=3 0.686) slot 0.554 rand 0.647
  seals-CLASS                    mdl       im77new_s  n  164 accept 0.87 | shuf 0.70 slot 0.81 rand 0.74 | AUC shuf 0.646 (len>=3 0.655) slot 0.559 rand 0.655
  seals-CLASS                    hmm20     dev        n  252 accept 0.95 | shuf 0.57 slot 0.84 rand 0.59 | AUC shuf 0.837 (len>=3 0.893) slot 0.665 rand 0.880
  seals-CLASS                    hmm20     heldsites  n  297 accept 0.94 | shuf 0.62 slot 0.89 rand 0.58 | AUC shuf 0.757 (len>=3 0.82) slot 0.603 rand 0.826
  seals-CLASS                    hmm20     im77new    n  164 accept 0.79 | shuf 0.54 slot 0.68 rand 0.60 | AUC shuf 0.702 (len>=3 0.721) slot 0.586 rand 0.695
  seals-CLASS                    hmm20     im77new_s  n  164 accept 0.79 | shuf 0.54 slot 0.70 rand 0.56 | AUC shuf 0.696 (len>=3 0.718) slot 0.583 rand 0.707
  OTHER share: train 0.197  held sites 0.240  im77new 0.173

## Indus all+type alphabet CLASS: models fitted on train 2356, threshold from dev 590 (5th percentile)
  all+type-CLASS                 markov1   dev        n  590 accept 0.95 | shuf 0.61 slot 0.80 rand 0.38 | AUC shuf 0.778 (len>=3 0.891) slot 0.616 rand 0.907
  all+type-CLASS                 markov1   heldsites  n  451 accept 0.87 | shuf 0.68 slot 0.82 rand 0.42 | AUC shuf 0.694 (len>=3 0.77) slot 0.577 rand 0.845
  all+type-CLASS                 markov1   im77new    n  324 accept 0.73 | shuf 0.54 slot 0.64 rand 0.39 | AUC shuf 0.670 (len>=3 0.699) slot 0.586 rand 0.763
  all+type-CLASS                 markov1   im77new_s  n  164 accept 0.69 | shuf 0.43 slot 0.57 rand 0.32 | AUC shuf 0.697 (len>=3 0.716) slot 0.583 rand 0.734
  all+type-CLASS                 markov2   dev        n  590 accept 0.95 | shuf 0.85 slot 0.90 rand 0.76 | AUC shuf 0.710 (len>=3 0.85) slot 0.631 rand 0.870
  all+type-CLASS                 markov2   heldsites  n  451 accept 0.93 | shuf 0.88 slot 0.92 rand 0.77 | AUC shuf 0.652 (len>=3 0.706) slot 0.563 rand 0.784
  all+type-CLASS                 markov2   im77new    n  324 accept 0.88 | shuf 0.79 slot 0.84 rand 0.80 | AUC shuf 0.644 (len>=3 0.672) slot 0.560 rand 0.673
  all+type-CLASS                 markov2   im77new_s  n  164 accept 0.89 | shuf 0.76 slot 0.82 rand 0.82 | AUC shuf 0.661 (len>=3 0.671) slot 0.575 rand 0.657
  all+type-CLASS                 alergia   dev        n  590 accept 0.95 | shuf 0.68 slot 0.85 rand 0.51 | AUC shuf 0.715 (len>=3 0.869) slot 0.595 rand 0.875
  all+type-CLASS                 alergia   heldsites  n  451 accept 0.89 | shuf 0.74 slot 0.85 rand 0.53 | AUC shuf 0.662 (len>=3 0.741) slot 0.545 rand 0.806
  all+type-CLASS                 alergia   im77new    n  324 accept 0.78 | shuf 0.58 slot 0.71 rand 0.44 | AUC shuf 0.648 (len>=3 0.67) slot 0.552 rand 0.743
  all+type-CLASS                 alergia   im77new_s  n  164 accept 0.74 | shuf 0.49 slot 0.70 rand 0.45 | AUC shuf 0.651 (len>=3 0.655) slot 0.542 rand 0.709
  all+type-CLASS                 mdl       dev        n  590 accept 0.95 | shuf 0.76 slot 0.87 rand 0.41 | AUC shuf 0.688 (len>=3 0.816) slot 0.578 rand 0.876
  all+type-CLASS                 mdl       heldsites  n  451 accept 0.93 | shuf 0.82 slot 0.93 rand 0.44 | AUC shuf 0.662 (len>=3 0.734) slot 0.540 rand 0.831
  all+type-CLASS                 mdl       im77new    n  324 accept 0.83 | shuf 0.67 slot 0.78 rand 0.33 | AUC shuf 0.668 (len>=3 0.691) slot 0.551 rand 0.813
  all+type-CLASS                 mdl       im77new_s  n  164 accept 0.83 | shuf 0.67 slot 0.74 rand 0.37 | AUC shuf 0.660 (len>=3 0.684) slot 0.558 rand 0.777
  all+type-CLASS                 hmm20     dev        n  590 accept 0.95 | shuf 0.92 slot 0.95 rand 0.79 | AUC shuf 0.740 (len>=3 0.85) slot 0.595 rand 0.769
  all+type-CLASS                 hmm20     heldsites  n  451 accept 0.95 | shuf 0.92 slot 0.95 rand 0.77 | AUC shuf 0.658 (len>=3 0.779) slot 0.559 rand 0.734
  all+type-CLASS                 hmm20     im77new    n  324 accept 0.99 | shuf 0.96 slot 0.98 rand 0.80 | AUC shuf 0.659 (len>=3 0.7) slot 0.555 rand 0.697
  all+type-CLASS                 hmm20     im77new_s  n  164 accept 1.00 | shuf 0.96 slot 1.00 rand 0.83 | AUC shuf 0.664 (len>=3 0.686) slot 0.545 rand 0.674
  OTHER share: train 0.139  held sites 0.197  im77new 0.147

## Indus seals alphabet RAW: models fitted on train 1007, threshold from dev 252 (5th percentile)
  seals-RAW                      markov1   dev        n  252 accept 0.95 | shuf 0.86 slot 0.91 rand 0.89 | AUC shuf 0.738 (len>=3 0.781) slot 0.624 rand 0.784
  seals-RAW                      markov1   heldsites  n  297 accept 0.95 | shuf 0.80 slot 0.93 rand 0.78 | AUC shuf 0.703 (len>=3 0.753) slot 0.573 rand 0.774
  seals-RAW                      markov1   im77new    n  164 accept 0.87 | shuf 0.75 slot 0.81 rand 0.80 | AUC shuf 0.652 (len>=3 0.664) slot 0.591 rand 0.640
  seals-RAW                      markov1   im77new_s  n  164 accept 0.87 | shuf 0.69 slot 0.79 rand 0.81 | AUC shuf 0.682 (len>=3 0.699) slot 0.583 rand 0.608
  seals-RAW                      markov2   dev        n  252 accept 0.96 | shuf 0.91 slot 0.94 rand 0.92 | AUC shuf 0.684 (len>=3 0.712) slot 0.591 rand 0.732
  seals-RAW                      markov2   heldsites  n  297 accept 0.96 | shuf 0.91 slot 0.94 rand 0.96 | AUC shuf 0.648 (len>=3 0.673) slot 0.569 rand 0.695
  seals-RAW                      markov2   im77new    n  164 accept 0.88 | shuf 0.82 slot 0.87 rand 0.92 | AUC shuf 0.650 (len>=3 0.667) slot 0.580 rand 0.605
  seals-RAW                      markov2   im77new_s  n  164 accept 0.88 | shuf 0.81 slot 0.84 rand 0.87 | AUC shuf 0.648 (len>=3 0.655) slot 0.592 rand 0.611
  seals-RAW                      alergia   dev        n  252 accept 0.95 | shuf 0.73 slot 0.88 rand 0.70 | AUC shuf 0.769 (len>=3 0.812) slot 0.619 rand 0.835
  seals-RAW                      alergia   heldsites  n  297 accept 0.92 | shuf 0.74 slot 0.87 rand 0.73 | AUC shuf 0.699 (len>=3 0.761) slot 0.563 rand 0.743
  seals-RAW                      alergia   im77new    n  164 accept 0.80 | shuf 0.61 slot 0.69 rand 0.68 | AUC shuf 0.671 (len>=3 0.694) slot 0.577 rand 0.659
  seals-RAW                      alergia   im77new_s  n  164 accept 0.80 | shuf 0.63 slot 0.68 rand 0.69 | AUC shuf 0.668 (len>=3 0.692) slot 0.579 rand 0.638
  seals-RAW                      mdl       dev        n  252 accept 0.95 | shuf 0.79 slot 0.89 rand 0.77 | AUC shuf 0.733 (len>=3 0.761) slot 0.580 rand 0.783
  seals-RAW                      mdl       heldsites  n  297 accept 0.91 | shuf 0.78 slot 0.88 rand 0.77 | AUC shuf 0.670 (len>=3 0.715) slot 0.535 rand 0.691
  seals-RAW                      mdl       im77new    n  164 accept 0.87 | shuf 0.73 slot 0.76 rand 0.70 | AUC shuf 0.662 (len>=3 0.681) slot 0.564 rand 0.608
  seals-RAW                      mdl       im77new_s  n  164 accept 0.87 | shuf 0.72 slot 0.78 rand 0.76 | AUC shuf 0.685 (len>=3 0.701) slot 0.559 rand 0.629
  seals-RAW                      hmm20     dev        n  252 accept 0.95 | shuf 0.58 slot 0.82 rand 0.51 | AUC shuf 0.831 (len>=3 0.887) slot 0.651 rand 0.878
  seals-RAW                      hmm20     heldsites  n  297 accept 0.94 | shuf 0.62 slot 0.86 rand 0.47 | AUC shuf 0.770 (len>=3 0.832) slot 0.606 rand 0.847
  seals-RAW                      hmm20     im77new    n  164 accept 0.81 | shuf 0.43 slot 0.68 rand 0.48 | AUC shuf 0.763 (len>=3 0.779) slot 0.605 rand 0.757
  seals-RAW                      hmm20     im77new_s  n  164 accept 0.81 | shuf 0.46 slot 0.65 rand 0.52 | AUC shuf 0.746 (len>=3 0.77) slot 0.623 rand 0.741
  OTHER share: train 0.145  held sites 0.183  im77new 0.099

## Indus all+type alphabet RAW: models fitted on train 2356, threshold from dev 590 (5th percentile)
  all+type-RAW                   markov1   dev        n  590 accept 0.95 | shuf 0.72 slot 0.84 rand 0.67 | AUC shuf 0.762 (len>=3 0.88) slot 0.624 rand 0.892
  all+type-RAW                   markov1   heldsites  n  451 accept 0.90 | shuf 0.75 slot 0.88 rand 0.74 | AUC shuf 0.676 (len>=3 0.743) slot 0.575 rand 0.756
  all+type-RAW                   markov1   im77new    n  324 accept 0.73 | shuf 0.53 slot 0.61 rand 0.79 | AUC shuf 0.654 (len>=3 0.684) slot 0.590 rand 0.555
  all+type-RAW                   markov1   im77new_s  n  164 accept 0.78 | shuf 0.49 slot 0.63 rand 0.71 | AUC shuf 0.707 (len>=3 0.732) slot 0.603 rand 0.605
  all+type-RAW                   markov2   dev        n  590 accept 0.95 | shuf 0.77 slot 0.87 rand 0.75 | AUC shuf 0.710 (len>=3 0.832) slot 0.629 rand 0.846
  all+type-RAW                   markov2   heldsites  n  451 accept 0.92 | shuf 0.86 slot 0.90 rand 0.78 | AUC shuf 0.633 (len>=3 0.682) slot 0.553 rand 0.712
  all+type-RAW                   markov2   im77new    n  324 accept 0.81 | shuf 0.66 slot 0.70 rand 0.75 | AUC shuf 0.638 (len>=3 0.654) slot 0.601 rand 0.555
  all+type-RAW                   markov2   im77new_s  n  164 accept 0.84 | shuf 0.70 slot 0.77 rand 0.80 | AUC shuf 0.646 (len>=3 0.669) slot 0.590 rand 0.569
  all+type-RAW                   alergia   dev        n  590 accept 0.95 | shuf 0.76 slot 0.86 rand 0.60 | AUC shuf 0.717 (len>=3 0.847) slot 0.612 rand 0.878
  all+type-RAW                   alergia   heldsites  n  451 accept 0.93 | shuf 0.77 slot 0.90 rand 0.58 | AUC shuf 0.664 (len>=3 0.721) slot 0.543 rand 0.818
  all+type-RAW                   alergia   im77new    n  324 accept 0.83 | shuf 0.61 slot 0.69 rand 0.58 | AUC shuf 0.681 (len>=3 0.692) slot 0.580 rand 0.721
  all+type-RAW                   alergia   im77new_s  n  164 accept 0.84 | shuf 0.66 slot 0.81 rand 0.57 | AUC shuf 0.673 (len>=3 0.697) slot 0.554 rand 0.740
  all+type-RAW                   mdl       dev        n  590 accept 0.95 | shuf 0.73 slot 0.83 rand 0.45 | AUC shuf 0.697 (len>=3 0.811) slot 0.605 rand 0.873
  all+type-RAW                   mdl       heldsites  n  451 accept 0.91 | shuf 0.78 slot 0.84 rand 0.45 | AUC shuf 0.660 (len>=3 0.718) slot 0.558 rand 0.822
  all+type-RAW                   mdl       im77new    n  324 accept 0.81 | shuf 0.63 slot 0.72 rand 0.44 | AUC shuf 0.663 (len>=3 0.688) slot 0.577 rand 0.747
  all+type-RAW                   mdl       im77new_s  n  164 accept 0.82 | shuf 0.66 slot 0.76 rand 0.39 | AUC shuf 0.671 (len>=3 0.677) slot 0.574 rand 0.770
  all+type-RAW                   hmm20     dev        n  590 accept 0.95 | shuf 0.90 slot 0.94 rand 0.78 | AUC shuf 0.733 (len>=3 0.828) slot 0.593 rand 0.754
  all+type-RAW                   hmm20     heldsites  n  451 accept 0.93 | shuf 0.88 slot 0.92 rand 0.74 | AUC shuf 0.661 (len>=3 0.749) slot 0.550 rand 0.679
  all+type-RAW                   hmm20     im77new    n  324 accept 0.92 | shuf 0.84 slot 0.92 rand 0.85 | AUC shuf 0.672 (len>=3 0.713) slot 0.551 rand 0.640
  all+type-RAW                   hmm20     im77new_s  n  164 accept 0.97 | shuf 0.89 slot 0.94 rand 0.79 | AUC shuf 0.672 (len>=3 0.688) slot 0.578 rand 0.671
  OTHER share: train 0.097  held sites 0.159  im77new 0.067

[98s]
