# LOOP 38 cycle 3: closer-less texts as truncations? (2026-10-03T13:55)
Sample: complete single-line seals, no unread sign, L >= 2, H known. Closer = last sign in the S289 set (jar W740, arrow W520, W156/527/617/226/390/405/154/158/15/254/12); variant B also counts a final opener (S286).
Label permuted within site x length strata (1000x). Space-driven omission predicts: closer-less texts denser (ink/H higher), on smaller faces, ending in a normally non-final sign.

--- level seq_raw: n = 1426
variant A: closer-less 508 vs closer-bearing 918
  within closer-less texts (416): rho(ink/H crowding, LOO final rate of the last sign) = +0.260; crowding permuted within site x length: [+0.062,+0.185], P (one-sided, negative = crowded faces end in non-final signs) 1.000
    mean LOO final rate of the last sign: closer-less 0.472 (crowded top quartile 0.544, rest 0.450) vs closer-bearing 0.749 (the latter is high by construction)
  last sign of closer-less texts vs pre-closer sign of closer-bearing texts: cosine 0.146; vs the non-final signs of the closer-less texts themselves: 0.249; vs the pre-closer sign of closer-bearing texts, non-final signs: 0.366
    commonest last signs of closer-less texts: W90 50, W400 49, W151 45, W407 20, W368 16, W820 12, W679 11, W2 10, W161 10, W621 10 | commonest pre-closer signs: W760 48, W33 35, W100 34, W220 30, W3 28, W32 23, W390 22, W798 21, W176 18, W900 17
  ink/H density: closer-less 0.093 vs closer-bearing 0.103; diff -0.009; null mean -0.007 [-0.010,-0.004]; P two-sided 0.102
  face width H (mm): closer-less 27.054 vs closer-bearing 27.159; diff -0.105; null mean -0.754 [-1.494,-0.042]; P two-sided 0.084
  log area H*V: closer-less 6.323 vs closer-bearing 6.376; diff -0.053; null mean -0.039 [-0.093,+0.013]; P two-sided 0.615
  width of last sign (jar 0.67, arrow 0.51; a class effect, listed for completeness): closer-less 0.561 vs closer-bearing 0.644; diff -0.083; null mean -0.003 [-0.022,+0.017]; P two-sided 0.001
  closer-less share on crowded faces (ink/H above the 75th pct) 0.314 vs rest 0.370; diff -0.057; P 0.688
variant B: closer-less 487 vs closer-bearing 939
  within closer-less texts (395): rho(ink/H crowding, LOO final rate of the last sign) = +0.264; crowding permuted within site x length: [+0.065,+0.185], P (one-sided, negative = crowded faces end in non-final signs) 1.000
    mean LOO final rate of the last sign: closer-less 0.494 (crowded top quartile 0.571, rest 0.470) vs closer-bearing 0.734 (the latter is high by construction)
  last sign of closer-less texts vs pre-closer sign of closer-bearing texts: cosine 0.145; vs the non-final signs of the closer-less texts themselves: 0.210; vs the pre-closer sign of closer-bearing texts, non-final signs: 0.369
    commonest last signs of closer-less texts: W90 50, W400 49, W151 45, W407 20, W368 16, W679 11, W2 10, W161 10, W621 10, W220 9 | commonest pre-closer signs: W760 48, W33 35, W100 34, W220 30, W3 29, W390 24, W32 23, W798 21, W176 18, W900 18
  ink/H density: closer-less 0.093 vs closer-bearing 0.102; diff -0.009; null mean -0.007 [-0.010,-0.003]; P two-sided 0.130
  face width H (mm): closer-less 26.809 vs closer-bearing 27.284; diff -0.475; null mean -0.706 [-1.459,-0.005]; P two-sided 0.531
  log area H*V: closer-less 6.305 vs closer-bearing 6.385; diff -0.080; null mean -0.040 [-0.096,+0.017]; P two-sided 0.183
  width of last sign (jar 0.67, arrow 0.51; a class effect, listed for completeness): closer-less 0.557 vs closer-bearing 0.645; diff -0.088; null mean -0.004 [-0.024,+0.016]; P two-sided 0.001
  closer-less share on crowded faces (ink/H above the 75th pct) 0.300 vs rest 0.355; diff -0.056; P 0.799
wrapped two-line seals: 62 (L mean 7.21) vs single-line 1476 (L mean 4.66)
  closer = last sign in the stored order: wrapped 0.161 vs single 0.636; length-and-site-matched diff -0.474 [null -0.121,+0.097], P 0.001
  closer at the end of either segment: wrapped 0.645 vs single 0.636; length-and-site-matched diff +0.010 [null -0.074,+0.144], P 0.653
  face width H: wrapped 30.1 mm (n 60) vs single 27.1; matched diff +3.01 mm, null [+2.13,+5.84], P 0.342
  wrapped seals, segment ends and sizes (stored order): [('1 segment end(s) in a closer', 35), ('0 segment end(s) in a closer', 22), ('segment sizes 1/6', 7), ('segment sizes 2/4', 6), ('segment sizes 2/5', 5), ('segment sizes 3/5', 5), ('2 segment end(s) in a closer', 5), ('segment sizes 3/6', 4), ('segment sizes 2/6', 3), ('segment sizes 2/3', 3), ('segment sizes 3/2', 3), ('segment sizes 2/2', 2), ('segment sizes 4/2', 2), ('segment sizes 3/3', 2)]
wide signs on narrow faces: 72 signs with >= 20 texts; rho(sign width, mean residual log H of texts containing it) = +0.031; width-shuffle null [-0.241,+0.234], P (one-sided, positive = wide signs on wider faces) 0.393
  signs on the widest faces (residual, width): W595 +0.258 (0.56), W706 +0.216 (0.53), W717 +0.165 (0.53), W692 +0.120 (0.67), W806 +0.118 (0.61), W231 +0.103 (0.45) | narrowest: W400 -0.146 (0.34), W350 -0.097 (0.47), W741 -0.084 (0.82), W61 -0.082 (0.47), W70 -0.080 (0.55), W590 -0.079 (0.58)
  W220 plain fish: width 0.42, residual log H +0.010 (166 texts)
  W240 whisker fish: width 0.43, residual log H +0.017 (139 texts)
  W235 hat fish: width 0.45, residual log H +0.051 (112 texts)
  W740 jar: width 0.67, residual log H -0.014 (677 texts)
  W2 tall 2: width 0.23, residual log H -0.004 (434 texts)
  W817 opener 817: width 0.61, residual log H -0.020 (109 texts)
  W861 opener 861: width 0.74, residual log H -0.009 (135 texts)
  W90 man W90 (M1): width 0.45, residual log H -0.024 (61 texts)
  W33 tall 3: width 0.35, residual log H +0.036 (102 texts)
  W400 W400: width 0.34, residual log H -0.146 (64 texts)
  W125 W125 widest: width 0.85, residual log H +0.097 (38 texts)

--- level seq_strong: n = 1426
variant A: closer-less 500 vs closer-bearing 926
  within closer-less texts (414): rho(ink/H crowding, LOO final rate of the last sign) = +0.255; crowding permuted within site x length: [+0.057,+0.178], P (one-sided, negative = crowded faces end in non-final signs) 1.000
    mean LOO final rate of the last sign: closer-less 0.471 (crowded top quartile 0.538, rest 0.451) vs closer-bearing 0.747 (the latter is high by construction)
  last sign of closer-less texts vs pre-closer sign of closer-bearing texts: cosine 0.143; vs the non-final signs of the closer-less texts themselves: 0.255; vs the pre-closer sign of closer-bearing texts, non-final signs: 0.379
    commonest last signs of closer-less texts: W90 50, W400 49, W151 45, W407 20, W368 16, W820 12, W679 11, W2 10, W161 10, W621 10 | commonest pre-closer signs: W760 48, W33 35, W390 34, W100 34, W220 30, W3 28, W32 23, W803 22, W798 21, W176 18
  ink/H density: closer-less 0.094 vs closer-bearing 0.103; diff -0.009; null mean -0.007 [-0.010,-0.004]; P two-sided 0.160
  face width H (mm): closer-less 27.016 vs closer-bearing 27.179; diff -0.163; null mean -0.734 [-1.471,-0.009]; P two-sided 0.135
  log area H*V: closer-less 6.320 vs closer-bearing 6.378; diff -0.058; null mean -0.042 [-0.098,+0.013]; P two-sided 0.581
  width of last sign (jar 0.67, arrow 0.51; a class effect, listed for completeness): closer-less 0.564 vs closer-bearing 0.640; diff -0.076; null mean -0.003 [-0.022,+0.015]; P two-sided 0.001
  closer-less share on crowded faces (ink/H above the 75th pct) 0.311 vs rest 0.364; diff -0.053; P 0.634
variant B: closer-less 479 vs closer-bearing 947
  within closer-less texts (393): rho(ink/H crowding, LOO final rate of the last sign) = +0.262; crowding permuted within site x length: [+0.056,+0.184], P (one-sided, negative = crowded faces end in non-final signs) 1.000
    mean LOO final rate of the last sign: closer-less 0.492 (crowded top quartile 0.565, rest 0.471) vs closer-bearing 0.732 (the latter is high by construction)
  last sign of closer-less texts vs pre-closer sign of closer-bearing texts: cosine 0.141; vs the non-final signs of the closer-less texts themselves: 0.207; vs the pre-closer sign of closer-bearing texts, non-final signs: 0.381
    commonest last signs of closer-less texts: W90 50, W400 49, W151 45, W407 20, W368 16, W679 11, W2 10, W161 10, W621 10, W220 9 | commonest pre-closer signs: W760 48, W390 36, W33 35, W100 34, W220 30, W3 29, W32 23, W803 22, W798 21, W176 18
  ink/H density: closer-less 0.094 vs closer-bearing 0.103; diff -0.009; null mean -0.006 [-0.010,-0.003]; P two-sided 0.160
  face width H (mm): closer-less 26.766 vs closer-bearing 27.302; diff -0.536; null mean -0.690 [-1.494,+0.071]; P two-sided 0.705
  log area H*V: closer-less 6.301 vs closer-bearing 6.386; diff -0.085; null mean -0.039 [-0.099,+0.020]; P two-sided 0.123
  width of last sign (jar 0.67, arrow 0.51; a class effect, listed for completeness): closer-less 0.559 vs closer-bearing 0.641; diff -0.082; null mean -0.004 [-0.024,+0.015]; P two-sided 0.001
  closer-less share on crowded faces (ink/H above the 75th pct) 0.297 vs rest 0.349; diff -0.052; P 0.740
wrapped two-line seals: 62 (L mean 7.21) vs single-line 1476 (L mean 4.66)
  closer = last sign in the stored order: wrapped 0.161 vs single 0.641; length-and-site-matched diff -0.480 [null -0.110,+0.092], P 0.001
  closer at the end of either segment: wrapped 0.645 vs single 0.641; length-and-site-matched diff +0.004 [null -0.080,+0.139], P 0.648
  face width H: wrapped 30.1 mm (n 60) vs single 27.1; matched diff +3.01 mm, null [+2.31,+5.80], P 0.304
  wrapped seals, segment ends and sizes (stored order): [('1 segment end(s) in a closer', 35), ('0 segment end(s) in a closer', 22), ('segment sizes 1/6', 7), ('segment sizes 2/4', 6), ('segment sizes 2/5', 5), ('segment sizes 3/5', 5), ('2 segment end(s) in a closer', 5), ('segment sizes 3/6', 4), ('segment sizes 2/6', 3), ('segment sizes 2/3', 3), ('segment sizes 3/2', 3), ('segment sizes 2/2', 2), ('segment sizes 4/2', 2), ('segment sizes 3/3', 2)]
wide signs on narrow faces: 69 signs with >= 20 texts; rho(sign width, mean residual log H of texts containing it) = +0.041; width-shuffle null [-0.242,+0.235], P (one-sided, positive = wide signs on wider faces) 0.362
  signs on the widest faces (residual, width): W595 +0.258 (0.56), W717 +0.165 (0.53), W692 +0.120 (0.67), W231 +0.103 (0.45), W125 +0.097 (0.85), W140 +0.081 (0.53) | narrowest: W400 -0.146 (0.34), W350 -0.097 (0.47), W741 -0.084 (0.82), W61 -0.082 (0.47), W70 -0.080 (0.55), W590 -0.079 (0.58)
  W220 plain fish: width 0.42, residual log H +0.010 (166 texts)
  W240 whisker fish: width 0.43, residual log H +0.017 (139 texts)
  W235 hat fish: width 0.45, residual log H +0.051 (112 texts)
  W740 jar: width 0.67, residual log H -0.014 (677 texts)
  W2 tall 2: width 0.23, residual log H -0.004 (434 texts)
  W861 opener 861: width 0.74, residual log H -0.014 (243 texts)
  W90 man W90 (M1): width 0.45, residual log H -0.024 (61 texts)
  W33 tall 3: width 0.35, residual log H +0.036 (102 texts)
  W400 W400: width 0.34, residual log H -0.146 (64 texts)
  W125 W125 widest: width 0.85, residual log H +0.097 (38 texts)

--- level seq_all: n = 1426
variant A: closer-less 500 vs closer-bearing 926
  within closer-less texts (414): rho(ink/H crowding, LOO final rate of the last sign) = +0.228; crowding permuted within site x length: [+0.015,+0.147], P (one-sided, negative = crowded faces end in non-final signs) 1.000
    mean LOO final rate of the last sign: closer-less 0.467 (crowded top quartile 0.533, rest 0.447) vs closer-bearing 0.747 (the latter is high by construction)
  last sign of closer-less texts vs pre-closer sign of closer-bearing texts: cosine 0.142; vs the non-final signs of the closer-less texts themselves: 0.258; vs the pre-closer sign of closer-bearing texts, non-final signs: 0.381
    commonest last signs of closer-less texts: W90 51, W400 49, W151 45, W407 20, W368 16, W820 12, W679 11, W2 10, W161 10, W621 10 | commonest pre-closer signs: W760 48, W33 35, W390 34, W100 34, W220 30, W3 28, W803 24, W32 23, W798 21, W176 18
  ink/H density: closer-less 0.094 vs closer-bearing 0.103; diff -0.009; null mean -0.007 [-0.010,-0.004]; P two-sided 0.157
  face width H (mm): closer-less 27.016 vs closer-bearing 27.179; diff -0.163; null mean -0.730 [-1.472,-0.002]; P two-sided 0.133
  log area H*V: closer-less 6.320 vs closer-bearing 6.378; diff -0.058; null mean -0.041 [-0.098,+0.022]; P two-sided 0.552
  width of last sign (jar 0.67, arrow 0.51; a class effect, listed for completeness): closer-less 0.564 vs closer-bearing 0.640; diff -0.076; null mean -0.003 [-0.023,+0.014]; P two-sided 0.001
  closer-less share on crowded faces (ink/H above the 75th pct) 0.314 vs rest 0.363; diff -0.049; P 0.573
variant B: closer-less 479 vs closer-bearing 947
  within closer-less texts (393): rho(ink/H crowding, LOO final rate of the last sign) = +0.231; crowding permuted within site x length: [+0.014,+0.143], P (one-sided, negative = crowded faces end in non-final signs) 1.000
    mean LOO final rate of the last sign: closer-less 0.488 (crowded top quartile 0.559, rest 0.467) vs closer-bearing 0.732 (the latter is high by construction)
  last sign of closer-less texts vs pre-closer sign of closer-bearing texts: cosine 0.140; vs the non-final signs of the closer-less texts themselves: 0.211; vs the pre-closer sign of closer-bearing texts, non-final signs: 0.382
    commonest last signs of closer-less texts: W90 51, W400 49, W151 45, W407 20, W368 16, W679 11, W2 10, W161 10, W621 10, W220 9 | commonest pre-closer signs: W760 48, W390 36, W33 35, W100 34, W220 30, W3 29, W803 24, W32 23, W798 21, W176 18
  ink/H density: closer-less 0.094 vs closer-bearing 0.103; diff -0.009; null mean -0.006 [-0.009,-0.003]; P two-sided 0.141
  face width H (mm): closer-less 26.766 vs closer-bearing 27.302; diff -0.536; null mean -0.664 [-1.395,+0.099]; P two-sided 0.746
  log area H*V: closer-less 6.301 vs closer-bearing 6.386; diff -0.085; null mean -0.038 [-0.096,+0.024]; P two-sided 0.119
  width of last sign (jar 0.67, arrow 0.51; a class effect, listed for completeness): closer-less 0.559 vs closer-bearing 0.641; diff -0.082; null mean -0.004 [-0.023,+0.015]; P two-sided 0.001
  closer-less share on crowded faces (ink/H above the 75th pct) 0.300 vs rest 0.348; diff -0.048; P 0.642
wrapped two-line seals: 62 (L mean 7.21) vs single-line 1476 (L mean 4.66)
  closer = last sign in the stored order: wrapped 0.161 vs single 0.641; length-and-site-matched diff -0.480 [null -0.127,+0.092], P 0.001
  closer at the end of either segment: wrapped 0.645 vs single 0.641; length-and-site-matched diff +0.004 [null -0.063,+0.139], P 0.634
  face width H: wrapped 30.1 mm (n 60) vs single 27.1; matched diff +3.01 mm, null [+2.28,+5.81], P 0.282
  wrapped seals, segment ends and sizes (stored order): [('1 segment end(s) in a closer', 35), ('0 segment end(s) in a closer', 22), ('segment sizes 1/6', 7), ('segment sizes 2/4', 6), ('segment sizes 2/5', 5), ('segment sizes 3/5', 5), ('2 segment end(s) in a closer', 5), ('segment sizes 3/6', 4), ('segment sizes 2/6', 3), ('segment sizes 2/3', 3), ('segment sizes 3/2', 3), ('segment sizes 2/2', 2), ('segment sizes 4/2', 2), ('segment sizes 3/3', 2)]
wide signs on narrow faces: 69 signs with >= 20 texts; rho(sign width, mean residual log H of texts containing it) = +0.043; width-shuffle null [-0.236,+0.235], P (one-sided, positive = wide signs on wider faces) 0.371
  signs on the widest faces (residual, width): W595 +0.258 (0.56), W717 +0.165 (0.53), W692 +0.120 (0.67), W231 +0.103 (0.45), W125 +0.097 (0.85), W140 +0.081 (0.53) | narrowest: W400 -0.146 (0.34), W350 -0.097 (0.47), W741 -0.084 (0.82), W61 -0.082 (0.47), W70 -0.080 (0.55), W590 -0.079 (0.58)
  W220 plain fish: width 0.42, residual log H +0.010 (166 texts)
  W240 whisker fish: width 0.43, residual log H +0.017 (140 texts)
  W235 hat fish: width 0.45, residual log H +0.051 (112 texts)
  W740 jar: width 0.67, residual log H -0.014 (677 texts)
  W2 tall 2: width 0.23, residual log H -0.004 (434 texts)
  W861 opener 861: width 0.74, residual log H -0.014 (243 texts)
  W90 man W90 (M1): width 0.45, residual log H -0.033 (66 texts)
  W33 tall 3: width 0.35, residual log H +0.036 (102 texts)
  W400 W400: width 0.34, residual log H -0.146 (64 texts)
  W125 W125 widest: width 0.85, residual log H +0.097 (38 texts)
