# LOOP 40 cycle 1 level seq_raw: 3415 complete direction-recorded texts; 1168 of >= 5 signs

## Cycle 1: decomposition census (units = complete texts attested on another object, any site)

### matching mode exact: 2144 distinct complete texts as unit inventory
REAL minlen=1: n=1168 2-way 64 (0.055) 2-or-3-way 87 (0.074) cut at frame boundary 18/87
  null slot-shuffle (200x): 2-way median 17 [13-23] P=0.0050; 2-or-3-way median 29 [23-37] P=0.0050; ratio real/null 3.00; cut-at-boundary share null 0.19 vs real 0.21
  null text-shuffle (200x): 2-way median 1 [0-3] P=0.0050; 2-or-3-way median 4 [1-9] P=0.0050; ratio real/null 21.75; cut-at-boundary share null 0.30 vs real 0.21
REAL minlen=2: n=1168 2-way 43 (0.037) 2-or-3-way 43 (0.037) cut at frame boundary 8/43
  by site:
    Mohenjo-daro: n=671 2-way 22 (0.033) 2-or-3-way 22 (0.033) cut at frame boundary 2/22
    Harappa: n=320 2-way 17 (0.053) 2-or-3-way 17 (0.053) cut at frame boundary 6/17
    Lothal: n=39 2-way 1 (0.026) 2-or-3-way 1 (0.026) cut at frame boundary 0/1
    Dholavira: n=31 2-way 1 (0.032) 2-or-3-way 1 (0.032) cut at frame boundary 0/1
    Kalibangan: n=27 2-way 0 (0.000) 2-or-3-way 0 (0.000) cut at frame boundary 0/0
    Chanhu-daro: n=26 2-way 1 (0.038) 2-or-3-way 1 (0.038) cut at frame boundary 0/1
    Unknown: n=12 2-way 0 (0.000) 2-or-3-way 0 (0.000) cut at frame boundary 0/0
    Nausharo: n=7 2-way 0 (0.000) 2-or-3-way 0 (0.000) cut at frame boundary 0/0
  by object type:
    SEAL: n=806 2-way 23 (0.029) 2-or-3-way 23 (0.029) cut at frame boundary 2/23
    TAB: n=309 2-way 18 (0.058) 2-or-3-way 18 (0.058) cut at frame boundary 6/18
    OTHER: n=53 2-way 2 (0.038) 2-or-3-way 2 (0.038) cut at frame boundary 0/2
  by length:
    len 5: n=477 2-way 34 (0.071) 2-or-3-way 34 (0.071) cut at frame boundary 7/34
    len 6: n=282 2-way 6 (0.021) 2-or-3-way 6 (0.021) cut at frame boundary 0/6
    len 7: n=223 2-way 1 (0.004) 2-or-3-way 1 (0.004) cut at frame boundary 0/1
    len 8+: n=186 2-way 2 (0.011) 2-or-3-way 2 (0.011) cut at frame boundary 1/2
  MD+H only (units from all sites):
    MD+H: n=991 2-way 39 (0.039) 2-or-3-way 39 (0.039) cut at frame boundary 8/39
  held-out sites, units restricted to MD+H texts:
    held-out: n=165 2-way 3 (0.018) 2-or-3-way 3 (0.018) cut at frame boundary 0/3
  units restricted to texts of <= 4 signs: n=1168 2-way 40 (0.034) 2-or-3-way 40 (0.034) cut at frame boundary 7/40
  null slot-shuffle (200x): 2-way median 15 [9-20] P=0.0050; 2-or-3-way median 16 [9-21] P=0.0050; ratio real/null 2.69; cut-at-boundary share null 0.14 vs real 0.19
  null text-shuffle (200x): 2-way median 0 [0-3] P=0.0050; 2-or-3-way median 1 [0-3] P=0.0050; ratio real/null 43.00; cut-at-boundary share null 0.58 vs real 0.19
  examples (text | units | copies of each unit as a complete text):
    33-700-176-740-400 = 33-700(x117) | 176-740-400(x38)  boundary: closer
    817-368-690-32-700 = 817-368-690(x6) | 32-700(x88)  boundary: none
    817-368-690-34-700 = 817-368-690(x6) | 34-700(x103)  boundary: none
    817-2-255-435-690-740 = 817-2(x7) | 255-435-690-740(x5)  boundary: none
    3-220-740-90-400 = 3-220-740(x5) | 90-400(x3)  boundary: closer
    415-100-740-90-400 = 415-100-740(x3) | 90-400(x3)  boundary: closer
    817-2-415-100-740 = 817-2(x7) | 415-100-740(x3)  boundary: none
    840-32-740-90-400 = 840-32-740(x8) | 90-400(x3)  boundary: closer
    817-2-240-636-740 = 817-2(x7) | 240-636-740(x2)  boundary: none
    817-2-240-904-740 = 817-2(x7) | 240-904-740(x2)  boundary: none
    817-2-17-585-740 = 817-2(x7) | 17-585-740(x2)  boundary: none
    817-2-590-390-740 = 817-2(x7) | 590-390-740(x2)  boundary: none
    817-2-792-740-90 = 817-2(x7) | 792-740-90(x2)  boundary: none
    820-2-5-900-740 = 820-2(x1) | 5-900-740(x4)  boundary: none
    550-60-590-390-740 = 550-60(x1) | 590-390-740(x2)  boundary: none
    388-740-400-33-700 = 388-740-400(x1) | 33-700(x117)  boundary: closer
    550-525-400-34-700 = 550-525-400(x1) | 34-700(x103)  boundary: closer
    32-220-240-233-520 = 32-220(x2) | 240-233-520(x1)  boundary: none
    920-60-741-5-368-705-167 = 920-60-741-5-368(x1) | 705-167(x5)  boundary: none
    820-2-137-33-700 = 820-2-137(x1) | 33-700(x117)  boundary: none
    817-2-495-615-740 = 817-2(x7) | 495-615-740(x1)  boundary: none
    817-2-233-803-740 = 817-2(x7) | 233-803-740(x1)  boundary: none
    817-2-832-255-70-520 = 817-2(x7) | 832-255-70-520(x1)  boundary: none
    817-368-503-17-760-740 = 817-368(x1) | 503-17-760-740(x1)  boundary: none
    817-2-503-460-740 = 817-2(x7) | 503-460-740(x1)  boundary: none

### matching mode var: 2115 distinct complete texts as unit inventory
REAL minlen=1: n=1168 2-way 65 (0.056) 2-or-3-way 94 (0.080) cut at frame boundary 19/94
  null slot-shuffle (200x): 2-way median 17 [13-23] P=0.0050; 2-or-3-way median 30 [23-38] P=0.0050; ratio real/null 3.13; cut-at-boundary share null 0.19 vs real 0.20
  null text-shuffle (200x): 2-way median 1 [0-3] P=0.0050; 2-or-3-way median 4 [1-10] P=0.0050; ratio real/null 23.50; cut-at-boundary share null 0.28 vs real 0.20
REAL minlen=2: n=1168 2-way 43 (0.037) 2-or-3-way 43 (0.037) cut at frame boundary 8/43
  null slot-shuffle (200x): 2-way median 15 [9-20] P=0.0050; 2-or-3-way median 16 [9-21] P=0.0050; ratio real/null 2.69; cut-at-boundary share null 0.14 vs real 0.19
  null text-shuffle (200x): 2-way median 1 [0-3] P=0.0050; 2-or-3-way median 1 [0-3] P=0.0050; ratio real/null 43.00; cut-at-boundary share null 0.57 vs real 0.19
