== S-DARK-65 cycle 2 (seq_all, nperm 1000): two-party tests on impression pairs

-- all pairs: 23 sealings, 38 impression pairs
   statistic              obs | N1 same-site sealing impre |         N1L length-matched |    N2 same-site seal pairs
   shared_any        0.395 ( 15) |  0.381 P+=0.491 P-=0.659 |  0.322 P+=0.145 P-=0.937 |  0.266 P+=0.064 P-=0.967
   shared_mid        0.105 (  4) |  0.167 P+=0.924 P-=0.194 |  0.104 P+=0.597 P-=0.640 |  0.116 P+=0.672 P-=0.540
   shared_name       0.079 (  3) |  0.051 P+=0.306 P-=0.879 |  0.043 P+=0.218 P-=0.944 |  0.070 P+=0.501 P-=0.716
   same_mid          0.000 (  0) |  0.016 P+=1.000 P-=0.512 |  0.000 P+=1.000 P-=1.000 |  0.012 P+=1.000 P-=0.645
   ident             0.000 (  0) |  0.019 P+=1.000 P-=0.469 |  0.009 P+=1.000 P-=0.679 |  0.012 P+=1.000 P-=0.655
   jacc              0.081 (3.1) |  0.081 P+=0.476 P-=0.525 |  0.068 P+=0.220 P-=0.781 |  0.055 P+=0.122 P-=0.879
   same_head         0.237 (  9) |  0.160 P+=0.113 P-=0.957 |  0.165 P+=0.107 P-=0.965 |  0.100 P+=0.013 P-=0.998
   both_jar          0.237 (  9) |  0.159 P+=0.106 P-=0.960 |  0.165 P+=0.107 P-=0.965 |  0.091 P+=0.007 P-=0.999
   lendiff           2.316 ( 88) |  2.307 P+=0.506 P-=0.535 |  2.212 P+=0.060 P-=0.981 |  2.344 P+=0.545 P-=0.485
   short_long        0.342 ( 13) |  0.294 P+=0.288 P-=0.824 |  0.339 P+=0.703 P-=0.838 |  0.326 P+=0.465 P-=0.647
   frame_only_one    0.158 (  6) |  0.230 P+=0.951 P-=0.143 |  0.257 P+=0.983 P-=0.052 |  0.064 P+=0.037 P-=0.989
   frame_only_both   0.053 (  2) |  0.017 P+=0.128 P-=0.985 |  0.024 P+=0.231 P-=0.956 |  0.001 P+=0.002 P-=1.000
   opener_one        0.158 (  6) |  0.229 P+=0.919 P-=0.182 |  0.244 P+=0.975 P-=0.089 |  0.272 P+=0.964 P-=0.086
   opener_both       0.000 (  0) |  0.005 P+=1.000 P-=0.798 |  0.000 P+=1.000 P-=1.000 |  0.029 P+=1.000 P-=0.350
   match_one         0.447 ( 17) |  0.449 P+=0.565 P-=0.548 |  0.423 P+=0.426 P-=0.704 |  0.000 P+=0.001 P-=1.000
   match_both        0.184 (  7) |  0.149 P+=0.311 P-=0.835 |  0.225 P+=0.894 P-=0.248 |  1.000 P+=1.000 P-=0.001
   match_none        0.368 ( 14) |  0.324 P+=0.297 P-=0.836 |  0.272 P+=0.045 P-=0.990 |  0.000 P+=0.001 P-=1.000
   head x head pairs (obs vs N1 expected):
              jar + none         13  vs 13.44
             none + none          9  vs  7.42
              jar + jar           9  vs  6.05
            arrow + none          2  vs  1.90
           box527 + none          2  vs  0.84
            arrow + jar           1  vs  1.38
             W236 + none          1  vs  0.21
             W595 + none          1  vs  0.53
   head-pair chi2 vs N1 table: 6.89, null mean 27.04, P = 0.831

-- strict pairs (both >= 2 signs, neither a substring of the other): 14 sealings, 22 impression pairs
   statistic              obs | N1 same-site sealing impre |         N1L length-matched |    N2 same-site seal pairs
   shared_any        0.500 ( 11) |  0.368 P+=0.087 P-=0.970 |  0.424 P+=0.250 P-=0.913 |  0.259 P+=0.013 P-=0.995
   shared_mid        0.136 (  3) |  0.172 P+=0.781 P-=0.450 |  0.164 P+=0.780 P-=0.476 |  0.116 P+=0.486 P-=0.745
   shared_name       0.136 (  3) |  0.058 P+=0.123 P-=0.977 |  0.062 P+=0.133 P-=0.971 |  0.070 P+=0.193 P-=0.933
   same_mid          0.000 (  0) |  0.016 P+=1.000 P-=0.675 |  0.000 P+=1.000 P-=1.000 |  0.013 P+=1.000 P-=0.735
   ident             0.000 (  0) |  0.017 P+=1.000 P-=0.667 |  0.003 P+=1.000 P-=0.932 |  0.013 P+=1.000 P-=0.749
   jacc              0.086 (1.9) |  0.075 P+=0.319 P-=0.682 |  0.078 P+=0.317 P-=0.684 |  0.055 P+=0.142 P-=0.859
   same_head         0.318 (  7) |  0.172 P+=0.051 P-=0.992 |  0.198 P+=0.064 P-=0.988 |  0.099 P+=0.003 P-=1.000
   both_jar          0.318 (  7) |  0.172 P+=0.051 P-=0.992 |  0.198 P+=0.064 P-=0.988 |  0.089 P+=0.002 P-=1.000
   lendiff           1.818 ( 40) |  2.070 P+=0.825 P-=0.210 |  1.665 P+=0.077 P-=0.978 |  2.310 P+=0.909 P-=0.116
   short_long        0.227 (  5) |  0.267 P+=0.798 P-=0.419 |  0.195 P+=0.294 P-=1.000 |  0.328 P+=0.901 P-=0.210
   frame_only_one    0.136 (  3) |  0.161 P+=0.729 P-=0.516 |  0.125 P+=0.569 P-=0.737 |  0.072 P+=0.215 P-=0.923
   frame_only_both   0.000 (  0) |  0.009 P+=1.000 P-=0.813 |  0.006 P+=1.000 P-=0.870 |  0.002 P+=1.000 P-=0.949
   opener_one        0.136 (  3) |  0.191 P+=0.831 P-=0.366 |  0.300 P+=0.996 P-=0.033 |  0.284 P+=0.970 P-=0.103
   opener_both       0.000 (  0) |  0.000 P+=1.000 P-=1.000 |  0.000 P+=1.000 P-=1.000 |  0.029 P+=1.000 P-=0.518
   match_one         0.545 ( 12) |  0.395 P+=0.098 P-=0.960 |  0.375 P+=0.047 P-=0.988 |  0.000 P+=0.001 P-=1.000
   match_both        0.045 (  1) |  0.109 P+=0.973 P-=0.210 |  0.112 P+=0.985 P-=0.153 |  1.000 P+=1.000 P-=0.001
   match_none        0.409 (  9) |  0.360 P+=0.382 P-=0.799 |  0.376 P+=0.453 P-=0.775 |  0.000 P+=0.001 P-=1.000
   head x head pairs (obs vs N1 expected):
              jar + none          8  vs  7.65
              jar + jar           7  vs  3.79
             none + none          4  vs  4.19
           box527 + none          2  vs  0.79
             W236 + none          1  vs  0.09
   head-pair chi2 vs N1 table: 13.82, null mean 19.97, P = 0.608
