== S-DARK-72 cycle 4: transitivity of decisive triads (pairs in >= 2 strings, majority >= 2/3) and the NAME-only frequency effect
  IM77: 2218 distinct objects; unbridged M tokens 456/11720=0.039 kept as opaque elements
  Indus seq_raw   : decisive pairs 1228, decisive triads 3110, cyclic share 0.127
  Indus seq_strong: decisive pairs 1189, decisive triads 3063, cyclic share 0.125
  Indus seq_all   : decisive pairs 1198, decisive triads 3142, cyclic share 0.128
  Indus im77      : decisive pairs 1392, decisive triads 4835, cyclic share 0.119
  Indus seq_raw NAME only: 755 / 1335 / 0.105
    strongest cyclic triads (min pair support): W1-W240-W740 (10); W2-W3-W900 (10); W2-W31-W740 (10); W240-W31-W740 (8); W1-W235-W32 (7); W1-W235-W33 (7); W1-W235-W740 (7); W140-W220-W32 (7)
  null shuffle : cyclic share 0.205 [0.189,0.217], triads ~1130
  null markov2 : cyclic share 0.123 [0.105,0.134], triads ~5906
  null sorted  : cyclic share 0.000 [0.000,0.000], triads ~6740
  null pername : cyclic share 0.199 [0.189,0.209], triads ~1118
  cn_given               (length-matched): cyclic share nan [nan,nan] of ~0 triads
  jp_given               (length-matched): cyclic share 0.000 [0.000,0.008] of ~116 triads
  jp_person_given        (length-matched): cyclic share 0.000 [0.000,0.000] of ~49 triads
  vi_given               (length-matched): cyclic share 0.000 [0.000,0.000] of ~77 triads
  cn_ancient             (length-matched): cyclic share 0.008 [0.004,0.009] of ~240 triads
  ur3_names_dedup        (length-matched): cyclic share 0.038 [0.038,0.038] of ~939 triads
  ur3_names_elem         (length-matched): cyclic share 0.042 [0.042,0.042] of ~565 triads
  ob_names_dedup         (length-matched): cyclic share 0.083 [0.083,0.083] of ~3741 triads
  linb_personnel_dedup   (length-matched): cyclic share 0.052 [0.046,0.057] of ~3991 triads
  latin_names_dedup      (length-matched): cyclic share 0.000 [0.000,0.000] of ~2 triads
  icd10                  (length-matched): cyclic share 0.011 [0.004,0.023] of ~535 triads
  hts                    (length-matched): cyclic share 0.024 [0.019,0.035] of ~4353 triads
  aircraft_reg           (length-matched): cyclic share 0.085 [0.074,0.100] of ~1453 triads
  proto_elamite_mid      (length-matched): cyclic share 0.022 [0.015,0.026] of ~1532 triads
  Indus seq_raw cyclic share CI [0.114,0.140]

=== NAME-only field: does the global order track frequency? (shuffle / Markov-2 nulls, 20x)
