LOOP15 cycle3 quantity gaps seqkey=seq_strong nperm=2000
numeral+item adjacent tokens: 2337

== all tokens, all sites: items counted >= 10 times ==
item   n   values(1..12)                         low(<=2)  share
W700    381 1:5 2:100 3:149 4:123 6:3 7:1   low=105 (0.28)
W220    148 1:8 2:91 3:24 4:8 6:16 7:1   low=99 (0.67)
W390    122 1:1 2:9 3:35 4:33 5:16 6:16 7:8 8:3 9:1   low=10 (0.08)
W740    118 1:10 2:72 3:7 4:1 5:8 6:5 7:13 9:2   low=82 (0.69)
W240    104 1:16 2:85 3:3   low=101 (0.97)
W520     70 1:8 2:5 3:57   low=13 (0.19)
W803     62 1:7 2:53 3:2   low=60 (0.97)
W156     52 1:10 2:2 3:36 4:1 5:2 9:1   low=12 (0.23)
W235     48 1:6 2:40 3:2   low=46 (0.96)
W590     45 1:4 2:29 3:10 7:2   low=33 (0.73)
W861     38 1:3 2:4 3:30 6:1   low=7 (0.18)
W900     35 1:1 2:3 3:15 4:6 5:10   low=4 (0.11)
W585     35 2:1 3:4 7:30   low=1 (0.03)
W840     31 2:11 3:18 6:2   low=11 (0.35)
W407     29 2:9 3:2 4:12 5:3 6:2 7:1   low=9 (0.31)
W705     29 1:6 2:20 5:3   low=26 (0.90)
W233     28 1:3 2:23 3:2   low=26 (0.93)
W61      27 1:5 2:19 3:3   low=24 (0.89)
W176     27 1:5 2:18 3:4   low=23 (0.85)
W140     23 1:1 2:11 3:8 5:3   low=12 (0.52)
W550     23 2:4 3:19   low=4 (0.17)
W415     23 1:4 2:14 3:3 5:2   low=18 (0.78)
W904     22 1:5 2:10 3:4 4:1 7:2   low=15 (0.68)
W798     22 1:2 2:18 3:2   low=20 (0.91)
W760     21 1:6 2:6 3:4 6:2 7:2 9:1   low=12 (0.57)
W226     20 2:17 3:2 4:1   low=17 (0.85)
W231     18 1:1 2:16 3:1   low=17 (0.94)
W575     17 1:3 7:14   low=3 (0.18)
W142     17 1:10 2:4 3:3   low=14 (0.82)
W923     16 2:1 3:15   low=1 (0.06)
W350     15 1:6 2:9   low=15 (1.00)
W845     15 3:15   low=0 (0.00)
W384     14 1:5 2:8 3:1   low=13 (0.93)
W154     13 1:1 2:2 3:7 4:1 5:1 7:1   low=3 (0.23)
W48      12 2:12   low=12 (1.00)
W790     11 1:3 2:7 5:1   low=10 (0.91)
W255     11 1:2 2:6 3:2 4:1   low=8 (0.73)
W832     11 1:1 2:8 3:1 6:1   low=9 (0.82)
W388     11 1:4 2:5 3:1 8:1   low=9 (0.82)
W645     10 1:3 2:2 3:5   low=5 (0.50)
W877     10 2:10   low=10 (1.00)
W70      10 2:9 3:1   low=9 (0.90)
W100     10 1:7 2:2 3:1   low=9 (0.90)
W820     10 1:2 2:2 3:6   low=4 (0.40)

(W1 is a marker, S234; W2 is the opener marker, GRAMMAR caution) -> tokens excluding W1/W2 numerals: 1613

== excluding W1 and W2 numeral signs (1 and 2 then come only from 31/32 tall and 12 two-tier): items counted >= 10 times ==
item   n   values(1..12)                         low(<=2)  share
W700    381 1:5 2:100 3:149 4:123 6:3 7:1   low=105 (0.28)
W220    123 1:5 2:69 3:24 4:8 6:16 7:1   low=74 (0.60)
W390    117 2:5 3:35 4:33 5:16 6:16 7:8 8:3 9:1   low=5 (0.04)
W740    111 1:9 2:66 3:7 4:1 5:8 6:5 7:13 9:2   low=75 (0.68)
W520     64 1:5 2:2 3:57   low=7 (0.11)
W156     50 1:10 3:36 4:1 5:2 9:1   low=10 (0.20)
W861     37 1:3 2:3 3:30 6:1   low=6 (0.16)
W590     35 1:3 2:20 3:10 7:2   low=23 (0.66)
W585     35 2:1 3:4 7:30   low=1 (0.03)
W900     31 3:15 4:6 5:10   low=0 (0.00)
W407     29 2:9 3:2 4:12 5:3 6:2 7:1   low=9 (0.31)
W840     25 2:5 3:18 6:2   low=5 (0.20)
W550     19 3:19   low=0 (0.00)
W226     17 2:14 3:2 4:1   low=14 (0.82)
W575     16 1:2 7:14   low=2 (0.12)
W904     15 1:1 2:7 3:4 4:1 7:2   low=8 (0.53)
W240     15 1:10 2:2 3:3   low=12 (0.80)
W845     15 3:15   low=0 (0.00)
W923     15 3:15   low=0 (0.00)
W760     14 1:1 2:4 3:4 6:2 7:2 9:1   low=5 (0.36)
W140     13 2:2 3:8 5:3   low=2 (0.15)
W154     13 1:1 2:2 3:7 4:1 5:1 7:1   low=3 (0.23)
W384     11 1:5 2:5 3:1   low=10 (0.91)
W877     10 2:10   low=10 (1.00)
W705     10 1:5 2:2 5:3   low=7 (0.70)

== W2 dropped only when it follows an opener (frame marker); W1 kept: items counted >= 10 times ==
item   n   values(1..12)                         low(<=2)  share
W700    381 1:5 2:100 3:149 4:123 6:3 7:1   low=105 (0.28)
W220    138 1:8 2:81 3:24 4:8 6:16 7:1   low=89 (0.64)
W390    120 1:1 2:7 3:35 4:33 5:16 6:16 7:8 8:3 9:1   low=8 (0.07)
W740    113 1:10 2:67 3:7 4:1 5:8 6:5 7:13 9:2   low=77 (0.68)
W240     73 1:16 2:54 3:3   low=70 (0.96)
W520     69 1:8 2:4 3:57   low=12 (0.17)
W156     51 1:10 2:1 3:36 4:1 5:2 9:1   low=11 (0.22)
W861     38 1:3 2:4 3:30 6:1   low=7 (0.18)
W590     38 1:4 2:22 3:10 7:2   low=26 (0.68)
W803     37 1:7 2:28 3:2   low=35 (0.95)
W585     35 2:1 3:4 7:30   low=1 (0.03)
W900     33 1:1 2:1 3:15 4:6 5:10   low=2 (0.06)
W840     30 2:10 3:18 6:2   low=10 (0.33)
W407     29 2:9 3:2 4:12 5:3 6:2 7:1   low=9 (0.31)
W235     25 1:6 2:17 3:2   low=23 (0.92)
W550     22 2:3 3:19   low=3 (0.14)
W705     22 1:6 2:13 5:3   low=19 (0.86)
W140     21 1:1 2:9 3:8 5:3   low=10 (0.48)
W61      20 1:5 2:12 3:3   low=17 (0.85)
W760     20 1:6 2:5 3:4 6:2 7:2 9:1   low=11 (0.55)
W904     19 1:5 2:7 3:4 4:1 7:2   low=12 (0.63)
W226     19 2:16 3:2 4:1   low=16 (0.84)
W415     18 1:4 2:9 3:3 5:2   low=13 (0.72)
W575     17 1:3 7:14   low=3 (0.18)
W176     16 1:5 2:7 3:4   low=12 (0.75)
W923     16 2:1 3:15   low=1 (0.06)
W142     15 1:10 2:2 3:3   low=12 (0.80)
W845     15 3:15   low=0 (0.00)
W233     15 1:3 2:10 3:2   low=13 (0.87)
W384     14 1:5 2:8 3:1   low=13 (0.93)
W154     13 1:1 2:2 3:7 4:1 5:1 7:1   low=3 (0.23)
W350     12 1:6 2:6   low=12 (1.00)
W798     10 1:2 2:6 3:2   low=8 (0.80)
W790     10 1:3 2:6 5:1   low=9 (0.90)
W388     10 1:4 2:4 3:1 8:1   low=8 (0.80)
W877     10 2:10   low=10 (1.00)
W70      10 2:9 3:1   low=9 (0.90)
W231     10 1:1 2:8 3:1   low=9 (0.90)

-- permutation null (all tokens): values permuted among counted items within series x region x class, 2000x --
