texts 2167 (collapsed, complete, >= 2 signs); middle tokens 6256, types 617, elements >= 5 tokens 214 covering 0.89 of tokens

## DESC: 84 signs classed, 6 classes, middle-token coverage 0.67
   geometric   21 signs: W590 W705 W368 W400 W60 W900 W706 W435 W503 W350 W455 W440 W460 W388 ...
   human       17 signs: W740 W741 W140 W255 W125 W176 W61 W90 W142 W416 W100 W190 W130 W772 ...
   plant       14 signs: W390 W803 W806 W840 W861 W405 W790 W832 W817 W760 W374 W794 W371 W215
   numeral     13 signs: W2 W32 W31 W1 W33 W3 W4 W17 W13 W55 W5 W16 W18
   tool        11 signs: W415 W798 W550 W575 W820 W520 W632 W297 W545 W880 W527
   animal       8 signs: W220 W240 W235 W233 W231 W717 W226 W269

## WBLOCK: 214 signs classed, 11 classes, middle-token coverage 0.89
   B5          27 signs: W590 W550 W575 W503 W595 W520 W585 W500 W526 W530 W565 W540 W510 W519 ...
   B4          26 signs: W415 W400 W407 W405 W435 W455 W440 W460 W416 W495 W413 W480 W463 W491 ...
   B2          25 signs: W220 W240 W235 W233 W255 W231 W297 W222 W241 W226 W232 W236 W243 W250 ...
   B1          21 signs: W140 W125 W176 W142 W100 W165 W171 W175 W104 W161 W190 W111 W130 W101 ...
   B8          21 signs: W803 W806 W840 W861 W820 W892 W850 W832 W817 W831 W845 W877 W821 W824 ...
   B3          20 signs: W390 W368 W350 W388 W335 W382 W320 W374 W365 W337 W315 W360 W371 W317 ...
   num         19 signs: W2 W32 W31 W1 W33 W3 W4 W17 W13 W5 W55 W16 W35 W34 ...
   B7          19 signs: W740 W741 W705 W798 W706 W717 W700 W790 W742 W745 W760 W773 W794 W703 ...
   B0          14 signs: W60 W61 W90 W70 W95 W72 W65 W91 W63 W66 W93 W97 W64 W67
   B6          12 signs: W690 W615 W617 W621 W632 W630 W645 W679 W692 W636 W605 W626
   B9          10 signs: W900 W920 W904 W921 W927 W906 W924 W999 W905 W923

## GLYPH: 213 signs classed, 10 classes, middle-token coverage 0.89
   G8          40 signs: W140 W255 W820 W17 W350 W503 W690 W595 W55 W615 W388 W35 W877 W297 ...
   G2          36 signs: W32 W390 W31 W415 W368 W407 W405 W900 W435 W61 W13 W90 W920 W70 ...
   G1          25 signs: W220 W240 W235 W1 W33 W233 W400 W60 W231 W416 W520 W413 W72 W241 ...
   G10         25 signs: W590 W705 W861 W575 W706 W176 W142 W16 W850 W495 W621 W904 W175 W480 ...
   G7          24 signs: W798 W840 W550 W455 W617 W335 W845 W222 W821 W91 W161 W565 W337 W844 ...
   G9          19 signs: W125 W892 W717 W171 W34 W104 W679 W320 W526 W111 W130 W794 W467 W906 ...
   G4          17 signs: W2 W740 W741 W700 W440 W742 W745 W760 W853 W773 W315 W360 W519 W703 ...
   G5          12 signs: W3 W4 W5 W460 W463 W530 W540 W545 W554 W792 W323 W791
   G3          11 signs: W803 W806 W790 W832 W165 W817 W831 W838 W812 W804 W808
   G6           4 signs: W632 W630 W636 W18

## DIST: 214 signs classed, 10 classes, middle-token coverage 0.89
   D6          98 signs: W32 W740 W33 W415 W705 W400 W60 W840 W706 W176 W61 W717 W690 W440 ...
   D5          47 signs: W255 W861 W435 W455 W920 W416 W165 W413 W817 W877 W921 W692 W65 W241 ...
   D10         17 signs: W368 W140 W125 W575 W820 W595 W850 W632 W831 W104 W95 W297 W298 W812 ...
   D9           9 signs: W590 W3 W4 W5 W16 W35 W371 W844 W18
   D3           9 signs: W17 W460 W70 W615 W175 W463 W72 W315 W776
   D8           9 signs: W390 W31 W407 W405 W900 W700 W480 W645 W999
   D1           9 signs: W220 W240 W235 W233 W803 W798 W806 W231 W838
   D2           6 signs: W2 W741 W1 W892 W13 W742
   D7           6 signs: W350 W503 W495 W510 W15 W354
   D4           4 signs: W550 W388 W554 W555
