== S-DARK-33 cycle 1 level seq_all: fit (MD+H complete, direction recorded) 2946 texts [seals 1259, tablets 1472]; held-out sites 451; IM77 certainly-new 324 texts (0/1291 tokens unbridged -> OTHER)

## Indus seals alphabet CLASS (|A| = 51), train 1007 dev 252
  indus-seals-CLASS                  unigram        states     1 trans     52 MDL      25562 bits (model      673)  fit 2.993  dev 3.034 nats/sign
  indus-seals-CLASS                  markov1        states    52 trans    625 MDL      28632 bits (model    11030)  fit 2.117  dev 2.468 nats/sign
  indus-seals-CLASS                  markov2        states   592 trans   1736 MDL      50462 bits (model    36727)  fit 1.652  dev 2.654 nats/sign
  indus-seals-CLASS                  alergia@0.5    states    27 trans    580 MDL      26906 bits (model     9687)  fit 2.071  dev 2.688 nats/sign
  indus-seals-CLASS                  alergia@0.1    states    16 trans    437 MDL      25054 bits (model     6969)  fit 2.175  dev 2.587 nats/sign
  indus-seals-CLASS                  alergia@0.01   states     9 trans    294 MDL      23850 bits (model     4444)  fit 2.334  dev 2.602 nats/sign
  indus-seals-CLASS                  alergia@0.001  states     8 trans    272 MDL      23793 bits (model     4066)  fit 2.372  dev 2.586 nats/sign
  indus-seals-CLASS                  mdl-merge      states     9 trans    272 MDL      23826 bits (model     4112)  fit 2.371  dev 2.628 nats/sign
  indus-seals-CLASS                  hmm5           states     5 trans    285 MDL      22902 bits (model     1774)  fit 2.541  dev 2.623 nats/sign
  indus-seals-CLASS                  hmm10          states    10 trans    620 MDL      23497 bits (model     3867)  fit 2.361  dev 2.465 nats/sign
  indus-seals-CLASS                  hmm20          states    20 trans   1440 MDL      27965 bits (model     8989)  fit 2.282  dev 2.390 nats/sign
  indus-seals-CLASS                  hmm40          states    40 trans   3680 MDL      41268 bits (model    22981)  fit 2.199  dev 2.333 nats/sign
-- control shuffle (805 train)
  ctrl-shuffle-seals-CLASS           unigram        states     1 trans     52 MDL      20387 bits (model      665)  fit 2.984  dev 3.032 nats/sign
  ctrl-shuffle-seals-CLASS           markov1        states    52 trans    785 MDL      31566 bits (model    13723)  fit 2.700  dev 3.206 nats/sign
  ctrl-shuffle-seals-CLASS           markov2        states   740 trans   2305 MDL      62222 bits (model    49125)  fit 1.982  dev 3.313 nats/sign
  ctrl-shuffle-seals-CLASS           alergia@0.5    states    12 trans    403 MDL      24434 bits (model     6193)  fit 2.760  dev 3.244 nats/sign
  ctrl-shuffle-seals-CLASS           alergia@0.1    states     6 trans    217 MDL      22056 bits (model     3117)  fit 2.866  dev 3.130 nats/sign
  ctrl-shuffle-seals-CLASS           alergia@0.01   states     4 trans    177 MDL      21607 bits (model     2439)  fit 2.900  dev 3.031 nats/sign
  ctrl-shuffle-seals-CLASS           alergia@0.001  states     3 trans    149 MDL      21263 bits (model     1992)  fit 2.916  dev 3.007 nats/sign
  ctrl-shuffle-seals-CLASS           mdl-merge      states     2 trans    101 MDL      20730 bits (model     1291)  fit 2.941  dev 3.002 nats/sign
  ctrl-shuffle-seals-CLASS           hmm10          states    10 trans    620 MDL      23475 bits (model     3764)  fit 2.982  dev 3.050 nats/sign
  ctrl-shuffle-seals-CLASS           hmm20          states    20 trans   1440 MDL      28431 bits (model     8750)  fit 2.978  dev 3.044 nats/sign
-- control slotshuf (805 train)
  ctrl-slotshuf-seals-CLASS          unigram        states     1 trans     52 MDL      20387 bits (model      665)  fit 2.984  dev 3.032 nats/sign
  ctrl-slotshuf-seals-CLASS          markov1        states    52 trans    748 MDL      28766 bits (model    13076)  fit 2.374  dev 2.873 nats/sign
  ctrl-slotshuf-seals-CLASS          markov2        states   710 trans   1998 MDL      54086 bits (model    42463)  fit 1.759  dev 3.008 nats/sign
  ctrl-slotshuf-seals-CLASS          alergia@0.5    states    13 trans    398 MDL      22103 bits (model     6162)  fit 2.412  dev 2.865 nats/sign
  ctrl-slotshuf-seals-CLASS          alergia@0.1    states     7 trans    275 MDL      20614 bits (model     4012)  fit 2.512  dev 2.785 nats/sign
  ctrl-slotshuf-seals-CLASS          alergia@0.01   states     5 trans    189 MDL      19693 bits (model     2665)  fit 2.576  dev 2.758 nats/sign
  ctrl-slotshuf-seals-CLASS          alergia@0.001  states     5 trans    186 MDL      19638 bits (model     2623)  fit 2.575  dev 2.717 nats/sign
  ctrl-slotshuf-seals-CLASS          mdl-merge      states     4 trans    148 MDL      19652 bits (model     2040)  fit 2.665  dev 2.759 nats/sign
  ctrl-slotshuf-seals-CLASS          hmm10          states    10 trans    620 MDL      20620 bits (model     3764)  fit 2.550  dev 2.657 nats/sign
  ctrl-slotshuf-seals-CLASS          hmm20          states    20 trans   1440 MDL      25213 bits (model     8750)  fit 2.491  dev 2.615 nats/sign
-- control markov2 (805 train)
  ctrl-markov2-seals-CLASS           unigram        states     1 trans     52 MDL      19960 bits (model      664)  fit 2.951  dev 3.038 nats/sign
  ctrl-markov2-seals-CLASS           markov1        states    52 trans    476 MDL      21658 bits (model     8318)  fit 2.040  dev 2.362 nats/sign
  ctrl-markov2-seals-CLASS           markov2        states   446 trans   1167 MDL      33970 bits (model    24010)  fit 1.523  dev 2.312 nats/sign
  ctrl-markov2-seals-CLASS           alergia@0.5    states    31 trans    476 MDL      21223 bits (model     7962)  fit 2.028  dev 2.581 nats/sign
  ctrl-markov2-seals-CLASS           alergia@0.1    states    13 trans    324 MDL      19370 bits (model     5014)  fit 2.196  dev 2.552 nats/sign
  ctrl-markov2-seals-CLASS           alergia@0.01   states     9 trans    240 MDL      18535 bits (model     3586)  fit 2.286  dev 2.554 nats/sign
  ctrl-markov2-seals-CLASS           alergia@0.001  states     7 trans    212 MDL      18286 bits (model     3091)  fit 2.324  dev 2.499 nats/sign
  ctrl-markov2-seals-CLASS           mdl-merge      states     9 trans    219 MDL      18478 bits (model     3273)  fit 2.326  dev 2.518 nats/sign
  ctrl-markov2-seals-CLASS           hmm10          states    10 trans    620 MDL      18936 bits (model     3759)  fit 2.321  dev 2.420 nats/sign
  ctrl-markov2-seals-CLASS           hmm20          states    20 trans   1440 MDL      23462 bits (model     8739)  fit 2.252  dev 2.374 nats/sign

## Indus all+type alphabet CLASS (|A| = 54), train 2356 dev 590
  indus-all+type-CLASS               unigram        states     1 trans     55 MDL      62854 bits (model      751)  fit 3.114  dev 3.133 nats/sign
  indus-all+type-CLASS               markov1        states    55 trans    826 MDL      53083 bits (model    15231)  fit 1.898  dev 1.992 nats/sign
  indus-all+type-CLASS               markov2        states   784 trans   2498 MDL      85070 bits (model    55639)  fit 1.476  dev 1.942 nats/sign
  indus-all+type-CLASS               alergia@0.5    states   105 trans   1155 MDL      54420 bits (model    22376)  fit 1.607  dev 1.982 nats/sign
  indus-all+type-CLASS               alergia@0.1    states    61 trans    972 MDL      52413 bits (model    18069)  fit 1.722  dev 2.006 nats/sign
  indus-all+type-CLASS               alergia@0.01   states    30 trans    665 MDL      49373 bits (model    11681)  fit 1.890  dev 2.020 nats/sign
  indus-all+type-CLASS               alergia@0.001  states    22 trans    516 MDL      48169 bits (model     8833)  fit 1.973  dev 2.039 nats/sign
  indus-all+type-CLASS               mdl-merge      states    19 trans    456 MDL      48033 bits (model     7709)  fit 2.022  dev 2.109 nats/sign
  indus-all+type-CLASS               hmm5           states     5 trans    300 MDL      48833 bits (model     2056)  fit 2.346  dev 2.359 nats/sign
  indus-all+type-CLASS               hmm10          states    10 trans    650 MDL      49108 bits (model     4463)  fit 2.239  dev 2.266 nats/sign
  indus-all+type-CLASS               hmm20          states    20 trans   1500 MDL      51511 bits (model    10309)  fit 2.066  dev 2.084 nats/sign
  indus-all+type-CLASS               hmm40          states    40 trans   3800 MDL      65385 bits (model    26127)  fit 1.969  dev 1.981 nats/sign
-- control shuffle (1884 train)
  ctrl-shuffle-all+type-CLASS        unigram        states     1 trans     55 MDL      50442 bits (model      742)  fit 3.119  dev 3.098 nats/sign
  ctrl-shuffle-all+type-CLASS        markov1        states    55 trans   1110 MDL      58028 bits (model    20289)  fit 2.368  dev 2.602 nats/sign
  ctrl-shuffle-all+type-CLASS        markov2        states  1061 trans   3795 MDL     114156 bits (model    85570)  fit 1.794  dev 2.678 nats/sign
  ctrl-shuffle-all+type-CLASS        alergia@0.5    states    26 trans    748 MDL      49826 bits (model    12864)  fit 2.320  dev 2.622 nats/sign
  ctrl-shuffle-all+type-CLASS        alergia@0.1    states    12 trans    412 MDL      45468 bits (model     6626)  fit 2.438  dev 2.543 nats/sign
  ctrl-shuffle-all+type-CLASS        alergia@0.01   states     9 trans    312 MDL      44424 bits (model     4888)  fit 2.481  dev 2.542 nats/sign
  ctrl-shuffle-all+type-CLASS        alergia@0.001  states     7 trans    211 MDL      43201 bits (model     3229)  fit 2.509  dev 2.540 nats/sign
  ctrl-shuffle-all+type-CLASS        mdl-merge      states     5 trans    118 MDL      43356 bits (model     1749)  fit 2.611  dev 2.612 nats/sign
  ctrl-shuffle-all+type-CLASS        hmm10          states    10 trans    650 MDL      45597 bits (model     4358)  fit 2.588  dev 2.576 nats/sign
  ctrl-shuffle-all+type-CLASS        hmm20          states    20 trans   1500 MDL      50802 bits (model    10067)  fit 2.556  dev 2.537 nats/sign
-- control slotshuf (1884 train)
  ctrl-slotshuf-all+type-CLASS       unigram        states     1 trans     55 MDL      50442 bits (model      742)  fit 3.119  dev 3.098 nats/sign
  ctrl-slotshuf-all+type-CLASS       markov1        states    55 trans   1025 MDL      52525 bits (model    18735)  fit 2.120  dev 2.306 nats/sign
  ctrl-slotshuf-all+type-CLASS       markov2        states   978 trans   3189 MDL      97050 bits (model    71531)  fit 1.601  dev 2.423 nats/sign
  ctrl-slotshuf-all+type-CLASS       alergia@0.5    states    38 trans    955 MDL      48595 bits (model    16946)  fit 1.986  dev 2.427 nats/sign
  ctrl-slotshuf-all+type-CLASS       alergia@0.1    states    17 trans    556 MDL      43606 bits (model     9221)  fit 2.158  dev 2.341 nats/sign
  ctrl-slotshuf-all+type-CLASS       alergia@0.01   states    12 trans    393 MDL      41451 bits (model     6320)  fit 2.205  dev 2.294 nats/sign
  ctrl-slotshuf-all+type-CLASS       alergia@0.001  states     9 trans    306 MDL      41337 bits (model     4794)  fit 2.293  dev 2.341 nats/sign
  ctrl-slotshuf-all+type-CLASS       mdl-merge      states     6 trans    202 MDL      40882 bits (model     3047)  fit 2.374  dev 2.395 nats/sign
  ctrl-slotshuf-all+type-CLASS       hmm10          states    10 trans    650 MDL      41411 bits (model     4358)  fit 2.325  dev 2.310 nats/sign
  ctrl-slotshuf-all+type-CLASS       hmm20          states    20 trans   1500 MDL      46661 bits (model    10067)  fit 2.297  dev 2.274 nats/sign
-- control markov2 (1884 train)
  ctrl-markov2-all+type-CLASS        unigram        states     1 trans     55 MDL      50616 bits (model      743)  fit 3.113  dev 3.109 nats/sign
  ctrl-markov2-all+type-CLASS        markov1        states    55 trans    703 MDL      43184 bits (model    12852)  fit 1.893  dev 1.958 nats/sign
  ctrl-markov2-all+type-CLASS        markov2        states   661 trans   1957 MDL      66241 bits (model    42798)  fit 1.463  dev 1.903 nats/sign
  ctrl-markov2-all+type-CLASS        alergia@0.5    states    61 trans    864 MDL      44145 bits (model    15925)  fit 1.762  dev 2.118 nats/sign
  ctrl-markov2-all+type-CLASS        alergia@0.1    states    30 trans    551 MDL      39452 bits (model     9592)  fit 1.864  dev 2.053 nats/sign
  ctrl-markov2-all+type-CLASS        alergia@0.01   states    21 trans    434 MDL      38440 bits (model     7332)  fit 1.942  dev 2.044 nats/sign
  ctrl-markov2-all+type-CLASS        alergia@0.001  states    16 trans    376 MDL      38896 bits (model     6204)  fit 2.041  dev 2.113 nats/sign
  ctrl-markov2-all+type-CLASS        mdl-merge      states    16 trans    352 MDL      38772 bits (model     5808)  fit 2.058  dev 2.170 nats/sign
  ctrl-markov2-all+type-CLASS        hmm10          states    10 trans    650 MDL      40287 bits (model     4361)  fit 2.243  dev 2.238 nats/sign
  ctrl-markov2-all+type-CLASS        hmm20          states    20 trans   1500 MDL      43822 bits (model    10072)  fit 2.107  dev 2.110 nats/sign

## Indus seals alphabet RAW (|A| = 121), train 1007 dev 252
  indus-seals-RAW                    unigram        states     1 trans    121 MDL      32516 bits (model     1715)  fit 3.704  dev 3.739 nats/sign
  indus-seals-RAW                    markov1        states   121 trans   1310 MDL      45663 bits (model    26326)  fit 2.325  dev 3.303 nats/sign
  indus-seals-RAW                    markov2        states  1252 trans   2718 MDL      77459 bits (model    63784)  fit 1.645  dev 3.483 nats/sign
  indus-seals-RAW                    alergia@0.5    states    33 trans    864 MDL      36478 bits (model    15743)  fit 2.493  dev 3.502 nats/sign
  indus-seals-RAW                    alergia@0.1    states    16 trans    594 MDL      33270 bits (model    10203)  fit 2.774  dev 3.350 nats/sign
  indus-seals-RAW                    alergia@0.01   states     9 trans    518 MDL      33146 bits (model     8468)  fit 2.968  dev 3.391 nats/sign
  indus-seals-RAW                    alergia@0.001  states     8 trans    436 MDL      32038 bits (model     7053)  fit 3.005  dev 3.338 nats/sign
  indus-seals-RAW                    mdl-merge      states    11 trans    477 MDL      32134 bits (model     7936)  fit 2.910  dev 3.321 nats/sign
  indus-seals-RAW                    hmm5           states     5 trans    635 MDL      30192 bits (model     3960)  fit 3.155  dev 3.250 nats/sign
  indus-seals-RAW                    hmm10          states    10 trans   1320 MDL      33189 bits (model     8239)  fit 3.000  dev 3.117 nats/sign
  indus-seals-RAW                    hmm20          states    20 trans   2840 MDL      41371 bits (model    17734)  fit 2.842  dev 3.002 nats/sign
  indus-seals-RAW                    hmm40          states    40 trans   6480 MDL      63536 bits (model    40471)  fit 2.774  dev 2.970 nats/sign
-- control shuffle (805 train)
  ctrl-shuffle-seals-RAW             unigram        states     1 trans    120 MDL      26112 bits (model     1681)  fit 3.697  dev 3.760 nats/sign
  ctrl-shuffle-seals-RAW             markov1        states   120 trans   1684 MDL      53354 bits (model    33543)  fit 2.998  dev 4.184 nats/sign
  ctrl-shuffle-seals-RAW             markov2        states  1587 trans   3230 MDL      88113 bits (model    76369)  fit 1.777  dev 4.117 nats/sign
  ctrl-shuffle-seals-RAW             alergia@0.5    states     9 trans    580 MDL      32049 bits (model     9385)  fit 3.429  dev 4.027 nats/sign
  ctrl-shuffle-seals-RAW             alergia@0.1    states     5 trans    403 MDL      29670 bits (model     6179)  fit 3.554  dev 3.868 nats/sign
  ctrl-shuffle-seals-RAW             alergia@0.01   states     3 trans    297 MDL      28239 bits (model     4335)  fit 3.617  dev 3.807 nats/sign
  ctrl-shuffle-seals-RAW             alergia@0.001  states     2 trans    221 MDL      27189 bits (model     3097)  fit 3.646  dev 3.773 nats/sign
  ctrl-shuffle-seals-RAW             mdl-merge      states     3 trans    230 MDL      27368 bits (model     3357)  fit 3.633  dev 3.786 nats/sign
  ctrl-shuffle-seals-RAW             hmm10          states    10 trans   1320 MDL      32346 bits (model     8020)  fit 3.681  dev 3.761 nats/sign
  ctrl-shuffle-seals-RAW             hmm20          states    20 trans   2840 MDL      41619 bits (model    17263)  fit 3.685  dev 3.762 nats/sign
-- control slotshuf (805 train)
  ctrl-slotshuf-seals-RAW            unigram        states     1 trans    120 MDL      26112 bits (model     1681)  fit 3.697  dev 3.760 nats/sign
  ctrl-slotshuf-seals-RAW            markov1        states   120 trans   1608 MDL      49648 bits (model    32029)  fit 2.666  dev 3.861 nats/sign
  ctrl-slotshuf-seals-RAW            markov2        states  1534 trans   2852 MDL      77905 bits (model    67292)  fit 1.606  dev 3.899 nats/sign
  ctrl-slotshuf-seals-RAW            alergia@0.5    states    14 trans    699 MDL      31531 bits (model    11756)  fit 2.992  dev 3.897 nats/sign
  ctrl-slotshuf-seals-RAW            alergia@0.1    states     9 trans    501 MDL      28793 bits (model     8107)  fit 3.130  dev 3.692 nats/sign
  ctrl-slotshuf-seals-RAW            alergia@0.01   states     5 trans    355 MDL      26922 bits (model     5443)  fit 3.250  dev 3.518 nats/sign
  ctrl-slotshuf-seals-RAW            alergia@0.001  states     4 trans    333 MDL      26775 bits (model     4999)  fit 3.295  dev 3.534 nats/sign
  ctrl-slotshuf-seals-RAW            mdl-merge      states     5 trans    334 MDL      27438 bits (model     5121)  fit 3.377  dev 3.630 nats/sign
  ctrl-slotshuf-seals-RAW            hmm10          states    10 trans   1320 MDL      29236 bits (model     8020)  fit 3.210  dev 3.347 nats/sign
  ctrl-slotshuf-seals-RAW            hmm20          states    20 trans   2840 MDL      38280 bits (model    17263)  fit 3.180  dev 3.319 nats/sign
-- control markov2 (805 train)
  ctrl-markov2-seals-RAW             unigram        states     1 trans    119 MDL      26615 bits (model     1669)  fit 3.707  dev 3.644 nats/sign
  ctrl-markov2-seals-RAW             markov1        states   119 trans    927 MDL      33065 bits (model    18465)  fit 2.169  dev 2.665 nats/sign
  ctrl-markov2-seals-RAW             markov2        states   881 trans   1696 MDL      48370 bits (model    38682)  fit 1.440  dev 2.603 nats/sign
  ctrl-markov2-seals-RAW             alergia@0.5    states    53 trans    743 MDL      28797 bits (model    13933)  fit 2.209  dev 3.074 nats/sign
  ctrl-markov2-seals-RAW             alergia@0.1    states    21 trans    597 MDL      27538 bits (model    10398)  fit 2.547  dev 3.036 nats/sign
  ctrl-markov2-seals-RAW             alergia@0.01   states    11 trans    405 MDL      25788 bits (model     6676)  fit 2.840  dev 3.081 nats/sign
  ctrl-markov2-seals-RAW             alergia@0.001  states     7 trans    341 MDL      26018 bits (model     5399)  fit 3.064  dev 3.196 nats/sign
  ctrl-markov2-seals-RAW             mdl-merge      states    14 trans    446 MDL      25990 bits (model     7507)  fit 2.746  dev 3.152 nats/sign
  ctrl-markov2-seals-RAW             hmm10          states    10 trans   1320 MDL      27972 bits (model     8038)  fit 2.962  dev 2.996 nats/sign
  ctrl-markov2-seals-RAW             hmm20          states    20 trans   2840 MDL      36126 bits (model    17300)  fit 2.797  dev 2.856 nats/sign

## Indus all+type alphabet RAW (|A| = 124), train 2356 dev 590
  indus-all+type-RAW                 unigram        states     1 trans    125 MDL      75219 bits (model     1855)  fit 3.679  dev 3.701 nats/sign
  indus-all+type-RAW                 markov1        states   125 trans   1802 MDL      78772 bits (model    37498)  fit 2.070  dev 2.493 nats/sign
  indus-all+type-RAW                 markov2        states  1720 trans   3914 MDL     125660 bits (model    96250)  fit 1.475  dev 2.466 nats/sign
  indus-all+type-RAW                 alergia@0.5    states   130 trans   1689 MDL      71411 bits (model    35242)  fit 1.814  dev 2.531 nats/sign
  indus-all+type-RAW                 alergia@0.1    states    67 trans   1336 MDL      67715 bits (model    26599)  fit 2.062  dev 2.598 nats/sign
  indus-all+type-RAW                 alergia@0.01   states    34 trans   1074 MDL      65460 bits (model    20331)  fit 2.263  dev 2.566 nats/sign
  indus-all+type-RAW                 alergia@0.001  states    25 trans    929 MDL      63338 bits (model    17174)  fit 2.315  dev 2.604 nats/sign
  indus-all+type-RAW                 mdl-merge      states    32 trans    950 MDL      64526 bits (model    17901)  fit 2.338  dev 2.663 nats/sign
  indus-all+type-RAW                 hmm5           states     5 trans    650 MDL      61617 bits (model     4463)  fit 2.866  dev 2.884 nats/sign
  indus-all+type-RAW                 hmm10          states    10 trans   1350 MDL      64688 bits (model     9278)  fit 2.779  dev 2.808 nats/sign
  indus-all+type-RAW                 hmm20          states    20 trans   2900 MDL      70619 bits (model    19937)  fit 2.542  dev 2.586 nats/sign
  indus-all+type-RAW                 hmm40          states    40 trans   6600 MDL      94346 bits (model    45384)  fit 2.455  dev 2.501 nats/sign
-- control shuffle (1884 train)
  ctrl-shuffle-all+type-RAW          unigram        states     1 trans    125 MDL      60408 bits (model     1835)  fit 3.676  dev 3.697 nats/sign
  ctrl-shuffle-all+type-RAW          markov1        states   125 trans   2493 MDL      93455 bits (model    51473)  fit 2.635  dev 3.375 nats/sign
  ctrl-shuffle-all+type-RAW          markov2        states  2377 trans   5461 MDL     162649 bits (model   135958)  fit 1.675  dev 3.378 nats/sign
