# loop 46 cycle 1: variant co-selection across sign pairs (hands?)  nperm=1000  texts=5369  file=merged-corpus-canonical.json (S-DARK-23 caution)

## level=strong subset=all-classes  usable classes: W154[154x45/158x39], W390[390x281/405x118/406x13], W630[630x40/632x32/636x22], W705[704x4/705x217/706x99], W717[711x21/717x56], W803[803x135/806x135], W861[817x220/861x270]
pairs with >= 20 shared texts: 7  (texts with >= 2 usable classes: 229)
N1 site x type: G=13.76 null 9.82+/-4.34 z=+0.91 P=0.175; pairs |log-odds| beyond own null 95%: 1/7 (exp 0.4, P=0.318)
N2 site x type x period: G=13.76 null 10.32+/-4.72 z=+0.73 P=0.210; pairs |log-odds| beyond own null 95%: 1/7 (exp 0.4, P=0.294)
N3 site x type x area: G=13.76 null 12.87+/-4.55 z=+0.20 P=0.380; pairs |log-odds| beyond own null 95%: 0/7 (exp 0.4, P=1.000)
pair table: A x B  n  n11/n10/n01/n00  log-odds  MI  p(N1) p(N2) p(N3)
  W154 x W803  n=34  16/0/18/0  LO=-0.11  MI=0.000  0.968 0.965 0.921
  W390 x W705  n=20  4/4/2/10  LO=+1.44  MI=0.091  0.318 0.484 0.792
  W390 x W803  n=30  18/2/3/7  LO=+2.76  MI=0.275  0.020 0.024 0.178
  W390 x W861  n=50  3/7/19/21  LO=-0.66  MI=0.015  0.287 0.329 0.509
  W705 x W803  n=35  5/5/8/17  LO=+0.72  MI=0.020  0.355 0.334 0.233
  W705 x W861  n=27  6/3/6/12  LO=+1.27  MI=0.073  0.129 0.124 0.124
  W803 x W861  n=23  3/3/6/11  LO=+0.57  MI=0.012  0.474 0.522 0.377
within-text consistency: 20 texts carry >= 2 tokens of one class; all the same form in 17 (expected 15.3 if forms were drawn independently from the site x type form mix); inconsistent texts: H-1930 W861 [861, 817]; L-37 W390 [406, 390]; M-855 W861 [817, 861]

## level=strong subset=robust  usable classes: W390[390x281/405x118/406x13], W803[803x135/806x135]
pairs with >= 10 shared texts: 1  (texts with >= 2 usable classes: 30)
N1 site x type: G=8.25 null 2.58+/-2.41 z=+2.35 P=0.036; pairs |log-odds| beyond own null 95%: 1/1 (exp 0.1, P=0.051)
N2 site x type x period: G=8.25 null 2.41+/-2.30 z=+2.54 P=0.037; pairs |log-odds| beyond own null 95%: 1/1 (exp 0.1, P=0.055)
N3 site x type x area: G=8.25 null 5.54+/-3.09 z=+0.88 P=0.174; pairs |log-odds| beyond own null 95%: 0/1 (exp 0.1, P=1.000)
pair table: A x B  n  n11/n10/n01/n00  log-odds  MI  p(N1) p(N2) p(N3)
  W390 x W803  n=30  18/2/3/7  LO=+2.76  MI=0.275  0.024 0.020 0.188
within-text consistency: 15 texts carry >= 2 tokens of one class; all the same form in 14 (expected 12.8 if forms were drawn independently from the site x type form mix); inconsistent texts: L-37 W390 [406, 390]

## level=all subset=all-classes  usable classes: W154[154x45/158x39], W390[390x281/405x118/406x13], W630[630x40/632x32/636x22], W705[704x4/705x217/706x99], W717[711x21/717x56], W803[803x135/806x135/838x19], W824[824x32/877x22], W861[817x220/861x270]
pairs with >= 20 shared texts: 7  (texts with >= 2 usable classes: 244)
N1 site x type: G=10.56 null 9.79+/-4.41 z=+0.17 P=0.378; pairs |log-odds| beyond own null 95%: 0/7 (exp 0.4, P=1.000)
N2 site x type x period: G=10.56 null 9.54+/-4.38 z=+0.23 P=0.365; pairs |log-odds| beyond own null 95%: 0/7 (exp 0.4, P=1.000)
N3 site x type x area: G=10.56 null 13.75+/-4.85 z=-0.66 P=0.735; pairs |log-odds| beyond own null 95%: 0/7 (exp 0.4, P=1.000)
pair table: A x B  n  n11/n10/n01/n00  log-odds  MI  p(N1) p(N2) p(N3)
  W154 x W803  n=35  17/0/18/0  LO=-0.06  MI=0.000  0.985 0.986 1.000
  W390 x W705  n=20  4/4/2/10  LO=+1.44  MI=0.091  0.343 0.449 0.811
  W390 x W803  n=34  18/2/7/7  LO=+2.00  MI=0.146  0.107 0.073 0.475
  W390 x W861  n=50  3/7/19/21  LO=-0.66  MI=0.015  0.269 0.330 0.503
  W705 x W803  n=37  5/5/10/17  LO=+0.51  MI=0.010  0.494 0.454 0.351
  W705 x W861  n=27  6/3/6/12  LO=+1.27  MI=0.073  0.123 0.119 0.116
  W803 x W861  n=24  4/3/6/11  LO=+0.82  MI=0.029  0.328 0.314 0.247
within-text consistency: 20 texts carry >= 2 tokens of one class; all the same form in 17 (expected 15.2 if forms were drawn independently from the site x type form mix); inconsistent texts: H-1930 W861 [861, 817]; L-37 W390 [406, 390]; M-855 W861 [817, 861]

## level=all subset=robust  usable classes: W390[390x281/405x118/406x13], W803[803x135/806x135/838x19]
pairs with >= 10 shared texts: 1  (texts with >= 2 usable classes: 34)
N1 site x type: G=4.97 null 2.89+/-2.57 z=+0.81 P=0.181; pairs |log-odds| beyond own null 95%: 0/1 (exp 0.1, P=1.000)
N2 site x type x period: G=4.97 null 2.52+/-2.34 z=+1.05 P=0.146; pairs |log-odds| beyond own null 95%: 0/1 (exp 0.1, P=1.000)
N3 site x type x area: G=4.97 null 6.11+/-3.35 z=-0.34 P=0.577; pairs |log-odds| beyond own null 95%: 0/1 (exp 0.1, P=1.000)
pair table: A x B  n  n11/n10/n01/n00  log-odds  MI  p(N1) p(N2) p(N3)
  W390 x W803  n=34  18/2/7/7  LO=+2.00  MI=0.146  0.125 0.084 0.463
within-text consistency: 15 texts carry >= 2 tokens of one class; all the same form in 14 (expected 12.8 if forms were drawn independently from the site x type form mix); inconsistent texts: L-37 W390 [406, 390]

## level=ext subset=all-classes  usable classes: W154[154x45/158x39], W156[151x92/156x105], W390[390x281/405x118/406x13], W630[630x40/632x32/636x22], W705[704x4/705x217/706x99], W717[711x21/717x56], W803[803x135/806x135/838x19], W824[824x32/877x22], W861[817x220/861x270]
pairs with >= 20 shared texts: 7  (texts with >= 2 usable classes: 268)
N1 site x type: G=10.56 null 9.38+/-4.12 z=+0.29 P=0.335; pairs |log-odds| beyond own null 95%: 0/7 (exp 0.4, P=1.000)
N2 site x type x period: G=10.56 null 9.68+/-4.55 z=+0.19 P=0.375; pairs |log-odds| beyond own null 95%: 0/7 (exp 0.4, P=1.000)
N3 site x type x area: G=10.56 null 13.52+/-4.60 z=-0.64 P=0.717; pairs |log-odds| beyond own null 95%: 0/7 (exp 0.4, P=1.000)
pair table: A x B  n  n11/n10/n01/n00  log-odds  MI  p(N1) p(N2) p(N3)
  W154 x W803  n=35  17/0/18/0  LO=-0.06  MI=0.000  0.988 0.990 1.000
  W390 x W705  n=20  4/4/2/10  LO=+1.44  MI=0.091  0.291 0.502 0.812
  W390 x W803  n=34  18/2/7/7  LO=+2.00  MI=0.146  0.109 0.091 0.489
  W390 x W861  n=50  3/7/19/21  LO=-0.66  MI=0.015  0.260 0.323 0.479
  W705 x W803  n=37  5/5/10/17  LO=+0.51  MI=0.010  0.466 0.456 0.347
  W705 x W861  n=27  6/3/6/12  LO=+1.27  MI=0.073  0.135 0.113 0.128
  W803 x W861  n=24  4/3/6/11  LO=+0.82  MI=0.029  0.303 0.291 0.254
within-text consistency: 21 texts carry >= 2 tokens of one class; all the same form in 17 (expected 15.7 if forms were drawn independently from the site x type form mix); inconsistent texts: H-1930 W861 [861, 817]; L-37 W390 [406, 390]; M-1901 W156 [156, 151]; M-855 W861 [817, 861]

## level=ext subset=robust  usable classes: W156[151x92/156x105], W390[390x281/405x118/406x13], W803[803x135/806x135/838x19]
pairs with >= 10 shared texts: 2  (texts with >= 2 usable classes: 47)
N1 site x type: G=4.97 null 3.80+/-2.89 z=+0.41 P=0.273; pairs |log-odds| beyond own null 95%: 1/2 (exp 0.1, P=0.097)
N2 site x type x period: G=4.97 null 3.49+/-2.67 z=+0.55 P=0.243; pairs |log-odds| beyond own null 95%: 1/2 (exp 0.1, P=0.134)
N3 site x type x area: G=4.97 null 7.32+/-3.56 z=-0.66 P=0.719; pairs |log-odds| beyond own null 95%: 0/2 (exp 0.1, P=1.000)
pair table: A x B  n  n11/n10/n01/n00  log-odds  MI  p(N1) p(N2) p(N3)
  W156 x W390  n=12  0/12/0/0  LO=-3.22  MI=0.000  0.009 0.012 0.057
  W390 x W803  n=34  18/2/7/7  LO=+2.00  MI=0.146  0.123 0.101 0.490
within-text consistency: 16 texts carry >= 2 tokens of one class; all the same form in 14 (expected 13.3 if forms were drawn independently from the site x type form mix); inconsistent texts: L-37 W390 [406, 390]; M-1901 W156 [156, 151]

W390 x W803 co-occurring texts by site, type, forms: Chanhu-daro/TAB 390+803 x1; Harappa/SEAL 405+806 x5; Harappa/TAB 390+803 x1; Harappa/TAB 390+806 x2; Harappa/TAB 405+806 x8; Mohenjo-daro/SEAL 390+803 x4; Mohenjo-daro/SEAL 390+806 x1; Mohenjo-daro/SEAL 390+838 x2; Mohenjo-daro/SEAL 405+803 x1; Mohenjo-daro/SEAL 405+806 x4; Mohenjo-daro/SEAL 406+803 x1; Mohenjo-daro/TAB 390+838 x2; Mohenjo-daro/TAB 405+806 x1; Surkotada/SEAL 390+803 x1
planted two hands (non-head rate = stratum rate +/- 0.4, random hand per text): detected (P<0.05, N1) in 30/30 plants, mean z +11.00
planted two hands (non-head rate = stratum rate +/- 0.3, random hand per text): detected (P<0.05, N1) in 25/30 plants, mean z +5.44
planted two hands (non-head rate = stratum rate +/- 0.2, random hand per text): detected (P<0.05, N1) in 9/30 plants, mean z +0.96
