# loop39 cycle 2 level seq_all: checklist/form generator (2026-10-03 16:54; 100 synthetic corpora; fit 4411 MD+H texts, held-out 930)
form parse of the fit set: units/text {1: 3047, 2: 1055, 3: 309}; texts with a same-field repeat inside a unit 122 (0.028); single-unit valid instances 0.679
form: 25 fields; fixed-order consistency of sign pairs with the field order: 0.851; refinement moves per round [247, 21, 4, 0]
  F00 rank 0.17 | 192 signs,   527 tokens | 692(69), 501(31), 371(17), 491(14), 905(12), 347(10), 545(10), 853(10) ... +184
  F01 rank 0.20 |  27 signs,   823 tokens | 861(380), 820(182), 140(92), 165(29), 65(13), 66(13), 511(12), 91(11) ... +19
  F02 rank 0.24 |  36 signs,   423 tokens | 920(126), 125(44), 455(37), 171(26), 104(19), 317(17), 831(16), 530(15) ... +28
  F03 rank 0.36 |   6 signs,   826 tokens | 2(627), 60(171), 500(10), 353(9), 326(6), 81(3)
  F04 rank 0.36 |  20 signs,   550 tokens | 31(175), 741(167), 742(38), 745(37), 13(34), 645(23), 540(15), 605(14) ... +12
  F05 rank 0.30 |  13 signs,   535 tokens | 803(251), 798(128), 413(50), 5(39), 382(14), 519(14), 130(10), 136(7) ... +5
  F06 rank 0.28 |  14 signs,   480 tokens | 235(216), 415(154), 575(67), 98(8), 155(7), 391(7), 103(4), 221(4) ... +6
  F07 rank 0.57 |   6 signs,   284 tokens | 368(97), 231(81), 503(76), 175(20), 267(5), 578(5)
  F08 rank 0.35 |  15 signs,   677 tokens | 32(438), 3(210), 49(5), 145(3), 192(3), 516(3), 531(3), 791(3) ... +7
  F09 rank 0.40 |  17 signs,   445 tokens | 240(322), 16(39), 480(26), 137(16), 219(7), 552(5), 362(4), 421(4) ... +9
  F10 rank 0.39 |   9 signs,   309 tokens | 233(162), 630(76), 416(44), 63(9), 101(7), 637(5), 825(4), 152(1) ... +1
  F11 rank 0.46 |  49 signs,   483 tokens | 220(372), 335(38), 110(5), 19(4), 143(3), 300(3), 782(3), 856(3) ... +41
  F12 rank 0.37 |  15 signs,   468 tokens | 705(267), 717(66), 440(49), 495(21), 236(17), 792(13), 510(10), 794(10) ... +7
  F13 rank 0.40 |  17 signs,   644 tokens | 33(440), 615(65), 350(34), 320(31), 226(29), 243(12), 776(7), 420(6) ... +9
  F14 rank 0.39 |  10 signs,   358 tokens | 550(101), 892(64), 388(49), 595(44), 923(43), 460(32), 215(8), 504(8) ... +2
  F15 rank 0.34 |  13 signs,   518 tokens | 176(198), 1(151), 845(54), 824(47), 384(24), 484(13), 927(10), 36(7) ... +5
  F16 rank 0.45 |  13 signs,   340 tokens | 61(85), 4(77), 17(69), 790(43), 55(36), 554(12), 456(5), 46(3) ... +5
  F17 rank 0.32 |  12 signs,   312 tokens | 255(118), 904(54), 850(46), 482(38), 95(23), 844(10), 597(9), 626(6) ... +4
  F18 rank 0.42 |  10 signs,   330 tokens | 840(102), 142(71), 435(71), 832(34), 436(16), 921(14), 821(11), 18(7) ... +2
  F19 rank 0.61 |  26 signs,   380 tokens | 690(113), 900(94), 70(31), 35(30), 463(21), 321(15), 72(13), 525(11) ... +18
  F20 rank 0.42 |  19 signs,   719 tokens | 590(186), 34(167), 156(96), 617(70), 585(54), 752(49), 337(24), 555(19) ... +11
  F21 rank 0.77 |  24 signs,  1303 tokens | 700(543), 390(310), 407(119), 100(116), 760(111), 772(19), 297(18), 222(13) ... +16
  F22 rank 0.84 |  11 signs,  1900 tokens | 740(1589), 520(264), 97(20), 592(9), 869(6), 153(4), 279(3), 494(2) ... +3
  F23 rank 0.75 |  17 signs,   445 tokens | 90(145), 154(76), 151(68), 527(62), 679(18), 868(17), 565(15), 241(12) ... +9
  F24 rank 0.94 |  51 signs,   603 tokens | 400(469), 621(21), 167(14), 64(12), 161(10), 697(10), 930(8), 401(7) ... +43

## PARTIAL (one field set per text, pairwise field order, elemchain, reuse, open)  (fit 854 s)
PARTIAL (one field set per text, pairwise field order, elemchain, reuse, open): outside 30/50, |z|>3: 28, sum|z| 245.9
statistic                         real  syn mean       sd       z                range out
H_cond_bigram                    2.770     3.330    0.025  -22.78  [   3.265,   3.388] *
nesting_rate                     0.163     0.065    0.005   20.14  [   0.052,   0.075] *
same_middle_diff_closer          0.204     0.055    0.008   17.63  [   0.035,   0.079] *
bigram_hapax_share               0.660     0.524    0.010   13.54  [   0.499,   0.546] *
mi_d1                            3.181     2.692    0.036   13.43  [   2.617,   2.795] *
run3_multisite_share             0.076     0.040    0.003   13.34  [   0.033,   0.047] *
trigram_hapax_share              0.799     0.680    0.011   10.63  [   0.651,   0.706] *
text3_multisite_share            0.021     0.006    0.002    9.45  [   0.001,   0.010] *
closer_sign_nonfinal_share       0.081     0.143    0.007   -8.61  [   0.126,   0.158] *
H_start2                         6.217     6.620    0.051   -7.99  [   6.515,   6.794] *
texts_rep3                     107.000   191.310   10.876   -7.75  [ 170.000, 228.000] *
mid_len_closer_diff             -1.027    -0.475    0.074   -7.42  [  -0.711,  -0.313] *
numeral_initial_share            0.460     0.375    0.014    6.13  [   0.346,   0.419] *
mid_init_final_jaccard           0.570     0.447    0.024    5.20  [   0.394,   0.502] *
mi_d2                            2.489     2.287    0.039    5.17  [   2.192,   2.391] *
H_end1                           4.557     4.949    0.077   -5.11  [   4.793,   5.117] *
len_max                         17.000    12.690    0.987    4.37  [  11.000,  16.000] *
H_start3                         6.201     6.424    0.053   -4.23  [   6.295,   6.575] *
key stats: longrange_attract_pairs 127.000 vs 92.980 z 2.0; longrange_avoid_pairs 272.000 vs 259.140 z 0.9; repeat_rate 0.043 vs 0.035 z 1.4; len_sd 2.021 vs 1.920 z 3.1*; two_numerals_share 0.044 vs 0.050 z -1.4; H_start1 6.694 vs 6.723 z -0.5; H_start2 6.217 vs 6.620 z -8.0*; H_start3 6.201 vs 6.424 z -4.2*; H_cond_bigram 2.770 vs 3.330 z -22.8*; mi_d2 2.489 vs 2.287 z 5.2*; hapax_sign_share 0.354 vs 0.327 z 1.6; bigram_hapax_share 0.660 vs 0.524 z 13.5*; len_mean 3.358 vs 3.493 z -3.6*; unique_text_share 0.580 vs 0.587 z -0.9; same_middle_diff_closer 0.204 vs 0.055 z 17.6*
field-level check (real vs one synthetic corpus): texts with a repeated field 0.067, tokens in an already-used field 0.023, repeated-sign tokens 0.009 | texts with a repeated field 0.078, tokens in an already-used field 0.024, repeated-sign tokens 0.009; pair-order agreement with the linear field order 0.851
held-out sites: outside 20/50, sum|z| 140.5; top: longrange_attract_pairs 26.000 vs 1.620 z=20.5; nesting_rate 0.079 vs 0.026 z=6.8; unique_text_share 0.786 vs 0.851 z=-6.7; H_end3 5.955 vs 6.477 z=-6.4; len1_share 0.248 vs 0.182 z=5.3; run4_rep3 10.000 vs 1.240 z=5.3; repeat_rate 0.078 vs 0.034 z=5.3; H_start2 5.819 vs 6.248 z=-4.6
false-alarm floor (form refitted to its own output): outside 9/50, |z|>3 5, sum|z| 69.7
strongest field couplings (w>0 attract, w<0 repel): F01-F03 +2.14; F17-F18 +2.04; F12-F13 +1.80; F06-F11 +1.40; F07-F11 -1.18; F14-F21 -1.15; F21-F24 -1.14; F21-F23 -1.13; F02-F03 +1.11; F00-F03 +1.04; F18-F19 +1.03; F02-F04 +1.03; F03-F09 +0.93; F08-F13 -0.92; F05-F06 +0.92; F13-F23 -0.91

## PARTIAL control: independent fields (no co-selection)  (fit 654 s)
PARTIAL control: independent fields (no co-selection): outside 33/50, |z|>3: 30, sum|z| 285.9
statistic                         real  syn mean       sd       z                range out
H_cond_bigram                    2.770     3.422    0.025  -26.28  [   3.343,   3.476] *
nesting_rate                     0.163     0.049    0.005   25.33  [   0.038,   0.060] *
run3_multisite_share             0.076     0.028    0.002   19.92  [   0.021,   0.035] *
same_middle_diff_closer          0.204     0.051    0.009   17.69  [   0.032,   0.070] *
mi_d1                            3.181     2.617    0.035   16.25  [   2.537,   2.701] *
bigram_hapax_share               0.660     0.512    0.010   14.93  [   0.485,   0.531] *
text3_multisite_share            0.021     0.004    0.001   13.90  [   0.001,   0.006] *
H_start2                         6.217     6.702    0.042  -11.50  [   6.589,   6.795] *
trigram_hapax_share              0.799     0.676    0.011   11.43  [   0.646,   0.705] *
closer_sign_nonfinal_share       0.081     0.149    0.008   -8.70  [   0.134,   0.171] *
texts_rep3                     107.000   211.780   12.337   -8.49  [ 180.000, 236.000] *
len_sd                           2.021     1.787    0.028    8.33  [   1.731,   1.853] *
H_end1                           4.557     5.096    0.075   -7.24  [   4.872,   5.253] *
numeral_initial_share            0.460     0.356    0.015    6.89  [   0.325,   0.399] *
zipf_final                      -1.244    -1.062    0.027   -6.77  [  -1.138,  -0.997] *
len_max                         17.000    11.630    0.891    6.03  [  10.000,  15.000] *
mid_init_final_jaccard           0.570     0.437    0.024    5.61  [   0.386,   0.515] *
H_start3                         6.201     6.477    0.053   -5.21  [   6.335,   6.612] *
key stats: longrange_attract_pairs 127.000 vs 91.290 z 1.9; longrange_avoid_pairs 272.000 vs 250.600 z 1.6; repeat_rate 0.043 vs 0.034 z 2.2; len_sd 2.021 vs 1.787 z 8.3*; two_numerals_share 0.044 vs 0.055 z -2.4*; H_start1 6.694 vs 6.635 z 0.8; H_start2 6.217 vs 6.702 z -11.5*; H_start3 6.201 vs 6.477 z -5.2*; H_cond_bigram 2.770 vs 3.422 z -26.3*; mi_d2 2.489 vs 2.312 z 4.4*; hapax_sign_share 0.354 vs 0.312 z 2.7*; bigram_hapax_share 0.660 vs 0.512 z 14.9*; len_mean 3.358 vs 3.462 z -2.9*; unique_text_share 0.580 vs 0.582 z -0.4; same_middle_diff_closer 0.204 vs 0.051 z 17.7*
field-level check (real vs one synthetic corpus): texts with a repeated field 0.067, tokens in an already-used field 0.023, repeated-sign tokens 0.009 | texts with a repeated field 0.078, tokens in an already-used field 0.024, repeated-sign tokens 0.007; pair-order agreement with the linear field order 0.851

## PARTIAL ablation: strict linear field order  (fit 586 s)
PARTIAL ablation: strict linear field order: outside 28/50, |z|>3: 24, sum|z| 200.5
statistic                         real  syn mean       sd       z                range out
trigram_hapax_share              0.799     0.640    0.010   15.81  [   0.618,   0.668] *
bigram_hapax_share               0.660     0.492    0.012   14.14  [   0.464,   0.532] *
same_middle_diff_closer          0.204     0.079    0.010   12.04  [   0.059,   0.110] *
nesting_rate                     0.163     0.089    0.007   11.31  [   0.076,   0.113] *
H_cond_bigram                    2.770     2.937    0.019   -8.81  [   2.902,   2.981] *
mid_init_final_jaccard           0.570     0.397    0.020    8.56  [   0.351,   0.453] *
texts_rep3                     107.000   197.800   10.858   -8.36  [ 175.000, 226.000] *
mid_len_closer_diff             -1.027    -0.459    0.073   -7.80  [  -0.677,  -0.274] *
mi_d2                            2.489     2.298    0.030    6.27  [   2.233,   2.386] *
mi_d4                            2.687     2.299    0.063    6.10  [   2.141,   2.477] *
text3_multisite_share            0.021     0.009    0.002    5.67  [   0.004,   0.013] *
mi_d1                            3.181     3.049    0.023    5.64  [   2.996,   3.112] *
adj_double_rate                  0.007     0.023    0.003   -5.32  [   0.016,   0.030] *
numeral_initial_share            0.460     0.381    0.015    5.18  [   0.342,   0.430] *
run4_rep3                      171.000   294.170   25.334   -4.86  [ 239.000, 352.000] *
mi_d3                            2.441     2.233    0.044    4.69  [   2.132,   2.358] *
len_max                         17.000    12.650    1.043    4.17  [  11.000,  15.000] *
len_mean                         3.358     3.490    0.034   -3.92  [   3.409,   3.615] *
key stats: longrange_attract_pairs 127.000 vs 101.530 z 1.6; longrange_avoid_pairs 272.000 vs 291.280 z -1.6; repeat_rate 0.043 vs 0.035 z 1.9; len_sd 2.021 vs 1.918 z 3.2*; two_numerals_share 0.044 vs 0.044 z -0.0; H_start1 6.694 vs 6.582 z 1.6; H_start2 6.217 vs 6.410 z -3.6*; H_start3 6.201 vs 6.336 z -2.5; H_cond_bigram 2.770 vs 2.937 z -8.8*; mi_d2 2.489 vs 2.298 z 6.3*; hapax_sign_share 0.354 vs 0.326 z 1.5; bigram_hapax_share 0.660 vs 0.492 z 14.1*; len_mean 3.358 vs 3.490 z -3.9*; unique_text_share 0.580 vs 0.574 z 0.9; same_middle_diff_closer 0.204 vs 0.079 z 12.0*
field-level check (real vs one synthetic corpus): texts with a repeated field 0.067, tokens in an already-used field 0.023, repeated-sign tokens 0.009 | texts with a repeated field 0.088, tokens in an already-used field 0.027, repeated-sign tokens 0.010; pair-order agreement with the linear field order 0.851
