== S-DARK-65 cycle 2 (seq_raw, nperm 1000): two-party tests on impression pairs

-- all pairs: 23 sealings, 38 impression pairs
   statistic              obs | N1 same-site sealing impre |         N1L length-matched |    N2 same-site seal pairs
   shared_any        0.395 ( 15) |  0.375 P+=0.445 P-=0.695 |  0.310 P+=0.097 P-=0.964 |  0.258 P+=0.053 P-=0.974
   shared_mid        0.105 (  4) |  0.161 P+=0.910 P-=0.221 |  0.092 P+=0.488 P-=0.755 |  0.110 P+=0.619 P-=0.595
   shared_name       0.079 (  3) |  0.044 P+=0.223 P-=0.924 |  0.028 P+=0.077 P-=0.990 |  0.067 P+=0.480 P-=0.748
   same_mid          0.000 (  0) |  0.016 P+=1.000 P-=0.512 |  0.000 P+=1.000 P-=1.000 |  0.012 P+=1.000 P-=0.647
   ident             0.000 (  0) |  0.019 P+=1.000 P-=0.469 |  0.009 P+=1.000 P-=0.679 |  0.012 P+=1.000 P-=0.655
   jacc              0.081 (3.1) |  0.079 P+=0.445 P-=0.556 |  0.066 P+=0.199 P-=0.802 |  0.052 P+=0.101 P-=0.900
   same_head         0.237 (  9) |  0.160 P+=0.113 P-=0.957 |  0.165 P+=0.107 P-=0.965 |  0.100 P+=0.013 P-=0.998
   both_jar          0.237 (  9) |  0.159 P+=0.106 P-=0.960 |  0.165 P+=0.107 P-=0.965 |  0.091 P+=0.007 P-=0.999
   lendiff           2.316 ( 88) |  2.307 P+=0.506 P-=0.535 |  2.212 P+=0.060 P-=0.981 |  2.344 P+=0.545 P-=0.485
   short_long        0.342 ( 13) |  0.294 P+=0.288 P-=0.824 |  0.339 P+=0.703 P-=0.838 |  0.326 P+=0.465 P-=0.647
   frame_only_one    0.158 (  6) |  0.230 P+=0.951 P-=0.143 |  0.257 P+=0.983 P-=0.052 |  0.064 P+=0.037 P-=0.989
   frame_only_both   0.053 (  2) |  0.017 P+=0.128 P-=0.985 |  0.024 P+=0.231 P-=0.956 |  0.001 P+=0.002 P-=1.000
   opener_one        0.158 (  6) |  0.229 P+=0.919 P-=0.182 |  0.244 P+=0.975 P-=0.089 |  0.272 P+=0.964 P-=0.086
   opener_both       0.000 (  0) |  0.005 P+=1.000 P-=0.798 |  0.000 P+=1.000 P-=1.000 |  0.029 P+=1.000 P-=0.350
   match_one         0.447 ( 17) |  0.448 P+=0.565 P-=0.555 |  0.427 P+=0.451 P-=0.696 |  0.000 P+=0.001 P-=1.000
   match_both        0.184 (  7) |  0.145 P+=0.289 P-=0.855 |  0.218 P+=0.852 P-=0.325 |  1.000 P+=1.000 P-=0.001
   match_none        0.368 ( 14) |  0.328 P+=0.319 P-=0.818 |  0.276 P+=0.056 P-=0.984 |  0.000 P+=0.001 P-=1.000
   head x head pairs (obs vs N1 expected):
              jar + none         13  vs 13.44
             none + none          9  vs  7.42
              jar + jar           9  vs  6.05
            arrow + none          2  vs  1.90
           box527 + none          2  vs  0.84
            arrow + jar           1  vs  1.38
             W236 + none          1  vs  0.21
             W595 + none          1  vs  0.53
   head-pair chi2 vs N1 table: 6.89, null mean 27.04, P = 0.831
