ur3_words row 0: n=2465 fixed 0.38 uniq/bigram 1.08 slot-bigram -0.07 hubs 0.14 loy 0.81
ur3_words row 1: n=2465 fixed 0.40 uniq/bigram 1.08 slot-bigram -0.08 hubs 0.10 loy 0.64
ur3_words row 2: n=2465 fixed 0.43 uniq/bigram 1.08 slot-bigram -0.09 hubs 0.07 loy 0.89
ur3_words row 3: n=2465 fixed 0.41 uniq/bigram 1.08 slot-bigram -0.08 hubs 0.10 loy 0.62
ur3_words row 4: n=2465 fixed 0.41 uniq/bigram 1.07 slot-bigram -0.08 hubs 0.10 loy 0.62
ur3_words row 5: n=2465 fixed 0.43 uniq/bigram 1.08 slot-bigram -0.08 hubs 0.10 loy 0.60
ur3_words row 6: n=2465 fixed 0.42 uniq/bigram 1.08 slot-bigram -0.08 hubs 0.10 loy 0.86
ur3_words row 7: n=2465 fixed 0.41 uniq/bigram 1.08 slot-bigram -0.09 hubs 0.10 loy 0.75
ur3_syll row 0: n=1412 fixed 0.43 uniq/bigram 0.82 slot-bigram +0.82 hubs 0.20 loy 0.60
ur3_syll row 1: n=1412 fixed 0.43 uniq/bigram 0.82 slot-bigram +0.83 hubs 0.22 loy 0.67
ur3_syll row 2: n=1412 fixed 0.35 uniq/bigram 0.82 slot-bigram +0.83 hubs 0.16 loy 0.75
ur3_syll row 3: n=1412 fixed 0.42 uniq/bigram 0.80 slot-bigram +0.83 hubs 0.18 loy 0.56
ur3_syll row 4: n=1412 fixed 0.40 uniq/bigram 0.82 slot-bigram +0.81 hubs 0.16 loy 0.62
ur3_syll row 5: n=1412 fixed 0.42 uniq/bigram 0.83 slot-bigram +0.83 hubs 0.23 loy 0.56
ur3_syll row 6: n=1412 fixed 0.37 uniq/bigram 0.82 slot-bigram +0.82 hubs 0.19 loy 0.62
ur3_syll row 7: n=1412 fixed 0.42 uniq/bigram 0.82 slot-bigram +0.83 hubs 0.19 loy 0.50
ur3_names_syll row 0: n=2849 fixed 0.84 uniq/bigram 0.54 slot-bigram +0.38 hubs 0.12 loy 0.52
ur3_names_syll row 1: n=2849 fixed 0.82 uniq/bigram 0.53 slot-bigram +0.35 hubs 0.09 loy 0.51
ur3_names_syll row 2: n=2849 fixed 0.81 uniq/bigram 0.53 slot-bigram +0.38 hubs 0.09 loy 0.51
ur3_names_syll row 3: n=2849 fixed 0.83 uniq/bigram 0.54 slot-bigram +0.35 hubs 0.12 loy 0.75
ur3_names_syll row 4: n=2849 fixed 0.84 uniq/bigram 0.53 slot-bigram +0.36 hubs 0.08 loy 0.56
ur3_names_syll row 5: n=2849 fixed 0.83 uniq/bigram 0.54 slot-bigram +0.38 hubs 0.07 loy 0.56
ur3_names_syll row 6: n=2849 fixed 0.83 uniq/bigram 0.52 slot-bigram +0.36 hubs 0.06 loy 0.54
ur3_names_syll row 7: n=2849 fixed 0.83 uniq/bigram 0.53 slot-bigram +0.38 hubs 0.07 loy 0.51
linb_words row 0: n=3000 fixed 0.87 uniq/bigram 0.98 slot-bigram -0.11 hubs 0.08 loy 0.74
linb_words row 1: n=3000 fixed 0.87 uniq/bigram 0.99 slot-bigram -0.11 hubs 0.08 loy 0.78
linb_words row 2: n=3000 fixed 0.89 uniq/bigram 0.98 slot-bigram -0.12 hubs 0.03 loy 0.76
linb_words row 3: n=3000 fixed 0.89 uniq/bigram 0.98 slot-bigram -0.11 hubs 0.06 loy 0.78
linb_words row 4: n=3000 fixed 0.87 uniq/bigram 0.99 slot-bigram -0.11 hubs 0.08 loy 0.78
linb_words row 5: n=3000 fixed 0.86 uniq/bigram 0.98 slot-bigram -0.11 hubs 0.03 loy 0.79
linb_words row 6: n=3000 fixed 0.88 uniq/bigram 0.98 slot-bigram -0.12 hubs 0.03 loy 0.79
linb_words row 7: n=3000 fixed 0.89 uniq/bigram 0.98 slot-bigram -0.11 hubs 0.03 loy 0.76
linb_syll row 0: n=3000 fixed 0.40 uniq/bigram 0.94 slot-bigram -0.02 hubs 0.01 loy 1.00
linb_syll row 1: n=3000 fixed 0.40 uniq/bigram 0.94 slot-bigram +0.01 hubs 0.01 loy 1.00
linb_syll row 2: n=3000 fixed 0.42 uniq/bigram 1.01 slot-bigram -0.02 hubs 0.01 loy 0.55
linb_syll row 3: n=3000 fixed 0.41 uniq/bigram 0.98 slot-bigram -0.00 hubs 0.01 loy 1.00
linb_syll row 4: n=3000 fixed 0.42 uniq/bigram 0.98 slot-bigram +0.00 hubs 0.01 loy 0.56
linb_syll row 5: n=3000 fixed 0.40 uniq/bigram 0.95 slot-bigram +0.00 hubs 0.01 loy 0.60
linb_syll row 6: n=3000 fixed 0.41 uniq/bigram 0.95 slot-bigram +0.01 hubs 0.01 loy 1.00
linb_syll row 7: n=3000 fixed 0.42 uniq/bigram 0.96 slot-bigram -0.01 hubs 0.01 loy 1.00
latin_edh row 0: n=1474 fixed 0.92 uniq/bigram 1.02 slot-bigram +0.10 hubs 0.00 loy 0.38
latin_edh row 1: n=1474 fixed 0.86 uniq/bigram 1.02 slot-bigram +0.11 hubs 0.00 loy 0.88
latin_edh row 2: n=1474 fixed 0.94 uniq/bigram 1.02 slot-bigram +0.10 hubs 0.00 loy 0.38
latin_edh row 3: n=1474 fixed 0.87 uniq/bigram 1.02 slot-bigram +0.10 hubs 0.00 loy 0.50
latin_edh row 4: n=1474 fixed 0.92 uniq/bigram 1.03 slot-bigram +0.09 hubs 0.00 loy 0.30
latin_edh row 5: n=1474 fixed 0.86 uniq/bigram 1.03 slot-bigram +0.10 hubs 0.00 loy 0.44
latin_edh row 6: n=1474 fixed 0.86 uniq/bigram 1.02 slot-bigram +0.10 hubs 0.00 loy 0.31
latin_edh row 7: n=1474 fixed 0.88 uniq/bigram 1.02 slot-bigram +0.11 hubs 0.00 loy 0.50
  runes_words: only 234 matched texts
runes_words row 0: n=234 fixed 0.00 uniq/bigram 1.06 slot-bigram +0.17 hubs 0.00 loy 0.00
  runes_words: only 234 matched texts
runes_words row 1: n=234 fixed 1.00 uniq/bigram 1.08 slot-bigram +0.18 hubs 0.00 loy 0.00
  runes_words: only 234 matched texts
runes_words row 2: n=234 fixed 1.00 uniq/bigram 1.07 slot-bigram +0.18 hubs 0.00 loy 0.00
  runes_words: only 234 matched texts
runes_words row 3: n=234 fixed 0.00 uniq/bigram 1.08 slot-bigram +0.19 hubs 0.00 loy 0.00
  runes_words: only 234 matched texts
runes_words row 4: n=234 fixed 1.00 uniq/bigram 1.04 slot-bigram +0.16 hubs 0.00 loy 0.00
  runes_words: only 234 matched texts
runes_words row 5: n=234 fixed 1.00 uniq/bigram 1.03 slot-bigram +0.15 hubs 0.00 loy 0.00
  runes_words: only 234 matched texts
runes_words row 6: n=234 fixed 0.00 uniq/bigram 1.12 slot-bigram +0.15 hubs 0.00 loy 0.00
  runes_words: only 234 matched texts
runes_words row 7: n=234 fixed 1.00 uniq/bigram 1.04 slot-bigram +0.16 hubs 0.00 loy 0.00
heraldry row 0: n=2141 fixed 0.65 uniq/bigram 0.85 slot-bigram -0.03 hubs 0.18 loy 0.76
heraldry row 1: n=2141 fixed 0.68 uniq/bigram 0.85 slot-bigram -0.04 hubs 0.21 loy 0.80
heraldry row 2: n=2141 fixed 0.67 uniq/bigram 0.84 slot-bigram -0.03 hubs 0.26 loy 0.76
heraldry row 3: n=2141 fixed 0.68 uniq/bigram 0.84 slot-bigram -0.05 hubs 0.22 loy 0.78
heraldry row 4: n=2141 fixed 0.67 uniq/bigram 0.85 slot-bigram -0.04 hubs 0.22 loy 0.78
heraldry row 5: n=2141 fixed 0.68 uniq/bigram 0.86 slot-bigram -0.04 hubs 0.26 loy 0.83
heraldry row 6: n=2141 fixed 0.67 uniq/bigram 0.85 slot-bigram -0.05 hubs 0.18 loy 0.82
heraldry row 7: n=2141 fixed 0.66 uniq/bigram 0.86 slot-bigram -0.06 hubs 0.19 loy 0.79
icd10 row 0: n=1482 fixed 0.82 uniq/bigram 1.02 slot-bigram -0.08 hubs 0.00 loy 0.00
icd10 row 1: n=1482 fixed 0.80 uniq/bigram 1.02 slot-bigram -0.07 hubs 0.00 loy 0.00
icd10 row 2: n=1482 fixed 0.82 uniq/bigram 1.02 slot-bigram -0.06 hubs 0.00 loy 0.03
icd10 row 3: n=1482 fixed 0.81 uniq/bigram 1.01 slot-bigram -0.06 hubs 0.00 loy 0.03
icd10 row 4: n=1482 fixed 0.83 uniq/bigram 1.02 slot-bigram -0.08 hubs 0.00 loy 0.00
icd10 row 5: n=1482 fixed 0.84 uniq/bigram 1.01 slot-bigram -0.06 hubs 0.00 loy 0.00
icd10 row 6: n=1482 fixed 0.81 uniq/bigram 1.02 slot-bigram -0.07 hubs 0.00 loy 0.00
icd10 row 7: n=1482 fixed 0.85 uniq/bigram 1.02 slot-bigram -0.07 hubs 0.00 loy 0.00
hts row 0: n=2454 fixed 0.43 uniq/bigram 1.19 slot-bigram -0.23 hubs 0.00 loy 0.02
hts row 1: n=2454 fixed 0.43 uniq/bigram 1.20 slot-bigram -0.22 hubs 0.00 loy 0.04
hts row 2: n=2454 fixed 0.40 uniq/bigram 1.19 slot-bigram -0.22 hubs 0.00 loy 0.02
hts row 3: n=2454 fixed 0.40 uniq/bigram 1.19 slot-bigram -0.21 hubs 0.00 loy 0.02
hts row 4: n=2454 fixed 0.41 uniq/bigram 1.19 slot-bigram -0.22 hubs 0.00 loy 0.00
hts row 5: n=2454 fixed 0.39 uniq/bigram 1.19 slot-bigram -0.25 hubs 0.00 loy 0.04
hts row 6: n=2454 fixed 0.36 uniq/bigram 1.19 slot-bigram -0.21 hubs 0.03 loy 0.00
hts row 7: n=2454 fixed 0.41 uniq/bigram 1.20 slot-bigram -0.22 hubs 0.03 loy 0.02
unicode_names row 0: n=3000 fixed 0.92 uniq/bigram 1.22 slot-bigram -0.07 hubs 0.08 loy 0.89
unicode_names row 1: n=3000 fixed 0.91 uniq/bigram 1.22 slot-bigram -0.07 hubs 0.10 loy 0.92
unicode_names row 2: n=3000 fixed 0.91 uniq/bigram 1.22 slot-bigram -0.07 hubs 0.07 loy 0.91
unicode_names row 3: n=3000 fixed 0.91 uniq/bigram 1.23 slot-bigram -0.06 hubs 0.07 loy 0.92
unicode_names row 4: n=3000 fixed 0.91 uniq/bigram 1.20 slot-bigram -0.07 hubs 0.10 loy 1.00
unicode_names row 5: n=3000 fixed 0.91 uniq/bigram 1.22 slot-bigram -0.08 hubs 0.05 loy 0.90
unicode_names row 6: n=3000 fixed 0.93 uniq/bigram 1.21 slot-bigram -0.07 hubs 0.08 loy 0.93
unicode_names row 7: n=3000 fixed 0.92 uniq/bigram 1.22 slot-bigram -0.07 hubs 0.07 loy 0.88
aircraft_reg row 0: n=1169 fixed 0.34 uniq/bigram 0.98 slot-bigram +0.00 hubs 0.00 loy 0.08
