hts_n250_r0 11s
ur3_names_syll_n250_r0 13s
linb_syll_n250_r0 14s
linb_words_n250_r0 16s
ur3_words_n250_r0 16s
ur3_syll_n250_r0 16s
icd10_n250_r0 12s
latin_edh_n250_r0 20s
aircraft_reg_n250_r0 12s
khipu_n250_r0 9s
heraldry_n250_r0 11s
unicode_names_n250_r0 15s
proto_elamite_n250_r0 13s
indus_seq_raw_n250_r0 12s
proto_cuneiform_n250_r0 13s
indus_seq_strong_n250_r0 11s
indus_seq_all_n250_r0 13s
linb_syll_n500_r0 29s
ur3_names_syll_n500_r0 30s
icd10_n500_r0 25s
hts_n500_r0 23s
ur3_words_n500_r0 39s
ur3_syll_n500_r0 37s
linb_words_n500_r0 40s
aircraft_reg_n500_r0 22s
khipu_n500_r0 20s
latin_edh_n500_r0 60s
heraldry_n500_r0 25s
proto_elamite_n500_r0 32s
indus_seq_raw_n500_r0 28s
proto_cuneiform_n500_r0 33s
unicode_names_n500_r0 42s
indus_seq_strong_n500_r0 27s
indus_seq_all_n500_r0 30s
ur3_names_syll_n1000_r0 53s
icd10_n1000_r0 46s
linb_syll_n1000_r0 65s
