train seq_raw family      namecalib base 0.784 -> 0.669 [0.653,0.733] D -0.115 null -0.048±0.015 z -4.6 p 0.016 (266s)
train seq_raw family      repeat    base 0.230 -> 0.965 [0.950,1.007] D +0.735 null -0.001±0.046 z +16.1 p 0.016 (266s)
train seq_raw family      slot      base 1.134 -> 0.164 [-0.027,0.198] D -0.969 null -0.149±0.047 z -17.3 p 0.016 (266s)
train seq_raw randfamily  namecalib base 0.781 -> 0.716 [0.695,0.736] D -0.065 null -0.048±0.010 z -1.6 p 0.033 (295s)
train seq_raw randfamily  repeat    base 0.242 -> 0.956 [0.900,0.994] D +0.714 null -0.004±0.045 z +16.0 p 0.016 (295s)
train seq_raw randfamily  slot      base 1.134 -> 0.321 [0.206,0.470] D -0.812 null -0.163±0.042 z -15.4 p 0.016 (295s)
train seq_raw reverse     namecalib base 0.784 -> 0.818 [0.804,0.842] D +0.035 null -0.002±0.006 z +6.0 p 0.016 (188s)
train seq_raw numonly     namecalib base 0.755 -> 1.303 [1.054,1.784] D +0.548 null +0.176±0.050 z +7.5 p 0.016 (80s)
train seq_raw dropframe   repeat    base 0.229 -> 0.374 [0.196,0.504] D +0.146 null -0.004±0.042 z +3.5 p 0.016 (154s)
train seq_raw dropsign    namecalib base 0.777 -> 0.911 [0.842,0.987] D +0.134 null +0.012±0.009 z +13.7 p 0.016 (206s)
train seq_raw bpe         arith     base 0.253 -> 0.312 [0.255,0.331] D +0.060 null -0.015±0.017 z +4.4 p 0.016 (3117s)
train seq_raw bpe         repeat    base 0.244 -> 0.412 [0.262,0.505] D +0.169 null -0.078±0.045 z +5.4 p 0.016 (3117s)
train seq_strong family      namecalib base 0.764 -> 0.669 [0.643,0.731] D -0.095 null -0.048±0.015 z -3.2 p 0.016 (154s)
train seq_strong family      repeat    base 0.233 -> 0.980 [0.949,1.031] D +0.747 null +0.005±0.053 z +13.9 p 0.016 (154s)
train seq_strong family      slot      base 1.164 -> 0.156 [-0.044,0.189] D -1.008 null -0.154±0.046 z -18.5 p 0.016 (154s)
train seq_strong randfamily  namecalib base 0.766 -> 0.711 [0.669,0.749] D -0.055 null -0.046±0.011 z -0.8 p 0.246 (142s)
train seq_strong randfamily  repeat    base 0.222 -> 0.940 [0.873,1.018] D +0.718 null +0.002±0.042 z +16.9 p 0.016 (142s)
train seq_strong randfamily  slot      base 1.164 -> 0.334 [0.220,0.430] D -0.831 null -0.139±0.035 z -19.9 p 0.016 (142s)
train seq_strong reverse     namecalib base 0.776 -> 0.805 [0.793,0.835] D +0.029 null -0.002±0.008 z +3.9 p 0.016 (79s)
train seq_strong numonly     namecalib base 0.757 -> 1.212 [0.990,1.610] D +0.455 null +0.182±0.058 z +4.7 p 0.016 (36s)
train seq_strong dropframe   repeat    base 0.242 -> 0.375 [0.191,0.441] D +0.133 null -0.005±0.036 z +3.8 p 0.016 (68s)
train seq_strong dropsign    namecalib base 0.783 -> 0.858 [0.837,0.991] D +0.075 null +0.009±0.009 z +7.1 p 0.016 (78s)
train seq_strong bpe         arith     base 0.253 -> 0.315 [0.304,0.333] D +0.062 null -0.006±0.009 z +7.7 p 0.016 (1474s)
train seq_strong bpe         repeat    base 0.231 -> 0.387 [0.259,0.539] D +0.156 null -0.057±0.050 z +4.3 p 0.033 (1474s)
train seq_all family      namecalib base 0.776 -> 0.661 [0.639,0.690] D -0.115 null -0.048±0.017 z -3.9 p 0.016 (117s)
train seq_all family      repeat    base 0.234 -> 0.967 [0.947,1.059] D +0.733 null -0.009±0.044 z +16.8 p 0.016 (117s)
train seq_all family      slot      base 1.161 -> 0.156 [0.135,0.194] D -1.005 null -0.139±0.036 z -24.0 p 0.016 (117s)
train seq_all randfamily  namecalib base 0.764 -> 0.705 [0.677,0.739] D -0.059 null -0.045±0.012 z -1.1 p 0.180 (125s)
train seq_all randfamily  repeat    base 0.226 -> 0.933 [0.865,1.001] D +0.707 null -0.007±0.048 z +14.9 p 0.016 (125s)
train seq_all randfamily  slot      base 1.161 -> 0.339 [0.177,0.440] D -0.822 null -0.132±0.047 z -14.7 p 0.016 (125s)
train seq_all reverse     namecalib base 0.767 -> 0.808 [0.785,0.823] D +0.041 null -0.001±0.008 z +5.2 p 0.016 (83s)
train seq_all numonly     namecalib base 0.764 -> 1.228 [1.032,1.571] D +0.464 null +0.189±0.046 z +6.0 p 0.016 (37s)
