# loop39 cycle 3 level seq_all: checklist/form generator (2026-10-03 16:27; 100 synthetic corpora; fit 4411 MD+H texts, held-out 930)
form parse of the fit set: units/text {1: 3047, 2: 1055, 3: 309}; texts with a same-field repeat inside a unit 122 (0.028); single-unit valid instances 0.679
form: 25 fields; fixed-order consistency of sign pairs with the field order: 0.851; refinement moves per round [247, 21, 4, 0]
  F00 rank 0.17 | 192 signs,   527 tokens | 692(69), 501(31), 371(17), 491(14), 905(12), 347(10), 545(10), 853(10) ... +184
  F01 rank 0.20 |  27 signs,   823 tokens | 861(380), 820(182), 140(92), 165(29), 65(13), 66(13), 511(12), 91(11) ... +19
  F02 rank 0.24 |  36 signs,   423 tokens | 920(126), 125(44), 455(37), 171(26), 104(19), 317(17), 831(16), 530(15) ... +28
  F03 rank 0.36 |   6 signs,   826 tokens | 2(627), 60(171), 500(10), 353(9), 326(6), 81(3)
  F04 rank 0.36 |  20 signs,   550 tokens | 31(175), 741(167), 742(38), 745(37), 13(34), 645(23), 540(15), 605(14) ... +12
  F05 rank 0.30 |  13 signs,   535 tokens | 803(251), 798(128), 413(50), 5(39), 382(14), 519(14), 130(10), 136(7) ... +5
  F06 rank 0.28 |  14 signs,   480 tokens | 235(216), 415(154), 575(67), 98(8), 155(7), 391(7), 103(4), 221(4) ... +6
  F07 rank 0.57 |   6 signs,   284 tokens | 368(97), 231(81), 503(76), 175(20), 267(5), 578(5)
  F08 rank 0.35 |  15 signs,   677 tokens | 32(438), 3(210), 49(5), 145(3), 192(3), 516(3), 531(3), 791(3) ... +7
  F09 rank 0.40 |  17 signs,   445 tokens | 240(322), 16(39), 480(26), 137(16), 219(7), 552(5), 362(4), 421(4) ... +9
  F10 rank 0.39 |   9 signs,   309 tokens | 233(162), 630(76), 416(44), 63(9), 101(7), 637(5), 825(4), 152(1) ... +1
  F11 rank 0.46 |  49 signs,   483 tokens | 220(372), 335(38), 110(5), 19(4), 143(3), 300(3), 782(3), 856(3) ... +41
  F12 rank 0.37 |  15 signs,   468 tokens | 705(267), 717(66), 440(49), 495(21), 236(17), 792(13), 510(10), 794(10) ... +7
  F13 rank 0.40 |  17 signs,   644 tokens | 33(440), 615(65), 350(34), 320(31), 226(29), 243(12), 776(7), 420(6) ... +9
  F14 rank 0.39 |  10 signs,   358 tokens | 550(101), 892(64), 388(49), 595(44), 923(43), 460(32), 215(8), 504(8) ... +2
  F15 rank 0.34 |  13 signs,   518 tokens | 176(198), 1(151), 845(54), 824(47), 384(24), 484(13), 927(10), 36(7) ... +5
  F16 rank 0.45 |  13 signs,   340 tokens | 61(85), 4(77), 17(69), 790(43), 55(36), 554(12), 456(5), 46(3) ... +5
  F17 rank 0.32 |  12 signs,   312 tokens | 255(118), 904(54), 850(46), 482(38), 95(23), 844(10), 597(9), 626(6) ... +4
  F18 rank 0.42 |  10 signs,   330 tokens | 840(102), 142(71), 435(71), 832(34), 436(16), 921(14), 821(11), 18(7) ... +2
  F19 rank 0.61 |  26 signs,   380 tokens | 690(113), 900(94), 70(31), 35(30), 463(21), 321(15), 72(13), 525(11) ... +18
  F20 rank 0.42 |  19 signs,   719 tokens | 590(186), 34(167), 156(96), 617(70), 585(54), 752(49), 337(24), 555(19) ... +11
  F21 rank 0.77 |  24 signs,  1303 tokens | 700(543), 390(310), 407(119), 100(116), 760(111), 772(19), 297(18), 222(13) ... +16
  F22 rank 0.84 |  11 signs,  1900 tokens | 740(1589), 520(264), 97(20), 592(9), 869(6), 153(4), 279(3), 494(2) ... +3
  F23 rank 0.75 |  17 signs,   445 tokens | 90(145), 154(76), 151(68), 527(62), 679(18), 868(17), 565(15), 241(12) ... +9
  F24 rank 0.94 |  51 signs,   603 tokens | 400(469), 621(21), 167(14), 64(12), 161(10), 697(10), 930(8), 401(7) ... +43
model: PARTIAL (whole text = one field subset; Ising co-selection; pairwise field order; element chain); pair-order agreement with the linear field order 0.851; texts with a repeated field 0.067, tokens in an already-used field 0.023, repeated-sign tokens 0.009
form: 25 fields; fixed-order consistency of sign pairs with the field order: 0.851; refinement moves per round [247, 21, 4, 0]
  F00 rank 0.17 | 192 signs,   527 tokens  P(field)=0.117 | 692(69), 501(31), 371(17), 491(14), 905(12), 347(10), 545(10), 853(10) ... +184
  F01 rank 0.20 |  27 signs,   823 tokens  P(field)=0.180 | 861(380), 820(182), 140(92), 165(29), 65(13), 66(13), 511(12), 91(11) ... +19
  F02 rank 0.24 |  36 signs,   423 tokens  P(field)=0.091 | 920(126), 125(44), 455(37), 171(26), 104(19), 317(17), 831(16), 530(15) ... +28
  F03 rank 0.36 |   6 signs,   826 tokens  P(field)=0.185 | 2(627), 60(171), 500(10), 353(9), 326(6), 81(3)
  F04 rank 0.36 |  20 signs,   550 tokens  P(field)=0.119 | 31(175), 741(167), 742(38), 745(37), 13(34), 645(23), 540(15), 605(14) ... +12
  F05 rank 0.30 |  13 signs,   535 tokens  P(field)=0.117 | 803(251), 798(128), 413(50), 5(39), 382(14), 519(14), 130(10), 136(7) ... +5
  F06 rank 0.28 |  14 signs,   480 tokens  P(field)=0.108 | 235(216), 415(154), 575(67), 98(8), 155(7), 391(7), 103(4), 221(4) ... +6
  F07 rank 0.57 |   6 signs,   284 tokens  P(field)=0.064 | 368(97), 231(81), 503(76), 175(20), 267(5), 578(5)
  F08 rank 0.35 |  15 signs,   677 tokens  P(field)=0.153 | 32(438), 3(210), 49(5), 145(3), 192(3), 516(3), 531(3), 791(3) ... +7
  F09 rank 0.40 |  17 signs,   445 tokens  P(field)=0.101 | 240(322), 16(39), 480(26), 137(16), 219(7), 552(5), 362(4), 421(4) ... +9
  F10 rank 0.39 |   9 signs,   309 tokens  P(field)=0.069 | 233(162), 630(76), 416(44), 63(9), 101(7), 637(5), 825(4), 152(1) ... +1
  F11 rank 0.46 |  49 signs,   483 tokens  P(field)=0.109 | 220(372), 335(38), 110(5), 19(4), 143(3), 300(3), 782(3), 856(3) ... +41
  F12 rank 0.37 |  15 signs,   468 tokens  P(field)=0.103 | 705(267), 717(66), 440(49), 495(21), 236(17), 792(13), 510(10), 794(10) ... +7
  F13 rank 0.40 |  17 signs,   644 tokens  P(field)=0.145 | 33(440), 615(65), 350(34), 320(31), 226(29), 243(12), 776(7), 420(6) ... +9
  F14 rank 0.39 |  10 signs,   358 tokens  P(field)=0.080 | 550(101), 892(64), 388(49), 595(44), 923(43), 460(32), 215(8), 504(8) ... +2
  F15 rank 0.34 |  13 signs,   518 tokens  P(field)=0.116 | 176(198), 1(151), 845(54), 824(47), 384(24), 484(13), 927(10), 36(7) ... +5
  F16 rank 0.45 |  13 signs,   340 tokens  P(field)=0.077 | 61(85), 4(77), 17(69), 790(43), 55(36), 554(12), 456(5), 46(3) ... +5
  F17 rank 0.32 |  12 signs,   312 tokens  P(field)=0.070 | 255(118), 904(54), 850(46), 482(38), 95(23), 844(10), 597(9), 626(6) ... +4
  F18 rank 0.42 |  10 signs,   330 tokens  P(field)=0.074 | 840(102), 142(71), 435(71), 832(34), 436(16), 921(14), 821(11), 18(7) ... +2
  F19 rank 0.61 |  26 signs,   380 tokens  P(field)=0.084 | 690(113), 900(94), 70(31), 35(30), 463(21), 321(15), 72(13), 525(11) ... +18
  F20 rank 0.42 |  19 signs,   719 tokens  P(field)=0.161 | 590(186), 34(167), 156(96), 617(70), 585(54), 752(49), 337(24), 555(19) ... +11
  F21 rank 0.77 |  24 signs,  1303 tokens  P(field)=0.292 | 700(543), 390(310), 407(119), 100(116), 760(111), 772(19), 297(18), 222(13) ... +16
  F22 rank 0.84 |  11 signs,  1900 tokens  P(field)=0.428 | 740(1589), 520(264), 97(20), 592(9), 869(6), 153(4), 279(3), 494(2) ... +3
  F23 rank 0.75 |  17 signs,   445 tokens  P(field)=0.100 | 90(145), 154(76), 151(68), 527(62), 679(18), 868(17), 565(15), 241(12) ... +9
  F24 rank 0.94 |  51 signs,   603 tokens  P(field)=0.136 | 400(469), 621(21), 167(14), 64(12), 161(10), 697(10), 930(8), 401(7) ... +43
licensed pair orders (>= 2 and >= 20% of the pair's co-writings): 414 of 600 ordered field pairs; both orders licensed for 101 unordered pairs, one order only for 186, never co-written 0

forbidden field pairs (O <= 0.2E, E >= 5): 0: 
attracting field pairs (O >= 3E, O >= 5): 1: F17-F18 4.7x(109)
Ising couplings |w| >= 1: F00-F03 +1.04; F01-F03 +2.14; F02-F03 +1.11; F02-F04 +1.03; F06-F11 +1.40; F07-F11 -1.18; F12-F13 +1.80; F14-F21 -1.15; F17-F18 +2.04; F18-F19 +1.03; F21-F23 -1.13; F21-F24 -1.14
fields present in >= 50% of units: []; most frequent field F22 at 0.428 -> no field is obligatory
distinct field subsets: 1883 over 4411 units; 1442 cover 90%; top 12: F13+F21 x157; F20+F21 x126; F08+F21 x123; F22 x89; F21 x81; F11 x67; F13 x57; F20 x45; F01 x41; F04 x39; F15+F22+F24 x39; F22+F24 x38
seal first units: 1349 subsets over 1776; 1172 cover 90%; singletons 1179

IM77 certainly-new texts: 324 (0/1291 tokens unbridged -> skipped in the parse)
  repeated fields, fit set: no repeated field 0.921, two menu signs in one field 0.052, same sign twice 0.028 (n=3730)
  repeated fields, held-out sites: no repeated field 0.844, two menu signs in one field 0.107, same sign twice 0.049 (n=691)
  repeated fields, IM77-new: no repeated field 0.680, same sign twice 0.238, two menu signs in one field 0.082 (n=319)
  fit set (MD+H)         single unit  : valid 2313/3730 = 0.620; within-text shuffle 0.203 [0.193,0.220]; cross-text permutation 0.192 [0.183,0.201]
  fit set (MD+H)         <= 2 units   : valid 3317/3730 = 0.889; within-text shuffle 0.609 [0.598,0.619]; cross-text permutation 0.565 [0.554,0.579]
  fit set (MD+H)         partial order: valid 2772/3730 = 0.743; within-text shuffle 0.259 [0.245,0.271]; cross-text permutation 0.274 [0.253,0.285]
  held-out sites         single unit  : valid 339/691 = 0.491; within-text shuffle 0.200 [0.166,0.233]; cross-text permutation 0.197 [0.161,0.242]
  held-out sites         <= 2 units   : valid 523/691 = 0.757; within-text shuffle 0.594 [0.564,0.631]; cross-text permutation 0.570 [0.533,0.602]
  held-out sites         partial order: valid 395/691 = 0.572; within-text shuffle 0.273 [0.243,0.314]; cross-text permutation 0.287 [0.255,0.327]
  IM77-new (324)         single unit  : valid 116/319 = 0.364; within-text shuffle 0.111 [0.069,0.150]; cross-text permutation 0.121 [0.075,0.157]
  IM77-new (324)         <= 2 units   : valid 209/319 = 0.655; within-text shuffle 0.480 [0.426,0.533]; cross-text permutation 0.517 [0.467,0.571]
  IM77-new (324)         partial order: valid 152/319 = 0.476; within-text shuffle 0.196 [0.160,0.245]; cross-text permutation 0.221 [0.172,0.276]
  IM77-new seals         single unit  : valid 45/162 = 0.278; within-text shuffle 0.084 [0.049,0.142]; cross-text permutation 0.103 [0.056,0.160]
  IM77-new seals         <= 2 units   : valid 89/162 = 0.549; within-text shuffle 0.408 [0.346,0.475]; cross-text permutation 0.458 [0.364,0.525]
  IM77-new seals         partial order: valid 61/162 = 0.377; within-text shuffle 0.141 [0.093,0.216]; cross-text permutation 0.184 [0.111,0.265]
  IM77-new, doubles merged single unit  : valid 151/313 = 0.482; within-text shuffle 0.162 [0.115,0.201]; cross-text permutation 0.152 [0.102,0.204]
  IM77-new, doubles merged <= 2 units   : valid 259/313 = 0.827; within-text shuffle 0.581 [0.514,0.649]; cross-text permutation 0.551 [0.495,0.604]
  IM77-new, doubles merged partial order: valid 187/313 = 0.597; within-text shuffle 0.261 [0.214,0.307]; cross-text permutation 0.252 [0.201,0.304]
  IM77-new seals, merged single unit  : valid 69/159 = 0.434; within-text shuffle 0.154 [0.082,0.214]; cross-text permutation 0.139 [0.082,0.226]
  IM77-new seals, merged <= 2 units   : valid 122/159 = 0.767; within-text shuffle 0.541 [0.472,0.616]; cross-text permutation 0.508 [0.440,0.579]
  IM77-new seals, merged partial order: valid 85/159 = 0.535; within-text shuffle 0.222 [0.151,0.296]; cross-text permutation 0.232 [0.157,0.308]
