##### S-DARK-78 cycle 1: substring share vs slot shuffle and the S-DARK-74 calibrated chain, 40 draws; CI = observed / chain 97.5% and 2.5% quantiles

=== field = name (full name, surname + given, 2-4 chars), distinct strings per register
  county:7213 大興               n= 4305 len{2: 896, 3: 3405, 4: 4} lam=0.40 share 0.0088 (48 pairs) | slot 0.0067 x1.32 | chain 0.0460 x0.19 [0.18,0.21] p=1.000 | f23 0.040/0.221 | f24 0.000/0.000 | f34 0.001/0.000 | pre 0.90 suf 0.10 inf 0.00
  county:7686 山陰               n= 2642 len{2: 553, 3: 2088, 4: 1} lam=0.40 share 0.0087 (29 pairs) | slot 0.0066 x1.32 | chain 0.0430 x0.20 [0.16,0.25] p=1.000 | f23 0.042/0.205 | f24 0.000/0.000 | f34 0.000/0.000 | pre 0.93 suf 0.07 inf 0.00
  county:6034 莆田               n= 2056 len{2: 953, 3: 1102, 4: 1} lam=0.40 share 0.0175 (63 pairs) | slot 0.0170 x1.03 | chain 0.0974 x0.18 [0.16,0.20] p=1.000 | f23 0.038/0.210 | f24 0.000/0.000 | f34 0.000/0.000 | pre 0.98 suf 0.02 inf 0.00
  county:7685 會稽               n= 1716 len{2: 359, 3: 1357} lam=0.30 share 0.0047 (10 pairs) | slot 0.0046 x1.02 | chain 0.0279 x0.17 [0.13,0.22] p=1.000 | f23 0.022/0.133 | f24 0.000/0.000 | f34 0.000/0.000 | pre 0.80 suf 0.20 inf 0.00
  county:7603 仁和               n= 1496 len{2: 393, 3: 1103} lam=0.30 share 0.0100 (16 pairs) | slot 0.0049 x2.06 | chain 0.0303 x0.33 [0.25,0.42] p=1.000 | f23 0.038/0.116 | f24 0.000/0.000 | f34 0.000/0.000 | pre 0.94 suf 0.06 inf 0.00
  county:13869 閩縣              n= 1350 len{2: 561, 3: 789} lam=0.30 share 0.0148 (28 pairs) | slot 0.0157 x0.94 | chain 0.0622 x0.24 [0.20,0.27] p=1.000 | f23 0.036/0.150 | f24 0.000/0.000 | f34 0.000/0.000 | pre 0.96 suf 0.04 inf 0.00
  county:7758 黟縣               n= 1091 len{2: 152, 3: 927, 4: 12} lam=0.40 share 0.0082 (16 pairs) | slot 0.0055 x1.51 | chain 0.0363 x0.23 [0.16,0.29] p=1.000 | f23 0.059/0.256 | f24 0.000/0.007 | f34 0.000/0.000 | pre 1.00 suf 0.00 inf 0.00
  county:4605 華亭               n=  959 len{2: 481, 3: 477, 4: 1} lam=0.40 share 0.0010 (1 pairs) | slot 0.0043 x0.24 | chain 0.0730 x0.01 [0.01,0.02] p=1.000 | f23 0.002/0.145 | f24 0.000/0.001 | f34 0.000/0.000 | pre 1.00 suf 0.00 inf 0.00
  county:7540 長洲               n=  800 len{2: 232, 3: 568} lam=0.30 share 0.0025 (3 pairs) | slot 0.0032 x0.78 | chain 0.0352 x0.07 [0.05,0.12] p=1.000 | f23 0.009/0.121 | f24 0.000/0.000 | f34 0.000/0.000 | pre 1.00 suf 0.00 inf 0.00
  county:5334 仁和               n=  650 len{2: 418, 3: 232} lam=0.30 share 0.0000 (0 pairs) | slot 0.0040 x0.00 | chain 0.0477 x0.00 [0.00,0.00] p=1.000 | f23 0.000/0.074 | f24 0.000/0.000 | f34 0.000/0.000
  county:6046 漳浦               n=  522 len{2: 208, 3: 314} lam=0.40 share 0.0057 (3 pairs) | slot 0.0021 x2.78 | chain 0.0782 x0.07 [0.06,0.09] p=1.000 | f23 0.014/0.196 | f24 0.000/0.000 | f34 0.000/0.000 | pre 1.00 suf 0.00 inf 0.00
  county:8075 祥符               n=  421 len{2: 84, 3: 337} lam=0.30 share 0.0048 (2 pairs) | slot 0.0010 x5.00 | chain 0.0225 x0.21 [0.12,0.40] p=1.000 | f23 0.024/0.113 | f24 0.000/0.000 | f34 0.000/0.000 | pre 0.50 suf 0.50 inf 0.00
  county:12855 婺源              n=  331 len{2: 135, 3: 196} lam=0.20 share 0.0000 (0 pairs) | slot 0.0035 x0.00 | chain 0.0323 x0.00 [0.00,0.00] p=1.000 | f23 0.000/0.079 | f24 0.000/0.000 | f34 0.000/0.000
  county:100394 江陰             n=  260 len{2: 121, 3: 139} lam=0.20 share 0.0038 (1 pairs) | slot 0.0010 x3.99 | chain 0.0313 x0.12 [0.08,0.25] p=1.000 | f23 0.008/0.067 | f24 0.000/0.000 | f34 0.000/0.000 | pre 1.00 suf 0.00 inf 0.00
  county:8059 蓬萊               n=  200 len{2: 32, 3: 168} lam=0.20 share 0.0000 (0 pairs) | slot 0.0019 x0.00 | chain 0.0134 x0.00 [0.00,inf] p=1.000 | f23 0.000/0.084 | f24 0.000/0.000 | f34 0.000/0.000
  county:12953 永新              n=  150 len{2: 59, 3: 88, 4: 3} lam=0.20 share 0.0067 (1 pairs) | slot 0.0030 x2.22 | chain 0.0288 x0.23 [0.11,1.00] p=1.000 | f23 0.017/0.072 | f24 0.000/0.002 | f34 0.000/0.000 | pre 1.00 suf 0.00 inf 0.00
  jinshi:1226                  n=  740 len{2: 171, 3: 568, 4: 1} lam=0.30 share 0.0027 (2 pairs) | slot 0.0015 x1.80 | chain 0.0393 x0.07 [0.05,0.10] p=1.000 | f23 0.012/0.170 | f24 0.000/0.002 | f34 0.000/0.000 | pre 1.00 suf 0.00 inf 0.00
  jinshi:1265                  n=  658 len{2: 87, 3: 570, 4: 1} lam=0.30 share 0.0076 (46 pairs) | slot 0.0015 x4.96 | chain 0.0275 x0.28 [0.20,0.36] p=1.000 | f23 0.057/0.207 | f24 0.000/0.003 | f34 0.000/0.000 | pre 0.98 suf 0.02 inf 0.00
  jinshi:1256                  n=  634 len{2: 155, 3: 478, 4: 1} lam=0.30 share 0.0063 (4 pairs) | slot 0.0032 x1.97 | chain 0.0320 x0.20 [0.12,0.31] p=1.000 | f23 0.026/0.131 | f24 0.000/0.000 | f34 0.000/0.000 | pre 1.00 suf 0.00 inf 0.00
  jinshi:1404                  n=  465 len{2: 322, 3: 141, 4: 2} lam=0.20 share 0.0022 (2 pairs) | slot 0.0038 x0.57 | chain 0.0182 x0.12 [0.07,0.25] p=1.000 | f23 0.003/0.026 | f24 0.000/0.001 | f34 0.000/0.000 | pre 1.00 suf 0.00 inf 0.00
  jinshi:1109                  n=  449 len{2: 239, 3: 206, 4: 4} lam=0.20 share 0.0000 (0 pairs) | slot 0.0016 x0.00 | chain 0.0194 x0.00 [0.00,0.00] p=1.000 | f23 0.000/0.036 | f24 0.000/0.001 | f34 0.000/0.000
  jinshi:1247                  n=  439 len{2: 129, 3: 308, 4: 2} lam=0.20 share 0.0000 (0 pairs) | slot 0.0007 x0.00 | chain 0.0192 x0.00 [0.00,0.00] p=1.000 | f23 0.000/0.065 | f24 0.000/0.000 | f34 0.000/0.000
  jinshi:1163                  n=  434 len{2: 206, 3: 226, 4: 2} lam=0.10 share 0.0000 (0 pairs) | slot 0.0007 x0.00 | chain 0.0090 x0.00 [0.00,0.00] p=1.000 | f23 0.000/0.019 | f24 0.000/0.000 | f34 0.000/0.000
  jinshi:1223                  n=  433 len{2: 126, 3: 305, 4: 2} lam=0.20 share 0.0000 (0 pairs) | slot 0.0011 x0.00 | chain 0.0214 x0.00 [0.00,0.00] p=1.000 | f23 0.000/0.073 | f24 0.000/0.002 | f34 0.000/0.000

  -- size-matched n=400: within one county (each county with >= n0 names, one random subsample) vs pooled across all 16 counties (5 random subsamples) vs pooled across 8 jinshi cohorts
  within county:7213 大興        n=  400 len{2: 83, 3: 317} lam=0.10 share 0.0000 (0 pairs) | slot 0.0006 x0.00 | chain 0.0047 x0.00 [0.00,inf] p=1.000
  within county:7686 山陰        n=  400 len{2: 75, 3: 325} lam=0.20 share 0.0000 (0 pairs) | slot 0.0011 x0.00 | chain 0.0100 x0.00 [0.00,0.00] p=1.000
  within county:6034 莆田        n=  400 len{2: 199, 3: 201} lam=0.20 share 0.0025 (2 pairs) | slot 0.0056 x0.44 | chain 0.0379 x0.07 [0.05,0.14] p=1.000
  within county:7685 會稽        n=  400 len{2: 95, 3: 305} lam=0.20 share 0.0000 (0 pairs) | slot 0.0010 x0.00 | chain 0.0138 x0.00 [0.00,0.00] p=1.000
  within county:7603 仁和        n=  400 len{2: 116, 3: 284} lam=0.20 share 0.0025 (1 pairs) | slot 0.0017 x1.48 | chain 0.0146 x0.17 [0.09,0.33] p=1.000
  within county:13869 閩縣       n=  400 len{2: 156, 3: 244} lam=0.20 share 0.0025 (2 pairs) | slot 0.0028 x0.91 | chain 0.0275 x0.09 [0.06,0.25] p=1.000
  within county:7758 黟縣        n=  400 len{2: 52, 3: 345, 4: 3} lam=0.20 share 0.0075 (4 pairs) | slot 0.0019 x4.00 | chain 0.0130 x0.58 [0.30,3.00] p=0.878
  within county:4605 華亭        n=  400 len{2: 203, 3: 196, 4: 1} lam=0.20 share 0.0000 (0 pairs) | slot 0.0013 x0.00 | chain 0.0246 x0.00 [0.00,0.00] p=1.000
  within county:7540 長洲        n=  400 len{2: 117, 3: 283} lam=0.20 share 0.0000 (0 pairs) | slot 0.0031 x0.00 | chain 0.0170 x0.00 [0.00,0.00] p=1.000
  within county:5334 仁和        n=  400 len{2: 253, 3: 147} lam=0.30 share 0.0000 (0 pairs) | slot 0.0025 x0.00 | chain 0.0425 x0.00 [0.00,0.00] p=1.000
  within county:6046 漳浦        n=  400 len{2: 157, 3: 243} lam=0.30 share 0.0050 (2 pairs) | slot 0.0020 x2.49 | chain 0.0599 x0.08 [0.06,0.12] p=1.000
  within county:8075 祥符        n=  400 len{2: 80, 3: 320} lam=0.30 share 0.0050 (2 pairs) | slot 0.0011 x4.71 | chain 0.0246 x0.20 [0.11,0.33] p=1.000
  pooled counties draw 0       n=  400 len{2: 111, 3: 287, 4: 2} lam=0.10 share 0.0000 (0 pairs) | slot 0.0007 x0.00 | chain 0.0047 x0.00 [0.00,inf] p=1.000
  pooled counties draw 1       n=  400 len{2: 131, 3: 268, 4: 1} lam=0.10 share 0.0000 (0 pairs) | slot 0.0011 x0.00 | chain 0.0058 x0.00 [0.00,inf] p=1.000
  pooled counties draw 2       n=  400 len{2: 92, 3: 307, 4: 1} lam=0.10 share 0.0025 (1 pairs) | slot 0.0016 x1.60 | chain 0.0047 x0.53 [0.20,inf] p=0.902
  pooled counties draw 3       n=  400 len{2: 120, 3: 280} lam=0.10 share 0.0000 (0 pairs) | slot 0.0008 x0.00 | chain 0.0054 x0.00 [0.00,inf] p=1.000
  pooled counties draw 4       n=  400 len{2: 126, 3: 273, 4: 1} lam=0.10 share 0.0025 (1 pairs) | slot 0.0009 x2.86 | chain 0.0054 x0.47 [0.20,inf] p=0.878
  pooled cohorts draw 0        n=  400 len{2: 124, 3: 275, 4: 1} lam=0.20 share 0.0025 (1 pairs) | slot 0.0013 x2.00 | chain 0.0228 x0.11 [0.06,0.20] p=1.000
  pooled cohorts draw 1        n=  400 len{2: 142, 3: 257, 4: 1} lam=0.20 share 0.0000 (0 pairs) | slot 0.0018 x0.00 | chain 0.0217 x0.00 [0.00,0.00] p=1.000
  pooled cohorts draw 2        n=  400 len{2: 128, 3: 271, 4: 1} lam=0.20 share 0.0050 (2 pairs) | slot 0.0014 x3.47 | chain 0.0241 x0.21 [0.13,0.40] p=1.000
  == n=400: within-county ratio mean 0.10 (range 0.00-0.58, 12 counties) | pooled counties 0.20 | pooled cohorts 0.11

  -- size-matched n=1000: within one county (each county with >= n0 names, one random subsample) vs pooled across all 16 counties (5 random subsamples) vs pooled across 8 jinshi cohorts
  within county:7213 大興        n= 1000 len{2: 195, 3: 805} lam=0.20 share 0.0010 (1 pairs) | slot 0.0018 x0.55 | chain 0.0114 x0.09 [0.06,0.14] p=1.000
  within county:7686 山陰        n= 1000 len{2: 207, 3: 793} lam=0.20 share 0.0030 (3 pairs) | slot 0.0026 x1.16 | chain 0.0149 x0.20 [0.14,0.38] p=1.000
  within county:6034 莆田        n= 1000 len{2: 467, 3: 533} lam=0.30 share 0.0080 (11 pairs) | slot 0.0107 x0.75 | chain 0.0665 x0.12 [0.10,0.14] p=1.000
  within county:7685 會稽        n= 1000 len{2: 209, 3: 791} lam=0.30 share 0.0040 (4 pairs) | slot 0.0027 x1.49 | chain 0.0244 x0.16 [0.11,0.27] p=1.000
  within county:7603 仁和        n= 1000 len{2: 256, 3: 744} lam=0.30 share 0.0050 (5 pairs) | slot 0.0036 x1.38 | chain 0.0284 x0.18 [0.13,0.25] p=1.000
