/home/user/Indus-/other-scripts/voynich/tools/v11_lib.py:207: RuntimeWarning: divide by zero encountered in log
  A = np.maximum(np.log(A / Ex), 0) * (A > 1)          # positive PMI on observed pairs
/home/user/Indus-/other-scripts/voynich/tools/v11_lib.py:207: RuntimeWarning: divide by zero encountered in log
  A = np.maximum(np.log(A / Ex), 0) * (A > 1)          # positive PMI on observed pairs
Planted-grid-30 1 uni0:0.000 dist1:0.428 dist2:0.833 dist3:1.012 bilin2:0.412 bilin16:0.931 rho2=0.29 R2=0.7121145989853952
Planted-grid-30 0 uni0:0.000 dist1:0.391 dist2:0.772 dist3:0.996 bilin2:0.425 bilin16:0.899 rho2=0.29 R2=0.4754343132596047
Voynich-ZL 0 uni0:0.000 dist1:0.115 dist2:0.162 dist3:0.176 bilin2:0.273 bilin16:0.147 rho2=0.01 R2=None
Voynich-ZL 1 uni0:0.000 dist1:0.105 dist2:0.150 dist3:0.165 bilin2:0.275 bilin16:0.123 rho2=0.01 R2=None
Planted-graph-30 0 uni0:0.000 dist1:0.042 dist2:0.090 dist3:0.140 bilin2:0.167 bilin16:0.591 rho2=0.48 R2=0.0030279966477013698
Planted-graph-30 1 uni0:0.000 dist1:0.050 dist2:0.106 dist3:0.152 bilin2:0.163 bilin16:0.600 rho2=0.59 R2=0.003301883379790871
Latin-Isidore 0 uni0:0.000 dist1:0.348 dist2:0.510 dist3:0.587 bilin2:0.576 bilin16:0.686 rho2=0.23 R2=None
Latin-Isidore 1 uni0:0.000 dist1:0.256 dist2:0.432 dist3:0.507 bilin2:0.483 bilin16:0.657 rho2=0.16 R2=None
Planted-grid-60 0 uni0:0.000 dist1:0.020 dist2:0.041 dist3:0.080 bilin2:0.021 bilin16:-0.012 rho2=0.22 R2=0.21971588285879595
Planted-grid-60 1 uni0:0.000 dist1:0.004 dist2:0.040 dist3:0.064 bilin2:0.009 bilin16:-0.047 rho2=0.35 R2=0.16032386989557346
Voynich-IT 0 uni0:0.000 dist1:0.112 dist2:0.156 dist3:0.156 bilin2:0.262 bilin16:0.071 rho2=0.02 R2=None
Voynich-IT 1 uni0:0.000 dist1:0.103 dist2:0.144 dist3:0.140 bilin2:0.265 bilin16:0.074 rho2=0.01 R2=None
Italian-Manzoni 0 uni0:0.000 dist1:0.240 dist2:0.441 dist3:0.532 bilin2:0.833 bilin16:1.189 rho2=0.32 R2=None
Italian-Manzoni 1 uni0:0.000 dist1:0.279 dist2:0.434 dist3:0.474 bilin2:0.788 bilin16:1.202 rho2=0.31 R2=None
Shuffle-line 0 uni0:0.000 dist1:0.075 dist2:0.059 dist3:0.036 bilin2:0.023 bilin16:-0.235 rho2=0.02 R2=None
Shuffle-line 1 uni0:0.000 dist1:0.076 dist2:0.055 dist3:0.017 bilin2:0.036 bilin16:-0.259 rho2=0.02 R2=None
SelfCitation 0 uni0:0.000 dist1:0.042 dist2:-0.014 dist3:-0.228 bilin2:0.084 bilin16:1.315 rho2=0.00 R2=None
SelfCitation 1 uni0:0.000 dist1:-0.218 dist2:0.345 dist3:0.531 bilin2:-0.048 bilin16:1.628 rho2=0.00 R2=None
Spanish-Cervantes 0 uni0:0.000 dist1:0.254 dist2:0.360 dist3:0.453 bilin2:0.821 bilin16:1.236 rho2=0.39 R2=None
Spanish-Cervantes 1 uni0:0.000 dist1:0.267 dist2:0.374 dist3:0.439 bilin2:0.853 bilin16:1.215 rho2=0.28 R2=None
