/home/user/Indus-/other-scripts/voynich/tools/v11_lib.py:226: RuntimeWarning: divide by zero encountered in log
  A = np.maximum(np.log(A / Ex), 0) * (A > 1)          # positive PMI on observed pairs
/home/user/Indus-/other-scripts/voynich/tools/v11_lib.py:226: RuntimeWarning: divide by zero encountered in log
  A = np.maximum(np.log(A / Ex), 0) * (A > 1)          # positive PMI on observed pairs
Planted-gridstart-30 k 4 fold 0 regionMI 0.102 (null 0.014 z 19.0; keep-glyph 0.006) glyphMI 0.111 (null 0.109 z 0.3; keep-region 0.111) startdist z 5.5 endstart z 4.7 JS 0.001 n 1108
Planted-gridstart-30 k 4 fold 1 regionMI 0.084 (null 0.008 z 25.5; keep-glyph 0.005) glyphMI 0.108 (null 0.105 z 0.4; keep-region 0.103) startdist z 5.8 endstart z 5.0 JS 0.001 n 1252
Planted-gridstart-30 k 6 fold 0 regionMI 0.203 (null 0.023 z 33.7; keep-glyph 0.016) glyphMI 0.111 (null 0.109 z 0.3; keep-region 0.110) startdist z 5.5 endstart z 4.7 JS 0.000 n 1108
Planted-gridstart-30 k 6 fold 1 regionMI 0.232 (null 0.023 z 40.7; keep-glyph 0.014) glyphMI 0.108 (null 0.105 z 0.4; keep-region 0.104) startdist z 5.8 endstart z 5.0 JS 0.001 n 1252
Planted-grid-30 k 4 fold 0 regionMI 0.007 (null 0.006 z 0.3; keep-glyph 0.006) glyphMI 0.108 (null 0.097 z 1.5; keep-region 0.096) startdist z -1.2 endstart z -0.9 JS 0.000 n 1164
Planted-grid-30 k 4 fold 1 regionMI 0.005 (null 0.005 z -0.1; keep-glyph 0.005) glyphMI 0.112 (null 0.102 z 1.3; keep-region 0.107) startdist z 0.2 endstart z -0.6 JS 0.000 n 1259
Planted-grid-30 k 6 fold 0 regionMI 0.014 (null 0.017 z -0.6; keep-glyph 0.016) glyphMI 0.108 (null 0.097 z 1.5; keep-region 0.095) startdist z -1.2 endstart z -0.9 JS 0.000 n 1164
Planted-grid-30 k 6 fold 1 regionMI 0.013 (null 0.014 z -0.1; keep-glyph 0.014) glyphMI 0.112 (null 0.102 z 1.3; keep-region 0.106) startdist z 0.2 endstart z -0.6 JS 0.000 n 1259
Voynich-ZL k 4 fold 0 regionMI 0.021 (null 0.039 z -1.4; keep-glyph 0.022) glyphMI 0.247 (null 0.113 z 16.4; keep-region 0.120) startdist z 0.8 endstart z 0.4 JS 0.012 n 395
Voynich-ZL k 4 fold 1 regionMI 0.025 (null 0.040 z -1.2; keep-glyph 0.020) glyphMI 0.206 (null 0.096 z 13.2; keep-region 0.090) startdist z 0.9 endstart z -1.4 JS 0.009 n 420
Voynich-ZL k 6 fold 0 regionMI 0.074 (null 0.064 z 0.7; keep-glyph 0.057) glyphMI 0.247 (null 0.113 z 16.4; keep-region 0.123) startdist z 0.8 endstart z 0.4 JS 0.016 n 395
Voynich-ZL k 6 fold 1 regionMI 0.047 (null 0.070 z -1.5; keep-glyph 0.049) glyphMI 0.206 (null 0.096 z 13.2; keep-region 0.091) startdist z 0.9 endstart z -1.4 JS 0.015 n 420
Voynich-IT k 4 fold 0 regionMI 0.017 (null 0.046 z -2.1; keep-glyph 0.022) glyphMI 0.267 (null 0.123 z 17.1; keep-region 0.135) startdist z 0.7 endstart z -0.3 JS 0.014 n 368
Voynich-IT k 4 fold 1 regionMI 0.050 (null 0.066 z -0.9; keep-glyph 0.019) glyphMI 0.208 (null 0.104 z 12.9; keep-region 0.098) startdist z 1.6 endstart z -0.7 JS 0.009 n 398
Voynich-IT k 6 fold 0 regionMI 0.058 (null 0.072 z -0.8; keep-glyph 0.064) glyphMI 0.267 (null 0.123 z 17.1; keep-region 0.143) startdist z 0.7 endstart z -0.3 JS 0.013 n 368
Voynich-IT k 6 fold 1 regionMI 0.115 (null 0.103 z 0.6; keep-glyph 0.052) glyphMI 0.208 (null 0.104 z 12.9; keep-region 0.097) startdist z 1.6 endstart z -0.7 JS 0.008 n 398
Latin-Isidore k 4 fold 0 regionMI 0.035 (null 0.027 z 0.8; keep-glyph 0.018) glyphMI 0.197 (null 0.198 z -0.1; keep-region 0.195) startdist z 1.2 endstart z -6.0 JS 0.001 n 434
Latin-Isidore k 4 fold 1 regionMI 0.028 (null 0.026 z 0.2; keep-glyph 0.017) glyphMI 0.158 (null 0.177 z -1.8; keep-region 0.172) startdist z -0.7 endstart z -4.5 JS 0.000 n 422
Latin-Isidore k 6 fold 0 regionMI 0.061 (null 0.056 z 0.3; keep-glyph 0.045) glyphMI 0.197 (null 0.198 z -0.1; keep-region 0.195) startdist z 1.2 endstart z -6.0 JS 0.001 n 434
Latin-Isidore k 6 fold 1 regionMI 0.073 (null 0.070 z 0.2; keep-glyph 0.047) glyphMI 0.158 (null 0.177 z -1.8; keep-region 0.173) startdist z -0.7 endstart z -4.5 JS 0.001 n 422
Voynich-A k 4 fold 0 regionMI 0.044 (null 0.040 z 0.2; keep-glyph 0.042) glyphMI 0.364 (null 0.196 z 10.8; keep-region 0.188) startdist z 2.0 endstart z 1.0 JS 0.005 n 177
Voynich-A k 4 fold 1 regionMI 0.068 (null 0.051 z 0.8; keep-glyph 0.039) glyphMI 0.339 (null 0.167 z 10.3; keep-region 0.163) startdist z -0.0 endstart z -1.1 JS 0.012 n 182
Voynich-A k 6 fold 0 regionMI 0.110 (null 0.099 z 0.4; keep-glyph 0.118) glyphMI 0.364 (null 0.196 z 10.8; keep-region 0.189) startdist z 2.0 endstart z 1.0 JS 0.004 n 177
Voynich-A k 6 fold 1 regionMI 0.170 (null 0.121 z 1.7; keep-glyph 0.106) glyphMI 0.339 (null 0.167 z 10.3; keep-region 0.156) startdist z -0.0 endstart z -1.1 JS 0.018 n 182
Voynich-B k 4 fold 0 regionMI 0.044 (null 0.045 z -0.1; keep-glyph 0.024) glyphMI 0.279 (null 0.154 z 9.7; keep-region 0.149) startdist z 0.3 endstart z 0.1 JS 0.012 n 289
Voynich-B k 4 fold 1 regionMI 0.043 (null 0.029 z 1.2; keep-glyph 0.023) glyphMI 0.230 (null 0.138 z 7.5; keep-region 0.125) startdist z -1.3 endstart z 0.2 JS 0.010 n 295
Voynich-B k 6 fold 0 regionMI 0.060 (null 0.087 z -1.3; keep-glyph 0.071) glyphMI 0.279 (null 0.154 z 9.7; keep-region 0.152) startdist z 0.3 endstart z 0.1 JS 0.010 n 289
Voynich-B k 6 fold 1 regionMI 0.058 (null 0.069 z -0.7; keep-glyph 0.070) glyphMI 0.230 (null 0.138 z 7.5; keep-region 0.126) startdist z -1.3 endstart z 0.2 JS 0.010 n 295
