/home/user/Indus-/other-scripts/voynich/tools/r2_search.c: In function ‘main’:
/home/user/Indus-/other-scripts/voynich/tools/r2_search.c:317:5: warning: ignoring return value of ‘fread’ declared with attribute ‘warn_unused_result’ [-Wunused-result]
  317 |     fread(X, 4, N, f); fread(SP, 4, N, f); fread(DOC, 4, N, f); fread(PB, 8, N, f);
      |     ^~~~~~~~~~~~~~~~~
/home/user/Indus-/other-scripts/voynich/tools/r2_search.c:317:24: warning: ignoring return value of ‘fread’ declared with attribute ‘warn_unused_result’ [-Wunused-result]
  317 |     fread(X, 4, N, f); fread(SP, 4, N, f); fread(DOC, 4, N, f); fread(PB, 8, N, f);
      |                        ^~~~~~~~~~~~~~~~~~
/home/user/Indus-/other-scripts/voynich/tools/r2_search.c:317:44: warning: ignoring return value of ‘fread’ declared with attribute ‘warn_unused_result’ [-Wunused-result]
  317 |     fread(X, 4, N, f); fread(SP, 4, N, f); fread(DOC, 4, N, f); fread(PB, 8, N, f);
      |                                            ^~~~~~~~~~~~~~~~~~~
/home/user/Indus-/other-scripts/voynich/tools/r2_search.c:317:65: warning: ignoring return value of ‘fread’ declared with attribute ‘warn_unused_result’ [-Wunused-result]
  317 |     fread(X, 4, N, f); fread(SP, 4, N, f); fread(DOC, 4, N, f); fread(PB, 8, N, f);
      |                                                                 ^~~~~~~~~~~~~~~~~~
/home/user/Indus-/other-scripts/voynich/tools/r2_search.c:319:54: warning: ignoring return value of ‘fread’ declared with attribute ‘warn_unused_result’ [-Wunused-result]
  319 |     for (int t = 0; t < NT; t++) { F[t] = malloc(N); fread(tmp, 4, N, f); for (int i = 0; i < N; i++) F[t][i] = (uint8_t)tmp[i]; }
      |                                                      ^~~~~~~~~~~~~~~~~~~
/home/user/Indus-/other-scripts/voynich/tools/r2_search.c:357:9: warning: ignoring return value of ‘fread’ declared with attribute ‘warn_unused_result’ [-Wunused-result]
  357 |         fread(&done_r, 8, 1, ck); fread(&done_e, 8, 1, ck); fread(&gen, 4, 1, ck); fread(&rs, 8, 1, ck);
      |         ^~~~~~~~~~~~~~~~~~~~~~~~
/home/user/Indus-/other-scripts/voynich/tools/r2_search.c:357:35: warning: ignoring return value of ‘fread’ declared with attribute ‘warn_unused_result’ [-Wunused-result]
  357 |         fread(&done_r, 8, 1, ck); fread(&done_e, 8, 1, ck); fread(&gen, 4, 1, ck); fread(&rs, 8, 1, ck);
      |                                   ^~~~~~~~~~~~~~~~~~~~~~~~
/home/user/Indus-/other-scripts/voynich/tools/r2_search.c:357:61: warning: ignoring return value of ‘fread’ declared with attribute ‘warn_unused_result’ [-Wunused-result]
  357 |         fread(&done_r, 8, 1, ck); fread(&done_e, 8, 1, ck); fread(&gen, 4, 1, ck); fread(&rs, 8, 1, ck);
      |                                                             ^~~~~~~~~~~~~~~~~~~~~
/home/user/Indus-/other-scripts/voynich/tools/r2_search.c:357:84: warning: ignoring return value of ‘fread’ declared with attribute ‘warn_unused_result’ [-Wunused-result]
  357 |         fread(&done_r, 8, 1, ck); fread(&done_e, 8, 1, ck); fread(&gen, 4, 1, ck); fread(&rs, 8, 1, ck);
      |                                                                                    ^~~~~~~~~~~~~~~~~~~~
/home/user/Indus-/other-scripts/voynich/tools/r2_search.c:358:9: warning: ignoring return value of ‘fread’ declared with attribute ‘warn_unused_result’ [-Wunused-result]
  358 |         fread(&nhof, 4, 1, ck); fread(hof, sizeof(Prog), HOF, ck); fread(pop, sizeof(Prog), P, ck); fclose(ck);
      |         ^~~~~~~~~~~~~~~~~~~~~~
/home/user/Indus-/other-scripts/voynich/tools/r2_search.c:358:33: warning: ignoring return value of ‘fread’ declared with attribute ‘warn_unused_result’ [-Wunused-result]
  358 |         fread(&nhof, 4, 1, ck); fread(hof, sizeof(Prog), HOF, ck); fread(pop, sizeof(Prog), P, ck); fclose(ck);
      |                                 ^~~~~~~~~~~~~~~~~~~~~~~~~~~~~~~~~
/home/user/Indus-/other-scripts/voynich/tools/r2_search.c:358:68: warning: ignoring return value of ‘fread’ declared with attribute ‘warn_unused_result’ [-Wunused-result]
  358 |         fread(&nhof, 4, 1, ck); fread(hof, sizeof(Prog), HOF, ck); fread(pop, sizeof(Prog), P, ck); fclose(ck);
      |                                                                    ^~~~~~~~~~~~~~~~~~~~~~~~~~~~~~~
linear_a 558s
linear_a_shuf1 690s
linear_a_mark1 603s
proto_elamite 1044s
proto_elamite_shuf1 1121s
proto_elamite_mark1 1017s
voynich 1044s
voynich_shuf1 1298s
voynich_mark1 965s
linear_a_shuf2 634s
linear_a_mark2 593s
proto_elamite_shuf2 1211s
proto_elamite_mark2 869s
voynich_shuf2 5959s
voynich_mark2 1010s
