============================== Sun Oct  4 00:20:34 2026
LINEAR A KU-RO sections: 30 letters ['A', 'E', 'F', 'H', 'J', 'JE', 'L2']

[integers-only] exact 9/30
   HT9a         sum   29.0000 total   31.0000 diff   +2.0000  explained by: double,tally
   HT9b         sum   24.0000 total   24.0000 diff   +0.0000  explained by: exact
   HT11a        sum    6.0000 total   10.0000 diff   +4.0000  explained by: tally
   HT11b        sum  180.0000 total  180.0000 diff   +0.0000  explained by: exact
   HT13         sum  130.0000 total  130.0000 diff   +0.0000  explained by: exact,misread
   HT25b        sum   68.0000 total   52.0000 diff  -16.0000  explained by: skip
   HT27a        sum  322.0000 total  335.0000 diff  +13.0000  explained by: -
   HT39         sum   28.0000 total  100.0000 diff  +72.0000  explained by: -
   HT46a        sum    1.0000 total   43.0000 diff  +42.0000  explained by: -
   HT85a        sum   66.0000 total   66.0000 diff   +0.0000  explained by: exact
   HT88         sum    6.0000 total    6.0000 diff   +0.0000  explained by: exact
   HT89         sum   87.0000 total   87.0000 diff   +0.0000  explained by: exact
   HT94a        sum  111.0000 total  110.0000 diff   -1.0000  explained by: slip,tally
   HT94b        sum    5.0000 total    5.0000 diff   +0.0000  explained by: exact
   HT100        sum   93.0000 total   97.0000 diff   +4.0000  explained by: tally
   HT102        sum 1070.0000 total 1060.0000 diff  -10.0000  explained by: skip,slip
   HT104        sum   94.0000 total   95.0000 diff   +1.0000  explained by: slip,tally
   HT109        sum    8.0000 total  129.0000 diff +121.0000  explained by: -
   HT110a       sum   21.0000 total  100.0000 diff  +79.0000  explained by: -
   HT117a       sum   10.0000 total   10.0000 diff   +0.0000  explained by: exact
   HT118        sum   50.0000 total   30.0000 diff  -20.0000  explained by: carry
   HT119        sum  159.0000 total  160.0000 diff   +1.0000  explained by: slip,tally
   HT122a       sum   22.0000 total   31.0000 diff   +9.0000  explained by: -
   HT122b       sum   15.0000 total   65.0000 diff  +50.0000  explained by: -
   HT123+124a   sum    0.0000 total   93.0000 diff  +93.0000  explained by: -
   HT123+124a   sum   93.0000 total   25.0000 diff  -68.0000  explained by: -
   HT123+124b   sum   27.0000 total   20.0000 diff   -7.0000  explained by: tally
   HT127b       sum  292.0000 total  292.0000 diff   +0.0000  explained by: exact
   PH(?)31a     sum    5.0000 total    1.0000 diff   -4.0000  explained by: tally
   ZA15b        sum    3.0000 total   78.0000 diff  +75.0000  explained by: -

[site (lineara.xyz)] exact 9/30
   HT9a         sum   31.0000 total   31.7500 diff   +0.7500  explained by: -
   HT9b         sum   24.0000 total   24.0000 diff   +0.0000  explained by: exact
   HT11a        sum    6.0000 total   10.0000 diff   +4.0000  explained by: tally
   HT11b        sum  180.0000 total  180.0000 diff   +0.0000  explained by: exact
   HT13         sum  131.0000 total  130.5000 diff   -0.5000  explained by: misread
   HT25b        sum   68.0000 total   52.0000 diff  -16.0000  explained by: skip
   HT27a        sum  322.0000 total  335.0000 diff  +13.0000  explained by: -
   HT39         sum   28.0000 total  100.0000 diff  +72.0000  explained by: -
   HT46a        sum    1.0000 total   43.5000 diff  +42.5000  explained by: -
   HT85a        sum   66.0000 total   66.0000 diff   +0.0000  explained by: exact
   HT88         sum    6.0000 total    6.0000 diff   +0.0000  explained by: exact
   HT89         sum   87.0000 total   87.0000 diff   +0.0000  explained by: exact
   HT94a        sum  111.0000 total  110.0000 diff   -1.0000  explained by: slip,tally
   HT94b        sum    5.0000 total    5.0000 diff   +0.0000  explained by: exact
   HT100        sum   93.0000 total   97.0000 diff   +4.0000  explained by: tally
   HT102        sum 1070.0000 total 1060.0000 diff  -10.0000  explained by: skip,slip
   HT104        sum   95.0000 total   95.0000 diff   +0.0000  explained by: exact
   HT109        sum    8.0000 total  129.0000 diff +121.0000  explained by: -
   HT110a       sum   21.0000 total  100.0000 diff  +79.0000  explained by: -
   HT117a       sum   10.0000 total   10.0000 diff   +0.0000  explained by: exact
   HT118        sum   50.0000 total   30.0000 diff  -20.0000  explained by: carry
   HT119        sum  159.0000 total  160.0000 diff   +1.0000  explained by: slip,tally
   HT122a       sum   22.0000 total   31.0000 diff   +9.0000  explained by: -
   HT122b       sum   15.0000 total   65.0000 diff  +50.0000  explained by: -
   HT123+124a   sum    0.7500 total   93.5000 diff  +92.7500  explained by: -
   HT123+124a   sum   93.5000 total   25.1667 diff  -68.3333  explained by: -
   HT123+124b   sum   28.9417 total   20.0000 diff   -8.9417  explained by: -
   HT127b       sum  292.0000 total  292.0000 diff   +0.0000  explained by: exact
   PH(?)31a     sum    5.0000 total    1.0000 diff   -4.0000  explained by: tally
   ZA15b        sum    3.0000 total   78.0000 diff  +75.0000  explained by: -

[attack-1 binary] exact 8/30
   HT9a         sum   30.2500 total   31.2500 diff   +1.0000  explained by: slip,tally
   HT9b         sum   24.0000 total   24.0000 diff   +0.0000  explained by: exact
   HT11a        sum    6.0000 total   10.0000 diff   +4.0000  explained by: tally
   HT11b        sum  180.0000 total  180.0000 diff   +0.0000  explained by: exact
   HT13         sum  130.6250 total  130.3125 diff   -0.3125  explained by: misread
   HT25b        sum   68.0000 total   52.0000 diff  -16.0000  explained by: skip
   HT27a        sum  322.0000 total  335.0000 diff  +13.0000  explained by: -
   HT39         sum   28.0000 total  100.0000 diff  +72.0000  explained by: -
   HT46a        sum    1.0000 total   43.3125 diff  +42.3125  explained by: -
   HT85a        sum   66.0000 total   66.0000 diff   +0.0000  explained by: exact
   HT88         sum    6.0000 total    6.0000 diff   +0.0000  explained by: exact
   HT89         sum   87.0000 total   87.0000 diff   +0.0000  explained by: exact
   HT94a        sum  111.0000 total  110.0000 diff   -1.0000  explained by: slip,tally
   HT94b        sum    5.0000 total    5.0000 diff   +0.0000  explained by: exact
   HT100        sum   93.0000 total   97.0000 diff   +4.0000  explained by: tally
   HT102        sum 1070.0000 total 1060.0000 diff  -10.0000  explained by: skip,slip
   HT104        sum   94.6250 total   95.0000 diff   +0.3750  explained by: round
   HT109        sum    8.0000 total  129.0000 diff +121.0000  explained by: -
   HT110a       sum   21.0000 total  100.0000 diff  +79.0000  explained by: -
   HT117a       sum   10.0000 total   10.0000 diff   +0.0000  explained by: exact
   HT118        sum   50.0000 total   30.0000 diff  -20.0000  explained by: carry
   HT119        sum  159.0000 total  160.0000 diff   +1.0000  explained by: slip,tally
   HT122a       sum   22.0000 total   31.0000 diff   +9.0000  explained by: -
   HT122b       sum   15.0000 total   65.0000 diff  +50.0000  explained by: -
   HT123+124a   sum    0.2500 total   93.3125 diff  +93.0625  explained by: -
   HT123+124a   sum   93.3125 total   25.2500 diff  -68.0625  explained by: -
   HT123+124b   sum   28.5000 total   20.0000 diff   -8.5000  explained by: -
   HT127b       sum  292.0000 total  292.0000 diff   +0.0000  explained by: exact
   PH(?)31a     sum    5.0000 total    1.0000 diff   -4.0000  explained by: tally
   ZA15b        sum    3.0000 total   78.0000 diff  +75.0000  explained by: -

sections that balance under SOME grid assignment (49 values per letter): 10: ['HT9a', 'HT9b', 'HT11b', 'HT85a', 'HT88', 'HT89', 'HT94b', 'HT104', 'HT117a', 'HT127b']
