c3b voynich_ZL3b 1 [-10.5588, -10.5496, 0.2133]
c3b voynich_ZL3b 2 [-10.2333, -10.228, 0.1826]
c3b voynich_ZL3b 3 [-9.9235, -9.9111, 0.1345]
c3b voynich_ZL3b 4 [-9.6744, -9.6653, 0.0937]
c3b planted_3tables 1 [-10.9644, -10.9762, 0.1157]
c3b planted_3tables 2 [-10.4998, -10.5181, 0.0332]
c3b planted_3tables 3 [-10.335, -10.3487, 0.0117]
c3b voynich_ZL3b 6 [-9.4983, -9.4914, 0.0644]
c3b planted_3tables 4 [-10.3341, -10.3502, 0.0181]
c3b voynich_ZL3b 8 [-9.4352, -9.4438, 0.0629]
c3b planted_3tables 6 [-10.3328, -10.3487, 0.0277]
c3b planted_3tables 8 [-10.3319, -10.3511, 0.0195]
c3b voynich_ZL3b 12 [-9.3054, -9.3123, 0.0544]
c3b planted_3tables 12 [-10.3307, -10.3533, 0.048]
c3b voynich_ZL3b 16 [-9.2501, -9.2706, 0.0448]
c3b voynich_ZL3b done 482
c3b latin_verbose 1 [-11.0521, -11.0773, 0.2487]
c3b latin_verbose 2 [-10.6665, -10.6824, 0.219]
c3b latin_verbose 3 [-10.3, -10.3173, 0.1732]
c3b latin_verbose 4 [-10.1737, -10.1879, 0.1573]
