lat 24546 9875 {'DROP': 3949, 'ECHO': 4161, 'MIXED': 4062} {'DROP': 77, 'ECHO': 77, 'MIXED': 77} CC BY-NC-SA 2.5 [('ku-i-u', 'kuius'), ('we-bo-sa', 'werbosa'), ('ne', 'ne')]
ita 92104 15023 {'DROP': 6764, 'ECHO': 7222, 'MIXED': 6977} {'DROP': 98, 'ECHO': 100, 'MIXED': 100} CC BY-NC-SA 3.0 [('lo-da-ra', 'londra'), ('ga', 'gas'), ('da', 'da')]
san 84552 18838 {'DROP': 6172, 'ECHO': 7497, 'MIXED': 6817} {'DROP': 151, 'ECHO': 172, 'MIXED': 157} CC BY-SA 4.0 [('pu-va-ja', 'purvasja'), ('me-dʰa-ja-na-na-ni', 'medʰajananani'), ('śu-ka', 'śuka')]
hin 95435 9406 {'DROP': 4369, 'ECHO': 4566, 'MIXED': 4430} {'DROP': 172, 'ECHO': 178, 'MIXED': 174} CC BY-NC-SA 4.0 [('ja-ha', 'jaha'), ('e-śi-ja', 'eśija'), ('ki', 'ki')]
lit 53819 16368 {'DROP': 7117, 'ECHO': 7265, 'MIXED': 7136} {'DROP': 113, 'ECHO': 115, 'MIXED': 115} CC BY-SA 4.0 [('si-u-lo-ma', 'siuloma'), ('vi-e-ši-ti', 'viešinti'), ('a-u-ku-tu-ju', 'aukštuju')]
hye 50356 15374 {'DROP': 5772, 'ECHO': 6499, 'MIXED': 6365} {'DROP': 116, 'ECHO': 117, 'MIXED': 118} CC BY-SA 4.0 [('ko-mo-vi-ni-te', 'komovniste'), ('e', 'ev'), ("a-ta-do-ro-vo-t'o-jo-ve-ne", "artadrovt'jovne")]
rus 69569 24921 {'DROP': 9054, 'ECHO': 11151, 'MIXED': 10496} {'DROP': 100, 'ECHO': 105, 'MIXED': 103} CC BY-SA 4.0 [('vo', 'vo'), ('ve-je-ja', 'vrjemja'), ('bi-ti-vi', 'bitvi')]
cym 48873 7009 {'DROP': 2684, 'ECHO': 2894, 'MIXED': 2858} {'DROP': 105, 'ECHO': 113, 'MIXED': 111} CC BY-SA 4.0 [('ke-ha-li-u-e', 'kenhaliued'), ('ke-ŋe', 'keŋerð'), ('ha', 'hav')]
fin 93808 30303 {'DROP': 12911, 'ECHO': 13661, 'MIXED': 13093} {'DROP': 111, 'ECHO': 110, 'MIXED': 112} None [('ke-ve-lu-re-i-ti', 'kevelureiti'), ('i', 'i'), ('je-le', 'jele')]
est 138269 38932 {'DROP': 14173, 'ECHO': 15118, 'MIXED': 14677} {'DROP': 120, 'ECHO': 126, 'MIXED': 122} CC BY-NC-SA 4.0 [('i-ga', 'iga'), ('u-he-ka-sa', 'uheksas'), ('ko-ro', 'kron')]
hun 35130 12713 {'DROP': 5236, 'ECHO': 5381, 'MIXED': 5340} {'DROP': 130, 'ECHO': 132, 'MIXED': 132} CC BY-NC-SA 3.0 [('a', 'a'), ('vi-la-ga-ba', 'vilagban'), ('i-ma', 'imar')]
tur 46580 16377 {'DROP': 6387, 'ECHO': 7012, 'MIXED': 6653} {'DROP': 139, 'ECHO': 158, 'MIXED': 157} CC BY-NC-SA 4.0 [('gu-du', 'guldu'), ('ši-di', 'šimdi'), ('hi-či-bi', 'hičbir')]
uig 31405 11744 {'DROP': 4955, 'ECHO': 5299, 'MIXED': 5003} {'DROP': 124, 'ECHO': 125, 'MIXED': 124} CC BY-SA 4.0 [('ne-pu', 'nešput'), ('ji-da', 'jilda'), ('o-ru', 'oruk')]
eus 97952 22838 {'DROP': 9468, 'ECHO': 9793, 'MIXED': 9607} {'DROP': 120, 'ECHO': 123, 'MIXED': 122} CC BY-NC-SA 3.0 [('ge-ro', 'gero'), ('lo-tu-ta-ko', 'lortutako'), ('ma-sa', 'masa')]
kat 48260 14367 {'DROP': 5899, 'ECHO': 6147, 'MIXED': 6170} {'DROP': 149, 'ECHO': 148, 'MIXED': 149} CC BY-SA 4.0 [('ku-tu-ri', 'kulturis'), ("p'e-no-me-ni", "p'enomeni"), ('xa-va-da-xa-va', 'sxvadasxva')]
akk 22833 2657 {'DROP': 1165, 'ECHO': 1235, 'MIXED': 1207} {'DROP': 77, 'ECHO': 78, 'MIXED': 79} CC BY-SA 3.0 [('e-ka', 'ekal'), ('ma', 'mar'), ('a-šu-da', 'ašurdan')]
arb 74155 13900 {'DROP': 5992, 'ECHO': 6273, 'MIXED': 6169} {'DROP': 132, 'ECHO': 133, 'MIXED': 133} CC BY-NC-SA 3.0 [('ta-fu-ḍu', 'tarfuḍu'), ('ḥu-ṣu-la', 'ḥuṣula'), ('ša-ri-ka-ti', 'šarikatin')]
hbo 49696 5273 {'DROP': 2033, 'ECHO': 2232, 'MIXED': 2180} {'DROP': 169, 'ECHO': 170, 'MIXED': 169} CC BY-NC 4.0 [('ṿa', 'ṿa'), ('ji-ma', 'jišmaʔ'), ('ʔe', 'ʔet')]
mlt 38251 7203 {'DROP': 2701, 'ECHO': 3148, 'MIXED': 2971} {'DROP': 119, 'ECHO': 121, 'MIXED': 120} CC BY-SA 4.0 [('i-lu', 'ilum'), ('wa-ra-no-fi-si-na', 'waranofsinar'), ('i', 'il')]
amh 8865 1294 {'DROP': 655, 'ECHO': 658, 'MIXED': 658} {'DROP': 101, 'ECHO': 103, 'MIXED': 103} CC BY-SA 4.0 [('me-ce-ħe-fe', 'meceħefe'), ('ʔu', 'ʔu'), ('ne', 'ne')]
cop 22559 7336 {'DROP': 2383, 'ECHO': 3331, 'MIXED': 2988} {'DROP': 89, 'ECHO': 91, 'MIXED': 91} CC BY 4.0 [('e-ša-ta-ba-šo', 'eršantbašor'), ('a-ka', 'aškak'), ('e-bo', 'ebol')]
hau 174486 7346 {'DROP': 2862, 'ECHO': 3000, 'MIXED': 2863} {'DROP': 111, 'ECHO': 111, 'MIXED': 110} Creative Commons Attribution Share-Alike license 4 [('li-ta-fi', 'litafin'), ('a-sa-li', 'asalin'), ('je-su', 'jesu')]
tam 8306 3353 {'DROP': 1383, 'ECHO': 1392, 'MIXED': 1380} {'DROP': 79, 'ECHO': 90, 'MIXED': 81} CC BY-NC-SA 3.0 [('ce-na-i', 'cenai'), ('a-ru-ke', 'aruke'), ('ri', 'sri')]
tel 4908 1939 {'DROP': 945, 'ECHO': 942, 'MIXED': 948} {'DROP': 114, 'ECHO': 118, 'MIXED': 114} CC BY-SA 4.0 [('cu-se-ra', 'cusera'), ('a-ḍi', 'aṁḍi'), ('e-ka-ḍi-ki', 'ekaḍiki')]
cmn 70504 11806 {'DROP': 4930, 'ECHO': 5403, 'MIXED': 4930} {'DROP': 110, 'ECHO': 111, 'MIXED': 110} CC BY-SA 4.0 [('ka-ŝi', 'kanŝi'), ('ʥi-a-da', 'ʥiandan'), ('ẑi', 'ẑi')]
ind 83227 15689 {'DROP': 6091, 'ECHO': 6791, 'MIXED': 6406} {'DROP': 125, 'ECHO': 129, 'MIXED': 127} CC BY-SA 4.0 [('se-bu-ŋa', 'sembuŋan'), ('a-da-la', 'adalah'), ('se-bu-a', 'sebuah')]
tgl 250002 9497 {'DROP': 3719, 'ECHO': 3964, 'MIXED': 3843} {'DROP': 87, 'ECHO': 88, 'MIXED': 88} Creative Commons Attribution Share-Alike license 4 [('no', 'noŋ'), ('si-mu-la', 'simula'), ('ni-li-ka-ha', 'nilikha')]
yor 7041 985 {'DROP': 442, 'ECHO': 438, 'MIXED': 442} {'DROP': 93, 'ECHO': 100, 'MIXED': 97} CC BY-SA 4.0 [('ni', 'ni'), ('i-be-re', 'ibere'), ('o-hu', 'ohun')]
wol 38398 4528 {'DROP': 1506, 'ECHO': 1644, 'MIXED': 1524} {'DROP': 115, 'ECHO': 115, 'MIXED': 116} CC BY-SA 4.0 [('či', 'či'), ('wa-lu', 'walu'), ('xa', 'xaj')]
swh 250005 23594 {'DROP': 10904, 'ECHO': 11512, 'MIXED': 11032} {'DROP': 130, 'ECHO': 132, 'MIXED': 132} Creative Commons Attribution Share-Alike license 4 [('ha-po', 'hapo'), ('wa-zo', 'mwanzo'), ('mu-gu', 'mungu')]
quh 126641 25574 {'DROP': 10633, 'ECHO': 12110, 'MIXED': 10847} {'DROP': 108, 'ECHO': 111, 'MIXED': 109} Creative Commons License: Attribution-Noncommercial-No Derivative Works [('ka', 'kaj'), ('ke-ka-ka-ka', 'kelkaskaka'), ('he-su-ki-ri-to', 'hesukristoh')]
nhe 250025 16174 {'DROP': 6567, 'ECHO': 7099, 'MIXED': 6839} {'DROP': 103, 'ECHO': 106, 'MIXED': 104} Creative Commons License: Attribution-Noncommercial-No Derivative Works [('ke-ma', 'kema'), ('pe-hi-ki', 'pehki'), ('no-či', 'noči')]
