done planted 1 48 soft -29092 -29237 hard -29415 -29371 noreset_te -32368 399 s
done planted 0 48 soft -29638 -29171 hard -30565 -30029 noreset_te -34052 410 s
done planted 2 48 soft -29809 -29553 hard -30629 -30323 noreset_te -33031 350 s
done voynich 0 48 soft -38135 -37690 hard -40097 -39396 noreset_te -39652 353 s
done voynich 1 48 soft -35003 -34980 hard -36884 -36375 noreset_te -36904 350 s
done voynich 2 48 soft -37570 -37119 hard -39898 -39157 noreset_te -39560 339 s
done vs_latin 0 48 soft -31533 -31801 hard -32825 -33062 noreset_te -33023 220 s
done vs_latin 1 48 soft -37086 -36467 hard -37733 -36989 noreset_te -36858 223 s
done vs_latin 2 48 soft -28703 -28366 hard -29468 -29107 noreset_te -28972 245 s
done vs_italian 0 48 soft -34914 -34436 hard -35585 -35024 noreset_te -34870 242 s
done vs_italian 1 48 soft -32906 -32715 hard -33758 -33393 noreset_te -33299 242 s
done vs_italian 2 48 soft -30129 -29583 hard -31163 -30417 noreset_te -30379 244 s
done planted 1 40 soft -28796 -28798 hard -29528 -29496 noreset_te -32053 332 s
done planted 0 40 soft -28663 -28224 hard -28757 -28207 noreset_te -32320 338 s
done planted 2 40 soft -28884 -28748 hard -29061 -28838 noreset_te -31711 325 s
done voynich 0 40 soft -38205 -37839 hard -39778 -39016 noreset_te -39142 330 s
done voynich 1 40 soft -35029 -35039 hard -37198 -36652 noreset_te -36992 325 s
done voynich 2 40 soft -37503 -37150 hard -40204 -39472 noreset_te -39970 340 s
done vs_latin 0 40 soft -31459 -31825 hard -32363 -32610 noreset_te -32444 211 s
done vs_latin 1 40 soft -37006 -36520 hard -38004 -37309 noreset_te -37230 213 s
done vs_latin 2 40 soft -28521 -28410 hard -30013 -29617 noreset_te -29535 209 s
done vs_italian 0 40 soft -34893 -34448 hard -35692 -35046 noreset_te -34938 210 s
done vs_italian 1 40 soft -32859 -32723 hard -34226 -33828 noreset_te -33773 209 s
done vs_italian 2 40 soft -30129 -29562 hard -31517 -30743 noreset_te -30763 197 s
ALL DONE
