done disc voynich 0 307 s
done disc planted 0 300 s
done disc vs_italian 0 161 s
done disc vs_latin 0 167 s
done R2 planted 0 129 s
done R2 planted 1 236 s
done R2 planted 2 140 s
done R2 voynich 0 141 s
done R2 voynich 1 229 s
done R2 vs_latin 0 93 s
done R2 voynich 2 205 s
done R2 vs_latin 1 109 s
done R2 vs_latin 2 115 s
done R2 vs_italian 0 122 s
done R2 vs_italian 1 121 s
done shuf voynich 0 111 s
done R2 vs_italian 2 125 s
done shuf voynich 1 177 s
done shuf voynich 2 182 s
done shuf planted 0 92 s
done shuf planted 1 141 s
