voynich V1 {'J_in': -0.0001, 'J_brk': 0.0006, 'OPEN': 0.0322, 'CLOSE': 0.0028, 'WW': 0.0008, 'CLUMP': 1.1246}
planted V1 {'J_in': 0.006, 'J_brk': 0.0012, 'OPEN': 0.3731, 'CLOSE': 0.0051, 'WW': 0.0212, 'CLUMP': 0.9018}
voynich V2 {'J_in': 0.0, 'J_brk': 0.0022, 'OPEN': 0.0308, 'CLOSE': 0.0033, 'WW': 0.0011, 'CLUMP': 1.1975}
planted V2 {'J_in': 0.0058, 'J_brk': 0.0016, 'OPEN': 0.3897, 'CLOSE': 0.003, 'WW': 0.0185, 'CLUMP': 0.9315}
voynich MX {'J_in': 0.0327, 'J_brk': 0.0003, 'OPEN': 0.0151, 'CLOSE': 0.0019, 'WW': 0.0004, 'CLUMP': 1.1811}
planted MX {'J_in': 0.0069, 'J_brk': -0.0003, 'OPEN': 0.395, 'CLOSE': 0.0056, 'WW': 0.0222, 'CLUMP': 0.9031}
voynich W2 {'J_in': 0.0661, 'J_brk': 0.0008, 'OPEN': 0.0121, 'CLOSE': 0.003, 'WW': 0.3474, 'CLUMP': 1.2983}
voynich real {'J_in': np.float64(0.077), 'J_brk': np.float64(0.0097), 'OPEN': 0.0188, 'CLOSE': 0.0898, 'WW': np.float64(0.3496), 'CLUMP': 1.554}
planted W2 {'J_in': 0.0116, 'J_brk': -0.0006, 'OPEN': 0.3443, 'CLOSE': 0.0045, 'WW': 0.0285, 'CLUMP': 0.9237}
planted real {'J_in': np.float64(0.0044), 'J_brk': np.float64(0.0066), 'OPEN': 0.3919, 'CLOSE': 0.0049, 'WW': np.float64(0.018), 'CLUMP': 0.897}
vs_latin V1 {'J_in': -0.0005, 'J_brk': -0.0014, 'OPEN': 0.0125, 'CLOSE': 0.0017, 'WW': 0.0003, 'CLUMP': 0.9656}
vs_italian V1 {'J_in': 0.0003, 'J_brk': -0.001, 'OPEN': 0.008, 'CLOSE': 0.0017, 'WW': 0.0001, 'CLUMP': 0.9291}
vs_latin V2 {'J_in': 0.0001, 'J_brk': -0.0001, 'OPEN': 0.0208, 'CLOSE': 0.0016, 'WW': 0.0001, 'CLUMP': 0.9785}
vs_italian V2 {'J_in': -0.0001, 'J_brk': -0.0013, 'OPEN': 0.0186, 'CLOSE': 0.0018, 'WW': 0.0003, 'CLUMP': 0.9423}
vs_latin MX {'J_in': 0.0098, 'J_brk': -0.0013, 'OPEN': 0.0021, 'CLOSE': 0.0013, 'WW': -0.0001, 'CLUMP': 0.9658}
vs_italian MX {'J_in': 0.0169, 'J_brk': 0.0003, 'OPEN': 0.0022, 'CLOSE': 0.0013, 'WW': 0.0004, 'CLUMP': 0.94}
vs_latin W2 {'J_in': 0.0171, 'J_brk': -0.0006, 'OPEN': 0.0015, 'CLOSE': 0.0012, 'WW': 0.4729, 'CLUMP': 0.9638}
vs_latin real {'J_in': np.float64(0.0137), 'J_brk': np.float64(0.014), 'OPEN': 0.0005, 'CLOSE': 0.0013, 'WW': np.float64(0.4544), 'CLUMP': 1.0549}
vs_italian W2 {'J_in': 0.0463, 'J_brk': -0.0059, 'OPEN': 0.0019, 'CLOSE': 0.0014, 'WW': 0.4363, 'CLUMP': 0.9397}
vs_italian real {'J_in': np.float64(0.0453), 'J_brk': np.float64(0.0557), 'OPEN': 0.0013, 'CLOSE': 0.0012, 'WW': np.float64(0.4308), 'CLUMP': 0.9407}
ALL DONE
