{"SUF1": {"n": 121, "O": 2, "E": 1.74, "ratio": 1.147, "z": 0.21, "p_avoid": 0.7531, "p_attract": 0.5262, "ctx": 0.529}, "PRE1": {"n": 89, "O": 1, "E": 1.03, "ratio": 0.966, "z": -0.04, "p_avoid": 0.7156, "p_attract": 0.6562, "ctx": 0.543}, "FIN": {"n": 70, "O": 1, "E": 0.56, "ratio": 1.786, "z": 0.61, "p_avoid": 0.8981, "p_attract": 0.4433, "ctx": 0.515}, "INI": {"n": 52, "O": 1, "E": 0.64, "ratio": 1.555, "z": 0.52, "p_avoid": 0.8966, "p_attract": 0.5317, "ctx": 0.6}, "RND": {"n": 332, "O": 5, "E": 1.55, "ratio": 3.215, "z": 2.88, "p_avoid": 0.997, "p_attract": 0.0155, "ctx": 0.428}} 1
{'cls': np.str_('RND'), 'fam': np.str_('RND'), 'npairs': 332, 'O': 5, 'E': 1.55, 'z': 2.03, 'fwer': 0.0255, 'ctx': 0.428, 'ctx_p': 0.4903}
{'cls': np.str_('A+'), 'fam': np.str_('PRE1'), 'npairs': 11, 'O': 1, 'E': 0.29, 'z': 0.71, 'fwer': 0.9015, 'ctx': 0.564, 'ctx_p': 0.0525}
{'cls': np.str_('+ME'), 'fam': np.str_('SUF1'), 'npairs': 6, 'O': 0, 'E': 0.29, 'z': -0.3, 'fwer': 1.0, 'ctx': 0.549, 'ctx_p': 0.1319}
{'cls': np.str_('+TE'), 'fam': np.str_('SUF1'), 'npairs': 6, 'O': 0, 'E': 0.23, 'z': -0.24, 'fwer': 1.0, 'ctx': 0.577, 'ctx_p': 0.0915}
{'cls': np.str_('+JA'), 'fam': np.str_('SUF1'), 'npairs': 8, 'O': 0, 'E': 0.23, 'z': -0.24, 'fwer': 1.0, 'ctx': 0.657, 'ctx_p': 0.007}
{'cls': np.str_('SI+'), 'fam': np.str_('PRE1'), 'npairs': 6, 'O': 0, 'E': 0.12, 'z': -0.15, 'fwer': 1.0, 'ctx': 0.812, 'ctx_p': 0.0005}
{'cls': np.str_('+RO'), 'fam': np.str_('SUF1'), 'npairs': 4, 'O': 0, 'E': 0.07, 'z': -0.1, 'fwer': 1.0, 'ctx': 0.756, 'ctx_p': 0.006}
{'cls': np.str_('KA+'), 'fam': np.str_('PRE1'), 'npairs': 5, 'O': 0, 'E': 0.07, 'z': -0.09, 'fwer': 1.0, 'ctx': 0.647, 'ctx_p': 0.0325}
{'cls': np.str_('+NE'), 'fam': np.str_('SUF1'), 'npairs': 4, 'O': 0, 'E': 0.06, 'z': -0.08, 'fwer': 1.0, 'ctx': 0.68, 'ctx_p': 0.03}
{'cls': np.str_('KI+'), 'fam': np.str_('PRE1'), 'npairs': 5, 'O': 0, 'E': 0.05, 'z': -0.07, 'fwer': 1.0, 'ctx': 0.526, 'ctx_p': 0.1924}
{'cls': np.str_('+NA'), 'fam': np.str_('SUF1'), 'npairs': 6, 'O': 0, 'E': 0.04, 'z': -0.06, 'fwer': 1.0, 'ctx': 0.496, 'ctx_p': 0.2654}
{'cls': np.str_('+RE'), 'fam': np.str_('SUF1'), 'npairs': 6, 'O': 0, 'E': 0.04, 'z': -0.05, 'fwer': 1.0, 'ctx': 0.428, 'ctx_p': 0.5087}
{'cls': np.str_('+RA'), 'fam': np.str_('SUF1'), 'npairs': 6, 'O': 0, 'E': 0.03, 'z': -0.05, 'fwer': 1.0, 'ctx': 0.398, 'ctx_p': 0.5907}
{'cls': np.str_('+TI'), 'fam': np.str_('SUF1'), 'npairs': 5, 'O': 0, 'E': 0.04, 'z': -0.05, 'fwer': 1.0, 'ctx': 0.615, 'ctx_p': 0.058}
{'cls': np.str_('I+'), 'fam': np.str_('PRE1'), 'npairs': 9, 'O': 0, 'E': 0.03, 'z': -0.05, 'fwer': 1.0, 'ctx': 0.394, 'ctx_p': 0.6457}
{'cls': np.str_('+TA'), 'fam': np.str_('SUF1'), 'npairs': 5, 'O': 0, 'E': 0.03, 'z': -0.04, 'fwer': 1.0, 'ctx': 0.499, 'ctx_p': 0.2874}
{'cls': np.str_('KU+'), 'fam': np.str_('PRE1'), 'npairs': 3, 'O': 0, 'E': 0.02, 'z': -0.04, 'fwer': 1.0, 'ctx': 0.267, 'ctx_p': 0.8581}
{'cls': np.str_('DA+'), 'fam': np.str_('PRE1'), 'npairs': 3, 'O': 0, 'E': 0.02, 'z': -0.03, 'fwer': 1.0, 'ctx': 0.607, 'ctx_p': 0.1239}
{'cls': np.str_('PI+'), 'fam': np.str_('PRE1'), 'npairs': 3, 'O': 0, 'E': 0.02, 'z': -0.03, 'fwer': 1.0, 'ctx': 0.493, 'ctx_p': 0.3363}
{'cls': np.str_('+PA'), 'fam': np.str_('SUF1'), 'npairs': 3, 'O': 0, 'E': 0.01, 'z': -0.02, 'fwer': 1.0, 'ctx': 0.609, 'ctx_p': 0.1124}
neg 0 0 [(np.str_('+ME'), 0.7, 0.9031), (np.str_('RND'), 0.45, 0.9461), (np.str_('A+'), -0.26, 1.0)]
neg 1 0 [(np.str_('+NE'), 1.29, 0.3766), (np.str_('RND'), -0.98, 0.6354), (np.str_('+ME'), -0.29, 1.0)]
neg 2 0 [(np.str_('+TI'), 1.36, 0.3047), (np.str_('+RO'), 1.33, 0.3706), (np.str_('KA+'), 1.15, 0.5295)]
neg 3 0 [(np.str_('+ME'), 0.89, 0.6464), (np.str_('+TE'), 0.84, 0.7113), (np.str_('RND'), -0.72, 0.8581)]
