{"SUF1": {"n": 707, "O": 77, "E": 22.69, "ratio": 3.393, "z": 12.73, "p_avoid": 1.0, "p_attract": 0.001, "ctx": 0.367}, "PRE1": {"n": 327, "O": 4, "E": 3.31, "ratio": 1.209, "z": 0.39, "p_avoid": 0.7702, "p_attract": 0.4346, "ctx": 0.319}, "FIN": {"n": 1072, "O": 48, "E": 15.27, "ratio": 3.144, "z": 8.8, "p_avoid": 1.0, "p_attract": 0.001, "ctx": 0.342}, "INI": {"n": 1214, "O": 7, "E": 5.5, "ratio": 1.272, "z": 0.67, "p_avoid": 0.8252, "p_attract": 0.3127, "ctx": 0.312}, "RND": {"n": 3320, "O": 49, "E": 44.7, "ratio": 1.096, "z": 0.69, "p_avoid": 0.7902, "p_attract": 0.2557, "ctx": 0.297}} 6
{'cls': np.str_('+JO'), 'fam': np.str_('SUF1'), 'npairs': 104, 'O': 16, 'E': 2.55, 'z': 6.67, 'fwer': 0.001, 'ctx': 0.462, 'ctx_p': 0.0005, 'truth': True}
{'cls': np.str_('+E'), 'fam': np.str_('SUF1'), 'npairs': 17, 'O': 8, 'E': 0.77, 'z': 5.6, 'fwer': 0.001, 'ctx': 0.646, 'ctx_p': 0.0005, 'truth': False}
{'cls': np.str_('RA~RO'), 'fam': np.str_('FIN'), 'npairs': 12, 'O': 13, 'E': 2.96, 'z': 4.85, 'fwer': 0.001, 'ctx': 0.347, 'ctx_p': 0.2309, 'truth': True}
{'cls': np.str_('+O'), 'fam': np.str_('SUF1'), 'npairs': 54, 'O': 7, 'E': 1.86, 'z': 2.91, 'fwer': 0.014, 'ctx': 0.359, 'ctx_p': 0.034, 'truth': True}
{'cls': np.str_('+TA'), 'fam': np.str_('SUF1'), 'npairs': 37, 'O': 3, 'E': 0.21, 'z': 2.87, 'fwer': 0.016, 'ctx': 0.263, 'ctx_p': 0.8126, 'truth': False}
{'cls': np.str_('+DE'), 'fam': np.str_('SUF1'), 'npairs': 40, 'O': 10, 'E': 3.96, 'z': 2.7, 'fwer': 0.032, 'ctx': 0.475, 'ctx_p': 0.0005, 'truth': True}
{'cls': np.str_('JA~JO'), 'fam': np.str_('FIN'), 'npairs': 56, 'O': 4, 'E': 0.78, 'z': 2.33, 'fwer': 0.1179, 'ctx': 0.448, 'ctx_p': 0.0005, 'truth': True}
{'cls': np.str_('+PI'), 'fam': np.str_('SUF1'), 'npairs': 12, 'O': 2, 'E': 0.15, 'z': 2.06, 'fwer': 0.1898, 'ctx': 0.403, 'ctx_p': 0.0695, 'truth': True}
{'cls': np.str_('+RE'), 'fam': np.str_('SUF1'), 'npairs': 16, 'O': 2, 'E': 0.17, 'z': 2.04, 'fwer': 0.1998, 'ctx': 0.351, 'ctx_p': 0.2004, 'truth': False}
{'cls': np.str_('NA~NO'), 'fam': np.str_('FIN'), 'npairs': 9, 'O': 3, 'E': 0.59, 'z': 1.99, 'fwer': 0.2228, 'ctx': 0.55, 'ctx_p': 0.0025, 'truth': True}
{'cls': np.str_('+NA'), 'fam': np.str_('SUF1'), 'npairs': 10, 'O': 2, 'E': 0.22, 'z': 1.89, 'fwer': 0.2637, 'ctx': 0.41, 'ctx_p': 0.1084, 'truth': False}
{'cls': np.str_('WE~WO'), 'fam': np.str_('FIN'), 'npairs': 17, 'O': 2, 'E': 0.23, 'z': 1.83, 'fwer': 0.3277, 'ctx': 0.34, 'ctx_p': 0.2529, 'truth': True}
{'cls': np.str_('DE~JO'), 'fam': np.str_('FIN'), 'npairs': 6, 'O': 2, 'E': 0.29, 'z': 1.74, 'fwer': 0.4525, 'ctx': 0.556, 'ctx_p': 0.01, 'truth': False}
{'cls': np.str_('^A~O'), 'fam': np.str_('INI'), 'npairs': 6, 'O': 1, 'E': 0.01, 'z': 1.62, 'fwer': 0.6174, 'ctx': 0.484, 'ctx_p': 0.0495, 'truth': False}
{'cls': np.str_('+MO'), 'fam': np.str_('SUF1'), 'npairs': 7, 'O': 1, 'E': 0.02, 'z': 1.49, 'fwer': 0.7712, 'ctx': 0.2, 'ctx_p': 0.8446, 'truth': False}
{'cls': np.str_('^KE~KO'), 'fam': np.str_('INI'), 'npairs': 6, 'O': 1, 'E': 0.03, 'z': 1.46, 'fwer': 0.8232, 'ctx': 0.278, 'ctx_p': 0.5392, 'truth': False}
{'cls': np.str_('+RA'), 'fam': np.str_('SUF1'), 'npairs': 7, 'O': 1, 'E': 0.03, 'z': 1.42, 'fwer': 0.8621, 'ctx': 0.308, 'ctx_p': 0.4493, 'truth': False}
{'cls': np.str_('PO+'), 'fam': np.str_('PRE1'), 'npairs': 11, 'O': 1, 'E': 0.05, 'z': 1.34, 'fwer': 0.9441, 'ctx': 0.296, 'ctx_p': 0.5127, 'truth': False}
{'cls': np.str_('TO+'), 'fam': np.str_('PRE1'), 'npairs': 9, 'O': 1, 'E': 0.05, 'z': 1.32, 'fwer': 0.9461, 'ctx': 0.276, 'ctx_p': 0.5772, 'truth': False}
{'cls': np.str_('SU+'), 'fam': np.str_('PRE1'), 'npairs': 7, 'O': 1, 'E': 0.05, 'z': 1.31, 'fwer': 0.9471, 'ctx': 0.286, 'ctx_p': 0.5287, 'truth': False}
sub 0 2 [(np.str_('+E'), 5.06, 0.002, False), (np.str_('RA~RO'), 2.27, 0.0259, True), (np.str_('+JO'), 1.93, 0.0699, True), (np.str_('+O'), 1.38, 0.2914, True), (np.str_('RND'), 1.0, 0.515, False)]
sub 1 1 [(np.str_('RA~RO'), 3.82, 0.002, True), (np.str_('+JO'), 1.9, 0.0898, True), (np.str_('+I'), 0.86, 0.7445, True), (np.str_('+O'), 0.53, 0.9441, True), (np.str_('+DE'), -0.5, 0.988, True)]
sub 2 1 [(np.str_('+TA'), 2.07, 0.02, False), (np.str_('+O'), 1.3, 0.2295, True), (np.str_('+E'), 1.27, 0.2695, False), (np.str_('+DE'), 1.06, 0.477, True), (np.str_('+QE'), -0.83, 0.7645, True)]
sub 3 0 [(np.str_('JA~JO'), 1.32, 0.3074, True), (np.str_('+DE'), 1.3, 0.3533, True), (np.str_('+TA'), 1.29, 0.3952, False), (np.str_('RND'), 1.24, 0.4651, False), (np.str_('+E'), 1.13, 0.495, False)]
sub 4 2 [(np.str_('+E'), 5.01, 0.002, False), (np.str_('+JO'), 3.49, 0.002, True), (np.str_('+DE'), 1.54, 0.2116, True), (np.str_('+JA'), 1.49, 0.2635, False), (np.str_('+O'), 1.02, 0.6687, True)]
sub 5 2 [(np.str_('+JO'), 5.13, 0.002, True), (np.str_('+O'), 2.7, 0.008, True), (np.str_('+PI'), 1.43, 0.1956, True), (np.str_('+DE'), 0.99, 0.5808, True), (np.str_('RND'), -0.97, 0.6347, False)]
sub 6 2 [(np.str_('+DE'), 3.54, 0.002, True), (np.str_('+JO'), 2.58, 0.008, True), (np.str_('RND'), 1.17, 0.3832, False), (np.str_('RA~RO'), 0.86, 0.6168, True), (np.str_('+E'), 0.77, 0.7146, False)]
sub 7 1 [(np.str_('+JO'), 2.53, 0.022, True), (np.str_('U~WO'), 1.14, 0.511, True), (np.str_('^KE~KO'), 1.14, 0.511, False), (np.str_('+DE'), 1.07, 0.5609, True), (np.str_('+O'), 1.0, 0.6806, True)]
