tasks to run 5
0 50
full|seed|c {'reps': 20, 'n_src': 11.7, 'mrr_real': 0.231, 'mrr_perm_null': 0.184, 'frac_p05': 0.1, 'p1_real': 0.086, 'mrr_shuf': 0.172, 'mrr_shuf95': 0.269, 'frac_real_gt_shuf95': 0.3, 'p_real_vs_shuf_mean': 0.19}
full|seed|w {'reps': 20, 'n_src': 3.9, 'mrr_real': 0.127, 'mrr_perm_null': 0.036, 'frac_p05': 0.45, 'p1_real': 0.037, 'mrr_shuf': 0.027, 'mrr_shuf95': 0.046, 'frac_real_gt_shuf95': 0.75, 'p_real_vs_shuf_mean': 0.048}
full|unsup|c {'reps': 20, 'n_src': 11.7, 'mrr_real': 0.154, 'mrr_perm_null': 0.183, 'frac_p05': 0.0, 'p1_real': 0.065, 'mrr_shuf': 0.158, 'mrr_shuf95': 0.228, 'frac_real_gt_shuf95': 0.1, 'p_real_vs_shuf_mean': 0.429}
full|unsup|w {'reps': 20, 'n_src': 3.9, 'mrr_real': 0.036, 'mrr_perm_null': 0.037, 'frac_p05': 0.05, 'p1_real': 0.0, 'mrr_shuf': 0.027, 'mrr_shuf95': 0.061, 'frac_real_gt_shuf95': 0.15, 'p_real_vs_shuf_mean': 0.143}
full|gw|c {'reps': 20, 'n_src': 11.7, 'mrr_real': 0.153, 'mrr_perm_null': 0.184, 'frac_p05': 0.2, 'p1_real': 0.071, 'mrr_shuf': 0.221, 'mrr_shuf95': 0.256, 'frac_real_gt_shuf95': 0.2, 'p_real_vs_shuf_mean': 1.0}
full|gw|w {'reps': 20, 'n_src': 3.9, 'mrr_real': 0.2, 'mrr_perm_null': 0.037, 'frac_p05': 0.9, 'p1_real': 0.0, 'mrr_shuf': 0.205, 'mrr_shuf95': 0.274, 'frac_real_gt_shuf95': 0.05, 'p_real_vs_shuf_mean': 0.286}
full|prof|c {'reps': 20, 'n_src': 11.7, 'mrr_real': 0.324, 'mrr_perm_null': 0.184, 'frac_p05': 0.5, 'p1_real': 0.154, 'mrr_shuf': 0.199, 'mrr_shuf95': 0.321, 'frac_real_gt_shuf95': 0.45, 'p_real_vs_shuf_mean': 0.095}
full|prof|w {'reps': 20, 'n_src': 3.9, 'mrr_real': 0.425, 'mrr_perm_null': 0.038, 'frac_p05': 1.0, 'p1_real': 0.3, 'mrr_shuf': 0.028, 'mrr_shuf95': 0.054, 'frac_real_gt_shuf95': 1.0, 'p_real_vs_shuf_mean': 0.048}
full|freq|c {'reps': 20, 'n_src': 11.7, 'mrr_real': 0.249, 'mrr_perm_null': 0.184, 'frac_p05': 0.25, 'p1_real': 0.089, 'mrr_shuf': 0.245, 'mrr_shuf95': 0.334, 'frac_real_gt_shuf95': 0.15, 'p_real_vs_shuf_mean': 0.333}
full|freq|w {'reps': 20, 'n_src': 3.9, 'mrr_real': 0.046, 'mrr_perm_null': 0.037, 'frac_p05': 0.1, 'p1_real': 0.0, 'mrr_shuf': 0.061, 'mrr_shuf95': 0.258, 'frac_real_gt_shuf95': 0.0, 'p_real_vs_shuf_mean': 0.238}
pe|seed|c {'reps': 20, 'n_src': 11.7, 'mrr_real': 0.215, 'mrr_perm_null': 0.182, 'frac_p05': 0.05, 'p1_real': 0.073, 'mrr_shuf': 0.18, 'mrr_shuf95': 0.261, 'frac_real_gt_shuf95': 0.15, 'p_real_vs_shuf_mean': 0.333}
pe|seed|w {'reps': 20, 'n_src': 3.95, 'mrr_real': 0.12, 'mrr_perm_null': 0.037, 'frac_p05': 0.4, 'p1_real': 0.037, 'mrr_shuf': 0.05, 'mrr_shuf95': 0.148, 'frac_real_gt_shuf95': 0.25, 'p_real_vs_shuf_mean': 0.19}
pe|unsup|c {'reps': 20, 'n_src': 11.7, 'mrr_real': 0.148, 'mrr_perm_null': 0.18, 'frac_p05': 0.05, 'p1_real': 0.042, 'mrr_shuf': 0.18, 'mrr_shuf95': 0.293, 'frac_real_gt_shuf95': 0.05, 'p_real_vs_shuf_mean': 0.524}
pe|unsup|w {'reps': 20, 'n_src': 3.95, 'mrr_real': 0.056, 'mrr_perm_null': 0.038, 'frac_p05': 0.1, 'p1_real': 0.013, 'mrr_shuf': 0.026, 'mrr_shuf95': 0.048, 'frac_real_gt_shuf95': 0.45, 'p_real_vs_shuf_mean': 0.048}
pe|gw|c {'reps': 20, 'n_src': 11.7, 'mrr_real': 0.137, 'mrr_perm_null': 0.181, 'frac_p05': 0.1, 'p1_real': 0.066, 'mrr_shuf': 0.23, 'mrr_shuf95': 0.297, 'frac_real_gt_shuf95': 0.1, 'p_real_vs_shuf_mean': 1.0}
pe|gw|w {'reps': 20, 'n_src': 3.95, 'mrr_real': 0.214, 'mrr_perm_null': 0.037, 'frac_p05': 0.9, 'p1_real': 0.0, 'mrr_shuf': 0.213, 'mrr_shuf95': 0.28, 'frac_real_gt_shuf95': 0.05, 'p_real_vs_shuf_mean': 0.381}
pe|prof|c {'reps': 20, 'n_src': 11.7, 'mrr_real': 0.349, 'mrr_perm_null': 0.181, 'frac_p05': 0.65, 'p1_real': 0.194, 'mrr_shuf': 0.221, 'mrr_shuf95': 0.278, 'frac_real_gt_shuf95': 0.8, 'p_real_vs_shuf_mean': 0.048}
pe|prof|w {'reps': 20, 'n_src': 3.95, 'mrr_real': 0.455, 'mrr_perm_null': 0.038, 'frac_p05': 1.0, 'p1_real': 0.292, 'mrr_shuf': 0.033, 'mrr_shuf95': 0.07, 'frac_real_gt_shuf95': 1.0, 'p_real_vs_shuf_mean': 0.048}
pe|freq|c {'reps': 20, 'n_src': 11.7, 'mrr_real': 0.253, 'mrr_perm_null': 0.18, 'frac_p05': 0.2, 'p1_real': 0.089, 'mrr_shuf': 0.272, 'mrr_shuf95': 0.358, 'frac_real_gt_shuf95': 0.05, 'p_real_vs_shuf_mean': 0.571}
pe|freq|w {'reps': 20, 'n_src': 3.95, 'mrr_real': 0.021, 'mrr_perm_null': 0.038, 'frac_p05': 0.0, 'p1_real': 0.0, 'mrr_shuf': 0.035, 'mrr_shuf95': 0.052, 'frac_real_gt_shuf95': 0.0, 'p_real_vs_shuf_mean': 0.619}
lape|seed|c {'reps': 20, 'n_src': 9.5, 'mrr_real': 0.252, 'mrr_perm_null': 0.177, 'frac_p05': 0.35, 'p1_real': 0.104, 'mrr_shuf': 0.13, 'mrr_shuf95': 0.212, 'frac_real_gt_shuf95': 0.6, 'p_real_vs_shuf_mean': 0.048}
lape|seed|w {'reps': 18, 'n_src': 1.556, 'mrr_real': 0.036, 'mrr_perm_null': 0.036, 'frac_p05': 0.0, 'p1_real': 0.0, 'mrr_shuf': 0.052, 'mrr_shuf95': 0.107, 'frac_real_gt_shuf95': 0.0, 'p_real_vs_shuf_mean': 0.4}
lape|unsup|c {'reps': 20, 'n_src': 9.5, 'mrr_real': 0.157, 'mrr_perm_null': 0.178, 'frac_p05': 0.0, 'p1_real': 0.051, 'mrr_shuf': 0.164, 'mrr_shuf95': 0.27, 'frac_real_gt_shuf95': 0.1, 'p_real_vs_shuf_mean': 0.524}
lape|unsup|w {'reps': 18, 'n_src': 1.556, 'mrr_real': 0.048, 'mrr_perm_null': 0.04, 'frac_p05': 0.167, 'p1_real': 0.0, 'mrr_shuf': 0.047, 'mrr_shuf95': 0.133, 'frac_real_gt_shuf95': 0.167, 'p_real_vs_shuf_mean': 0.35}
lape|gw|c {'reps': 20, 'n_src': 9.5, 'mrr_real': 0.203, 'mrr_perm_null': 0.177, 'frac_p05': 0.25, 'p1_real': 0.09, 'mrr_shuf': 0.232, 'mrr_shuf95': 0.291, 'frac_real_gt_shuf95': 0.3, 'p_real_vs_shuf_mean': 0.714}
lape|gw|w {'reps': 18, 'n_src': 1.556, 'mrr_real': 0.235, 'mrr_perm_null': 0.037, 'frac_p05': 0.889, 'p1_real': 0.0, 'mrr_shuf': 0.248, 'mrr_shuf95': 0.5, 'frac_real_gt_shuf95': 0.0, 'p_real_vs_shuf_mean': 0.4}
lape|prof|c {'reps': 20, 'n_src': 9.5, 'mrr_real': 0.31, 'mrr_perm_null': 0.18, 'frac_p05': 0.5, 'p1_real': 0.156, 'mrr_shuf': 0.195, 'mrr_shuf95': 0.297, 'frac_real_gt_shuf95': 0.55, 'p_real_vs_shuf_mean': 0.048}
lape|prof|w {'reps': 18, 'n_src': 1.556, 'mrr_real': 0.311, 'mrr_perm_null': 0.037, 'frac_p05': 0.611, 'p1_real': 0.167, 'mrr_shuf': 0.052, 'mrr_shuf95': 0.116, 'frac_real_gt_shuf95': 0.556, 'p_real_vs_shuf_mean': 0.1}
lape|freq|c {'reps': 20, 'n_src': 9.5, 'mrr_real': 0.313, 'mrr_perm_null': 0.178, 'frac_p05': 0.45, 'p1_real': 0.16, 'mrr_shuf': 0.267, 'mrr_shuf95': 0.355, 'frac_real_gt_shuf95': 0.3, 'p_real_vs_shuf_mean': 0.238}
lape|freq|w {'reps': 18, 'n_src': 1.556, 'mrr_real': 0.269, 'mrr_perm_null': 0.037, 'frac_p05': 0.556, 'p1_real': 0.167, 'mrr_shuf': 0.113, 'mrr_shuf95': 0.352, 'frac_real_gt_shuf95': 0.222, 'p_real_vs_shuf_mean': 0.15}
la|seed|c {'reps': 20, 'n_src': 9.2, 'mrr_real': 0.209, 'mrr_perm_null': 0.185, 'frac_p05': 0.05, 'p1_real': 0.089, 'mrr_shuf': 0.155, 'mrr_shuf95': 0.216, 'frac_real_gt_shuf95': 0.45, 'p_real_vs_shuf_mean': 0.286}
la|seed|w {'reps': 19, 'n_src': 1.684, 'mrr_real': 0.077, 'mrr_perm_null': 0.037, 'frac_p05': 0.158, 'p1_real': 0.044, 'mrr_shuf': 0.028, 'mrr_shuf95': 0.104, 'frac_real_gt_shuf95': 0.158, 'p_real_vs_shuf_mean': 0.176}
la|unsup|c {'reps': 20, 'n_src': 9.2, 'mrr_real': 0.182, 'mrr_perm_null': 0.185, 'frac_p05': 0.1, 'p1_real': 0.084, 'mrr_shuf': 0.167, 'mrr_shuf95': 0.234, 'frac_real_gt_shuf95': 0.3, 'p_real_vs_shuf_mean': 0.429}
la|unsup|w {'reps': 19, 'n_src': 1.684, 'mrr_real': 0.104, 'mrr_perm_null': 0.043, 'frac_p05': 0.158, 'p1_real': 0.053, 'mrr_shuf': 0.029, 'mrr_shuf95': 0.07, 'frac_real_gt_shuf95': 0.263, 'p_real_vs_shuf_mean': 0.059}
la|gw|c {'reps': 20, 'n_src': 9.2, 'mrr_real': 0.183, 'mrr_perm_null': 0.184, 'frac_p05': 0.1, 'p1_real': 0.075, 'mrr_shuf': 0.224, 'mrr_shuf95': 0.32, 'frac_real_gt_shuf95': 0.1, 'p_real_vs_shuf_mean': 0.619}
la|gw|w {'reps': 19, 'n_src': 1.684, 'mrr_real': 0.265, 'mrr_perm_null': 0.036, 'frac_p05': 0.737, 'p1_real': 0.105, 'mrr_shuf': 0.125, 'mrr_shuf95': 0.254, 'frac_real_gt_shuf95': 0.158, 'p_real_vs_shuf_mean': 0.118}
la|prof|c {'reps': 20, 'n_src': 9.2, 'mrr_real': 0.249, 'mrr_perm_null': 0.182, 'frac_p05': 0.25, 'p1_real': 0.071, 'mrr_shuf': 0.211, 'mrr_shuf95': 0.338, 'frac_real_gt_shuf95': 0.15, 'p_real_vs_shuf_mean': 0.286}
la|prof|w {'reps': 19, 'n_src': 1.684, 'mrr_real': 0.218, 'mrr_perm_null': 0.038, 'frac_p05': 0.526, 'p1_real': 0.07, 'mrr_shuf': 0.042, 'mrr_shuf95': 0.109, 'frac_real_gt_shuf95': 0.579, 'p_real_vs_shuf_mean': 0.059}
la|freq|c {'reps': 20, 'n_src': 9.2, 'mrr_real': 0.261, 'mrr_perm_null': 0.184, 'frac_p05': 0.15, 'p1_real': 0.096, 'mrr_shuf': 0.255, 'mrr_shuf95': 0.351, 'frac_real_gt_shuf95': 0.1, 'p_real_vs_shuf_mean': 0.429}
la|freq|w {'reps': 19, 'n_src': 1.684, 'mrr_real': 0.24, 'mrr_perm_null': 0.039, 'frac_p05': 0.684, 'p1_real': 0.079, 'mrr_shuf': 0.246, 'mrr_shuf95': 0.625, 'frac_real_gt_shuf95': 0.053, 'p_real_vs_shuf_mean': 0.471}
full|seed {'GRA': (0.15, 'ninda', 0.3), 'HORD': (0.3, 'nig2', 0.2), 'FAR': (0.2, 'ku3', 0.2), 'OLE': (0.0, 'duh', 0.2), 'VIN': (0.0, 'nig2', 0.25), 'OVIS': (0.0, 'kusz', 0.3), 'CAP': (0.0, 'kusz', 0.15), 'BOS': (0.05, 'siki', 0.15), 'SUS': (0.0, 'sze', 0.15), 'TELA': (0.1, 'gesz', 0.25), 'LANA': (0.2, 'kusz', 0.25), 'VIR': (0.0, 'ma2', 0.25), 'MUL': (0.0, 'siki', 0.15), 'AES': (0.0, 'i3', 0.2), 'AUR': (0.0, 'i3', 0.15), 'NI': (0.0, 'nig2', 0.2), 'AROM': (0.0, 'geme2', 0.15), 'EQU': (0.0, 'kusz', 0.17), 'ME±RI': (0.0, 'dabin', 1.0)}
pe|seed {'GRA': (0.25, 'ninda', 0.3), 'HORD': (0.15, 'nig2', 0.35), 'FAR': (0.1, 'nig2', 0.3), 'OLE': (0.0, 'ku3', 0.35), 'VIN': (0.0, 'nig2', 0.25), 'OVIS': (0.0, 'kusz', 0.65), 'CAP': (0.0, 'sa', 0.2), 'BOS': (0.0, 'geme2', 0.25), 'SUS': (0.0, 'ku3', 0.1), 'TELA': (0.05, 'kusz', 0.2), 'LANA': (0.15, 'gesz', 0.3), 'VIR': (0.1, 'ma2', 0.2), 'MUL': (0.0, 'szu', 0.15), 'AES': (0.0, 'ziz2', 0.15), 'AUR': (0.07, 'dabin', 0.07), 'NI': (0.0, 'ku3', 0.35), 'AROM': (0.0, 'gesz', 0.15), 'EQU': (0.0, 'kir11', 0.14)}
lape|seed {'GRA': (0.05, 'ninda', 0.15), 'HORD': (0.35, 'zi3', 0.24), 'OLE': (0.0, 'sze', 0.4), 'VIN': (0.0, 'nig2', 0.17), 'OVIS': (0.15, 'kusz', 0.25), 'CAP': (0.05, 'geme2', 0.15), 'TELA': (0.1, 'siki', 0.2), 'LANA': (0.25, 'siki', 0.25), 'VIR': (0.0, 'ma2', 0.25), 'MUL': (0.0, 'amar', 0.15), 'AES': (0.0, 'zi3', 0.26), 'NI': (0.0, 'i3', 0.14), 'SUS': (0.0, 'amar', 0.22), 'BOS': (0.25, 'gesz', 0.12), 'AUR': (0.0, 'zi3', 0.25), 'AROM': (0.0, 'ma2', 0.33), 'FAR': (0.0, 'duh', 1.0)}
la|seed {'GRA': (0.1, 'i3', 0.25), 'HORD': (0.42, 'zi3', 0.21), 'OLE': (0.0, 'sze', 0.45), 'VIN': (0.0, 'dabin', 0.15), 'OVIS': (0.0, 'gurusz', 0.3), 'CAP': (0.0, 'ku6', 0.18), 'BOS': (0.22, 'tug2', 0.33), 'TELA': (0.15, 'gu4', 0.15), 'LANA': (0.0, 'udu', 0.2), 'VIR': (0.0, 'kusz', 0.1), 'MUL': (0.0, 'u8', 0.15), 'AES': (0.0, 'ninda', 0.12), 'NI': (0.0, 'esza', 0.11), 'AUR': (0.33, 'nig2', 0.33), 'AROM': (0.0, 'gur10', 0.33), 'SUS': (0.0, 'a2', 0.22), 'FAR': (0.5, 'dabin', 0.5)}
