tasks 259
0 ctl_pe 0 65
1 lape 0 103
2 ctl_pe_s 0 110
3 lape_s 0 117
4 ctl_lape 1 128
5 ctl_pe 1 165
6 ctl_lape_s 1 167
7 lape_s 1 181
8 ctl_lape 2 198
9 ctl_pe_s 1 210
10 ctl_lape_s 2 220
11 ctl_pe 2 246
12 lape_s 2 260
13 ctl_pe_s 2 264
14 ctl_lape 3 278
15 ctl_lape_s 3 292
16 ctl_pe 3 319
17 lape_s 3 334
18 ctl_pe_s 3 341
19 ctl_lape 4 355
20 ctl_lape_s 4 368
21 ctl_pe 4 400
22 lape_s 4 417
23 ctl_pe_s 4 419
24 ctl_lape 5 435
25 ctl_lape_s 5 446
26 ctl_pe 5 474
27 lape_s 5 489
28 ctl_pe_s 5 491
29 ctl_lape 6 507
30 ctl_lape_s 6 515
31 ctl_pe 6 546
32 ctl_pe_s 6 561
33 lape_s 6 562
34 ctl_lape 7 580
35 ctl_lape_s 7 588
36 ctl_pe 7 623
37 lape_s 7 640
38 ctl_pe_s 7 649
39 ctl_lape 8 661
40 ctl_lape_s 8 672
41 ctl_pe 8 700
42 lape_s 8 716
43 ctl_pe_s 8 719
44 ctl_lape 9 735
45 ctl_lape_s 9 742
46 ctl_pe 9 777
47 lape_s 9 797
48 ctl_pe_s 9 798
49 ctl_lape 10 816
50 ctl_lape_s 10 820
51 ctl_pe 10 855
52 ctl_pe_s 10 863
53 lape_s 10 870
54 ctl_lape 11 882
55 ctl_lape_s 11 892
56 ctl_pe 11 919
57 lape_s 11 935
58 ctl_pe_s 11 939
59 ctl_lape 12 953
60 ctl_lape_s 12 961
61 ctl_pe 12 996
62 ctl_pe_s 12 1006
63 lape_s 12 1012
64 ctl_lape 13 1025
65 ctl_lape_s 13 1034
66 ctl_pe 13 1066
67 ctl_pe_s 13 1086
68 lape_s 13 1086
69 ctl_lape 14 1104
70 ctl_lape_s 14 1110
71 ctl_pe 14 1144
72 ctl_pe_s 14 1156
73 lape_s 14 1160
74 ctl_lape 15 1174
75 ctl_lape_s 15 1184
76 ctl_pe 15 1214
77 lape_s 15 1230
78 ctl_pe_s 15 1230
79 ctl_lape 16 1249
80 ctl_lape_s 16 1254
81 ctl_pe 16 1288
82 ctl_pe_s 16 1299
83 lape_s 16 1302
84 ctl_lape 17 1315
85 ctl_lape_s 17 1327
86 ctl_pe 17 1356
87 lape_s 17 1377
88 ctl_pe_s 17 1379
89 ctl_lape 18 1397
90 ctl_lape_s 18 1401
91 ctl_pe 18 1434
92 ctl_pe_s 18 1445
93 lape_s 18 1449
94 ctl_lape 19 1463
95 ctl_lape_s 19 1474
96 ctl_pe 19 1505
97 lape_s 19 1522
98 ctl_pe_s 19 1523
99 ctl_lape 20 1540
100 ctl_lape_s 20 1544
101 ctl_pe 20 1580
102 ctl_pe_s 20 1591
103 lape_s 20 1597
104 ctl_lape 21 1610
105 ctl_lape_s 21 1621
106 ctl_pe 21 1661
107 ctl_pe_s 21 1676
108 lape_s 21 1677
109 ctl_lape 22 1696
110 ctl_lape_s 22 1700
111 ctl_pe 22 1737
112 ctl_pe_s 22 1746
113 lape_s 22 1752
114 ctl_lape 23 1764
115 ctl_lape_s 23 1773
116 ctl_pe 23 1803
117 lape_s 23 1818
118 ctl_pe_s 23 1819
119 ctl_lape 24 1836
120 ctl_lape_s 24 1839
121 ctl_pe 24 1877
122 ctl_pe_s 24 1893
123 lape_s 24 1894
124 ctl_lape 25 1912
125 ctl_lape_s 25 1916
126 ctl_pe 25 1955
127 ctl_pe_s 25 1972
128 lape_s 25 1972
129 ctl_lape 26 1991
130 ctl_lape_s 26 1997
131 ctl_pe 26 2027
132 ctl_pe_s 26 2042
133 lape_s 26 2042
134 ctl_lape 27 2059
135 ctl_lape_s 27 2066
136 ctl_pe 27 2102
137 ctl_pe_s 27 2114
138 lape_s 27 2118
139 ctl_lape 28 2134
140 ctl_lape_s 28 2142
141 ctl_pe 28 2176
142 lape_s 28 2192
143 ctl_pe_s 28 2195
144 ctl_lape 29 2208
145 ctl_lape_s 29 2216
146 ctl_pe 29 2249
147 ctl_pe_s 29 2266
148 lape_s 29 2267
149 ctl_lape 30 2285
150 ctl_lape_s 30 2294
151 ctl_pe 30 2325
152 lape_s 30 2340
153 ctl_pe_s 30 2342
154 ctl_lape 31 2357
155 ctl_lape_s 31 2364
156 ctl_pe 31 2399
157 ctl_pe_s 31 2413
158 lape_s 31 2415
159 ctl_lape 32 2434
160 ctl_lape_s 32 2440
161 ctl_pe 32 2477
162 lape_s 32 2495
163 ctl_pe_s 32 2497
164 ctl_lape 33 2514
165 ctl_lape_s 33 2523
166 ctl_pe 33 2561
167 ctl_pe_s 33 2575
168 lape_s 33 2578
169 ctl_lape 34 2595
170 ctl_lape_s 34 2609
171 ctl_pe 34 2642
172 lape_s 34 2658
173 ctl_pe_s 34 2662
174 ctl_lape 35 2676
175 ctl_lape_s 35 2685
176 ctl_pe 35 2719
177 lape_s 35 2735
178 ctl_pe_s 35 2736
179 ctl_lape 36 2754
180 ctl_lape_s 36 2761
181 ctl_pe 36 2794
182 lape_s 36 2809
183 ctl_pe_s 36 2812
184 ctl_lape 37 2827
185 ctl_lape_s 37 2834
186 ctl_pe 37 2870
187 ctl_pe_s 37 2885
188 lape_s 37 2892
189 ctl_lape 38 2905
190 ctl_lape_s 38 2919
191 ctl_pe 38 2948
192 lape_s 38 2965
193 ctl_pe_s 38 2969
194 ctl_lape 39 2985
195 ctl_lape_s 39 2993
196 ctl_pe 39 3029
197 ctl_pe_s 39 3042
198 lape_s 39 3046
199 lape_s 40 3060
200 lape_s 41 3064
201 lape_s 42 3083
202 lape_s 43 3087
203 lape_s 44 3100
204 lape_s 45 3104
205 lape_s 46 3117
206 lape_s 47 3122
207 lape_s 48 3134
208 lape_s 49 3140
209 lape_s 50 3153
210 lape_s 51 3159
211 lape_s 52 3171
212 lape_s 53 3178
213 lape_s 54 3189
214 lape_s 55 3196
215 lape_s 56 3207
216 lape_s 57 3214
217 lape_s 58 3225
218 lape_s 59 3233
219 lape_s 60 3242
220 lape_s 61 3250
221 lape_s 62 3260
222 lape_s 63 3269
223 lape_s 64 3286
224 lape_s 65 3294
225 lape_s 66 3304
226 lape_s 67 3313
227 lape_s 68 3321
228 lape_s 69 3329
229 lape_s 70 3338
230 lape_s 71 3347
231 lape_s 72 3356
232 lape_s 73 3365
233 lape_s 74 3375
234 lape_s 75 3383
235 lape_s 76 3393
236 lape_s 77 3401
237 lape_s 78 3410
238 lape_s 79 3419
239 lape_s 80 3427
240 lape_s 81 3436
241 lape_s 82 3444
242 lape_s 83 3453
243 lape_s 84 3466
244 lape_s 85 3476
245 lape_s 86 3483
246 lape_s 87 3493
247 lape_s 88 3499
248 lape_s 89 3510
249 lape_s 90 3518
250 lape_s 91 3529
