tasks 185
0 la_lb 0 15
1 la_lb_s 0 17
2 la_ur 0 75
3 split 0 89
4 pe_ur 0 97
5 split_s 0 102
6 la_lb 1 113
7 la_lb_s 1 121
8 la_ur 1 144
9 split 1 156
10 pe_ur 1 161
11 split_s 1 169
12 la_lb 2 177
13 la_lb_s 2 186
14 la_ur 2 207
15 split 2 219
16 pe_ur 2 223
17 split_s 2 232
18 la_lb 3 239
19 la_lb_s 3 250
20 la_ur 3 271
21 split 3 283
22 pe_ur 3 285
23 la_lb 4 300
24 split_s 3 302
25 la_lb_s 4 318
26 la_ur 4 339
27 pe_ur 4 349
28 split 4 352
29 split_s 4 362
30 la_lb_s 5 370
31 la_ur 5 390
32 split 5 403
33 pe_ur 5 410
34 split_s 5 424
35 la_lb_s 6 429
36 la_ur 6 453
37 split 6 465
38 pe_ur 6 473
39 split_s 6 479
40 la_lb_s 7 490
41 la_ur 7 511
42 split 7 521
43 pe_ur 7 521
44 split_s 7 533
45 la_lb_s 8 537
46 la_ur 8 560
47 split 8 574
48 pe_ur 8 582
49 split_s 8 589
50 la_lb_s 9 600
51 la_ur 9 622
52 split 9 635
53 pe_ur 9 639
54 split_s 9 649
55 la_lb_s 10 657
56 la_ur 10 679
57 split 10 691
58 pe_ur 10 697
59 split_s 10 704
60 la_lb_s 11 715
