  J        1     24     17     12     21      2     17      1   -> V (score 1.2, margin over Z 5.5)
  E        1      9      7     10      3      6      4      0   -> V (score -2.3, margin over T 3.1)
  D        0      7     11      8      5      1      2      0   -> V (score -1.8, margin over Z 4.7)
  B        0     15      1      8      7      0      0      0   -> Z (score 3.4, margin over V 4.8)
  K        0      9      3      5      6      0      5      1   -> Z (score 0.9, margin over V 0.8)
  JE       1      5      2      3      6      3      2      0   -> V (score -0.7, margin over Z 6.0)
  A        0      2      3      1      4      2      3      0   -> V (score 0.6, margin over Z 4.7)
  L2       0      7      0      0      3      0      3      0   -> Z (score 3.2, margin over V 2.0)
  H        0      2      2      1      5      1      1      0   -> V (score 0.1, margin over Z 1.5)
  W        0      4      1      0      0      0      0      0   -> T (score 1.3, margin over Z 0.8)
  F        0      0      1      1      0      1      0      1   -> T (score 1.4, margin over V 2.1)
  X        0      1      1      0      0      2      0      0   -> T (score 1.4, margin over V 1.5)
  DD       0      0      0      2      1      0      0      0   -> Z (score -0.3, margin over V 0.2)
G = 8.7; label-shuffle null 0.1 (95% 4.3), P = 0.0020; LB role-shuffle null 9.3, P = 0.5800
bootstrap share of best role: J:V 0.95, E:V 0.64, D:V 0.79, B:Z 0.98, K:Z 0.72, JE:V 0.92, A:V 0.91, L2:Z 0.96, H:V 0.67, W:T 0.74, F:T 1.00, X:T 0.98, DD:Z 0.48
planted control: recovery 0.79 of letters (chance 0.25); planted G mean 66.5
  J        1     24     17     12     21      2     17      1   -> V (score 1.2, margin over Z 5.5)
  E        1      9      7     10      3      6      4      0   -> V (score -2.3, margin over T 3.1)
  D        0      7     11      8      5      1      2      0   -> V (score -1.8, margin over Z 4.7)
  B        0     15      1      8      7      0      0      0   -> Z (score 3.4, margin over V 4.9)
  K        0      9      3      5      6      0      5      1   -> Z (score 0.9, margin over V 0.8)
  JE       1      5      2      3      6      3      2      0   -> V (score -0.7, margin over Z 6.0)
  A        0      2      3      1      4      2      3      0   -> V (score 0.6, margin over Z 4.7)
  L2       0      7      0      0      3      0      3      0   -> Z (score 3.2, margin over V 2.0)
  H        0      2      2      1      5      1      1      0   -> V (score 0.1, margin over Z 1.5)
  W        0      4      1      0      0      0      0      0   -> T (score 1.3, margin over Z 0.8)
  F        0      0      1      1      0      1      0      1   -> T (score 1.4, margin over V 2.1)
  X        0      1      1      0      0      2      0      0   -> T (score 1.4, margin over V 1.5)
  DD       0      0      0      2      1      0      0      0   -> Z (score -0.3, margin over V 0.2)
G = 8.7; label-shuffle null 0.5 (95% 5.0), P = 0.0080; LB role-shuffle null 10.2, P = 0.7300
bootstrap share of best role: J:V 0.95, E:V 0.59, D:V 0.81, B:Z 0.85, K:Z 0.68, JE:V 0.92, A:V 0.92, L2:Z 0.78, H:V 0.65, W:T 0.55, F:T 0.75, X:T 0.85, DD:Z 0.52
planted control: recovery 0.62 of letters (chance 0.14); planted G mean 109.0
