61 compounds, 45 pair instances, 34 with both letters assigned
implied ranks: larger-first 23, smaller-first 6, tie (forbidden by strict order) 5
   E(V) before F(T) x5
   K(V) before L2(Z) x5
   J(V) before B(Z) x4
   E(V) before L2(Z) x3
   JE(V) before L2(Z) x3
   J(V) before L2(Z) x2
   A(V) before B(Z) x2
   JE(V) before B(Z) x1
   J(V) before K(V) x1
   H(V) before K(V) x1
   J(V) before F(T) x1
   J(V) before H(V) x1
   J(V) before A(V) x1
   E(V) before B(Z) x1
   F(T) before K(V) x1
   F(T) before L2(Z) x1
   E(V) before J(V) x1
null A (role permutation): ties mean 11.7, P(ties <= 5) = 0.086; directional score (LF - SF) mean 0.0, P(|LF-SF| >= 17) = 0.192
null B (random pool values): ties mean 0.3, P(ties <= 5) = 0.998; directional score (LF - SF) mean -0.2, P(|LF-SF| >= 17) = 0.244
null B fully ordered share 0.0008
letters forced equal by the assignment but written in a fixed order: [('A', 'J'), ('E', 'J'), ('H', 'J'), ('H', 'K'), ('J', 'K')]
