# LA-6 cycle 5: fixed allotments (same word, same quantity, different tablets)
73 words (2+ signs) on >= 2 tablets
observed: 17 words with a cross-tablet exact repeat; 26 matching tablet pairs
  DA-ME: [('HT120', 136.66666666666666), ('HT86a', 20.0), ('HT95a', 10.0), ('HT95b', 10.0)]
  DA-RE: [('HT10a', 16.5), ('HT10b', 2.0), ('HT122b', 2.0), ('HT7a', 1.0), ('HT85a', 4.0), ('PK3', 72.0)]
  DA-SI-*118: [('HT122a', 2.0), ('HT13', 19.0), ('HT85a', 24.0), ('HT99b', 2.0)]
  DI-DE-RU: [('HT86a', 20.0), ('HT95a', 10.0), ('HT95b', 10.0)]
  DI-KI-SE: [('HT117b', 1.0), ('HT87', 1.0)]
  DI-NA-U: [('HT16', 0.125), ('HT25a', 1.0), ('HT9a', 4.0), ('HT9b', 4.0), ('KNZb<27>', 17.0)]
  KU-NI-SU: [('HT86a', 20.0), ('HT86b', 20.0), ('HT95a', 10.0), ('HT95b', 10.0)]
  KU-PA₃-NU: [('HT1', 109.0), ('HT117a', 1.0), ('HT122a', 1.0), ('HT3', 3.0), ('HT49a', 1.0), ('HT88', 1.0)]
  MI-NU-TE: [('HT106', 6.0), ('HT86a', 20.0), ('HT95a', 10.0), ('HT95b', 10.0)]
  MU-RU: [('HT3', 1.0), ('HT46a', 1.0)]
  PA-JA-RE: [('HT29', 2.0), ('HT88', 1.0), ('HT8b', 1.0), ('ZA10b', 1.0)]
  PA-TA-NE: [('HT122a', 1.0), ('HT94b', 1.0)]
  QE-PU: [('HT9a', 2.0), ('HT9b', 2.0)]
  SA-RA₂: [('HT100', 5.25), ('HT101', 41.0), ('HT102', 976.0), ('HT105', 235.0), ('HT114a', 10.0), ('HT121', 5.0), ('HT125a', 2.0), ('HT18', 10.0), ('HT28a', 1.0), ('HT28b', 20.0), ('HT30', 14.5), ('HT32', 0.5), ('HT90', 20.0), ('HT93a', 20.0), ('HT94a', 5.0), ('HT99a', 4.0)]
  SA-RU: [('HT123+124a', 16.0), ('HT86a', 20.0), ('HT86b', 20.0), ('HT94b', 1.0), ('HT95a', 20.0), ('HT95b', 10.0)]
  TA-NA-TI: [('HT10b', 9.25), ('HT49a', 1.0), ('HT7a', 1.0), ('HT98a', 0.75)]
  TE-TU: [('HT13', 56.0), ('HT7a', 1.0), ('HT85b', 1.0)]
N1 within commodity: words 13.13 (P = 0.1079); pairs 18.60 (P = 0.0800)
N2 within tablet: words 16.63 (P = 0.5167); pairs 24.30 (P = 0.3663)

Linear B control (first word of a document, first commodity amount): 77 words on >= 2 documents; 12 words repeat an amount vs N1 8.32, P = 0.0670
  e-ke-qe: [('PY Eb 1347 +fr. $149$ (41)', 0.2), ('PY Eb 152 $149$ (41)', 1.0), ('PY Eb 173 $149$ (41)', 1.0), ('PY Eb 369 $149$ (41)', 0.5), ('PY Eb 859 $149$ (41)', 0.2)]
  e-ra3-wo: [('PY Fr 1217 $1217$ (Cii)', 0.05555555555555555), ('PY Fr 1225 $1217$ (Cii)', 0.3333333333333333), ('PY Fr 1240 $1217$ (Cii)', 0.05555555555555555)]
  e-re-u-ti-ja: [('KN Od(2) 714 (103)', 1.0), ('KN Od(2) 715 (103)', 1.0), ('KN Od(2) 716 (103)', 4.0)]
  e-ro2-qo: [('PY Ea 29 $28$ (43)', 0.1), ('PY Ea 813 $28$ (43)', 0.1)]
  ke-ke-me-na: [('PY Eb 818 $149$ (41)', 1.1), ('PY Ep 301 $74$ (1)', 1.1)]
  ko-to-na: [('PY Ea 270 $28$ (43)', 0.6), ('PY Ea 776 $28$ (43)', 0.2), ('PY Ea 812 $28$ (43)', 1.8), ('PY Eb 866 $149$ (41)', 0.2)]
  ko-wa: [('KN Ai(1) 194 (124-B)', 3.0), ('KN Ai(2) 754 (-)', 3.0), ('KN Ak(1) 610 (103)', 11.0), ('KN Ak(1) 612 (103)', 9.0), ('KN Ak(1) 614 + fr. (103)', 30.0)]
  ko-wo: [('KN Ag 87 (124-A)', 1.0), ('KN Ag 90 (124-A)', 1.0), ('KN Ai 5543 (-)', 2.0), ('KN Ai(2) 750 (102c)', 1.0), ('KN Ai(4) 7026 + 8662 + frr.(4) (205)', 1.0)]
