# LA-6 cycle 1b: equality, cross-tablet and within-tablet ratios, power

## Linear A: 20 pairs, 196 pair-instances
(a) exactly equal quantities: 23/196 vs N1 5.5, P=0.0005
(b) cross-tablet HIT sum, equal pairs removed: 41 vs N1 38.7, P=0.2244
(b2) cross-tablet HIT sum, all pairs: 50 vs N1 39.5, P=0.0005
(c) within-tablet agreeing entry pairs: 7/29 vs N1 0.8, P=0.0010
(c2) within-tablet, equal pairs removed: 7/24 vs N1 0.7, P=0.0005
    HT14 GRA:OLE (30.0, 6.0) ~ (45.0, 9.0) (ratio 0.2)
    HT123+124a *308:OLIV (8.25, 31.0) ~ (8.75, 31.5) (ratio 3.76)
    HT123+124a *308:OLIV (8.25, 31.0) ~ (4.166666666666667, 16.0) (ratio 3.76)
    HT123+124a *308:OLIV (8.25, 31.0) ~ (4.25, 15.0) (ratio 3.76)
    HT123+124a *308:OLIV (8.75, 31.5) ~ (4.166666666666667, 16.0) (ratio 3.6)
    HT123+124a *308:OLIV (8.75, 31.5) ~ (4.25, 15.0) (ratio 3.6)
    HT123+124a *308:OLIV (4.166666666666667, 16.0) ~ (4.25, 15.0) (ratio 3.84)
(d) power: planted ratio 1:2 in 25% of LA pair-instances -> detected (P<0.05) in 1.00 of 100
(d) power: planted ratio 1:2 in 50% of LA pair-instances -> detected (P<0.05) in 1.00 of 100

## Linear B doc-level (control): 25 pairs, 246 pair-instances
(a) exactly equal quantities: 26/246 vs N1 4.1, P=0.0005
(b) cross-tablet HIT sum, equal pairs removed: 141 vs N1 51.0, P=0.0005
(b2) cross-tablet HIT sum, all pairs: 166 vs N1 51.4, P=0.0005
(c) within-tablet agreeing entry pairs: 0/0 vs N1 0.0, P=1.0000
(c2) within-tablet, equal pairs removed: 0/0 vs N1 0.0, P=1.0000
