# LA-6 cycle 1 ratio test (frac=conventional, level=entry)
LA entries 4564, multi-commodity 123, single-commodity 269
## Linear A (HIT = entries): 20 pairs with n>=4; global HIT sum 53: P(N1)=0.0005 P(N2)=0.0010
pair | n | median ratio b/a | SD log | N1 SD mean, P | N2 SD mean, P | HIT | N1 HIT mean, P | N2 HIT mean, P
GRA:OLE | 27 | 0.438 | 1.32 | 2.58 0.000 | 2.26 0.000 | 4 | 3.43 0.391 | 3.59 0.488
CYP:NI | 17 | 0.818 | 1.44 | 2.00 0.043 | 1.89 0.046 | 4 | 2.94 0.178 | 2.88 0.161
*304:GRA | 17 | 2.75 | 1.51 | 2.34 0.025 | 3.07 0.000 | 3 | 2.81 0.640 | 2.54 0.470
OLE:OLIV | 12 | 0.375 | 1.69 | 2.27 0.121 | 2.11 0.113 | 3 | 2.29 0.294 | 2.28 0.285
NI:VIN | 12 | 1.18 | 0.67 | 2.24 0.000 | 1.50 0.003 | 4 | 2.31 0.032 | 2.84 0.149
NI:OLE | 12 | 2.47 | 2.05 | 2.24 0.348 | 2.00 0.534 | 2 | 2.29 0.976 | 2.48 0.989
*304:OLE | 11 | 1 | 0.77 | 2.17 0.001 | 1.74 0.002 | 4 | 2.25 0.029 | 2.41 0.057
GRA:NI | 11 | 0.65 | 1.22 | 2.37 0.014 | 2.56 0.001 | 4 | 2.18 0.024 | 2.25 0.034
GRA:OLIV | 10 | 0.433 | 2.36 | 2.42 0.471 | 3.06 0.088 | 2 | 2.04 0.876 | 1.84 0.755
CYP:VIN | 10 | 0.694 | 1.36 | 2.20 0.042 | 1.71 0.139 | 2 | 2.12 0.902 | 2.27 0.963
OLE:VIN | 10 | 0.8 | 2.07 | 2.40 0.294 | 1.84 0.731 | 2 | 2.08 0.889 | 2.10 0.924
GRA:VIN | 8 | 0.995 | 1.77 | 2.52 0.124 | 2.97 0.024 | 2 | 1.80 0.724 | 1.62 0.586
*304:OLIV | 7 | 1.25 | 0.91 | 1.99 0.018 | 2.29 0.018 | 2 | 1.79 0.708 | 1.59 0.567
CYP:OLE | 6 | 1 | 2.22 | 2.10 0.599 | 2.13 0.482 | 2 | 1.59 0.542 | 1.61 0.594
*304:NI | 6 | 2 | 0.44 | 1.94 0.001 | 2.61 0.008 | 3 | 1.66 0.049 | 1.42 0.032
*308:MI | 4 | 1.67 | 0.36 | 2.98 0.004 | 0.95 0.081 | 2 | 1.28 0.270 | 1.39 0.322
CYP:MI | 4 | 0.5 | 0.47 | 2.88 0.013 | 1.20 0.078 | 2 | 1.27 0.265 | 1.60 0.523
MI:QA2 | 4 | 21.7 | 4.91 | 3.13 0.885 | 3.64 1.000 | 1 | 1.33 1.000 | 1.16 1.000
*308:OLIV | 4 | 3.76 | 0.04 | 2.01 0.000 | 0.52 0.126 | 4 | 1.31 0.000 | 2.33 0.168
CYP:VIR | 4 | 12 | 1.87 | 2.04 0.487 | 1.58 0.723 | 1 | 1.30 1.000 | 1.33 1.000
best common-ratio cluster per pair (ratio b/a; members doc, q_a, q_b):
  GRA:OLE ~0.2: [(2, 30.0, 6.0), (3, 45.0, 9.0), (66, 58.0, 12.5)]
  CYP:NI ~1.02: [(11, 10.08, 10.33), (37, 5.0, 5.17), (41, 4.0, 4.0)]
  *304:GRA ~1: [(33, 1.0, 1.0), (52, 12.0, 12.0), (115, 20.0, 20.0)]
  OLE:OLIV ~0.0833: [(6, 14.75, 1.25), (23, 13.0, 1.0), (46, 27.0, 2.25)]
  NI:VIN ~1: [(34, 0.17, 0.17), (43, 2.4, 2.5), (48, 1.0, 1.0)]
  NI:OLE ~2.5: [(15, 2.0, 5.0), (43, 2.4, 5.92)]
  *304:OLE ~1: [(0, 5.0, 5.0), (33, 1.0, 1.0), (66, 12.75, 12.5)]
  GRA:NI ~1: [(5, 10.0, 10.0), (33, 1.0, 1.0), (81, 0.5, 0.5)]
  GRA:OLIV ~0.433: [(2, 30.0, 13.0), (51, 5.0, 2.0)]
  CYP:VIN ~0.375: [(65, 8.0, 3.0), (84, 0.46, 0.17)]
  OLE:VIN ~0.8: [(15, 5.0, 4.0), (55, 4.0, 3.0)]
  GRA:VIN ~0.995: [(116, 50.25, 50.0), (121, 1.0, 1.0)]
  *304:OLIV ~2.33: [(3, 6.0, 14.0), (27, 1.5, 3.38)]
  CYP:OLE ~1.5: [(8, 0.33, 0.5)]
  *304:NI ~1: [(33, 1.0, 1.0), (34, 0.17, 0.17), (97, 1.06, 1.0)]
  *308:MI ~1: [(8, 0.17, 0.17), (21, 0.33, 0.33)]
  CYP:MI ~0.5: [(8, 0.33, 0.17)]
  MI:QA2 ~120: [(8, 0.17, 20.0)]
  *308:OLIV ~3.76: [(56, 8.25, 31.0), (57, 8.75, 31.5), (58, 4.17, 16.0), (59, 4.25, 15.0)]
  CYP:VIR ~20: [(77, 0.5, 10.0)]
## Linear A (HIT = distinct tablets): 20 pairs with n>=4; global HIT sum 50: P(N1)=0.0005 P(N2)=0.0005
pair | n | median ratio b/a | SD log | N1 SD mean, P | N2 SD mean, P | HIT | N1 HIT mean, P | N2 HIT mean, P
GRA:OLE | 27 | 0.438 | 1.32 | 2.58 0.000 | 2.26 0.000 | 4 | 3.42 0.396 | 3.49 0.435
CYP:NI | 17 | 0.818 | 1.44 | 2.00 0.040 | 1.90 0.036 | 4 | 2.91 0.178 | 2.83 0.126
*304:GRA | 17 | 2.75 | 1.51 | 2.34 0.018 | 3.07 0.000 | 3 | 2.77 0.639 | 2.54 0.474
OLE:OLIV | 12 | 0.375 | 1.69 | 2.27 0.106 | 2.12 0.107 | 3 | 2.27 0.272 | 2.23 0.251
NI:VIN | 12 | 1.18 | 0.67 | 2.24 0.000 | 1.50 0.006 | 4 | 2.34 0.038 | 2.85 0.155
NI:OLE | 12 | 2.47 | 2.05 | 2.25 0.341 | 2.00 0.537 | 2 | 2.28 0.967 | 2.46 0.988
*304:OLE | 11 | 1 | 0.77 | 2.17 0.000 | 1.74 0.002 | 4 | 2.23 0.024 | 2.37 0.046
GRA:NI | 11 | 0.65 | 1.22 | 2.38 0.011 | 2.56 0.000 | 4 | 2.16 0.018 | 2.22 0.024
GRA:OLIV | 10 | 0.433 | 2.36 | 2.42 0.466 | 3.05 0.087 | 2 | 1.99 0.850 | 1.79 0.724
CYP:VIN | 10 | 0.694 | 1.36 | 2.19 0.047 | 1.70 0.165 | 2 | 2.09 0.912 | 2.27 0.948
OLE:VIN | 10 | 0.8 | 2.07 | 2.43 0.265 | 1.83 0.711 | 2 | 2.07 0.893 | 2.08 0.918
GRA:VIN | 8 | 0.995 | 1.77 | 2.51 0.119 | 2.96 0.020 | 2 | 1.81 0.723 | 1.62 0.589
*304:OLIV | 7 | 1.25 | 0.91 | 1.97 0.019 | 2.30 0.017 | 2 | 1.77 0.693 | 1.57 0.541
CYP:OLE | 6 | 1 | 2.22 | 2.13 0.579 | 2.14 0.462 | 2 | 1.57 0.531 | 1.58 0.574
*304:NI | 6 | 2 | 0.44 | 1.93 0.002 | 2.58 0.005 | 3 | 1.66 0.055 | 1.43 0.031
*308:MI | 4 | 1.67 | 0.36 | 3.00 0.003 | 0.93 0.086 | 2 | 1.28 0.267 | 1.44 0.353
CYP:MI | 4 | 0.5 | 0.47 | 2.92 0.014 | 1.21 0.075 | 2 | 1.27 0.254 | 1.58 0.496
MI:QA2 | 4 | 21.7 | 4.91 | 3.17 0.872 | 3.68 1.000 | 1 | 1.33 1.000 | 1.17 1.000
*308:OLIV | 4 | 3.76 | 0.04 | 2.03 0.001 | 0.53 0.129 | 1 | 1.00 1.000 | 1.00 1.000
CYP:VIR | 4 | 12 | 1.87 | 2.04 0.483 | 1.60 0.706 | 1 | 1.14 1.000 | 1.09 1.000
best common-ratio cluster per pair (ratio b/a; members doc, q_a, q_b):
  GRA:OLE ~0.1: [('HT18', 20.0, 2.0), ('HT21', 161.0, 14.75), ('HT96b', 40.75, 4.0)]
  CYP:NI ~1.02: [('HT27a', 10.08, 10.33), ('HT94a', 5.0, 5.17), ('HT99a', 4.0, 4.0)]
  *304:GRA ~1: [('HT90', 1.0, 1.0), ('HT116a', 12.0, 12.0), ('ZA6a', 20.0, 20.0)]
  OLE:OLIV ~0.0833: [('HT21', 14.75, 1.25), ('HT44a', 13.0, 1.0), ('HT101', 27.0, 2.25)]
  NI:VIN ~1: [('HT91', 0.17, 0.17), ('HT100', 2.4, 2.5), ('HT114a', 1.0, 1.0)]
  NI:OLE ~2.5: [('HT28b', 2.0, 5.0), ('HT100', 2.4, 5.92)]
  *304:OLE ~1: [('HT12', 5.0, 5.0), ('HT90', 1.0, 1.0), ('HT131a', 12.75, 12.5)]
  GRA:NI ~1: [('HT18', 10.0, 10.0), ('HT90', 1.0, 1.0), ('KH8', 0.5, 0.5)]
  GRA:OLIV ~0.433: [('HT14', 30.0, 13.0), ('HT116a', 5.0, 2.0)]
  CYP:VIN ~0.375: [('HT130', 8.0, 3.0), ('KH11', 0.46, 0.17)]
  OLE:VIN ~0.8: [('HT28b', 5.0, 4.0), ('HT121', 4.0, 3.0)]
  GRA:VIN ~0.995: [('ZA6b', 50.25, 50.0), ('ARKH3b', 1.0, 1.0)]
  *304:OLIV ~2.33: [('HT14', 6.0, 14.0), ('HT50a', 1.5, 3.38)]
  CYP:OLE ~1.5: [('HT23a', 0.33, 0.5)]
  *304:NI ~1: [('HT90', 1.0, 1.0), ('HT91', 0.17, 0.17), ('KH73', 1.06, 1.0)]
  *308:MI ~1: [('HT23a', 0.17, 0.17), ('HT35', 0.33, 0.33)]
  CYP:MI ~0.5: [('HT23a', 0.33, 0.17)]
  MI:QA2 ~120: [('HT23a', 0.17, 20.0)]
  *308:OLIV ~3.76: [('HT123+124a', 8.25, 31.0), ('HT123+124a', 8.75, 31.5), ('HT123+124a', 4.17, 16.0), ('HT123+124a', 4.25, 15.0)]
  CYP:VIR ~20: [('KH7a', 0.5, 10.0)]

LB line entries 1630, multi-commodity 107
## Linear B (positive control, HIT = distinct tablets): 12 pairs with n>=4; global HIT sum 48: P(N1)=0.0005 P(N2)=0.0005
pair | n | median ratio b/a | SD log | N1 SD mean, P | N2 SD mean, P | HIT | N1 HIT mean, P | N2 HIT mean, P
MUL:NI | 21 | 0.333 | 0.17 | 2.49 0.000 | 1.13 0.000 | 11 | 3.06 0.000 | 4.18 0.000
HORD:NI | 13 | 0.5 | 0.35 | 2.69 0.000 | 0.51 0.047 | 8 | 2.32 0.000 | 7.42 0.416
HORD:OLIV | 10 | 1.5 | 1.22 | 2.64 0.004 | 1.88 0.016 | 2 | 1.75 0.708 | 1.77 0.648
MUL:VIR | 9 | 1 | 0.23 | 1.71 0.000 | 0.38 0.215 | 8 | 2.23 0.000 | 6.43 0.215
GRA:OLIV | 9 | 1.16 | 1.23 | 2.89 0.003 | 2.02 0.028 | 1 | 1.63 1.000 | 1.73 1.000
FAR:VIN | 6 | 3.33 | 0.00 | 2.37 0.000 | 0.48 0.069 | 6 | 1.63 0.000 | 3.33 0.069
NI:VIN | 6 | 2.22 | 0.40 | 3.00 0.001 | 2.50 0.096 | 3 | 1.45 0.026 | 2.56 0.493
CAP:OVIS | 5 | 1 | 0.49 | 1.93 0.011 | 1.47 0.202 | 2 | 1.42 0.404 | 2.10 0.907
HORD:OLE | 4 | 0.556 | 0.40 | 2.63 0.005 | 0.40 1.000 | 2 | 1.23 0.224 | 2.00 1.000
FAR:OLE | 4 | 1.67 | 0.57 | 2.32 0.021 | 0.57 1.000 | 2 | 1.33 0.312 | 2.00 1.000
HORD:VIN | 4 | 1.11 | 0.40 | 2.52 0.006 | 0.47 0.755 | 2 | 1.24 0.229 | 2.25 1.000
BOS:OVIS | 4 | 1 | 0.00 | 1.65 0.002 | 1.81 0.174 | 1 | 1.00 1.000 | 1.00 1.000
best common-ratio cluster per pair (ratio b/a; members doc, q_a, q_b):
  MUL:NI ~0.312: [('PY Ab 186 $186$ (21)', 7.0, 2.4), ('PY Ab 189 $186$ (21)', 20.0, 6.7), ('PY Ab 190 $186$ (21)', 9.0, 3.0), ('PY Ab 217 $186$ (21)', 16.0, 5.1), ('PY Ab 372 $186$ (21)', 9.0, 2.7), ('PY Ab 382 $186$ (21)', 54.0, 16.8), ('PY Ab 417 + fr. [+] 1050 $186$ (21)', 21.0, 6.0), ('PY Ab 515 $186$ (21)', 35.0, 10.0), ('PY Ab 573 $186$ (21)', 16.0, 5.0), ('PY Ab 578 $186$ (21)', 7.0, 2.4), ('PY Ab 789 $186$ (21)', 6.0, 2.0)]
  HORD:NI ~0.5: [('KN Fs 2 (139)', 0.1, 0.05), ('KN Fs 3 (-)', 0.1, 0.05), ('KN Fs 4 (139)', 0.1, 0.05), ('KN Fs 4 (139)', 0.1, 0.05), ('KN Fs 17 (139)', 0.1, 0.05), ('KN Fs 19 (139)', 0.1, 0.05), ('KN Fs 22 (139)', 0.1, 0.05), ('KN Fs 24 (139)', 0.1, 0.05), ('KN Fs 25 (139)', 0.1, 0.05)]
  HORD:OLIV ~1.5: [('PY Fn 79 $79$ (45)', 0.67, 1.0), ('PY Fn 79 $79$ (45)', 0.67, 1.0), ('PY Fn 79 $79$ (45)', 0.67, 1.0), ('PY Fn 79 $79$ (45)', 0.67, 1.0), ('PY Un 138 $138$ (42)', 4.82, 7.0)]
  MUL:VIR ~1: [('KN Ag 88 + 7033 (124-A)', 1.0, 1.0), ('KN Ag 91 (124-A)', 1.0, 1.0), ('KN Ak(3) 780 + 7004 + 7045 + 7767 (102a)', 2.0, 2.0), ('KN Am(2) 827 + 7032 + 7618 (-)', 1.0, 1.0), ('KN Ag 1654 (124-A)', 1.0, 1.0), ('KN Ag 7000 (124-A)', 1.0, 1.0), ('PY Tn 316 $-$ (44)', 1.0, 1.0), ('TH Av 100 (304)', 1.0, 1.0)]
  GRA:OLIV ~0.451: [('KN E(2) 669 (103)', 195.0, 88.0)]
  FAR:VIN ~3.33: [('KN Fs 2 (139)', 0.02, 0.06), ('KN Fs 4 (139)', 0.03, 0.11), ('KN Fs 11 (139)', 0.03, 0.11), ('KN Fs 17 (139)', 0.02, 0.06), ('KN Fs 19 (139)', 0.02, 0.06), ('KN Fs 22 (139)', 0.02, 0.06)]
  NI:VIN ~1.11: [('KN Fs 11 (139)', 0.1, 0.11), ('KN Fs 12 (139)', 0.05, 0.06), ('KN Fs 25 (139)', 0.05, 0.06)]
  CAP:OVIS ~1: [('KN Ce 152 + 8256 (124)', 1.0, 1.0), ('KN Ce 152 + 8256 (124)', 1.0, 1.0), ('KN Ce 152 + 8256 (124)', 12.0, 12.0), ('TH Uo 121 (-)', 1.0, 1.0)]
  HORD:OLE ~0.278: [('KN Fs 2 (139)', 0.1, 0.03), ('KN Fs 17 (139)', 0.1, 0.03)]
  FAR:OLE ~1.67: [('KN Fs 19 (139)', 0.02, 0.03), ('KN Fs 25 (139)', 0.02, 0.03)]
  HORD:VIN ~1.11: [('KN Fs 4 (139)', 0.1, 0.11), ('KN Fs 11 (139)', 0.1, 0.11)]
  BOS:OVIS ~1: [('KN Ce 152 + 8256 (124)', 1.0, 1.0), ('KN Ce 152 + 8256 (124)', 1.0, 1.0), ('KN Ce 152 + 8256 (124)', 12.0, 12.0), ('KN Ce 152 + 8256 (124)', 12.0, 12.0)]

LB document-level entries, multi-commodity 99
## Linear B document level (positive control, HIT = distinct tablets): 25 pairs with n>=4; global HIT sum 166: P(N1)=0.0005 P(N2)=0.0005
pair | n | median ratio b/a | SD log | N1 SD mean, P | N2 SD mean, P | HIT | N1 HIT mean, P | N2 HIT mean, P
GRA:NI | 27 | 1 | 0.86 | 2.96 0.000 | 1.66 0.000 | 23 | 3.34 0.000 | 4.52 0.000
GRA:MUL | 22 | 3 | 0.61 | 2.33 0.000 | 1.23 0.000 | 11 | 3.20 0.000 | 4.33 0.000
MUL:NI | 21 | 0.333 | 0.17 | 2.48 0.000 | 1.13 0.000 | 11 | 3.09 0.000 | 4.22 0.000
FAR:HORD | 15 | 6 | 0.90 | 2.40 0.000 | 1.77 0.067 | 10 | 3.26 0.000 | 6.65 0.017
HORD:NI | 14 | 0.5 | 1.53 | 3.03 0.003 | 2.59 0.012 | 9 | 2.42 0.000 | 4.61 0.005
FAR:VIN | 13 | 3.33 | 0.88 | 2.57 0.000 | 2.55 0.000 | 8 | 2.67 0.000 | 4.05 0.002
FAR:NI | 12 | 3 | 0.61 | 2.41 0.001 | 1.73 0.000 | 10 | 2.62 0.000 | 5.62 0.000
NI:VIN | 12 | 1.11 | 0.85 | 3.15 0.000 | 2.52 0.008 | 9 | 2.18 0.000 | 5.10 0.004
HORD:VIN | 11 | 0.556 | 0.24 | 3.11 0.000 | 2.99 0.001 | 10 | 2.17 0.000 | 4.34 0.001
NI:OLE | 10 | 0.556 | 0.33 | 3.23 0.000 | 0.52 0.075 | 8 | 1.95 0.000 | 5.41 0.075
FAR:OLE | 9 | 1.67 | 0.35 | 2.62 0.000 | 0.55 0.075 | 7 | 2.10 0.000 | 4.54 0.075
HORD:OLE | 9 | 0.278 | 0.23 | 3.16 0.000 | 0.57 0.016 | 8 | 1.88 0.000 | 4.59 0.016
OLE:VIN | 9 | 2 | 0.00 | 3.31 0.000 | 0.48 0.012 | 9 | 1.82 0.000 | 5.04 0.012
MUL:VIR | 9 | 1 | 0.58 | 1.84 0.001 | 0.78 0.136 | 6 | 2.08 0.000 | 4.64 0.218
GRA:OLIV | 7 | 0.667 | 1.68 | 2.80 0.073 | 2.96 0.048 | 1 | 1.61 1.000 | 1.47 1.000
HORD:OLIV | 7 | 0.879 | 2.60 | 2.89 0.362 | 3.53 0.056 | 2 | 1.61 0.573 | 1.52 0.520
NI:OLIV | 5 | 2 | 0.67 | 2.89 0.004 | 2.22 0.023 | 2 | 1.31 0.306 | 1.41 0.395
LANA:TELA | 5 | 0.583 | 1.43 | 1.67 0.375 | 1.57 0.392 | 2 | 1.53 0.494 | 1.53 0.515
GRA:VIR | 5 | 2.48 | 2.37 | 2.34 0.542 | 1.80 0.857 | 1 | 1.39 1.000 | 1.35 1.000
FAR:ME±RI | 4 | 0.833 | 0.00 | 1.01 0.026 | 0.42 0.252 | 4 | 2.06 0.026 | 2.50 0.252
HORD:ME±RI | 4 | 0.139 | 0.35 | 2.02 0.026 | 0.51 0.499 | 3 | 1.52 0.065 | 2.50 0.499
ME±RI:NI | 4 | 3.6 | 0.00 | 1.99 0.000 | 0.42 0.253 | 4 | 1.48 0.001 | 2.50 0.253
ME±RI:OLE | 4 | 2 | 0.35 | 2.25 0.007 | 0.50 0.512 | 3 | 1.40 0.028 | 2.51 0.512
ME±RI:VIN | 4 | 4 | 0.35 | 2.23 0.004 | 0.51 0.486 | 3 | 1.44 0.031 | 2.49 0.486
AROM:LANA | 4 | 0.455 | 1.53 | 2.02 0.294 | 1.91 0.254 | 2 | 1.28 0.269 | 1.75 0.591
best common-ratio cluster per pair (ratio b/a; members doc, q_a, q_b):
  GRA:NI ~1: [('PY Ab 186 $186$ (21)', 2.4, 2.4), ('PY Ab 189 $186$ (21)', 6.7, 6.7), ('PY Ab 190 $186$ (21)', 3.0, 3.0), ('PY Ab 194 $186$ (21)', 3.0, 3.0), ('PY Ab 210 $186$ (21)', 3.6, 3.6), ('PY Ab 217 $186$ (21)', 5.1, 5.1), ('PY Ab 277 $186$ (21)', 3.0, 3.0), ('PY Ab 356 [+] 1049 $186$ (21)', 2.2, 2.2), ('PY Ab 372 $186$ (21)', 2.7, 2.7), ('PY Ab 379 $186$ (21)', 2.8, 2.8), ('PY Ab 382 $186$ (21)', 16.8, 16.8), ('PY Ab 515 $186$ (21)', 10.0, 10.0), ('PY Ab 553 $186$ (21)', 11.0, 11.1), ('PY Ab 558 $186$ (21)', 1.8, 1.8), ('PY Ab 573 $186$ (21)', 5.1, 5.0), ('PY Ab 578 $186$ (21)', 2.4, 2.4), ('PY Ab 584 $186$ (21)', 10.0, 10.2), ('PY Ab 586 $186$ (21)', 7.7, 7.7), ('PY Ab 745 $186$ (21)', 0.5, 0.5), ('PY Ab 789 $186$ (21)', 2.0, 2.0), ('PY Ab 899 $186$ (21)', 2.2, 2.2), ('PY Fg 253 $240$ (1)', 192.7, 192.7), ('PY Fg 374 $240$ (1)', 1.0, 1.0)]
  GRA:MUL ~2.92: [('PY Ab 186 $186$ (21)', 2.4, 7.0), ('PY Ab 189 $186$ (21)', 6.7, 20.0), ('PY Ab 190 $186$ (21)', 3.0, 9.0), ('PY Ab 217 $186$ (21)', 5.1, 16.0), ('PY Ab 277 $186$ (21)', 3.0, 8.0), ('PY Ab 356 [+] 1049 $186$ (21)', 2.2, 6.0), ('PY Ab 379 $186$ (21)', 2.8, 8.0), ('PY Ab 573 $186$ (21)', 5.1, 16.0), ('PY Ab 578 $186$ (21)', 2.4, 7.0), ('PY Ab 789 $186$ (21)', 2.0, 6.0)]
  MUL:NI ~0.312: [('PY Ab 186 $186$ (21)', 7.0, 2.4), ('PY Ab 189 $186$ (21)', 20.0, 6.7), ('PY Ab 190 $186$ (21)', 9.0, 3.0), ('PY Ab 217 $186$ (21)', 16.0, 5.1), ('PY Ab 372 $186$ (21)', 9.0, 2.7), ('PY Ab 382 $186$ (21)', 54.0, 16.8), ('PY Ab 417 + fr. [+] 1050 $186$ (21)', 21.0, 6.0), ('PY Ab 515 $186$ (21)', 35.0, 10.0), ('PY Ab 573 $186$ (21)', 16.0, 5.0), ('PY Ab 578 $186$ (21)', 7.0, 2.4), ('PY Ab 789 $186$ (21)', 6.0, 2.0)]
  FAR:HORD ~6: [('KN Fs 2 (139)', 0.02, 0.1), ('KN Fs 3 (-)', 0.02, 0.1), ('KN Fs 4 (139)', 0.03, 0.2), ('KN Fs 11 (139)', 0.03, 0.2), ('KN Fs 17 (139)', 0.02, 0.1), ('KN Fs 19 (139)', 0.02, 0.1), ('KN Fs 21 (139)', 0.02, 0.1), ('KN Fs 22 (139)', 0.02, 0.1), ('KN Fs 24 (139)', 0.02, 0.1), ('KN Fs 25 (139)', 0.02, 0.1)]
  HORD:NI ~0.5: [('KN Fs 2 (139)', 0.1, 0.05), ('KN Fs 3 (-)', 0.1, 0.05), ('KN Fs 4 (139)', 0.2, 0.1), ('KN Fs 11 (139)', 0.2, 0.1), ('KN Fs 17 (139)', 0.1, 0.05), ('KN Fs 19 (139)', 0.1, 0.05), ('KN Fs 22 (139)', 0.1, 0.05), ('KN Fs 24 (139)', 0.1, 0.05), ('KN Fs 25 (139)', 0.1, 0.05)]
  FAR:VIN ~3.33: [('KN Fs 2 (139)', 0.02, 0.06), ('KN Fs 4 (139)', 0.03, 0.11), ('KN Fs 11 (139)', 0.03, 0.11), ('KN Fs 17 (139)', 0.02, 0.06), ('KN Fs 19 (139)', 0.02, 0.06), ('KN Fs 22 (139)', 0.02, 0.06), ('KN Fs 24 (139)', 0.02, 0.06), ('KN Fs 25 (139)', 0.02, 0.06)]
  FAR:NI ~3: [('KN Fs 2 (139)', 0.02, 0.05), ('KN Fs 3 (-)', 0.02, 0.05), ('KN Fs 4 (139)', 0.03, 0.1), ('KN Fs 11 (139)', 0.03, 0.1), ('KN Fs 17 (139)', 0.02, 0.05), ('KN Fs 19 (139)', 0.02, 0.05), ('KN Fs 22 (139)', 0.02, 0.05), ('KN Fs 23 (139)', 0.02, 0.05), ('KN Fs 24 (139)', 0.02, 0.05), ('KN Fs 25 (139)', 0.02, 0.05)]
  NI:VIN ~1.11: [('KN Fs 2 (139)', 0.05, 0.06), ('KN Fs 4 (139)', 0.1, 0.11), ('KN Fs 11 (139)', 0.1, 0.11), ('KN Fs 12 (139)', 0.05, 0.06), ('KN Fs 17 (139)', 0.05, 0.06), ('KN Fs 19 (139)', 0.05, 0.06), ('KN Fs 22 (139)', 0.05, 0.06), ('KN Fs 24 (139)', 0.05, 0.06), ('KN Fs 25 (139)', 0.05, 0.06)]
  HORD:VIN ~0.556: [('KN Fs 2 (139)', 0.1, 0.06), ('KN Fs 4 (139)', 0.2, 0.11), ('KN Fs 11 (139)', 0.2, 0.11), ('KN Fs 17 (139)', 0.1, 0.06), ('KN Fs 19 (139)', 0.1, 0.06), ('KN Fs 22 (139)', 0.1, 0.06), ('KN Fs 23 (139)', 0.2, 0.11), ('KN Fs 24 (139)', 0.1, 0.06), ('KN Fs 25 (139)', 0.1, 0.06), ('PY Un 138 $138$ (42)', 23.32, 13.0)]
  NI:OLE ~0.556: [('KN Fs 2 (139)', 0.05, 0.03), ('KN Fs 4 (139)', 0.1, 0.06), ('KN Fs 11 (139)', 0.1, 0.06), ('KN Fs 12 (139)', 0.05, 0.03), ('KN Fs 17 (139)', 0.05, 0.03), ('KN Fs 19 (139)', 0.05, 0.03), ('KN Fs 24 (139)', 0.05, 0.03), ('KN Fs 25 (139)', 0.05, 0.03)]
  FAR:OLE ~1.67: [('KN Fs 2 (139)', 0.02, 0.03), ('KN Fs 4 (139)', 0.03, 0.06), ('KN Fs 11 (139)', 0.03, 0.06), ('KN Fs 17 (139)', 0.02, 0.03), ('KN Fs 19 (139)', 0.02, 0.03), ('KN Fs 24 (139)', 0.02, 0.03), ('KN Fs 25 (139)', 0.02, 0.03)]
  HORD:OLE ~0.278: [('KN Fs 2 (139)', 0.1, 0.03), ('KN Fs 4 (139)', 0.2, 0.06), ('KN Fs 11 (139)', 0.2, 0.06), ('KN Fs 17 (139)', 0.1, 0.03), ('KN Fs 19 (139)', 0.1, 0.03), ('KN Fs 23 (139)', 0.2, 0.06), ('KN Fs 24 (139)', 0.1, 0.03), ('KN Fs 25 (139)', 0.1, 0.03)]
  OLE:VIN ~2: [('KN Fs 2 (139)', 0.03, 0.06), ('KN Fs 4 (139)', 0.06, 0.11), ('KN Fs 11 (139)', 0.06, 0.11), ('KN Fs 12 (139)', 0.03, 0.06), ('KN Fs 17 (139)', 0.03, 0.06), ('KN Fs 19 (139)', 0.03, 0.06), ('KN Fs 23 (139)', 0.06, 0.11), ('KN Fs 24 (139)', 0.03, 0.06), ('KN Fs 25 (139)', 0.03, 0.06)]
  MUL:VIR ~1: [('KN Ag 88 + 7033 (124-A)', 1.0, 1.0), ('KN Ag 91 (124-A)', 1.0, 1.0), ('KN Ak(3) 780 + 7004 + 7045 + 7767 (102a)', 2.0, 2.0), ('KN Am(2) 827 + 7032 + 7618 (-)', 1.0, 1.0), ('KN Ag 1654 (124-A)', 1.0, 1.0), ('KN Ag 7000 (124-A)', 1.0, 1.0)]
  GRA:OLIV ~0.326: [('KN E(2) 669 (103)', 408.0, 133.0)]
  HORD:OLIV ~496: [('PY Bn 7 + fr. + 1427 $-$ (3)', 0.01, 6.2)]
  NI:OLIV ~3: [('KN Uc 161 (124)', 10.0, 30.0), ('PY Un 2 $2$ (1)', 1.0, 3.2)]
  LANA:TELA ~0.583: [('KN Lc(1) 530 + 7384 (103)', 12.0, 7.0)]
  GRA:VIR ~19.3: [('PY An 128 $-$ (42)', 2.69, 52.0)]
  FAR:ME±RI ~0.833: [('KN Fs 2 (139)', 0.02, 0.01), ('KN Fs 4 (139)', 0.03, 0.03), ('KN Fs 19 (139)', 0.02, 0.01), ('KN Fs 23 (139)', 0.02, 0.01)]
  HORD:ME±RI ~0.139: [('KN Fs 2 (139)', 0.1, 0.01), ('KN Fs 4 (139)', 0.2, 0.03), ('KN Fs 19 (139)', 0.1, 0.01)]
  ME±RI:NI ~3.6: [('KN Fs 2 (139)', 0.01, 0.05), ('KN Fs 4 (139)', 0.03, 0.1), ('KN Fs 19 (139)', 0.01, 0.05), ('KN Fs 23 (139)', 0.01, 0.05)]
  ME±RI:OLE ~2: [('KN Fs 2 (139)', 0.01, 0.03), ('KN Fs 4 (139)', 0.03, 0.06), ('KN Fs 19 (139)', 0.01, 0.03)]
  ME±RI:VIN ~4: [('KN Fs 2 (139)', 0.01, 0.06), ('KN Fs 4 (139)', 0.03, 0.11), ('KN Fs 19 (139)', 0.01, 0.06)]
  AROM:LANA ~4: [('PY Un 249 + frr.(3) $-$ (Cii)', 0.5, 2.0)]
