# LA-6 cycle 1 ratio test (frac=off, level=entry)
LA entries 4566, multi-commodity 93, single-commodity 232
## Linear A (HIT = entries): 15 pairs with n>=4; global HIT sum 42: P(N1)=0.0005 P(N2)=0.0010
pair | n | median ratio b/a | SD log | N1 SD mean, P | N2 SD mean, P | HIT | N1 HIT mean, P | N2 HIT mean, P
GRA:OLE | 22 | 0.438 | 1.09 | 2.04 0.001 | 1.57 0.000 | 4 | 3.36 0.368 | 3.72 0.554
*304:GRA | 13 | 3.33 | 1.20 | 1.89 0.026 | 1.76 0.010 | 3 | 2.61 0.512 | 2.63 0.534
NI:VIN | 11 | 1.14 | 0.75 | 1.91 0.002 | 1.01 0.078 | 3 | 2.43 0.372 | 2.99 0.782
CYP:NI | 10 | 0.75 | 0.48 | 1.51 0.000 | 1.00 0.002 | 4 | 2.51 0.088 | 2.62 0.092
NI:OLE | 10 | 2.5 | 1.52 | 1.75 0.297 | 1.46 0.569 | 2 | 2.33 0.957 | 2.22 0.969
*304:OLE | 9 | 1 | 0.79 | 1.58 0.012 | 1.27 0.026 | 3 | 2.32 0.313 | 2.42 0.375
OLE:OLIV | 9 | 0.333 | 1.90 | 1.77 0.624 | 1.54 0.917 | 4 | 2.19 0.028 | 2.24 0.035
GRA:NI | 9 | 0.5 | 1.14 | 2.01 0.024 | 1.69 0.043 | 3 | 2.07 0.180 | 2.20 0.252
CYP:VIN | 8 | 0.778 | 0.77 | 1.64 0.019 | 1.00 0.137 | 2 | 2.12 0.891 | 2.34 0.972
OLE:VIN | 7 | 0.75 | 1.07 | 1.87 0.064 | 0.85 0.923 | 2 | 1.85 0.742 | 2.24 0.949
*304:OLIV | 6 | 1.44 | 1.10 | 1.58 0.133 | 1.60 0.123 | 2 | 1.79 0.693 | 1.60 0.579
GRA:OLIV | 6 | 0.4 | 1.83 | 2.02 0.389 | 1.68 0.593 | 2 | 1.57 0.539 | 1.59 0.556
GRA:VIN | 6 | 1 | 1.84 | 2.11 0.362 | 2.34 0.193 | 2 | 1.60 0.556 | 1.38 0.369
*304:NI | 4 | 2.2 | 0.47 | 1.51 0.032 | 2.10 0.158 | 2 | 1.44 0.413 | 1.32 0.317
*308:OLIV | 4 | 3.88 | 0.03 | 1.27 0.002 | 0.51 0.183 | 4 | 1.57 0.002 | 2.37 0.183
best common-ratio cluster per pair (ratio b/a; members doc, q_a, q_b):
  GRA:OLE ~0.2: [(2, 30.0, 6.0), (3, 45.0, 9.0), (59, 58.0, 12.0)]
  *304:GRA ~1: [(28, 1.0, 1.0), (45, 12.0, 12.0), (87, 20.0, 20.0)]
  NI:VIN ~1.5: [(12, 2.0, 3.0), (48, 2.0, 3.0)]
  CYP:NI ~1: [(26, 2.0, 2.0), (31, 5.0, 5.0), (34, 4.0, 4.0)]
  NI:OLE ~2.5: [(14, 2.0, 5.0), (36, 2.0, 5.0)]
  *304:OLE ~1: [(0, 5.0, 5.0), (28, 1.0, 1.0), (59, 12.0, 12.0)]
  OLE:OLIV ~0.0714: [(6, 14.0, 1.0), (20, 13.0, 1.0), (39, 27.0, 2.0), (86, 58.0, 4.0)]
  GRA:NI ~1: [(5, 10.0, 10.0), (28, 1.0, 1.0)]
  CYP:VIN ~0.4: [(36, 5.0, 2.0), (58, 8.0, 3.0)]
  OLE:VIN ~0.8: [(14, 5.0, 4.0), (48, 4.0, 3.0)]
  *304:OLIV ~1.44: [(2, 9.0, 13.0)]
  GRA:OLIV ~0.433: [(2, 30.0, 13.0), (44, 5.0, 2.0)]
  GRA:VIN ~1: [(88, 50.0, 50.0), (91, 1.0, 1.0)]
  *304:NI ~1: [(28, 1.0, 1.0), (74, 1.0, 1.0)]
  *308:OLIV ~3.88: [(49, 8.0, 31.0), (50, 8.0, 31.0), (51, 4.0, 16.0), (52, 4.0, 15.0)]
## Linear A (HIT = distinct tablets): 15 pairs with n>=4; global HIT sum 38: P(N1)=0.0020 P(N2)=0.0130
pair | n | median ratio b/a | SD log | N1 SD mean, P | N2 SD mean, P | HIT | N1 HIT mean, P | N2 HIT mean, P
GRA:OLE | 22 | 0.438 | 1.09 | 2.04 0.000 | 1.57 0.001 | 3 | 3.28 0.888 | 3.55 0.971
*304:GRA | 13 | 3.33 | 1.20 | 1.88 0.027 | 1.77 0.010 | 3 | 2.58 0.489 | 2.56 0.490
NI:VIN | 11 | 1.14 | 0.75 | 1.91 0.002 | 1.02 0.071 | 3 | 2.44 0.393 | 3.01 0.786
CYP:NI | 10 | 0.75 | 0.48 | 1.48 0.001 | 0.99 0.001 | 4 | 2.52 0.080 | 2.62 0.086
NI:OLE | 10 | 2.5 | 1.52 | 1.75 0.289 | 1.46 0.567 | 2 | 2.30 0.952 | 2.22 0.970
*304:OLE | 9 | 1 | 0.79 | 1.58 0.017 | 1.29 0.032 | 3 | 2.26 0.284 | 2.36 0.333
OLE:OLIV | 9 | 0.333 | 1.90 | 1.76 0.629 | 1.54 0.915 | 4 | 2.11 0.014 | 2.15 0.021
GRA:NI | 9 | 0.5 | 1.14 | 2.03 0.032 | 1.68 0.047 | 3 | 2.04 0.161 | 2.16 0.219
CYP:VIN | 8 | 0.778 | 0.77 | 1.66 0.018 | 0.99 0.139 | 2 | 2.08 0.884 | 2.36 0.974
OLE:VIN | 7 | 0.75 | 1.07 | 1.89 0.055 | 0.83 0.933 | 2 | 1.80 0.714 | 2.24 0.955
*304:OLIV | 6 | 1.44 | 1.10 | 1.59 0.141 | 1.60 0.130 | 2 | 1.76 0.677 | 1.56 0.543
GRA:OLIV | 6 | 0.4 | 1.83 | 2.00 0.394 | 1.69 0.574 | 2 | 1.55 0.515 | 1.52 0.504
GRA:VIN | 6 | 1 | 1.84 | 2.12 0.356 | 2.33 0.200 | 2 | 1.58 0.540 | 1.43 0.414
*304:NI | 4 | 2.2 | 0.47 | 1.51 0.026 | 2.07 0.177 | 2 | 1.45 0.425 | 1.34 0.342
*308:OLIV | 4 | 3.88 | 0.03 | 1.26 0.001 | 0.50 0.186 | 1 | 1.00 1.000 | 1.00 1.000
best common-ratio cluster per pair (ratio b/a; members doc, q_a, q_b):
  GRA:OLE ~0.2: [('HT14', 30.0, 6.0), ('HT14', 45.0, 9.0), ('HT131a', 58.0, 12.0)]
  *304:GRA ~1: [('HT90', 1.0, 1.0), ('HT116a', 12.0, 12.0), ('ZA6a', 20.0, 20.0)]
  NI:VIN ~1.5: [('HT28a', 2.0, 3.0), ('HT121', 2.0, 3.0)]
  CYP:NI ~1: [('HT89', 2.0, 2.0), ('HT94a', 5.0, 5.0), ('HT99a', 4.0, 4.0)]
  NI:OLE ~2.5: [('HT28b', 2.0, 5.0), ('HT100', 2.0, 5.0)]
  *304:OLE ~1: [('HT12', 5.0, 5.0), ('HT90', 1.0, 1.0), ('HT131a', 12.0, 12.0)]
  OLE:OLIV ~0.0714: [('HT21', 14.0, 1.0), ('HT44a', 13.0, 1.0), ('HT101', 27.0, 2.0), ('TY3a', 58.0, 4.0)]
  GRA:NI ~1: [('HT18', 10.0, 10.0), ('HT90', 1.0, 1.0)]
  CYP:VIN ~0.4: [('HT100', 5.0, 2.0), ('HT130', 8.0, 3.0)]
  OLE:VIN ~0.8: [('HT28b', 5.0, 4.0), ('HT121', 4.0, 3.0)]
  *304:OLIV ~1.44: [('HT14', 9.0, 13.0)]
  GRA:OLIV ~0.433: [('HT14', 30.0, 13.0), ('HT116a', 5.0, 2.0)]
  GRA:VIN ~1: [('ZA6b', 50.0, 50.0), ('ARKH3b', 1.0, 1.0)]
  *304:NI ~1: [('HT90', 1.0, 1.0), ('KH73', 1.0, 1.0)]
  *308:OLIV ~3.88: [('HT123+124a', 8.0, 31.0), ('HT123+124a', 8.0, 31.0), ('HT123+124a', 4.0, 16.0), ('HT123+124a', 4.0, 15.0)]

LB line entries 1630, multi-commodity 107
## Linear B (positive control, HIT = distinct tablets): 12 pairs with n>=4; global HIT sum 48: P(N1)=0.0005 P(N2)=0.0005
pair | n | median ratio b/a | SD log | N1 SD mean, P | N2 SD mean, P | HIT | N1 HIT mean, P | N2 HIT mean, P
MUL:NI | 21 | 0.333 | 0.17 | 2.47 0.000 | 1.13 0.000 | 11 | 3.08 0.000 | 4.24 0.000
HORD:NI | 13 | 0.5 | 0.35 | 2.69 0.000 | 0.51 0.036 | 8 | 2.32 0.000 | 7.43 0.418
HORD:OLIV | 10 | 1.5 | 1.22 | 2.62 0.003 | 1.89 0.017 | 2 | 1.76 0.713 | 1.76 0.650
MUL:VIR | 9 | 1 | 0.23 | 1.70 0.000 | 0.38 0.222 | 8 | 2.24 0.000 | 6.44 0.222
GRA:OLIV | 9 | 1.16 | 1.23 | 2.92 0.005 | 2.03 0.022 | 1 | 1.65 1.000 | 1.71 1.000
FAR:VIN | 6 | 3.33 | 0.00 | 2.39 0.000 | 0.48 0.068 | 6 | 1.65 0.000 | 3.35 0.068
NI:VIN | 6 | 2.22 | 0.40 | 3.01 0.000 | 2.49 0.111 | 3 | 1.46 0.023 | 2.57 0.513
CAP:OVIS | 5 | 1 | 0.49 | 1.98 0.010 | 1.47 0.200 | 2 | 1.41 0.393 | 2.09 0.895
HORD:OLE | 4 | 0.556 | 0.40 | 2.55 0.004 | 0.40 1.000 | 2 | 1.24 0.230 | 2.00 1.000
FAR:OLE | 4 | 1.67 | 0.57 | 2.31 0.014 | 0.57 1.000 | 2 | 1.31 0.305 | 2.00 1.000
HORD:VIN | 4 | 1.11 | 0.40 | 2.56 0.003 | 0.47 0.753 | 2 | 1.23 0.222 | 2.25 1.000
BOS:OVIS | 4 | 1 | 0.00 | 1.64 0.000 | 1.83 0.168 | 1 | 1.00 1.000 | 1.00 1.000
best common-ratio cluster per pair (ratio b/a; members doc, q_a, q_b):
  MUL:NI ~0.312: [('PY Ab 186 $186$ (21)', 7.0, 2.4), ('PY Ab 189 $186$ (21)', 20.0, 6.7), ('PY Ab 190 $186$ (21)', 9.0, 3.0), ('PY Ab 217 $186$ (21)', 16.0, 5.1), ('PY Ab 372 $186$ (21)', 9.0, 2.7), ('PY Ab 382 $186$ (21)', 54.0, 16.8), ('PY Ab 417 + fr. [+] 1050 $186$ (21)', 21.0, 6.0), ('PY Ab 515 $186$ (21)', 35.0, 10.0), ('PY Ab 573 $186$ (21)', 16.0, 5.0), ('PY Ab 578 $186$ (21)', 7.0, 2.4), ('PY Ab 789 $186$ (21)', 6.0, 2.0)]
  HORD:NI ~0.5: [('KN Fs 2 (139)', 0.1, 0.05), ('KN Fs 3 (-)', 0.1, 0.05), ('KN Fs 4 (139)', 0.1, 0.05), ('KN Fs 4 (139)', 0.1, 0.05), ('KN Fs 17 (139)', 0.1, 0.05), ('KN Fs 19 (139)', 0.1, 0.05), ('KN Fs 22 (139)', 0.1, 0.05), ('KN Fs 24 (139)', 0.1, 0.05), ('KN Fs 25 (139)', 0.1, 0.05)]
  HORD:OLIV ~1.5: [('PY Fn 79 $79$ (45)', 0.67, 1.0), ('PY Fn 79 $79$ (45)', 0.67, 1.0), ('PY Fn 79 $79$ (45)', 0.67, 1.0), ('PY Fn 79 $79$ (45)', 0.67, 1.0), ('PY Un 138 $138$ (42)', 4.82, 7.0)]
  MUL:VIR ~1: [('KN Ag 88 + 7033 (124-A)', 1.0, 1.0), ('KN Ag 91 (124-A)', 1.0, 1.0), ('KN Ak(3) 780 + 7004 + 7045 + 7767 (102a)', 2.0, 2.0), ('KN Am(2) 827 + 7032 + 7618 (-)', 1.0, 1.0), ('KN Ag 1654 (124-A)', 1.0, 1.0), ('KN Ag 7000 (124-A)', 1.0, 1.0), ('PY Tn 316 $-$ (44)', 1.0, 1.0), ('TH Av 100 (304)', 1.0, 1.0)]
  GRA:OLIV ~0.451: [('KN E(2) 669 (103)', 195.0, 88.0)]
  FAR:VIN ~3.33: [('KN Fs 2 (139)', 0.02, 0.06), ('KN Fs 4 (139)', 0.03, 0.11), ('KN Fs 11 (139)', 0.03, 0.11), ('KN Fs 17 (139)', 0.02, 0.06), ('KN Fs 19 (139)', 0.02, 0.06), ('KN Fs 22 (139)', 0.02, 0.06)]
  NI:VIN ~1.11: [('KN Fs 11 (139)', 0.1, 0.11), ('KN Fs 12 (139)', 0.05, 0.06), ('KN Fs 25 (139)', 0.05, 0.06)]
  CAP:OVIS ~1: [('KN Ce 152 + 8256 (124)', 1.0, 1.0), ('KN Ce 152 + 8256 (124)', 1.0, 1.0), ('KN Ce 152 + 8256 (124)', 12.0, 12.0), ('TH Uo 121 (-)', 1.0, 1.0)]
  HORD:OLE ~0.278: [('KN Fs 2 (139)', 0.1, 0.03), ('KN Fs 17 (139)', 0.1, 0.03)]
  FAR:OLE ~1.67: [('KN Fs 19 (139)', 0.02, 0.03), ('KN Fs 25 (139)', 0.02, 0.03)]
  HORD:VIN ~1.11: [('KN Fs 4 (139)', 0.1, 0.11), ('KN Fs 11 (139)', 0.1, 0.11)]
  BOS:OVIS ~1: [('KN Ce 152 + 8256 (124)', 1.0, 1.0), ('KN Ce 152 + 8256 (124)', 1.0, 1.0), ('KN Ce 152 + 8256 (124)', 12.0, 12.0), ('KN Ce 152 + 8256 (124)', 12.0, 12.0)]

LB document-level entries, multi-commodity 99
## Linear B document level (positive control, HIT = distinct tablets): 25 pairs with n>=4; global HIT sum 166: P(N1)=0.0005 P(N2)=0.0005
pair | n | median ratio b/a | SD log | N1 SD mean, P | N2 SD mean, P | HIT | N1 HIT mean, P | N2 HIT mean, P
GRA:NI | 27 | 1 | 0.86 | 2.97 0.000 | 1.67 0.000 | 23 | 3.37 0.000 | 4.51 0.000
GRA:MUL | 22 | 3 | 0.61 | 2.35 0.000 | 1.23 0.000 | 11 | 3.19 0.000 | 4.29 0.000
MUL:NI | 21 | 0.333 | 0.17 | 2.48 0.000 | 1.13 0.000 | 11 | 3.10 0.000 | 4.22 0.000
FAR:HORD | 15 | 6 | 0.90 | 2.40 0.001 | 1.76 0.070 | 10 | 3.23 0.000 | 6.65 0.018
HORD:NI | 14 | 0.5 | 1.53 | 3.00 0.002 | 2.60 0.013 | 9 | 2.39 0.000 | 4.61 0.004
FAR:VIN | 13 | 3.33 | 0.88 | 2.57 0.001 | 2.55 0.000 | 8 | 2.70 0.000 | 4.01 0.003
FAR:NI | 12 | 3 | 0.61 | 2.42 0.000 | 1.72 0.000 | 10 | 2.62 0.000 | 5.70 0.000
NI:VIN | 12 | 1.11 | 0.85 | 3.16 0.000 | 2.52 0.008 | 9 | 2.18 0.000 | 5.15 0.003
HORD:VIN | 11 | 0.556 | 0.24 | 3.12 0.000 | 2.98 0.000 | 10 | 2.18 0.000 | 4.28 0.000
NI:OLE | 10 | 0.556 | 0.33 | 3.21 0.000 | 0.52 0.067 | 8 | 1.95 0.000 | 5.38 0.067
FAR:OLE | 9 | 1.67 | 0.35 | 2.59 0.000 | 0.55 0.084 | 7 | 2.09 0.000 | 4.58 0.084
HORD:OLE | 9 | 0.278 | 0.23 | 3.15 0.000 | 0.57 0.015 | 8 | 1.87 0.000 | 4.55 0.015
OLE:VIN | 9 | 2 | 0.00 | 3.30 0.000 | 0.48 0.011 | 9 | 1.81 0.000 | 4.96 0.011
MUL:VIR | 9 | 1 | 0.58 | 1.85 0.001 | 0.78 0.138 | 6 | 2.10 0.000 | 4.64 0.216
GRA:OLIV | 7 | 0.667 | 1.68 | 2.80 0.064 | 2.99 0.042 | 1 | 1.59 1.000 | 1.47 1.000
HORD:OLIV | 7 | 0.879 | 2.60 | 2.88 0.372 | 3.54 0.061 | 2 | 1.61 0.559 | 1.52 0.517
NI:OLIV | 5 | 2 | 0.67 | 2.88 0.003 | 2.22 0.025 | 2 | 1.31 0.299 | 1.44 0.417
LANA:TELA | 5 | 0.583 | 1.43 | 1.67 0.397 | 1.57 0.402 | 2 | 1.53 0.495 | 1.52 0.502
GRA:VIR | 5 | 2.48 | 2.37 | 2.33 0.546 | 1.79 0.868 | 1 | 1.40 1.000 | 1.36 1.000
FAR:ME±RI | 4 | 0.833 | 0.00 | 1.02 0.025 | 0.42 0.251 | 4 | 2.08 0.025 | 2.50 0.251
HORD:ME±RI | 4 | 0.139 | 0.35 | 2.01 0.025 | 0.50 0.511 | 3 | 1.54 0.069 | 2.51 0.511
ME±RI:NI | 4 | 3.6 | 0.00 | 2.01 0.000 | 0.43 0.239 | 4 | 1.50 0.001 | 2.48 0.239
ME±RI:OLE | 4 | 2 | 0.35 | 2.30 0.006 | 0.50 0.502 | 3 | 1.39 0.024 | 2.50 0.502
ME±RI:VIN | 4 | 4 | 0.35 | 2.22 0.007 | 0.51 0.500 | 3 | 1.44 0.032 | 2.50 0.500
AROM:LANA | 4 | 0.455 | 1.53 | 2.00 0.292 | 1.90 0.266 | 2 | 1.27 0.264 | 1.75 0.587
best common-ratio cluster per pair (ratio b/a; members doc, q_a, q_b):
  GRA:NI ~1: [('PY Ab 186 $186$ (21)', 2.4, 2.4), ('PY Ab 189 $186$ (21)', 6.7, 6.7), ('PY Ab 190 $186$ (21)', 3.0, 3.0), ('PY Ab 194 $186$ (21)', 3.0, 3.0), ('PY Ab 210 $186$ (21)', 3.6, 3.6), ('PY Ab 217 $186$ (21)', 5.1, 5.1), ('PY Ab 277 $186$ (21)', 3.0, 3.0), ('PY Ab 356 [+] 1049 $186$ (21)', 2.2, 2.2), ('PY Ab 372 $186$ (21)', 2.7, 2.7), ('PY Ab 379 $186$ (21)', 2.8, 2.8), ('PY Ab 382 $186$ (21)', 16.8, 16.8), ('PY Ab 515 $186$ (21)', 10.0, 10.0), ('PY Ab 553 $186$ (21)', 11.0, 11.1), ('PY Ab 558 $186$ (21)', 1.8, 1.8), ('PY Ab 573 $186$ (21)', 5.1, 5.0), ('PY Ab 578 $186$ (21)', 2.4, 2.4), ('PY Ab 584 $186$ (21)', 10.0, 10.2), ('PY Ab 586 $186$ (21)', 7.7, 7.7), ('PY Ab 745 $186$ (21)', 0.5, 0.5), ('PY Ab 789 $186$ (21)', 2.0, 2.0), ('PY Ab 899 $186$ (21)', 2.2, 2.2), ('PY Fg 253 $240$ (1)', 192.7, 192.7), ('PY Fg 374 $240$ (1)', 1.0, 1.0)]
  GRA:MUL ~2.92: [('PY Ab 186 $186$ (21)', 2.4, 7.0), ('PY Ab 189 $186$ (21)', 6.7, 20.0), ('PY Ab 190 $186$ (21)', 3.0, 9.0), ('PY Ab 217 $186$ (21)', 5.1, 16.0), ('PY Ab 277 $186$ (21)', 3.0, 8.0), ('PY Ab 356 [+] 1049 $186$ (21)', 2.2, 6.0), ('PY Ab 379 $186$ (21)', 2.8, 8.0), ('PY Ab 573 $186$ (21)', 5.1, 16.0), ('PY Ab 578 $186$ (21)', 2.4, 7.0), ('PY Ab 789 $186$ (21)', 2.0, 6.0)]
  MUL:NI ~0.312: [('PY Ab 186 $186$ (21)', 7.0, 2.4), ('PY Ab 189 $186$ (21)', 20.0, 6.7), ('PY Ab 190 $186$ (21)', 9.0, 3.0), ('PY Ab 217 $186$ (21)', 16.0, 5.1), ('PY Ab 372 $186$ (21)', 9.0, 2.7), ('PY Ab 382 $186$ (21)', 54.0, 16.8), ('PY Ab 417 + fr. [+] 1050 $186$ (21)', 21.0, 6.0), ('PY Ab 515 $186$ (21)', 35.0, 10.0), ('PY Ab 573 $186$ (21)', 16.0, 5.0), ('PY Ab 578 $186$ (21)', 7.0, 2.4), ('PY Ab 789 $186$ (21)', 6.0, 2.0)]
  FAR:HORD ~6: [('KN Fs 2 (139)', 0.02, 0.1), ('KN Fs 3 (-)', 0.02, 0.1), ('KN Fs 4 (139)', 0.03, 0.2), ('KN Fs 11 (139)', 0.03, 0.2), ('KN Fs 17 (139)', 0.02, 0.1), ('KN Fs 19 (139)', 0.02, 0.1), ('KN Fs 21 (139)', 0.02, 0.1), ('KN Fs 22 (139)', 0.02, 0.1), ('KN Fs 24 (139)', 0.02, 0.1), ('KN Fs 25 (139)', 0.02, 0.1)]
  HORD:NI ~0.5: [('KN Fs 2 (139)', 0.1, 0.05), ('KN Fs 3 (-)', 0.1, 0.05), ('KN Fs 4 (139)', 0.2, 0.1), ('KN Fs 11 (139)', 0.2, 0.1), ('KN Fs 17 (139)', 0.1, 0.05), ('KN Fs 19 (139)', 0.1, 0.05), ('KN Fs 22 (139)', 0.1, 0.05), ('KN Fs 24 (139)', 0.1, 0.05), ('KN Fs 25 (139)', 0.1, 0.05)]
  FAR:VIN ~3.33: [('KN Fs 2 (139)', 0.02, 0.06), ('KN Fs 4 (139)', 0.03, 0.11), ('KN Fs 11 (139)', 0.03, 0.11), ('KN Fs 17 (139)', 0.02, 0.06), ('KN Fs 19 (139)', 0.02, 0.06), ('KN Fs 22 (139)', 0.02, 0.06), ('KN Fs 24 (139)', 0.02, 0.06), ('KN Fs 25 (139)', 0.02, 0.06)]
  FAR:NI ~3: [('KN Fs 2 (139)', 0.02, 0.05), ('KN Fs 3 (-)', 0.02, 0.05), ('KN Fs 4 (139)', 0.03, 0.1), ('KN Fs 11 (139)', 0.03, 0.1), ('KN Fs 17 (139)', 0.02, 0.05), ('KN Fs 19 (139)', 0.02, 0.05), ('KN Fs 22 (139)', 0.02, 0.05), ('KN Fs 23 (139)', 0.02, 0.05), ('KN Fs 24 (139)', 0.02, 0.05), ('KN Fs 25 (139)', 0.02, 0.05)]
  NI:VIN ~1.11: [('KN Fs 2 (139)', 0.05, 0.06), ('KN Fs 4 (139)', 0.1, 0.11), ('KN Fs 11 (139)', 0.1, 0.11), ('KN Fs 12 (139)', 0.05, 0.06), ('KN Fs 17 (139)', 0.05, 0.06), ('KN Fs 19 (139)', 0.05, 0.06), ('KN Fs 22 (139)', 0.05, 0.06), ('KN Fs 24 (139)', 0.05, 0.06), ('KN Fs 25 (139)', 0.05, 0.06)]
  HORD:VIN ~0.556: [('KN Fs 2 (139)', 0.1, 0.06), ('KN Fs 4 (139)', 0.2, 0.11), ('KN Fs 11 (139)', 0.2, 0.11), ('KN Fs 17 (139)', 0.1, 0.06), ('KN Fs 19 (139)', 0.1, 0.06), ('KN Fs 22 (139)', 0.1, 0.06), ('KN Fs 23 (139)', 0.2, 0.11), ('KN Fs 24 (139)', 0.1, 0.06), ('KN Fs 25 (139)', 0.1, 0.06), ('PY Un 138 $138$ (42)', 23.32, 13.0)]
  NI:OLE ~0.556: [('KN Fs 2 (139)', 0.05, 0.03), ('KN Fs 4 (139)', 0.1, 0.06), ('KN Fs 11 (139)', 0.1, 0.06), ('KN Fs 12 (139)', 0.05, 0.03), ('KN Fs 17 (139)', 0.05, 0.03), ('KN Fs 19 (139)', 0.05, 0.03), ('KN Fs 24 (139)', 0.05, 0.03), ('KN Fs 25 (139)', 0.05, 0.03)]
  FAR:OLE ~1.67: [('KN Fs 2 (139)', 0.02, 0.03), ('KN Fs 4 (139)', 0.03, 0.06), ('KN Fs 11 (139)', 0.03, 0.06), ('KN Fs 17 (139)', 0.02, 0.03), ('KN Fs 19 (139)', 0.02, 0.03), ('KN Fs 24 (139)', 0.02, 0.03), ('KN Fs 25 (139)', 0.02, 0.03)]
  HORD:OLE ~0.278: [('KN Fs 2 (139)', 0.1, 0.03), ('KN Fs 4 (139)', 0.2, 0.06), ('KN Fs 11 (139)', 0.2, 0.06), ('KN Fs 17 (139)', 0.1, 0.03), ('KN Fs 19 (139)', 0.1, 0.03), ('KN Fs 23 (139)', 0.2, 0.06), ('KN Fs 24 (139)', 0.1, 0.03), ('KN Fs 25 (139)', 0.1, 0.03)]
  OLE:VIN ~2: [('KN Fs 2 (139)', 0.03, 0.06), ('KN Fs 4 (139)', 0.06, 0.11), ('KN Fs 11 (139)', 0.06, 0.11), ('KN Fs 12 (139)', 0.03, 0.06), ('KN Fs 17 (139)', 0.03, 0.06), ('KN Fs 19 (139)', 0.03, 0.06), ('KN Fs 23 (139)', 0.06, 0.11), ('KN Fs 24 (139)', 0.03, 0.06), ('KN Fs 25 (139)', 0.03, 0.06)]
  MUL:VIR ~1: [('KN Ag 88 + 7033 (124-A)', 1.0, 1.0), ('KN Ag 91 (124-A)', 1.0, 1.0), ('KN Ak(3) 780 + 7004 + 7045 + 7767 (102a)', 2.0, 2.0), ('KN Am(2) 827 + 7032 + 7618 (-)', 1.0, 1.0), ('KN Ag 1654 (124-A)', 1.0, 1.0), ('KN Ag 7000 (124-A)', 1.0, 1.0)]
  GRA:OLIV ~0.326: [('KN E(2) 669 (103)', 408.0, 133.0)]
  HORD:OLIV ~496: [('PY Bn 7 + fr. + 1427 $-$ (3)', 0.01, 6.2)]
  NI:OLIV ~3: [('KN Uc 161 (124)', 10.0, 30.0), ('PY Un 2 $2$ (1)', 1.0, 3.2)]
  LANA:TELA ~0.583: [('KN Lc(1) 530 + 7384 (103)', 12.0, 7.0)]
  GRA:VIR ~19.3: [('PY An 128 $-$ (42)', 2.69, 52.0)]
  FAR:ME±RI ~0.833: [('KN Fs 2 (139)', 0.02, 0.01), ('KN Fs 4 (139)', 0.03, 0.03), ('KN Fs 19 (139)', 0.02, 0.01), ('KN Fs 23 (139)', 0.02, 0.01)]
  HORD:ME±RI ~0.139: [('KN Fs 2 (139)', 0.1, 0.01), ('KN Fs 4 (139)', 0.2, 0.03), ('KN Fs 19 (139)', 0.1, 0.01)]
  ME±RI:NI ~3.6: [('KN Fs 2 (139)', 0.01, 0.05), ('KN Fs 4 (139)', 0.03, 0.1), ('KN Fs 19 (139)', 0.01, 0.05), ('KN Fs 23 (139)', 0.01, 0.05)]
  ME±RI:OLE ~2: [('KN Fs 2 (139)', 0.01, 0.03), ('KN Fs 4 (139)', 0.03, 0.06), ('KN Fs 19 (139)', 0.01, 0.03)]
  ME±RI:VIN ~4: [('KN Fs 2 (139)', 0.01, 0.06), ('KN Fs 4 (139)', 0.03, 0.11), ('KN Fs 19 (139)', 0.01, 0.06)]
  AROM:LANA ~4: [('PY Un 249 + frr.(3) $-$ (Cii)', 0.5, 2.0)]
