# LA-6 cycle 2: rounding and unit preferences per commodity
## Linear A (entries, no totals): 1507 quantities
commodity | n | median | frac% (P) | int<=1 % (P) | x5 among >=5 (n, P) | x10 among >=10 (n, P)
ALL | 1507 | 3 | 26 | 38 | 52 (604) | 50 (406)
bare | 791 | 3 | 20 (0.000) | 37 (0.767) | 57 (308, 0.011) | 55 (198, 0.039)
other | 177 | 1 | 29 (0.396) | 50 (0.000) | 42 (52, 0.103) | 39 (31, 0.125)
OLE | 118 | 3 | 33 (0.126) | 35 (0.583) | 43 (42, 0.214) | 45 (22, 0.638)
GRA | 101 | 15 | 22 (0.312) | 18 (0.000) | 60 (73, 0.268) | 55 (58, 0.566)
CYP | 83 | 0 | 72 (0.000) | 70 (0.000) | 30 (10, 0.010) | 33 (3, 0.134)
NI | 59 | 2 | 44 (0.006) | 37 (1.000) | 48 (21, 0.677) | 44 (16, 0.676)
VIN | 44 | 3 | 32 (0.501) | 32 (0.523) | 45 (20, 0.586) | 54 (13, 0.795)
VIR | 35 | 20 | 6 (0.004) | 6 (0.000) | 36 (28, 0.248) | 33 (27, 0.394)
*304 | 31 | 3 | 26 (1.000) | 32 (0.694) | 40 (15, 0.440) | 56 (9, 0.785)
OLIV | 26 | 3 | 27 (1.000) | 35 (0.937) | 40 (10, 0.493) | 10 (10, 0.047)
HIDE | 15 | 87 | 13 (0.404) | 7 (0.019) | 62 (13, 0.645) | 46 (13, 0.799)
*305 | 10 | 6 | 0 (0.096) | 10 (0.133) | 33 (6, 0.602) | 50 (2, 1.000)
*308 | 9 | 0 | 100 (0.000) | 56 (0.444) | 0 (2, 0.228) | nan (0, 0.000)
## Linear B control (DAMOS): 2084 quantities
commodity | n | median | frac% (P) | int<=1 % (P) | x5 among >=5 (n, P) | x10 among >=10 (n, P)
ALL | 2084 | 1 | 41 | 59 | 39 (557) | 39 (357)
VIR | 533 | 1 | 0 (0.000) | 58 (0.757) | 56 (144, 0.000) | 55 (102, 0.001)
GRA | 407 | 0 | 74 (0.000) | 68 (0.000) | 44 (68, 0.266) | 42 (48, 0.567)
LANA | 190 | 5 | 15 (0.000) | 12 (0.000) | 27 (104, 0.058) | 26 (54, 0.129)
AES | 176 | 0 | 100 (0.000) | 100 (0.000) | nan (0, 0.000) | nan (0, 0.000)
MUL | 174 | 3 | 0 (0.000) | 40 (0.000) | 12 (74, 0.000) | 12 (41, 0.002)
OLE | 113 | 0 | 78 (0.000) | 70 (0.013) | 41 (22, 0.860) | 33 (18, 0.716)
HORD | 108 | 0 | 94 (0.000) | 90 (0.000) | 17 (6, 0.014) | 25 (4, 0.250)
NI | 57 | 2 | 65 (0.001) | 46 (0.067) | 56 (16, 0.214) | 44 (9, 0.743)
OLIV | 45 | 6 | 24 (0.030) | 36 (0.002) | 38 (24, 0.933) | 30 (20, 0.676)
VIN | 44 | 0 | 66 (0.001) | 57 (0.942) | 64 (14, 0.099) | 56 (9, 0.376)
OVIS | 42 | 8 | 0 (0.000) | 17 (0.000) | 53 (30, 0.385) | 50 (18, 0.685)
AROM | 30 | 8 | 27 (0.170) | 27 (0.001) | 33 (21, 0.853) | 31 (13, 0.708)
BOS | 28 | 1 | 0 (0.000) | 82 (0.016) | 0 (3, 0.080) | 0 (2, 0.290)
FAR | 25 | 0 | 100 (0.000) | 100 (0.000) | nan (0, 0.000) | nan (0, 0.000)
SUS | 24 | 2 | 0 (0.000) | 38 (0.058) | 20 (5, 0.376) | 33 (3, 0.987)
TELA | 24 | 3 | 0 (0.000) | 38 (0.061) | 50 (10, 0.727) | 60 (5, 0.451)
CYP | 10 | 5 | 60 (0.365) | 30 (0.132) | 50 (6, 0.893) | 50 (2, 0.777)
CAP | 8 | 8 | 0 (0.029) | 50 (0.896) | 50 (4, 0.875) | 67 (3, 0.448)
