# LA-6 cycle 4: numeric fingerprints of words
1008 labelled entries with quantities; 63 words on >= 3 tablets

## (A) word identity in the numbers: F = 2.48 vs shuffled-within-commodity 1.01, P = 0.0005
word | tablets | quantities | mean residual log10 (x typical for its commodity) | P two-sided | commodity profile
KU-PA | 5 | 6 | -0.69 (x0.2) | 0.015 * | {'bare': 3, 'GRA': 2, 'CYP': 1}
PA-JA-RE | 4 | 5 | -0.61 (x0.24) | 0.071 | {'bare': 4, 'counted': 1}
WA | 4 | 6 | -0.60 (x0.25) | 0.046 * | {'bare': 4, 'other': 2}
TU | 8 | 9 | -0.52 (x0.3) | 0.033 * | {'bare': 7, 'CYP': 1, 'other': 1}
QA-*310-I | 4 | 4 | -0.45 (x0.36) | 0.210 | {'bare': 4}
JU | 4 | 6 | -0.41 (x0.39) | 0.193 | {'bare': 3, 'counted': 1, 'VIN': 1, 'GRA': 1}
ZU | 4 | 4 | -0.39 (x0.4) | 0.328 | {'bare': 4}
TA-NA-TI | 4 | 4 | -0.36 (x0.44) | 0.336 | {'bare': 4}
SU | 6 | 11 | -0.35 (x0.45) | 0.129 | {'bare': 7, 'other': 2, 'CYP': 1, 'VIN': 1}
TA₂ | 4 | 6 | -0.34 (x0.45) | 0.262 | {'bare': 2, 'GRA': 1, 'OLE': 1, 'CYP': 1}
*324-DI-RA | 3 | 3 | -0.34 (x0.46) | 0.440 | {'bare': 3}
RA | 4 | 5 | -0.33 (x0.47) | 0.344 | {'bare': 3, 'other': 2}
I | 10 | 12 | -0.28 (x0.52) | 0.177 | {'bare': 6, 'GRA': 4, 'CYP': 1, 'OLIV': 1}
DI-NA-U | 5 | 5 | -0.27 (x0.54) | 0.411 | {'bare': 4, 'VIN': 1}
TA | 11 | 18 | -0.25 (x0.56) | 0.123 | {'bare': 9, 'other': 3, 'CYP': 2, 'NI': 1}
KU-PA₃-NU | 6 | 7 | -0.21 (x0.62) | 0.485 | {'bare': 7}
NA | 6 | 6 | -0.17 (x0.67) | 0.522 | {'bare': 4, 'GRA': 1, 'NI': 1}
DU | 4 | 4 | -0.17 (x0.68) | 0.674 | {'bare': 4}
PA-DE | 3 | 3 | -0.16 (x0.7) | 0.759 | {'bare': 3}
SI-PI-KI | 3 | 3 | -0.14 (x0.72) | 0.769 | {'bare': 3}
KI | 7 | 16 | -0.11 (x0.78) | 0.546 | {'bare': 11, 'counted': 2, 'other': 1, 'CYP': 1}
MA | 5 | 12 | -0.09 (x0.81) | 0.654 | {'bare': 7, 'NI': 1, 'other': 1, 'OLE': 1}
KI-RO | 6 | 15 | -0.09 (x0.81) | 0.652 | {'bare': 10, 'CYP': 1, 'NI': 1, 'VIN': 1}
SI | 10 | 18 | -0.08 (x0.83) | 0.662 | {'bare': 12, 'CYP': 4, 'NI': 1, 'VIN': 1}
MA-DI | 6 | 6 | -0.07 (x0.85) | 0.830 | {'bare': 5, 'other': 1}
MI | 3 | 3 | -0.07 (x0.86) | 0.951 | {'bare': 3}
DI | 12 | 16 | -0.04 (x0.91) | 0.855 | {'bare': 14, 'other': 1, 'GRA': 1}
KA | 7 | 15 | -0.04 (x0.92) | 0.837 | {'bare': 10, 'OLE': 3, 'counted': 1, 'other': 1}
*306-TU | 4 | 4 | -0.02 (x0.96) | 0.998 | {'bare': 4}
JA | 3 | 5 | -0.00 (x1) | 0.998 | {'bare': 3, 'other': 1, 'CYP': 1}
TE-TU | 3 | 3 | +0.01 (x1) | 0.934 | {'bare': 3}
SA-RA₂ | 16 | 48 | +0.04 (x1.1) | 0.688 | {'NI': 10, 'OLE': 10, 'GRA': 8, 'VIN': 7}
DA-RI-DA | 3 | 3 | +0.09 (x1.2) | 0.821 | {'bare': 3}
SA | 3 | 6 | +0.10 (x1.3) | 0.701 | {'bare': 5, 'VIN': 1}
KU | 9 | 15 | +0.11 (x1.3) | 0.545 | {'bare': 11, 'other': 2, 'OLE': 1, 'counted': 1}
RE-ZA | 3 | 3 | +0.11 (x1.3) | 0.743 | {'bare': 2, 'CYP': 1}
PU | 3 | 5 | +0.11 (x1.3) | 0.692 | {'bare': 2, 'other': 2, 'OLIV': 1}
DA-RE | 6 | 6 | +0.14 (x1.4) | 0.619 | {'bare': 6}
KA-PA | 4 | 7 | +0.16 (x1.4) | 0.615 | {'counted': 3, 'bare': 2, 'other': 1, 'OLE': 1}
PA | 11 | 11 | +0.18 (x1.5) | 0.387 | {'bare': 9, 'NI': 1, 'OLE': 1}
KI-RE-TA-NA | 4 | 5 | +0.19 (x1.5) | 0.607 | {'GRA': 2, 'OLE': 1, 'bare': 1, 'counted': 1}
RU | 5 | 8 | +0.21 (x1.6) | 0.455 | {'other': 4, 'bare': 3, 'GRA': 1}
TA-I | 3 | 3 | +0.22 (x1.7) | 0.626 | {'other': 3}
TI | 7 | 9 | +0.23 (x1.7) | 0.326 | {'bare': 9}
RE | 11 | 14 | +0.23 (x1.7) | 0.222 | {'bare': 11, '*304': 1, 'other': 1, 'CYP': 1}
NE | 4 | 4 | +0.24 (x1.7) | 0.517 | {'bare': 3, 'GRA': 1}
DA-SI-*118 | 4 | 4 | +0.25 (x1.8) | 0.492 | {'bare': 4}
KU-NI-SU | 4 | 4 | +0.28 (x1.9) | 0.438 | {'GRA': 2, 'bare': 2}
PA₃ | 3 | 3 | +0.29 (x1.9) | 0.513 | {'bare': 1, 'other': 1, 'counted': 1}
TE | 20 | 32 | +0.29 (x2) | 0.029 * | {'bare': 11, 'GRA': 5, 'other': 5, 'OLE': 3}
A | 7 | 10 | +0.30 (x2) | 0.183 | {'bare': 6, 'GRA': 1, 'CYP': 1, 'NI': 1}
QE | 5 | 5 | +0.33 (x2.2) | 0.318 | {'bare': 5}
SA-RO | 3 | 3 | +0.36 (x2.3) | 0.424 | {'bare': 2, 'OLE': 1}
SA-MA | 3 | 3 | +0.38 (x2.4) | 0.391 | {'bare': 3}
SA-RU | 6 | 7 | +0.41 (x2.5) | 0.155 | {'bare': 5, 'OLIV': 1, 'other': 1}
E | 8 | 15 | +0.44 (x2.7) | 0.026 * | {'bare': 8, 'other': 5, 'GRA': 1, 'VIN': 1}
DA-ME | 4 | 4 | +0.49 (x3.1) | 0.178 | {'GRA': 2, 'bare': 2}
*28B-NU-MA-RE | 3 | 3 | +0.50 (x3.1) | 0.251 | {'bare': 3}
DI-DE-RU | 3 | 3 | +0.53 (x3.4) | 0.231 | {'bare': 3}
SE | 3 | 3 | +0.55 (x3.5) | 0.209 | {'bare': 3}
MI-NU-TE | 4 | 4 | +0.60 (x4) | 0.117 | {'bare': 3, 'CYP': 1}
A-DU | 3 | 5 | +0.68 (x4.8) | 0.023 * | {'counted': 1, 'GRA': 1, '*304': 1, 'OLE': 1}
KU-RO | 32 | 40 | +1.07 (x12) | 0.001 * | {'bare': 29, 'other': 6, 'GRA': 1, '*304': 1}

## (B) closest fingerprints (label-shuffle null, 300 runs); P = share of runs with that pair as close
pairs with P < 0.01: 88 of 1953 (expected ~20 by chance)
  QA-*310-I ~ *324-DI-RA: d = 0.49, P = 0.0033, shared tablets 1
  QA-*310-I ~ DU: d = 0.89, P = 0.0033, shared tablets 1
  ZU ~ DU: d = 0.77, P = 0.0033, shared tablets 0
  ZU ~ PA-DE: d = 0.69, P = 0.0033, shared tablets 0
  TA-NA-TI ~ KU-PA₃-NU: d = 0.43, P = 0.0033, shared tablets 1
  TA-NA-TI ~ DU: d = 0.87, P = 0.0033, shared tablets 0
  *324-DI-RA ~ DU: d = 0.49, P = 0.0033, shared tablets 1
  KU-PA₃-NU ~ PA-DE: d = 1.09, P = 0.0033, shared tablets 1
  KU-PA₃-NU ~ TE-TU: d = 0.65, P = 0.0033, shared tablets 0
  KU-PA₃-NU ~ DA-RE: d = 1.70, P = 0.0033, shared tablets 0
  DU ~ PA-DE: d = 0.40, P = 0.0033, shared tablets 1
  DU ~ SI-PI-KI: d = 0.23, P = 0.0033, shared tablets 0
  DU ~ DI: d = 1.39, P = 0.0033, shared tablets 1
  PA-DE ~ SI-PI-KI: d = 0.18, P = 0.0033, shared tablets 0
  PA-DE ~ MA-DI: d = 1.24, P = 0.0033, shared tablets 0
  PA-DE ~ DI: d = 1.23, P = 0.0033, shared tablets 1
  SI-PI-KI ~ DA-RE: d = 0.96, P = 0.0033, shared tablets 0
  MA-DI ~ DI: d = 1.18, P = 0.0033, shared tablets 4
  MI ~ DI: d = 1.15, P = 0.0033, shared tablets 0
  MI ~ DA-RE: d = 0.61, P = 0.0033, shared tablets 0

## (C) converters: q(word) / q(previous entry, same tablet)
  MI-NU-TE: tablets 3, HIT 3, P = 0.001, ratios [1.0, 1.0, 1.0]
  DI-DE-RU: tablets 3, HIT 3, P = 0.002, ratios [1.0, 1.0, 1.0]
  KU-PA₃-NU: tablets 6, HIT 4, P = 0.002, ratios [0.6, 1.0, 1.0, 1.0, 1.0, 1.0, 2.1]
  KA: tablets 5, HIT 4, P = 0.003, ratios [0.33, 0.4, 0.6, 0.75, 0.94, 1.0, 1.0, 1.0, 1.67, 2.0]
  SA-RU: tablets 5, HIT 3, P = 0.012, ratios [1.0, 1.0, 1.0, 2.0, 256.0]
  DI: tablets 11, HIT 4, P = 0.053, ratios [0.5, 0.5, 0.51, 0.6, 0.62, 0.67, 0.71, 1.0, 1.0, 1.0, 1.6, 1.75]
  TA: tablets 7, HIT 3, P = 0.063, ratios [0.05, 0.44, 1.0, 1.0, 1.0, 4.0, 23.0]
  RE: tablets 7, HIT 3, P = 0.122, ratios [0.14, 0.5, 0.89, 1.0, 1.0, 1.6, 10.0, 14.0, 17.5]
  QE: tablets 3, HIT 2, P = 0.131, ratios [0.49, 0.5, 1.13]
  DU: tablets 3, HIT 2, P = 0.137, ratios [0.5, 1.0, 1.0]
  TE-TU: tablets 3, HIT 2, P = 0.140, ratios [1.0, 1.0, 10.18]
  SI-PI-KI: tablets 3, HIT 2, P = 0.143, ratios [0.07, 0.38, 0.42]
  RU: tablets 3, HIT 2, P = 0.146, ratios [2.0, 2.15, 6.0]
  PA: tablets 9, HIT 3, P = 0.156, ratios [0.5, 1.0, 1.0, 2.19, 2.33, 2.5, 6.67, 10.0, 12.94]
  PA-JA-RE: tablets 4, HIT 2, P = 0.232, ratios [0.5, 1.0, 1.0, 2.0]
  KU-RO: tablets 29, HIT 5, P = 0.245, ratios [0.27, 1.0, 1.0, 3.0, 3.28, 5.0, 6.0, 6.0, 6.0, 7.47, 7.98, 10.0]
  ZU: tablets 4, HIT 2, P = 0.252, ratios [0.11, 1.0, 1.67, 2.0]
  DA-SI-*118: tablets 4, HIT 2, P = 0.272, ratios [0.33, 1.0, 1.06, 4.0]
  TE: tablets 5, HIT 2, P = 0.374, ratios [0.05, 0.15, 0.95, 2.0, 2.33]
  MA-DI: tablets 5, HIT 2, P = 0.385, ratios [0.5, 0.67, 1.0, 1.0, 1.25]
  DA-RE: tablets 6, HIT 2, P = 0.530, ratios [1.0, 1.0, 1.33, 2.0, 3.6, 4.12]
  TU: tablets 7, HIT 2, P = 0.628, ratios [0.01, 0.38, 1.0, 1.0, 1.5, 3.0, 4.0]
  KI-RO: tablets 5, HIT 2, P = 0.691, ratios [0.0, 0.03, 0.05, 0.05, 0.24, 0.25, 0.43, 0.7, 8.0]
  KI: tablets 5, HIT 2, P = 0.731, ratios [0.14, 0.2, 0.25, 0.25, 0.42, 0.5, 0.67, 0.67, 1.0]
  KU: tablets 8, HIT 2, P = 0.861, ratios [0.01, 0.06, 0.15, 0.17, 1.0, 1.5, 1.5, 4.0, 5.69, 22.0]
  SA-RA₂: tablets 10, HIT 2, P = 0.866, ratios [0.05, 0.05, 0.2, 0.5, 0.5, 0.75, 1.0, 1.02, 1.33, 3.63]
  SI: tablets 7, HIT 2, P = 0.879, ratios [0.13, 0.18, 0.33, 0.38, 0.57, 0.92, 2.67, 4.0, 5.0, 16.0]
  I: tablets 9, HIT 2, P = 0.898, ratios [0.02, 0.08, 0.15, 0.25, 0.5, 1.0, 1.2, 1.33, 3.0, 4.72, 5.0]
  *306-TU: tablets 4, HIT 1, P = 1.000, ratios [0.2, 1.0, 1.74, 2.67]
  *324-DI-RA: tablets 3, HIT 1, P = 1.000, ratios [0.25, 1.0, 1.25]
  A: tablets 6, HIT 1, P = 1.000, ratios [0.13, 0.86, 1.36, 1.67, 2.9, 16.0]
  DI-NA-U: tablets 3, HIT 1, P = 1.000, ratios [0.4, 1.0, 2.0]
  E: tablets 6, HIT 1, P = 1.000, ratios [0.06, 7.0, 18.0, 30.0, 51.0, 80.0, 600.0]
  JA: tablets 3, HIT 1, P = 1.000, ratios [0.09, 6.67, 16.0]
  JU: tablets 3, HIT 1, P = 1.000, ratios [0.22, 0.8, 3.0]
  KI-RE-TA-NA: tablets 3, HIT 1, P = 1.000, ratios [2.0, 2.55, 5.4]
  KU-PA: tablets 4, HIT 1, P = 1.000, ratios [0.05, 0.5, 1.5, 2.0]
  MA: tablets 3, HIT 1, P = 1.000, ratios [0.0, 0.3, 0.62, 1.0]
  PU: tablets 3, HIT 1, P = 1.000, ratios [0.17, 2.0, 29.65]
  QA-*310-I: tablets 4, HIT 1, P = 1.000, ratios [0.38, 0.69, 1.0, 1.5]
  SA-RO: tablets 3, HIT 1, P = 1.000, ratios [0.18, 0.27, 0.8]
  SU: tablets 3, HIT 1, P = 1.000, ratios [0.67, 2.2, 7.33]
  TA-NA-TI: tablets 3, HIT 1, P = 1.000, ratios [0.25, 0.75, 1.54]
  TI: tablets 5, HIT 1, P = 1.000, ratios [0.03, 0.2, 0.25, 0.33, 1.0]
