# LA-6 cycle 1 ratio test (frac=conventional, level=document)
LA entries 238, multi-commodity 110, single-commodity 128
## Linear A (HIT = entries): 25 pairs with n>=4; global HIT sum 57: P(N1)=0.0020 P(N2)=0.0090
pair | n | median ratio b/a | SD log | N1 SD mean, P | N2 SD mean, P | HIT | N1 HIT mean, P | N2 HIT mean, P
GRA:OLE | 21 | 0.4 | 1.52 | 3.01 0.001 | 2.60 0.001 | 3 | 2.77 0.639 | 2.95 0.755
CYP:NI | 18 | 0.818 | 1.25 | 2.10 0.003 | 2.07 0.002 | 3 | 2.90 0.696 | 2.87 0.711
*304:GRA | 16 | 5 | 1.71 | 2.58 0.029 | 3.26 0.000 | 3 | 2.54 0.469 | 2.40 0.356
NI:OLE | 15 | 2.47 | 2.10 | 2.59 0.135 | 2.13 0.427 | 2 | 2.45 0.992 | 2.63 0.999
GRA:NI | 13 | 0.4 | 1.07 | 2.61 0.001 | 2.56 0.000 | 4 | 2.29 0.033 | 2.35 0.040
NI:VIN | 13 | 1.04 | 0.76 | 2.27 0.000 | 1.59 0.006 | 4 | 2.39 0.047 | 2.79 0.142
*304:OLE | 12 | 1.2 | 1.08 | 2.55 0.002 | 1.83 0.017 | 4 | 2.24 0.030 | 2.42 0.049
*304:NI | 11 | 2.2 | 1.10 | 2.11 0.005 | 2.38 0.001 | 3 | 2.24 0.258 | 2.20 0.229
GRA:OLIV | 11 | 0.25 | 2.22 | 2.74 0.200 | 3.01 0.054 | 2 | 2.07 0.894 | 2.02 0.876
OLE:VIN | 11 | 0.512 | 2.45 | 2.66 0.377 | 2.53 0.387 | 2 | 2.08 0.904 | 2.08 0.908
OLE:OLIV | 10 | 0.278 | 1.64 | 2.68 0.038 | 2.50 0.046 | 2 | 2.00 0.857 | 1.98 0.846
CYP:VIN | 10 | 0.586 | 1.44 | 2.21 0.053 | 1.59 0.236 | 2 | 2.11 0.918 | 2.32 0.970
CYP:OLE | 9 | 1 | 2.00 | 2.50 0.207 | 2.47 0.158 | 2 | 1.92 0.810 | 1.94 0.829
GRA:VIN | 9 | 0.6 | 1.63 | 2.67 0.057 | 2.82 0.016 | 2 | 1.88 0.778 | 1.70 0.672
OLE:QA2 | 7 | 2 | 1.84 | 2.64 0.142 | 2.47 0.131 | 2 | 1.65 0.609 | 1.63 0.586
*304:OLIV | 7 | 1 | 1.03 | 2.20 0.015 | 2.48 0.019 | 2 | 1.73 0.662 | 1.65 0.618
CYP:VIR | 7 | 7.8 | 2.56 | 2.29 0.679 | 2.80 0.093 | 2 | 1.68 0.626 | 1.50 0.487
NI:VIR | 7 | 8 | 1.94 | 2.37 0.313 | 3.14 0.023 | 2 | 1.70 0.654 | 1.48 0.481
CYP:QA2 | 6 | 1.33 | 2.97 | 2.14 0.898 | 2.37 0.870 | 1 | 1.55 1.000 | 1.58 1.000
MI:QA2 | 5 | 2.06 | 4.37 | 3.19 0.806 | 3.63 0.745 | 1 | 1.47 1.000 | 1.21 1.000
*304:CYP | 4 | 3 | 0.81 | 1.96 0.058 | 1.36 0.251 | 3 | 1.27 0.008 | 1.92 0.251
*308:MI | 4 | 1.67 | 0.36 | 3.06 0.005 | 0.93 0.089 | 2 | 1.36 0.344 | 1.44 0.357
CYP:MI | 4 | 0.5 | 0.47 | 2.90 0.009 | 1.20 0.093 | 2 | 1.23 0.223 | 1.59 0.510
QA2:VIN | 4 | 42.5 | 2.37 | 2.26 0.556 | 3.23 0.073 | 1 | 1.26 1.000 | 1.17 1.000
GRA:VIR | 4 | 0.319 | 2.03 | 2.68 0.322 | 2.10 0.491 | 1 | 1.22 1.000 | 1.25 1.000
best common-ratio cluster per pair (ratio b/a; members doc, q_a, q_b):
  GRA:OLE ~0.2: [(2, 75.0, 15.0), (29, 21.0, 4.0), (56, 58.0, 12.5)]
  CYP:NI ~1.02: [(10, 10.08, 10.33), (37, 4.0, 4.0), (66, 0.75, 0.75)]
  *304:GRA ~5: [(2, 15.0, 75.0), (11, 2.0, 10.0), (56, 12.75, 58.0)]
  NI:OLE ~0.2: [(3, 10.0, 2.0), (56, 62.0, 12.5)]
  GRA:NI ~0.4: [(12, 20.0, 8.0), (34, 5.0, 2.0), (48, 5.0, 2.0)]
  NI:VIN ~1: [(30, 0.17, 0.17), (38, 2.4, 2.5), (44, 1.0, 1.0)]
  *304:OLE ~1: [(1, 5.0, 5.0), (2, 15.0, 15.0), (56, 12.75, 12.5)]
  *304:NI ~1: [(11, 2.0, 2.0), (30, 0.17, 0.17), (79, 1.06, 1.0)]
  GRA:OLIV ~2.67: [(30, 0.06, 0.17), (99, 20.0, 50.0)]
  OLE:VIN ~85: [(13, 0.1, 8.5), (25, 0.06, 5.31)]
  OLE:OLIV ~1.8: [(2, 15.0, 27.0), (24, 22.0, 41.0)]
  CYP:VIN ~0.375: [(55, 8.0, 3.0), (62, 5.17, 2.0)]
  CYP:OLE ~1.67: [(1, 3.0, 5.0)]
  GRA:VIN ~0.9: [(11, 10.0, 9.0)]
  OLE:QA2 ~0.213: [(1, 5.0, 1.06)]
  *304:OLIV ~1.8: [(2, 15.0, 27.0)]
  CYP:VIR ~14.8: [(33, 5.4, 80.0), (38, 5.25, 74.0)]
  NI:VIR ~17.6: [(10, 10.33, 182.0)]
  CYP:QA2 ~0.354: [(1, 3.0, 1.06)]
  MI:QA2 ~120: [(7, 0.17, 20.0)]
  *304:CYP ~3: [(65, 1.0, 3.0), (66, 0.25, 0.75), (67, 1.0, 3.12)]
  *308:MI ~1: [(7, 0.17, 0.17), (17, 0.33, 0.33)]
  CYP:MI ~0.5: [(7, 0.33, 0.17)]
  QA2:VIN ~0.5: [(7, 20.0, 10.0)]
  GRA:VIR ~0.262: [(26, 15.25, 4.0)]
## Linear A (HIT = distinct tablets): 25 pairs with n>=4; global HIT sum 57: P(N1)=0.0035 P(N2)=0.0060
pair | n | median ratio b/a | SD log | N1 SD mean, P | N2 SD mean, P | HIT | N1 HIT mean, P | N2 HIT mean, P
GRA:OLE | 21 | 0.4 | 1.52 | 3.01 0.000 | 2.59 0.001 | 3 | 2.78 0.647 | 2.97 0.762
CYP:NI | 18 | 0.818 | 1.25 | 2.12 0.003 | 2.06 0.003 | 3 | 2.88 0.700 | 2.83 0.696
*304:GRA | 16 | 5 | 1.71 | 2.60 0.024 | 3.27 0.000 | 3 | 2.54 0.469 | 2.39 0.361
NI:OLE | 15 | 2.47 | 2.10 | 2.59 0.163 | 2.13 0.452 | 2 | 2.46 0.994 | 2.66 0.997
GRA:NI | 13 | 0.4 | 1.07 | 2.61 0.001 | 2.55 0.000 | 4 | 2.29 0.029 | 2.32 0.039
NI:VIN | 13 | 1.04 | 0.76 | 2.28 0.000 | 1.59 0.002 | 4 | 2.36 0.038 | 2.76 0.133
*304:OLE | 12 | 1.2 | 1.08 | 2.55 0.002 | 1.82 0.013 | 4 | 2.22 0.026 | 2.40 0.045
*304:NI | 11 | 2.2 | 1.10 | 2.11 0.011 | 2.37 0.001 | 3 | 2.26 0.272 | 2.20 0.231
GRA:OLIV | 11 | 0.25 | 2.22 | 2.73 0.207 | 3.03 0.061 | 2 | 2.08 0.897 | 2.00 0.854
OLE:VIN | 11 | 0.512 | 2.45 | 2.66 0.364 | 2.52 0.391 | 2 | 2.12 0.924 | 2.11 0.907
OLE:OLIV | 10 | 0.278 | 1.64 | 2.68 0.032 | 2.51 0.041 | 2 | 2.01 0.857 | 1.99 0.850
CYP:VIN | 10 | 0.586 | 1.44 | 2.20 0.057 | 1.58 0.264 | 2 | 2.08 0.903 | 2.34 0.972
CYP:OLE | 9 | 1 | 2.00 | 2.51 0.208 | 2.45 0.169 | 2 | 1.92 0.809 | 1.95 0.836
GRA:VIN | 9 | 0.6 | 1.63 | 2.68 0.046 | 2.83 0.017 | 2 | 1.88 0.779 | 1.74 0.704
OLE:QA2 | 7 | 2 | 1.84 | 2.61 0.147 | 2.47 0.137 | 2 | 1.66 0.606 | 1.66 0.609
*304:OLIV | 7 | 1 | 1.03 | 2.19 0.020 | 2.49 0.008 | 2 | 1.77 0.691 | 1.63 0.596
CYP:VIR | 7 | 7.8 | 2.56 | 2.32 0.656 | 2.80 0.095 | 2 | 1.71 0.646 | 1.46 0.447
NI:VIR | 7 | 8 | 1.94 | 2.34 0.325 | 3.15 0.024 | 2 | 1.69 0.641 | 1.46 0.453
CYP:QA2 | 6 | 1.33 | 2.97 | 2.16 0.903 | 2.34 0.862 | 1 | 1.57 1.000 | 1.58 1.000
MI:QA2 | 5 | 2.06 | 4.37 | 3.17 0.821 | 3.61 0.759 | 1 | 1.47 1.000 | 1.20 1.000
*304:CYP | 4 | 3 | 0.81 | 1.94 0.055 | 1.37 0.242 | 3 | 1.28 0.007 | 1.91 0.242
*308:MI | 4 | 1.67 | 0.36 | 3.03 0.007 | 0.94 0.086 | 2 | 1.36 0.344 | 1.41 0.328
CYP:MI | 4 | 0.5 | 0.47 | 2.96 0.009 | 1.19 0.088 | 2 | 1.26 0.247 | 1.59 0.507
QA2:VIN | 4 | 42.5 | 2.37 | 2.21 0.597 | 3.18 0.082 | 1 | 1.25 1.000 | 1.16 1.000
GRA:VIR | 4 | 0.319 | 2.03 | 2.70 0.308 | 2.09 0.525 | 1 | 1.22 1.000 | 1.26 1.000
best common-ratio cluster per pair (ratio b/a; members doc, q_a, q_b):
  GRA:OLE ~0.2: [('HT14', 75.0, 15.0), ('HT90', 21.0, 4.0), ('HT131a', 58.0, 12.5)]
  CYP:NI ~1.02: [('HT27a', 10.08, 10.33), ('HT99a', 4.0, 4.0), ('KH8', 0.75, 0.75)]
  *304:GRA ~5: [('HT14', 15.0, 75.0), ('HT28a', 2.0, 10.0), ('HT131a', 12.75, 58.0)]
  NI:OLE ~0.2: [('HT18', 10.0, 2.0), ('HT131a', 62.0, 12.5)]
  GRA:NI ~0.4: [('HT28b', 20.0, 8.0), ('HT96a', 5.0, 2.0), ('HT121', 5.0, 2.0)]
  NI:VIN ~1: [('HT91', 0.17, 0.17), ('HT100', 2.4, 2.5), ('HT114a', 1.0, 1.0)]
  *304:OLE ~1: [('HT12', 5.0, 5.0), ('HT14', 15.0, 15.0), ('HT131a', 12.75, 12.5)]
  *304:NI ~1: [('HT28a', 2.0, 2.0), ('HT91', 0.17, 0.17), ('KH73', 1.06, 1.0)]
  GRA:OLIV ~2.67: [('HT91', 0.06, 0.17), ('ZA6a', 20.0, 50.0)]
  OLE:VIN ~85: [('HT30', 0.1, 8.5), ('HT60', 0.06, 5.31)]
  OLE:OLIV ~1.8: [('HT14', 15.0, 27.0), ('HT58', 22.0, 41.0)]
  CYP:VIN ~0.375: [('HT130', 8.0, 3.0), ('KH5', 5.17, 2.0)]
  CYP:OLE ~1.67: [('HT12', 3.0, 5.0)]
  GRA:VIN ~0.9: [('HT28a', 10.0, 9.0)]
  OLE:QA2 ~0.213: [('HT12', 5.0, 1.06)]
  *304:OLIV ~1.8: [('HT14', 15.0, 27.0)]
  CYP:VIR ~14.8: [('HT94a', 5.4, 80.0), ('HT100', 5.25, 74.0)]
  NI:VIR ~17.6: [('HT27a', 10.33, 182.0)]
  CYP:QA2 ~0.354: [('HT12', 3.0, 1.06)]
  MI:QA2 ~120: [('HT23a', 0.17, 20.0)]
  *304:CYP ~3: [('KH7b', 1.0, 3.0), ('KH8', 0.25, 0.75), ('KH9', 1.0, 3.12)]
  *308:MI ~1: [('HT23a', 0.17, 0.17), ('HT35', 0.33, 0.33)]
  CYP:MI ~0.5: [('HT23a', 0.33, 0.17)]
  QA2:VIN ~0.5: [('HT23a', 20.0, 10.0)]
  GRA:VIR ~0.262: [('HT62+73', 15.25, 4.0)]

LB line entries 1630, multi-commodity 107
## Linear B (positive control, HIT = distinct tablets): 12 pairs with n>=4; global HIT sum 48: P(N1)=0.0005 P(N2)=0.0005
pair | n | median ratio b/a | SD log | N1 SD mean, P | N2 SD mean, P | HIT | N1 HIT mean, P | N2 HIT mean, P
MUL:NI | 21 | 0.333 | 0.17 | 2.49 0.000 | 1.13 0.000 | 11 | 3.08 0.000 | 4.22 0.000
HORD:NI | 13 | 0.5 | 0.35 | 2.68 0.000 | 0.51 0.041 | 8 | 2.32 0.000 | 7.42 0.415
HORD:OLIV | 10 | 1.5 | 1.22 | 2.62 0.003 | 1.88 0.017 | 2 | 1.74 0.695 | 1.79 0.655
MUL:VIR | 9 | 1 | 0.23 | 1.72 0.000 | 0.38 0.211 | 8 | 2.21 0.000 | 6.42 0.211
GRA:OLIV | 9 | 1.16 | 1.23 | 2.91 0.005 | 2.02 0.030 | 1 | 1.61 1.000 | 1.73 1.000
FAR:VIN | 6 | 3.33 | 0.00 | 2.38 0.000 | 0.48 0.070 | 6 | 1.61 0.000 | 3.34 0.070
NI:VIN | 6 | 2.22 | 0.40 | 3.00 0.001 | 2.49 0.095 | 3 | 1.45 0.026 | 2.56 0.489
CAP:OVIS | 5 | 1 | 0.49 | 1.98 0.007 | 1.47 0.203 | 2 | 1.41 0.393 | 2.09 0.891
HORD:OLE | 4 | 0.556 | 0.40 | 2.61 0.004 | 0.40 1.000 | 2 | 1.24 0.224 | 2.00 1.000
FAR:OLE | 4 | 1.67 | 0.57 | 2.32 0.018 | 0.57 1.000 | 2 | 1.32 0.305 | 2.00 1.000
HORD:VIN | 4 | 1.11 | 0.40 | 2.55 0.003 | 0.48 0.733 | 2 | 1.24 0.231 | 2.27 1.000
BOS:OVIS | 4 | 1 | 0.00 | 1.62 0.001 | 1.80 0.182 | 1 | 1.00 1.000 | 1.00 1.000
best common-ratio cluster per pair (ratio b/a; members doc, q_a, q_b):
  MUL:NI ~0.312: [('PY Ab 186 $186$ (21)', 7.0, 2.4), ('PY Ab 189 $186$ (21)', 20.0, 6.7), ('PY Ab 190 $186$ (21)', 9.0, 3.0), ('PY Ab 217 $186$ (21)', 16.0, 5.1), ('PY Ab 372 $186$ (21)', 9.0, 2.7), ('PY Ab 382 $186$ (21)', 54.0, 16.8), ('PY Ab 417 + fr. [+] 1050 $186$ (21)', 21.0, 6.0), ('PY Ab 515 $186$ (21)', 35.0, 10.0), ('PY Ab 573 $186$ (21)', 16.0, 5.0), ('PY Ab 578 $186$ (21)', 7.0, 2.4), ('PY Ab 789 $186$ (21)', 6.0, 2.0)]
  HORD:NI ~0.5: [('KN Fs 2 (139)', 0.1, 0.05), ('KN Fs 3 (-)', 0.1, 0.05), ('KN Fs 4 (139)', 0.1, 0.05), ('KN Fs 4 (139)', 0.1, 0.05), ('KN Fs 17 (139)', 0.1, 0.05), ('KN Fs 19 (139)', 0.1, 0.05), ('KN Fs 22 (139)', 0.1, 0.05), ('KN Fs 24 (139)', 0.1, 0.05), ('KN Fs 25 (139)', 0.1, 0.05)]
  HORD:OLIV ~1.5: [('PY Fn 79 $79$ (45)', 0.67, 1.0), ('PY Fn 79 $79$ (45)', 0.67, 1.0), ('PY Fn 79 $79$ (45)', 0.67, 1.0), ('PY Fn 79 $79$ (45)', 0.67, 1.0), ('PY Un 138 $138$ (42)', 4.82, 7.0)]
  MUL:VIR ~1: [('KN Ag 88 + 7033 (124-A)', 1.0, 1.0), ('KN Ag 91 (124-A)', 1.0, 1.0), ('KN Ak(3) 780 + 7004 + 7045 + 7767 (102a)', 2.0, 2.0), ('KN Am(2) 827 + 7032 + 7618 (-)', 1.0, 1.0), ('KN Ag 1654 (124-A)', 1.0, 1.0), ('KN Ag 7000 (124-A)', 1.0, 1.0), ('PY Tn 316 $-$ (44)', 1.0, 1.0), ('TH Av 100 (304)', 1.0, 1.0)]
  GRA:OLIV ~0.451: [('KN E(2) 669 (103)', 195.0, 88.0)]
  FAR:VIN ~3.33: [('KN Fs 2 (139)', 0.02, 0.06), ('KN Fs 4 (139)', 0.03, 0.11), ('KN Fs 11 (139)', 0.03, 0.11), ('KN Fs 17 (139)', 0.02, 0.06), ('KN Fs 19 (139)', 0.02, 0.06), ('KN Fs 22 (139)', 0.02, 0.06)]
  NI:VIN ~1.11: [('KN Fs 11 (139)', 0.1, 0.11), ('KN Fs 12 (139)', 0.05, 0.06), ('KN Fs 25 (139)', 0.05, 0.06)]
  CAP:OVIS ~1: [('KN Ce 152 + 8256 (124)', 1.0, 1.0), ('KN Ce 152 + 8256 (124)', 1.0, 1.0), ('KN Ce 152 + 8256 (124)', 12.0, 12.0), ('TH Uo 121 (-)', 1.0, 1.0)]
  HORD:OLE ~0.278: [('KN Fs 2 (139)', 0.1, 0.03), ('KN Fs 17 (139)', 0.1, 0.03)]
  FAR:OLE ~1.67: [('KN Fs 19 (139)', 0.02, 0.03), ('KN Fs 25 (139)', 0.02, 0.03)]
  HORD:VIN ~1.11: [('KN Fs 4 (139)', 0.1, 0.11), ('KN Fs 11 (139)', 0.1, 0.11)]
  BOS:OVIS ~1: [('KN Ce 152 + 8256 (124)', 1.0, 1.0), ('KN Ce 152 + 8256 (124)', 1.0, 1.0), ('KN Ce 152 + 8256 (124)', 12.0, 12.0), ('KN Ce 152 + 8256 (124)', 12.0, 12.0)]

LB document-level entries, multi-commodity 99
## Linear B document level (positive control, HIT = distinct tablets): 25 pairs with n>=4; global HIT sum 166: P(N1)=0.0005 P(N2)=0.0005
pair | n | median ratio b/a | SD log | N1 SD mean, P | N2 SD mean, P | HIT | N1 HIT mean, P | N2 HIT mean, P
GRA:NI | 27 | 1 | 0.86 | 2.96 0.000 | 1.67 0.000 | 23 | 3.34 0.000 | 4.50 0.000
GRA:MUL | 22 | 3 | 0.61 | 2.33 0.000 | 1.23 0.000 | 11 | 3.20 0.000 | 4.31 0.000
MUL:NI | 21 | 0.333 | 0.17 | 2.48 0.000 | 1.13 0.000 | 11 | 3.10 0.000 | 4.22 0.000
FAR:HORD | 15 | 6 | 0.90 | 2.39 0.000 | 1.77 0.062 | 10 | 3.26 0.000 | 6.66 0.016
HORD:NI | 14 | 0.5 | 1.53 | 3.04 0.003 | 2.58 0.013 | 9 | 2.40 0.000 | 4.61 0.004
FAR:VIN | 13 | 3.33 | 0.88 | 2.56 0.000 | 2.54 0.000 | 8 | 2.67 0.000 | 4.06 0.002
FAR:NI | 12 | 3 | 0.61 | 2.41 0.001 | 1.72 0.000 | 10 | 2.61 0.000 | 5.65 0.000
NI:VIN | 12 | 1.11 | 0.85 | 3.15 0.000 | 2.52 0.008 | 9 | 2.19 0.000 | 5.11 0.004
HORD:VIN | 11 | 0.556 | 0.24 | 3.11 0.000 | 2.99 0.001 | 10 | 2.16 0.000 | 4.34 0.001
NI:OLE | 10 | 0.556 | 0.33 | 3.20 0.000 | 0.51 0.083 | 8 | 1.95 0.000 | 5.46 0.083
FAR:OLE | 9 | 1.67 | 0.35 | 2.62 0.000 | 0.55 0.076 | 7 | 2.10 0.000 | 4.53 0.076
HORD:OLE | 9 | 0.278 | 0.23 | 3.16 0.000 | 0.57 0.014 | 8 | 1.87 0.000 | 4.57 0.014
OLE:VIN | 9 | 2 | 0.00 | 3.30 0.000 | 0.48 0.010 | 9 | 1.82 0.000 | 5.01 0.010
MUL:VIR | 9 | 1 | 0.58 | 1.85 0.001 | 0.78 0.133 | 6 | 2.06 0.000 | 4.63 0.212
GRA:OLIV | 7 | 0.667 | 1.68 | 2.81 0.074 | 2.96 0.049 | 1 | 1.60 1.000 | 1.46 1.000
HORD:OLIV | 7 | 0.879 | 2.60 | 2.89 0.370 | 3.53 0.056 | 2 | 1.61 0.570 | 1.50 0.504
NI:OLIV | 5 | 2 | 0.67 | 2.89 0.004 | 2.21 0.019 | 2 | 1.32 0.310 | 1.39 0.383
LANA:TELA | 5 | 0.583 | 1.43 | 1.67 0.379 | 1.58 0.385 | 2 | 1.51 0.481 | 1.53 0.518
GRA:VIR | 5 | 2.48 | 2.37 | 2.33 0.547 | 1.81 0.859 | 1 | 1.40 1.000 | 1.37 1.000
FAR:ME±RI | 4 | 0.833 | 0.00 | 1.00 0.026 | 0.42 0.267 | 4 | 2.05 0.026 | 2.53 0.267
HORD:ME±RI | 4 | 0.139 | 0.35 | 2.02 0.023 | 0.50 0.508 | 3 | 1.53 0.061 | 2.51 0.508
ME±RI:NI | 4 | 3.6 | 0.00 | 1.96 0.000 | 0.43 0.237 | 4 | 1.49 0.001 | 2.47 0.237
ME±RI:OLE | 4 | 2 | 0.35 | 2.27 0.007 | 0.50 0.506 | 3 | 1.39 0.027 | 2.51 0.506
ME±RI:VIN | 4 | 4 | 0.35 | 2.22 0.005 | 0.51 0.499 | 3 | 1.46 0.031 | 2.50 0.499
AROM:LANA | 4 | 0.455 | 1.53 | 2.02 0.292 | 1.91 0.239 | 2 | 1.29 0.279 | 1.75 0.587
best common-ratio cluster per pair (ratio b/a; members doc, q_a, q_b):
  GRA:NI ~1: [('PY Ab 186 $186$ (21)', 2.4, 2.4), ('PY Ab 189 $186$ (21)', 6.7, 6.7), ('PY Ab 190 $186$ (21)', 3.0, 3.0), ('PY Ab 194 $186$ (21)', 3.0, 3.0), ('PY Ab 210 $186$ (21)', 3.6, 3.6), ('PY Ab 217 $186$ (21)', 5.1, 5.1), ('PY Ab 277 $186$ (21)', 3.0, 3.0), ('PY Ab 356 [+] 1049 $186$ (21)', 2.2, 2.2), ('PY Ab 372 $186$ (21)', 2.7, 2.7), ('PY Ab 379 $186$ (21)', 2.8, 2.8), ('PY Ab 382 $186$ (21)', 16.8, 16.8), ('PY Ab 515 $186$ (21)', 10.0, 10.0), ('PY Ab 553 $186$ (21)', 11.0, 11.1), ('PY Ab 558 $186$ (21)', 1.8, 1.8), ('PY Ab 573 $186$ (21)', 5.1, 5.0), ('PY Ab 578 $186$ (21)', 2.4, 2.4), ('PY Ab 584 $186$ (21)', 10.0, 10.2), ('PY Ab 586 $186$ (21)', 7.7, 7.7), ('PY Ab 745 $186$ (21)', 0.5, 0.5), ('PY Ab 789 $186$ (21)', 2.0, 2.0), ('PY Ab 899 $186$ (21)', 2.2, 2.2), ('PY Fg 253 $240$ (1)', 192.7, 192.7), ('PY Fg 374 $240$ (1)', 1.0, 1.0)]
  GRA:MUL ~2.92: [('PY Ab 186 $186$ (21)', 2.4, 7.0), ('PY Ab 189 $186$ (21)', 6.7, 20.0), ('PY Ab 190 $186$ (21)', 3.0, 9.0), ('PY Ab 217 $186$ (21)', 5.1, 16.0), ('PY Ab 277 $186$ (21)', 3.0, 8.0), ('PY Ab 356 [+] 1049 $186$ (21)', 2.2, 6.0), ('PY Ab 379 $186$ (21)', 2.8, 8.0), ('PY Ab 573 $186$ (21)', 5.1, 16.0), ('PY Ab 578 $186$ (21)', 2.4, 7.0), ('PY Ab 789 $186$ (21)', 2.0, 6.0)]
  MUL:NI ~0.312: [('PY Ab 186 $186$ (21)', 7.0, 2.4), ('PY Ab 189 $186$ (21)', 20.0, 6.7), ('PY Ab 190 $186$ (21)', 9.0, 3.0), ('PY Ab 217 $186$ (21)', 16.0, 5.1), ('PY Ab 372 $186$ (21)', 9.0, 2.7), ('PY Ab 382 $186$ (21)', 54.0, 16.8), ('PY Ab 417 + fr. [+] 1050 $186$ (21)', 21.0, 6.0), ('PY Ab 515 $186$ (21)', 35.0, 10.0), ('PY Ab 573 $186$ (21)', 16.0, 5.0), ('PY Ab 578 $186$ (21)', 7.0, 2.4), ('PY Ab 789 $186$ (21)', 6.0, 2.0)]
  FAR:HORD ~6: [('KN Fs 2 (139)', 0.02, 0.1), ('KN Fs 3 (-)', 0.02, 0.1), ('KN Fs 4 (139)', 0.03, 0.2), ('KN Fs 11 (139)', 0.03, 0.2), ('KN Fs 17 (139)', 0.02, 0.1), ('KN Fs 19 (139)', 0.02, 0.1), ('KN Fs 21 (139)', 0.02, 0.1), ('KN Fs 22 (139)', 0.02, 0.1), ('KN Fs 24 (139)', 0.02, 0.1), ('KN Fs 25 (139)', 0.02, 0.1)]
  HORD:NI ~0.5: [('KN Fs 2 (139)', 0.1, 0.05), ('KN Fs 3 (-)', 0.1, 0.05), ('KN Fs 4 (139)', 0.2, 0.1), ('KN Fs 11 (139)', 0.2, 0.1), ('KN Fs 17 (139)', 0.1, 0.05), ('KN Fs 19 (139)', 0.1, 0.05), ('KN Fs 22 (139)', 0.1, 0.05), ('KN Fs 24 (139)', 0.1, 0.05), ('KN Fs 25 (139)', 0.1, 0.05)]
  FAR:VIN ~3.33: [('KN Fs 2 (139)', 0.02, 0.06), ('KN Fs 4 (139)', 0.03, 0.11), ('KN Fs 11 (139)', 0.03, 0.11), ('KN Fs 17 (139)', 0.02, 0.06), ('KN Fs 19 (139)', 0.02, 0.06), ('KN Fs 22 (139)', 0.02, 0.06), ('KN Fs 24 (139)', 0.02, 0.06), ('KN Fs 25 (139)', 0.02, 0.06)]
  FAR:NI ~3: [('KN Fs 2 (139)', 0.02, 0.05), ('KN Fs 3 (-)', 0.02, 0.05), ('KN Fs 4 (139)', 0.03, 0.1), ('KN Fs 11 (139)', 0.03, 0.1), ('KN Fs 17 (139)', 0.02, 0.05), ('KN Fs 19 (139)', 0.02, 0.05), ('KN Fs 22 (139)', 0.02, 0.05), ('KN Fs 23 (139)', 0.02, 0.05), ('KN Fs 24 (139)', 0.02, 0.05), ('KN Fs 25 (139)', 0.02, 0.05)]
  NI:VIN ~1.11: [('KN Fs 2 (139)', 0.05, 0.06), ('KN Fs 4 (139)', 0.1, 0.11), ('KN Fs 11 (139)', 0.1, 0.11), ('KN Fs 12 (139)', 0.05, 0.06), ('KN Fs 17 (139)', 0.05, 0.06), ('KN Fs 19 (139)', 0.05, 0.06), ('KN Fs 22 (139)', 0.05, 0.06), ('KN Fs 24 (139)', 0.05, 0.06), ('KN Fs 25 (139)', 0.05, 0.06)]
  HORD:VIN ~0.556: [('KN Fs 2 (139)', 0.1, 0.06), ('KN Fs 4 (139)', 0.2, 0.11), ('KN Fs 11 (139)', 0.2, 0.11), ('KN Fs 17 (139)', 0.1, 0.06), ('KN Fs 19 (139)', 0.1, 0.06), ('KN Fs 22 (139)', 0.1, 0.06), ('KN Fs 23 (139)', 0.2, 0.11), ('KN Fs 24 (139)', 0.1, 0.06), ('KN Fs 25 (139)', 0.1, 0.06), ('PY Un 138 $138$ (42)', 23.32, 13.0)]
  NI:OLE ~0.556: [('KN Fs 2 (139)', 0.05, 0.03), ('KN Fs 4 (139)', 0.1, 0.06), ('KN Fs 11 (139)', 0.1, 0.06), ('KN Fs 12 (139)', 0.05, 0.03), ('KN Fs 17 (139)', 0.05, 0.03), ('KN Fs 19 (139)', 0.05, 0.03), ('KN Fs 24 (139)', 0.05, 0.03), ('KN Fs 25 (139)', 0.05, 0.03)]
  FAR:OLE ~1.67: [('KN Fs 2 (139)', 0.02, 0.03), ('KN Fs 4 (139)', 0.03, 0.06), ('KN Fs 11 (139)', 0.03, 0.06), ('KN Fs 17 (139)', 0.02, 0.03), ('KN Fs 19 (139)', 0.02, 0.03), ('KN Fs 24 (139)', 0.02, 0.03), ('KN Fs 25 (139)', 0.02, 0.03)]
  HORD:OLE ~0.278: [('KN Fs 2 (139)', 0.1, 0.03), ('KN Fs 4 (139)', 0.2, 0.06), ('KN Fs 11 (139)', 0.2, 0.06), ('KN Fs 17 (139)', 0.1, 0.03), ('KN Fs 19 (139)', 0.1, 0.03), ('KN Fs 23 (139)', 0.2, 0.06), ('KN Fs 24 (139)', 0.1, 0.03), ('KN Fs 25 (139)', 0.1, 0.03)]
  OLE:VIN ~2: [('KN Fs 2 (139)', 0.03, 0.06), ('KN Fs 4 (139)', 0.06, 0.11), ('KN Fs 11 (139)', 0.06, 0.11), ('KN Fs 12 (139)', 0.03, 0.06), ('KN Fs 17 (139)', 0.03, 0.06), ('KN Fs 19 (139)', 0.03, 0.06), ('KN Fs 23 (139)', 0.06, 0.11), ('KN Fs 24 (139)', 0.03, 0.06), ('KN Fs 25 (139)', 0.03, 0.06)]
  MUL:VIR ~1: [('KN Ag 88 + 7033 (124-A)', 1.0, 1.0), ('KN Ag 91 (124-A)', 1.0, 1.0), ('KN Ak(3) 780 + 7004 + 7045 + 7767 (102a)', 2.0, 2.0), ('KN Am(2) 827 + 7032 + 7618 (-)', 1.0, 1.0), ('KN Ag 1654 (124-A)', 1.0, 1.0), ('KN Ag 7000 (124-A)', 1.0, 1.0)]
  GRA:OLIV ~0.326: [('KN E(2) 669 (103)', 408.0, 133.0)]
  HORD:OLIV ~496: [('PY Bn 7 + fr. + 1427 $-$ (3)', 0.01, 6.2)]
  NI:OLIV ~3: [('KN Uc 161 (124)', 10.0, 30.0), ('PY Un 2 $2$ (1)', 1.0, 3.2)]
  LANA:TELA ~0.583: [('KN Lc(1) 530 + 7384 (103)', 12.0, 7.0)]
  GRA:VIR ~19.3: [('PY An 128 $-$ (42)', 2.69, 52.0)]
  FAR:ME±RI ~0.833: [('KN Fs 2 (139)', 0.02, 0.01), ('KN Fs 4 (139)', 0.03, 0.03), ('KN Fs 19 (139)', 0.02, 0.01), ('KN Fs 23 (139)', 0.02, 0.01)]
  HORD:ME±RI ~0.139: [('KN Fs 2 (139)', 0.1, 0.01), ('KN Fs 4 (139)', 0.2, 0.03), ('KN Fs 19 (139)', 0.1, 0.01)]
  ME±RI:NI ~3.6: [('KN Fs 2 (139)', 0.01, 0.05), ('KN Fs 4 (139)', 0.03, 0.1), ('KN Fs 19 (139)', 0.01, 0.05), ('KN Fs 23 (139)', 0.01, 0.05)]
  ME±RI:OLE ~2: [('KN Fs 2 (139)', 0.01, 0.03), ('KN Fs 4 (139)', 0.03, 0.06), ('KN Fs 19 (139)', 0.01, 0.03)]
  ME±RI:VIN ~4: [('KN Fs 2 (139)', 0.01, 0.06), ('KN Fs 4 (139)', 0.03, 0.11), ('KN Fs 19 (139)', 0.01, 0.06)]
  AROM:LANA ~4: [('PY Un 249 + frr.(3) $-$ (Cii)', 0.5, 2.0)]
