# LA-6 cycle 1b: equality, cross-tablet and within-tablet ratios, power

## Linear A: 15 pairs, 134 pair-instances
(a) exactly equal quantities: 22/134 vs N1 8.3, P=0.0005
(b) cross-tablet HIT sum, equal pairs removed: 33 vs N1 29.4, P=0.1019
(b2) cross-tablet HIT sum, all pairs: 38 vs N1 30.7, P=0.0020
(c) within-tablet agreeing entry pairs: 8/24 vs N1 1.2, P=0.0005
(c2) within-tablet, equal pairs removed: 8/19 vs N1 1.1, P=0.0005
    HT14 GRA:OLE (30.0, 6.0) ~ (45.0, 9.0) (ratio 0.2)
    HT28a GRA:OLE (5.0, 3.0) ~ (5.0, 3.0) (ratio 0.6)
    HT123+124a *308:OLIV (8.0, 31.0) ~ (8.0, 31.0) (ratio 3.88)
    HT123+124a *308:OLIV (8.0, 31.0) ~ (4.0, 16.0) (ratio 3.88)
    HT123+124a *308:OLIV (8.0, 31.0) ~ (4.0, 15.0) (ratio 3.88)
    HT123+124a *308:OLIV (8.0, 31.0) ~ (4.0, 16.0) (ratio 3.88)
    HT123+124a *308:OLIV (8.0, 31.0) ~ (4.0, 15.0) (ratio 3.88)
    HT123+124a *308:OLIV (4.0, 16.0) ~ (4.0, 15.0) (ratio 4)

## Linear B doc-level (control): 25 pairs, 246 pair-instances
(a) exactly equal quantities: 26/246 vs N1 4.0, P=0.0005
(b) cross-tablet HIT sum, equal pairs removed: 141 vs N1 50.9, P=0.0005
(b2) cross-tablet HIT sum, all pairs: 166 vs N1 51.4, P=0.0005
(c) within-tablet agreeing entry pairs: 0/0 vs N1 0.0, P=1.0000
(c2) within-tablet, equal pairs removed: 0/0 vs N1 0.0, P=1.0000
