LA full   tokens                         {'n': 192, 'H': 23, 'H_null': 19.7, 'pH': 0.3338, 'MI': 0.097, 'MI_null': 0.105, 'pMI': 0.5972}
LA full   word-commodity types           {'n': 159, 'H': 18, 'H_null': 16.5, 'pH': 0.4108, 'MI': 0.097, 'MI_null': 0.108, 'pMI': 0.6297}
LA full   single-sign words              {'n': 53, 'H': 10, 'H_null': 5.5, 'pH': 0.1614, 'MI': 0.405, 'MI_null': 0.394, 'pMI': 0.4398}
LA full   multi-sign words (first sign)  {'n': 139, 'H': 13, 'H_null': 14.7, 'pH': 0.5542, 'MI': 0.092, 'MI_null': 0.13, 'pMI': 0.902}
LB full   tokens                         {'n': 2457, 'H': 81, 'H_null': 133.3, 'pH': 0.8661, 'MI': 0.065, 'MI_null': 0.072, 'pMI': 0.6522}
LB full   word-commodity types           {'n': 1376, 'H': 67, 'H_null': 87.0, 'pH': 0.7441, 'MI': 0.036, 'MI_null': 0.031, 'pMI': 0.2119}
LB full   single-sign words              {'n': 498, 'H': 7, 'H_null': 16.1, 'pH': 0.6477, 'MI': 0.213, 'MI_null': 0.317, 'pMI': 0.8991}
LB full   multi-sign words (first sign)  {'n': 1959, 'H': 74, 'H_null': 118.7, 'pH': 0.8571, 'MI': 0.059, 'MI_null': 0.055, 'pMI': 0.3588}
LA-ABonly full   tokens                         {'n': 185, 'H': 21, 'H_null': 14.8, 'pH': 0.2209, 'MI': 0.093, 'MI_null': 0.11, 'pMI': 0.7366}
LA-ABonly full   word-commodity types           {'n': 152, 'H': 16, 'H_null': 12.2, 'pH': 0.2434, 'MI': 0.095, 'MI_null': 0.113, 'pMI': 0.7616}
LA strict tokens                         {'n': 192, 'H': 11, 'H_null': 7.8, 'pH': 0.2494, 'MI': 0.078, 'MI_null': 0.081, 'pMI': 0.5107}
LA strict word-commodity types           {'n': 159, 'H': 7, 'H_null': 6.4, 'pH': 0.3928, 'MI': 0.068, 'MI_null': 0.087, 'pMI': 0.7706}
LA strict single-sign words              {'n': 53, 'H': 7, 'H_null': 2.1, 'pH': 0.091, 'MI': 0.212, 'MI_null': 0.235, 'pMI': 0.5607}
LA strict multi-sign words (first sign)  {'n': 139, 'H': 4, 'H_null': 5.5, 'pH': 0.5647, 'MI': 0.06, 'MI_null': 0.091, 'pMI': 0.8381}
LB strict tokens                         {'n': 2457, 'H': 26, 'H_null': 51.4, 'pH': 0.7346, 'MI': 0.052, 'MI_null': 0.045, 'pMI': 0.3213}
LB strict word-commodity types           {'n': 1376, 'H': 22, 'H_null': 26.5, 'pH': 0.5697, 'MI': 0.022, 'MI_null': 0.023, 'pMI': 0.5267}
LB strict single-sign words              {'n': 498, 'H': 0, 'H_null': 11.0, 'pH': 1.0, 'MI': 0.225, 'MI_null': 0.168, 'pMI': 0.2294}
LB strict multi-sign words (first sign)  {'n': 1959, 'H': 26, 'H_null': 40.6, 'pH': 0.6702, 'MI': 0.029, 'MI_null': 0.037, 'pMI': 0.6912}
LA-ABonly strict tokens                         {'n': 185, 'H': 10, 'H_null': 6.4, 'pH': 0.2329, 'MI': 0.083, 'MI_null': 0.077, 'pMI': 0.3648}
LA-ABonly strict word-commodity types           {'n': 152, 'H': 6, 'H_null': 5.1, 'pH': 0.3613, 'MI': 0.074, 'MI_null': 0.081, 'pMI': 0.5922}
