LA window first          tokens                 {'n': 296, 'H': 29, 'H_null': 29.4, 'pH': 0.4923, 'MI': 0.115, 'MI_null': 0.108, 'pMI': 0.3693}
LA window first          word-commodity types   {'n': 218, 'H': 21, 'H_null': 22.1, 'pH': 0.5542, 'MI': 0.075, 'MI_null': 0.085, 'pMI': 0.6817}
LA window first strict   tokens                 {'n': 296, 'H': 12, 'H_null': 11.7, 'pH': 0.4178, 'MI': 0.082, 'MI_null': 0.084, 'pMI': 0.4873}
LA window first strict   word-commodity types   {'n': 218, 'H': 8, 'H_null': 8.2, 'pH': 0.4723, 'MI': 0.059, 'MI_null': 0.075, 'pMI': 0.7936}
LA adjacent last         tokens                 {'n': 192, 'H': 25, 'H_null': 20.0, 'pH': 0.2699, 'MI': 0.119, 'MI_null': 0.134, 'pMI': 0.6907}
LA adjacent last         word-commodity types   {'n': 159, 'H': 19, 'H_null': 16.3, 'pH': 0.3303, 'MI': 0.122, 'MI_null': 0.141, 'pMI': 0.7036}
LA window last           tokens                 {'n': 297, 'H': 32, 'H_null': 29.9, 'pH': 0.3863, 'MI': 0.134, 'MI_null': 0.121, 'pMI': 0.2979}
LA window last           word-commodity types   {'n': 219, 'H': 23, 'H_null': 21.7, 'pH': 0.4273, 'MI': 0.101, 'MI_null': 0.105, 'pMI': 0.5677}
LB adjacent last         tokens                 {'n': 1895, 'H': 68, 'H_null': 101.3, 'pH': 0.7226, 'MI': 0.091, 'MI_null': 0.133, 'pMI': 0.8946}
LB adjacent last         word-commodity types   {'n': 1038, 'H': 57, 'H_null': 63.9, 'pH': 0.5557, 'MI': 0.059, 'MI_null': 0.063, 'pMI': 0.5817}

67 sign x commodity cells tested (n>=3 sign, x>=2)
p  BHq  kind unit sign class commodity family x/n expected  picture-consistent
0.0000 0.000 ('single', 'tok', 'NI', 'tool', 'VIN', 'liquid', 16, 23, 5.67) 
0.0000 0.000 ('first', 'tok', 'TA', 'abstract', 'AROM', 'spice', 3, 3, 0.07) 
0.0003 0.006 ('single', 'tok', '*304', 'tool', 'OLIV', 'tree', 4, 11, 0.46) 
0.0023 0.039 ('single', 'tok', 'I', 'vessel', 'GRA', 'grain', 5, 7, 1.28) 
0.0026 0.035 ('single', 'tok', 'SI', 'plant', 'CYP', 'spice', 5, 6, 1.39) YES
0.0028 0.032 ('single', 'tok', '*308', 'abstract', 'OLE', 'liquid', 3, 3, 0.44) 
0.0105 0.100 ('single', 'tok', '*306', 'body', 'CYP', 'spice', 4, 5, 1.16) 
0.0140 0.117 ('single', 'tok', 'SA', 'abstract', 'VIN', 'liquid', 3, 3, 0.74) 
0.0232 0.173 ('single', 'tok', 'KA', 'abstract', 'OLE', 'liquid', 3, 5, 0.74) 
0.0298 0.199 ('single', 'tok', 'TE', 'plant', 'GRA', 'grain', 5, 11, 2.01) YES
0.0553 0.337 ('first', 'tok', 'DA', 'abstract', 'GRA', 'grain', 4, 5, 1.79) 
0.0582 0.325 ('first', 'tok', 'JE', 'abstract', 'OLE', 'liquid', 2, 3, 0.45) 
0.0587 0.303 ('single', 'tok', '*304', 'tool', 'OLE', 'liquid', 4, 11, 1.63) 
0.0949 0.454 ('first', 'type', 'KA', 'abstract', 'VIN', 'liquid', 2, 8, 0.55) 
0.1101 0.492 ('first', 'type', 'DA', 'abstract', 'GRA', 'grain', 3, 4, 1.34) 
0.1101 0.461 ('first', 'type', 'SI', 'plant', 'GRA', 'grain', 3, 4, 1.34) YES
0.1111 0.438 ('first', 'tok', 'KA', 'abstract', 'VIN', 'liquid', 2, 10, 0.6) 
0.1164 0.433 ('first', 'tok', 'A', 'abstract', 'VIR', 'person', 5, 21, 2.75) 
0.1270 0.448 ('first', 'tok', 'KA', 'abstract', 'VIR', 'person', 3, 10, 1.31) 
0.1307 0.438 ('first', 'tok', 'SI', 'plant', 'GRA', 'grain', 3, 4, 1.43) YES
0.1672 0.533 ('first', 'type', 'SA', 'abstract', 'OLE', 'liquid', 3, 9, 1.48) 
0.1765 0.538 ('first', 'type', 'U', 'abstract', 'CYP', 'spice', 2, 4, 0.79) 
0.1919 0.559 ('first', 'tok', 'U', 'abstract', 'CYP', 'spice', 2, 4, 0.83) 
0.2127 0.594 ('first', 'tok', 'KI', 'vessel', 'OLE', 'liquid', 3, 11, 1.64) YES
0.2471 0.662 ('first', 'tok', 'SA', 'abstract', 'GRA', 'grain', 9, 20, 7.14) 
