LB documents by site: [('KN', 4227), ('PY', 986), ('TH', 427), ('MY', 101), ('TI', 67), ('KH', 53), ('MI', 6), ('HV', 5)]
LB word types (>=2 signs): 4832  tokens: 12382
LA word types 769; matches in LB: 69  by length: {2: 57, 3: 9, 4: 3}
  control (signs shuffled across LA types): mean 45.8, max 70, P(>=obs) 0.0010
    length 2: obs 57  control 43.76  P(>=obs) 0.0110
    length 3: obs 9  control 2.00  P(>=obs) 0.0000
    length 4: obs 3  control 0.02  P(>=obs) 0.0000
    length 5: obs 0  control 0.00  P(>=obs) 1.0000
    length 6: obs 0  control 0.00  P(>=obs) 1.0000
  matches with >=3 signs (LA tokens / LB sites):
    PA-I-TO          LA x2   LB {'KN': 46}
    SE-TO-I-JA       LA x1   LB {'KN': 15}
    SU-KI-RI-TA      LA x1   LB {'KN': 5}
    I-TA-JA          LA x1   LB {'KN': 2}
    A-RO-TE          LA x1   LB {'PY': 1}
    DA-I-PI-TA       LA x2   LB {'KN': 1}
    DA-MA-TE         LA x1   LB {'PY': 1}
    I-JA-TE          LA x1   LB {'PY': 1}
    KI-DA-RO         LA x2   LB {'KN': 1}
    MA-TE-RE         LA x1   LB {'PY': 1}
    PA-RA-NE         LA x2   LB {'KN': 1}
    TA-NA-TI         LA x4   LB {'KN': 1}
  LB tokens of matched words at Knossos: 163/222 = 0.73; all LB word tokens at Knossos: 4875/12382 = 0.39
  matched types mostly at KN: 40/69 = 0.58; all LB types mostly at KN: 2074/4832 = 0.43
  control (random LB types, same lengths): mean mostly-KN 37.7; P(>= 40) 0.3240
  token-level KN share obs 0.73; control mean 0.47; P(>=obs) 0.0056
  without ['PA-I-TO', 'TO-SA']: KN token share 0.64
