  general surgery              PubMed   355   Europe PMC   336
  urology                      PubMed   247   Europe PMC   232
  ENT                          PubMed   178   Europe PMC   176
  obstetrics and gynaecology   PubMed   627   Europe PMC   592
  paediatrics                  PubMed   847   Europe PMC   818
  emergency medicine           PubMed   329   Europe PMC   503
  acute and general medicine   PubMed   445   Europe PMC   440
  cardiology                   PubMed   405   Europe PMC   413
  respiratory                  PubMed   484   Europe PMC   480
  gastroenterology             PubMed   260   Europe PMC   262
  anaesthesia                  PubMed   343   Europe PMC   307
  intensive care               PubMed   353   Europe PMC   327
  radiology                    PubMed   924   Europe PMC   955
  psychiatry                   PubMed   407   Europe PMC   673
  general practice             PubMed   453   Europe PMC   437
  pharmacy                     PubMed   844   Europe PMC   918
  nursing                      PubMed   705   Europe PMC   700
  dentistry                    PubMed   209   Europe PMC   209
  ophthalmology                PubMed   168   Europe PMC   159
  dermatology                  PubMed    98   Europe PMC   106
  oncology                     PubMed  1927   Europe PMC  1928
  haematology                  PubMed   315   Europe PMC   304
  general surgery (full text)  PubMed     0   Europe PMC    79
  general surgery (audit in title) PubMed   413   Europe PMC   431
  general surgery (QI + audit) PubMed    90   Europe PMC    57
  urology (full text)          PubMed     0   Europe PMC    37
  urology (audit in title)     PubMed   180   Europe PMC   191
  urology (QI + audit)         PubMed    71   Europe PMC    38
  ENT (full text)              PubMed     0   Europe PMC    60
  ENT (audit in title)         PubMed   250   Europe PMC   270
  ENT (QI + audit)             PubMed    35   Europe PMC    20
  obstetrics and gynaecology (full text) PubMed     0   Europe PMC   115
  obstetrics and gynaecology (audit in title) PubMed   506   Europe PMC   542
  obstetrics and gynaecology (QI + audit) PubMed   107   Europe PMC    95
  paediatrics (full text)      PubMed     0   Europe PMC   232
  paediatrics (audit in title) PubMed  4511   Europe PMC  4727
  paediatrics (QI + audit)     PubMed   384   Europe PMC   310
  emergency medicine (full text) PubMed     0   Europe PMC   106
  emergency medicine (audit in title) PubMed   241   Europe PMC   665
  emergency medicine (QI + audit) PubMed   106   Europe PMC    95
  acute and general medicine (full text) PubMed     0   Europe PMC   185
  acute and general medicine (audit in title) PubMed   199   Europe PMC   248
  acute and general medicine (QI + audit) PubMed   157   Europe PMC   124
  cardiology (full text)       PubMed     0   Europe PMC    99
  cardiology (audit in title)  PubMed   480   Europe PMC   515
  cardiology (QI + audit)      PubMed   145   Europe PMC   107
  respiratory (full text)      PubMed     0   Europe PMC   103
  respiratory (audit in title) PubMed   502   Europe PMC   546
  respiratory (QI + audit)     PubMed   114   Europe PMC    76
  gastroenterology (full text) PubMed     0   Europe PMC    28
  gastroenterology (audit in title) PubMed   215   Europe PMC   222
  gastroenterology (QI + audit) PubMed    53   Europe PMC    47
  anaesthesia (full text)      PubMed     0   Europe PMC    60
  anaesthesia (audit in title) PubMed   671   Europe PMC   701
  anaesthesia (QI + audit)     PubMed    93   Europe PMC    60
  intensive care (full text)   PubMed     0   Europe PMC    87
  intensive care (audit in title) PubMed   350   Europe PMC   405
  intensive care (QI + audit)  PubMed   201   Europe PMC   163
  radiology (full text)        PubMed     0   Europe PMC   127
  radiology (audit in title)   PubMed  1239   Europe PMC  1324
  radiology (QI + audit)       PubMed    97   Europe PMC    59
  psychiatry (full text)       PubMed     0   Europe PMC   627
  psychiatry (audit in title)  PubMed   519   Europe PMC   886
  psychiatry (QI + audit)      PubMed   104   Europe PMC   162
  general practice (full text) PubMed     0   Europe PMC   170
  general practice (audit in title) PubMed   576   Europe PMC   641
  general practice (QI + audit) PubMed   237   Europe PMC   192
  pharmacy (full text)         PubMed     0   Europe PMC   293
  pharmacy (audit in title)    PubMed   751   Europe PMC   941
  pharmacy (QI + audit)        PubMed   269   Europe PMC   189
  nursing (full text)          PubMed     0   Europe PMC    62
  nursing (audit in title)     PubMed   468   Europe PMC   491
  nursing (QI + audit)         PubMed   180   Europe PMC   103
  dentistry (full text)        PubMed     0   Europe PMC    45
  dentistry (audit in title)   PubMed   292   Europe PMC   300
  dentistry (QI + audit)       PubMed    19   Europe PMC    11
  ophthalmology (full text)    PubMed     0   Europe PMC    39
  ophthalmology (audit in title) PubMed   314   Europe PMC   337
  ophthalmology (QI + audit)   PubMed    21   Europe PMC    19
  dermatology (full text)      PubMed     0   Europe PMC    13
  dermatology (audit in title) PubMed   135   Europe PMC   140
  dermatology (QI + audit)     PubMed     7   Europe PMC     5
  oncology (full text)         PubMed     0   Europe PMC   167
  oncology (audit in title)    PubMed  1521   Europe PMC  1604
  oncology (QI + audit)        PubMed   270   Europe PMC   146
  haematology (full text)      PubMed     0   Europe PMC    57
  haematology (audit in title) PubMed   278   Europe PMC   296
  haematology (QI + audit)     PubMed    54   Europe PMC    32
nonortho: 23598 unique hits
